<html>
<body>
<pre>
<h1>µVision Build Log</h1>
<h2>Project:</h2>
E:\Users\Pal\DEVICES\FAT31\SOFT\1\FAT31_1.uvproj
Project File Date:  09/22/2010

<h2>Output:</h2>
Build target 'FAT31_1'
assembling startup_LPC17xx.s...
compiling core_cm3.c...
compiling system_LPC17xx.c...
compiling main.c...
compiling gran.c...
compiling cmd.c...
compiling uart0.c...
compiling full_can.c...
full_can.c(421): warning:  #550-D: variable "temp" was set but never used
full_can.c:   char temp;
full_can.c:        ^
full_can.c: full_can.c: 1 warning, 0 errors
linking...
Program Size: Code=7860 RO-data=764 RW-data=156 ZI-data=3388  
FromELF: creating hex file...
".\exe\FAT31_1.axf" - 0 Error(s), 1 Warning(s).
"FM.EXE" DEVICE(LPC1766,12.0) ERASE(DEVICE,PROTECTISP) HEXFILE(E:\Users\Pal\DEVICES\FAT31\SOFT\1\exe\FAT31_1.HEX,NOCHECKSUMS,NOFILL,PROTECTISP) COM(4,9600) HARDWARE(BOOTEXEC,100,50)
Flash Magic Version 5.61.1870
8051/XA Driver Version 2.77.1818
ARM UART Driver Version 2.16.1837
ARM Cortex UART Driver Version 1.32.1862
ARM Ethernet Driver Version 1.08.1856
ARM CAN Driver Version 1.02.1864
(C) Embedded Systems Academy 2000-2009 All rights reserved
NON PRODUCTION USE ONLY
Connected
Device selected
Erase complete (DEVICE)
Hex file programming complete (E:\Users\Pal\DEVICES\FAT31\SOFT\1\exe\FAT31_1.HEX)
Build target 'FAT31_1'
assembling startup_LPC17xx.s...
compiling core_cm3.c...
compiling system_LPC17xx.c...
compiling main.c...
compiling gran.c...
compiling cmd.c...
compiling uart0.c...
compiling full_can.c...
full_can.c(421): warning:  #550-D: variable "temp" was set but never used
full_can.c:   char temp;
full_can.c:        ^
full_can.c: full_can.c: 1 warning, 0 errors
linking...
Program Size: Code=4804 RO-data=252 RW-data=156 ZI-data=3388  
FromELF: creating hex file...
".\exe\FAT31_1.axf" - 0 Error(s), 1 Warning(s).
"FM.EXE" DEVICE(LPC1766,12.0) ERASE(DEVICE,PROTECTISP) HEXFILE(E:\Users\Pal\DEVICES\FAT31\SOFT\1\exe\FAT31_1.HEX,NOCHECKSUMS,NOFILL,PROTECTISP) COM(4,9600) HARDWARE(BOOTEXEC,100,50)
Flash Magic Version 5.61.1870
8051/XA Driver Version 2.77.1818
ARM UART Driver Version 2.16.1837
ARM Cortex UART Driver Version 1.32.1862
ARM Ethernet Driver Version 1.08.1856
ARM CAN Driver Version 1.02.1864
(C) Embedded Systems Academy 2000-2009 All rights reserved
NON PRODUCTION USE ONLY
Connected
Device selected
Erase complete (DEVICE)
Hex file programming complete (E:\Users\Pal\DEVICES\FAT31\SOFT\1\exe\FAT31_1.HEX)
Build target 'FAT31_1'
assembling startup_LPC17xx.s...
compiling core_cm3.c...
compiling system_LPC17xx.c...
compiling main.c...
compiling gran.c...
compiling cmd.c...
compiling uart0.c...
compiling full_can.c...
full_can.c(421): warning:  #550-D: variable "temp" was set but never used
full_can.c:   char temp;
full_can.c:        ^
full_can.c: full_can.c: 1 warning, 0 errors
linking...
Program Size: Code=4804 RO-data=252 RW-data=156 ZI-data=3388  
FromELF: creating hex file...
".\exe\FAT31_1.axf" - 0 Error(s), 1 Warning(s).
"FM.EXE" DEVICE(LPC1766,12.0) ERASE(DEVICE,PROTECTISP) HEXFILE(E:\Users\Pal\DEVICES\FAT31\SOFT\1\exe\FAT31_1.HEX,NOCHECKSUMS,NOFILL,PROTECTISP) COM(4,9600) HARDWARE(BOOTEXEC,100,50)
Flash Magic Version 5.61.1870
8051/XA Driver Version 2.77.1818
ARM UART Driver Version 2.16.1837
ARM Cortex UART Driver Version 1.32.1862
ARM Ethernet Driver Version 1.08.1856
ARM CAN Driver Version 1.02.1864
(C) Embedded Systems Academy 2000-2009 All rights reserved
NON PRODUCTION USE ONLY
Connected
Device selected
Erase complete (DEVICE)
Hex file programming complete (E:\Users\Pal\DEVICES\FAT31\SOFT\1\exe\FAT31_1.HEX)
Build target 'FAT31_1'
assembling startup_LPC17xx.s...
compiling core_cm3.c...
compiling system_LPC17xx.c...
compiling main.c...
compiling gran.c...
compiling cmd.c...
compiling uart0.c...
compiling full_can.c...
full_can.c(421): warning:  #550-D: variable "temp" was set but never used
full_can.c:   char temp;
full_can.c:        ^
full_can.c: full_can.c: 1 warning, 0 errors
linking...
Program Size: Code=4796 RO-data=252 RW-data=156 ZI-data=3388  
FromELF: creating hex file...
".\exe\FAT31_1.axf" - 0 Error(s), 1 Warning(s).
"FM.EXE" DEVICE(LPC1766,12.0) ERASE(DEVICE,PROTECTISP) HEXFILE(E:\Users\Pal\DEVICES\FAT31\SOFT\1\exe\FAT31_1.HEX,NOCHECKSUMS,NOFILL,PROTECTISP) COM(4,9600) HARDWARE(BOOTEXEC,100,50)
Flash Magic Version 5.61.1870
8051/XA Driver Version 2.77.1818
ARM UART Driver Version 2.16.1837
ARM Cortex UART Driver Version 1.32.1862
ARM Ethernet Driver Version 1.08.1856
ARM CAN Driver Version 1.02.1864
(C) Embedded Systems Academy 2000-2009 All rights reserved
NON PRODUCTION USE ONLY
Connected
Device selected
Erase complete (DEVICE)
Hex file programming complete (E:\Users\Pal\DEVICES\FAT31\SOFT\1\exe\FAT31_1.HEX)
Build target 'FAT31_1'
assembling startup_LPC17xx.s...
compiling core_cm3.c...
compiling system_LPC17xx.c...
compiling main.c...
compiling gran.c...
compiling cmd.c...
compiling uart0.c...
compiling full_can.c...
full_can.c(421): warning:  #550-D: variable "temp" was set but never used
full_can.c:   char temp;
full_can.c:        ^
full_can.c: full_can.c: 1 warning, 0 errors
linking...
Program Size: Code=4796 RO-data=252 RW-data=156 ZI-data=3388  
FromELF: creating hex file...
".\exe\FAT31_1.axf" - 0 Error(s), 1 Warning(s).
"FM.EXE" DEVICE(LPC1766,12.0) ERASE(DEVICE,PROTECTISP) HEXFILE(E:\Users\Pal\DEVICES\FAT31\SOFT\1\exe\FAT31_1.HEX,NOCHECKSUMS,NOFILL,PROTECTISP) COM(4,9600) HARDWARE(BOOTEXEC,100,50)
Flash Magic Version 5.61.1870
8051/XA Driver Version 2.77.1818
ARM UART Driver Version 2.16.1837
ARM Cortex UART Driver Version 1.32.1862
ARM Ethernet Driver Version 1.08.1856
ARM CAN Driver Version 1.02.1864
(C) Embedded Systems Academy 2000-2009 All rights reserved
NON PRODUCTION USE ONLY
Connected
Device selected
Erase complete (DEVICE)
Hex file programming complete (E:\Users\Pal\DEVICES\FAT31\SOFT\1\exe\FAT31_1.HEX)
Build target 'FAT31_1'
assembling startup_LPC17xx.s...
compiling core_cm3.c...
compiling system_LPC17xx.c...
compiling main.c...
compiling gran.c...
compiling cmd.c...
compiling uart0.c...
compiling full_can.c...
full_can.c(421): warning:  #550-D: variable "temp" was set but never used
full_can.c:   char temp;
full_can.c:        ^
full_can.c: full_can.c: 1 warning, 0 errors
linking...
Program Size: Code=4812 RO-data=252 RW-data=156 ZI-data=3388  
FromELF: creating hex file...
".\exe\FAT31_1.axf" - 0 Error(s), 1 Warning(s).
"FM.EXE" DEVICE(LPC1766,12.0) ERASE(DEVICE,PROTECTISP) HEXFILE(E:\Users\Pal\DEVICES\FAT31\SOFT\1\exe\FAT31_1.HEX,NOCHECKSUMS,NOFILL,PROTECTISP) COM(4,9600) HARDWARE(BOOTEXEC,100,50)
Flash Magic Version 5.61.1870
8051/XA Driver Version 2.77.1818
ARM UART Driver Version 2.16.1837
ARM Cortex UART Driver Version 1.32.1862
ARM Ethernet Driver Version 1.08.1856
ARM CAN Driver Version 1.02.1864
(C) Embedded Systems Academy 2000-2009 All rights reserved
NON PRODUCTION USE ONLY
Connected
Device selected
Erase complete (DEVICE)
Hex file programming complete (E:\Users\Pal\DEVICES\FAT31\SOFT\1\exe\FAT31_1.HEX)
Build target 'FAT31_1'
assembling startup_LPC17xx.s...
compiling core_cm3.c...
compiling system_LPC17xx.c...
compiling main.c...
compiling gran.c...
compiling cmd.c...
compiling uart0.c...
compiling full_can.c...
full_can.c(421): warning:  #550-D: variable "temp" was set but never used
full_can.c:   char temp;
full_can.c:        ^
full_can.c: full_can.c: 1 warning, 0 errors
linking...
Program Size: Code=4804 RO-data=252 RW-data=160 ZI-data=3392  
FromELF: creating hex file...
".\exe\FAT31_1.axf" - 0 Error(s), 1 Warning(s).
"FM.EXE" DEVICE(LPC1766,12.0) ERASE(DEVICE,PROTECTISP) HEXFILE(E:\Users\Pal\DEVICES\FAT31\SOFT\1\exe\FAT31_1.HEX,NOCHECKSUMS,NOFILL,PROTECTISP) COM(4,9600) HARDWARE(BOOTEXEC,100,50)
Flash Magic Version 5.61.1870
8051/XA Driver Version 2.77.1818
ARM UART Driver Version 2.16.1837
ARM Cortex UART Driver Version 1.32.1862
ARM Ethernet Driver Version 1.08.1856
ARM CAN Driver Version 1.02.1864
(C) Embedded Systems Academy 2000-2009 All rights reserved
NON PRODUCTION USE ONLY
Connected
Device selected
Erase complete (DEVICE)
Hex file programming complete (E:\Users\Pal\DEVICES\FAT31\SOFT\1\exe\FAT31_1.HEX)
Build target 'FAT31_1'
assembling startup_LPC17xx.s...
compiling core_cm3.c...
compiling system_LPC17xx.c...
compiling main.c...
compiling gran.c...
compiling cmd.c...
compiling uart0.c...
compiling full_can.c...
full_can.c(421): warning:  #550-D: variable "temp" was set but never used
full_can.c:   char temp;
full_can.c:        ^
full_can.c: full_can.c: 1 warning, 0 errors
linking...
Program Size: Code=4812 RO-data=252 RW-data=160 ZI-data=3392  
FromELF: creating hex file...
".\exe\FAT31_1.axf" - 0 Error(s), 1 Warning(s).
Build target 'FAT31_1'
assembling startup_LPC17xx.s...
compiling core_cm3.c...
compiling system_LPC17xx.c...
compiling main.c...
compiling gran.c...
compiling cmd.c...
compiling uart0.c...
compiling full_can.c...
full_can.c(421): warning:  #550-D: variable "temp" was set but never used
full_can.c:   char temp;
full_can.c:        ^
full_can.c: full_can.c: 1 warning, 0 errors
linking...
Program Size: Code=4812 RO-data=252 RW-data=160 ZI-data=3392  
FromELF: creating hex file...
".\exe\FAT31_1.axf" - 0 Error(s), 1 Warning(s).
"FM.EXE" DEVICE(LPC1766,12.0) ERASE(DEVICE,PROTECTISP) HEXFILE(E:\Users\Pal\DEVICES\FAT31\SOFT\1\exe\FAT31_1.HEX,NOCHECKSUMS,NOFILL,PROTECTISP) COM(4,9600) HARDWARE(BOOTEXEC,100,50)
Flash Magic Version 5.61.1870
8051/XA Driver Version 2.77.1818
ARM UART Driver Version 2.16.1837
ARM Cortex UART Driver Version 1.32.1862
ARM Ethernet Driver Version 1.08.1856
ARM CAN Driver Version 1.02.1864
(C) Embedded Systems Academy 2000-2009 All rights reserved
NON PRODUCTION USE ONLY
Connected
Device selected
Erase complete (DEVICE)
Hex file programming complete (E:\Users\Pal\DEVICES\FAT31\SOFT\1\exe\FAT31_1.HEX)
Build target 'FAT31_1'
assembling startup_LPC17xx.s...
compiling core_cm3.c...
compiling system_LPC17xx.c...
compiling main.c...
compiling gran.c...
compiling cmd.c...
compiling uart0.c...
compiling full_can.c...
full_can.c(421): warning:  #550-D: variable "temp" was set but never used
full_can.c:   char temp;
full_can.c:        ^
full_can.c: full_can.c: 1 warning, 0 errors
linking...
Program Size: Code=4796 RO-data=252 RW-data=160 ZI-data=3392  
FromELF: creating hex file...
".\exe\FAT31_1.axf" - 0 Error(s), 1 Warning(s).
"FM.EXE" DEVICE(LPC1766,12.0) ERASE(DEVICE,PROTECTISP) HEXFILE(E:\Users\Pal\DEVICES\FAT31\SOFT\1\exe\FAT31_1.HEX,NOCHECKSUMS,NOFILL,PROTECTISP) COM(4,9600) HARDWARE(BOOTEXEC,100,50)
Flash Magic Version 5.61.1870
8051/XA Driver Version 2.77.1818
ARM UART Driver Version 2.16.1837
ARM Cortex UART Driver Version 1.32.1862
ARM Ethernet Driver Version 1.08.1856
ARM CAN Driver Version 1.02.1864
(C) Embedded Systems Academy 2000-2009 All rights reserved
NON PRODUCTION USE ONLY
Connected
Device selected
Erase complete (DEVICE)
Hex file programming complete (E:\Users\Pal\DEVICES\FAT31\SOFT\1\exe\FAT31_1.HEX)
Build target 'FAT31_1'
assembling startup_LPC17xx.s...
compiling core_cm3.c...
compiling system_LPC17xx.c...
compiling main.c...
compiling gran.c...
compiling cmd.c...
compiling uart0.c...
compiling full_can.c...
full_can.c(421): warning:  #550-D: variable "temp" was set but never used
full_can.c:   char temp;
full_can.c:        ^
full_can.c: full_can.c: 1 warning, 0 errors
linking...
Program Size: Code=4764 RO-data=252 RW-data=160 ZI-data=3392  
FromELF: creating hex file...
".\exe\FAT31_1.axf" - 0 Error(s), 1 Warning(s).
"FM.EXE" DEVICE(LPC1766,12.0) ERASE(DEVICE,PROTECTISP) HEXFILE(E:\Users\Pal\DEVICES\FAT31\SOFT\1\exe\FAT31_1.HEX,NOCHECKSUMS,NOFILL,PROTECTISP) COM(4,9600) HARDWARE(BOOTEXEC,100,50)
Flash Magic Version 5.61.1870
8051/XA Driver Version 2.77.1818
ARM UART Driver Version 2.16.1837
ARM Cortex UART Driver Version 1.32.1862
ARM Ethernet Driver Version 1.08.1856
ARM CAN Driver Version 1.02.1864
(C) Embedded Systems Academy 2000-2009 All rights reserved
NON PRODUCTION USE ONLY
Connected
Device selected
Erase complete (DEVICE)
Hex file programming complete (E:\Users\Pal\DEVICES\FAT31\SOFT\1\exe\FAT31_1.HEX)
Build target 'FAT31_1'
assembling startup_LPC17xx.s...
compiling core_cm3.c...
compiling system_LPC17xx.c...
compiling main.c...
compiling gran.c...
compiling cmd.c...
compiling uart0.c...
compiling full_can.c...
full_can.c(421): warning:  #550-D: variable "temp" was set but never used
full_can.c:   char temp;
full_can.c:        ^
full_can.c: full_can.c: 1 warning, 0 errors
linking...
Program Size: Code=4772 RO-data=252 RW-data=160 ZI-data=3392  
FromELF: creating hex file...
".\exe\FAT31_1.axf" - 0 Error(s), 1 Warning(s).
"FM.EXE" DEVICE(LPC1766,12.0) ERASE(DEVICE,PROTECTISP) HEXFILE(E:\Users\Pal\DEVICES\FAT31\SOFT\1\exe\FAT31_1.HEX,NOCHECKSUMS,NOFILL,PROTECTISP) COM(4,9600) HARDWARE(BOOTEXEC,100,50)
Flash Magic Version 5.61.1870
8051/XA Driver Version 2.77.1818
ARM UART Driver Version 2.16.1837
ARM Cortex UART Driver Version 1.32.1862
ARM Ethernet Driver Version 1.08.1856
ARM CAN Driver Version 1.02.1864
(C) Embedded Systems Academy 2000-2009 All rights reserved
NON PRODUCTION USE ONLY
Connected
Device selected
Erase complete (DEVICE)
Hex file programming complete (E:\Users\Pal\DEVICES\FAT31\SOFT\1\exe\FAT31_1.HEX)
Build target 'FAT31_1'
assembling startup_LPC17xx.s...
compiling core_cm3.c...
compiling system_LPC17xx.c...
compiling main.c...
compiling gran.c...
compiling cmd.c...
compiling uart0.c...
compiling full_can.c...
full_can.c(421): warning:  #550-D: variable "temp" was set but never used
full_can.c:   char temp;
full_can.c:        ^
full_can.c: full_can.c: 1 warning, 0 errors
linking...
Program Size: Code=4796 RO-data=252 RW-data=160 ZI-data=3392  
FromELF: creating hex file...
".\exe\FAT31_1.axf" - 0 Error(s), 1 Warning(s).
"FM.EXE" DEVICE(LPC1766,12.0) ERASE(DEVICE,PROTECTISP) HEXFILE(E:\Users\Pal\DEVICES\FAT31\SOFT\1\exe\FAT31_1.HEX,NOCHECKSUMS,NOFILL,PROTECTISP) COM(4,9600) HARDWARE(BOOTEXEC,100,50)
Flash Magic Version 5.61.1870
8051/XA Driver Version 2.77.1818
ARM UART Driver Version 2.16.1837
ARM Cortex UART Driver Version 1.32.1862
ARM Ethernet Driver Version 1.08.1856
ARM CAN Driver Version 1.02.1864
(C) Embedded Systems Academy 2000-2009 All rights reserved
NON PRODUCTION USE ONLY
Connected
Device selected
Erase complete (DEVICE)
Hex file programming complete (E:\Users\Pal\DEVICES\FAT31\SOFT\1\exe\FAT31_1.HEX)
Build target 'FAT31_1'
assembling startup_LPC17xx.s...
compiling core_cm3.c...
compiling system_LPC17xx.c...
compiling main.c...
compiling gran.c...
compiling cmd.c...
compiling uart0.c...
compiling full_can.c...
full_can.c(421): warning:  #550-D: variable "temp" was set but never used
full_can.c:   char temp;
full_can.c:        ^
full_can.c: full_can.c: 1 warning, 0 errors
linking...
Program Size: Code=4808 RO-data=252 RW-data=160 ZI-data=3392  
FromELF: creating hex file...
".\exe\FAT31_1.axf" - 0 Error(s), 1 Warning(s).
"FM.EXE" DEVICE(LPC1766,12.0) ERASE(DEVICE,PROTECTISP) HEXFILE(E:\Users\Pal\DEVICES\FAT31\SOFT\1\exe\FAT31_1.HEX,NOCHECKSUMS,NOFILL,PROTECTISP) COM(4,9600) HARDWARE(BOOTEXEC,100,50)
Flash Magic Version 5.61.1870
8051/XA Driver Version 2.77.1818
ARM UART Driver Version 2.16.1837
ARM Cortex UART Driver Version 1.32.1862
ARM Ethernet Driver Version 1.08.1856
ARM CAN Driver Version 1.02.1864
(C) Embedded Systems Academy 2000-2009 All rights reserved
NON PRODUCTION USE ONLY
Connected
Device selected
Erase complete (DEVICE)
Hex file programming complete (E:\Users\Pal\DEVICES\FAT31\SOFT\1\exe\FAT31_1.HEX)
Build target 'FAT31_1'
assembling startup_LPC17xx.s...
compiling core_cm3.c...
compiling system_LPC17xx.c...
compiling main.c...
compiling gran.c...
compiling cmd.c...
compiling uart0.c...
compiling full_can.c...
full_can.c(421): warning:  #550-D: variable "temp" was set but never used
full_can.c:   char temp;
full_can.c:        ^
full_can.c: full_can.c: 1 warning, 0 errors
linking...
Program Size: Code=4808 RO-data=252 RW-data=160 ZI-data=3392  
FromELF: creating hex file...
".\exe\FAT31_1.axf" - 0 Error(s), 1 Warning(s).
"FM.EXE" DEVICE(LPC1766,12.0) ERASE(DEVICE,PROTECTISP) HEXFILE(E:\Users\Pal\DEVICES\FAT31\SOFT\1\exe\FAT31_1.HEX,NOCHECKSUMS,NOFILL,PROTECTISP) COM(4,9600) HARDWARE(BOOTEXEC,100,50)
Flash Magic Version 5.61.1870
8051/XA Driver Version 2.77.1818
ARM UART Driver Version 2.16.1837
ARM Cortex UART Driver Version 1.32.1862
ARM Ethernet Driver Version 1.08.1856
ARM CAN Driver Version 1.02.1864
(C) Embedded Systems Academy 2000-2009 All rights reserved
NON PRODUCTION USE ONLY
Connected
Device selected
Erase complete (DEVICE)
Hex file programming complete (E:\Users\Pal\DEVICES\FAT31\SOFT\1\exe\FAT31_1.HEX)
Build target 'FAT31_1'
assembling startup_LPC17xx.s...
compiling core_cm3.c...
compiling system_LPC17xx.c...
compiling main.c...
compiling gran.c...
compiling cmd.c...
compiling uart0.c...
compiling full_can.c...
full_can.c(421): warning:  #550-D: variable "temp" was set but never used
full_can.c:   char temp;
full_can.c:        ^
full_can.c: full_can.c: 1 warning, 0 errors
linking...
Program Size: Code=4808 RO-data=252 RW-data=160 ZI-data=3392  
FromELF: creating hex file...
".\exe\FAT31_1.axf" - 0 Error(s), 1 Warning(s).
"FM.EXE" DEVICE(LPC1766,12.0) ERASE(DEVICE,PROTECTISP) HEXFILE(E:\Users\Pal\DEVICES\FAT31\SOFT\1\exe\FAT31_1.HEX,NOCHECKSUMS,NOFILL,PROTECTISP) COM(4,9600) HARDWARE(BOOTEXEC,100,50)
Flash Magic Version 5.61.1870
8051/XA Driver Version 2.77.1818
ARM UART Driver Version 2.16.1837
ARM Cortex UART Driver Version 1.32.1862
ARM Ethernet Driver Version 1.08.1856
ARM CAN Driver Version 1.02.1864
(C) Embedded Systems Academy 2000-2009 All rights reserved
NON PRODUCTION USE ONLY
Connected
Device selected
Erase complete (DEVICE)
Hex file programming complete (E:\Users\Pal\DEVICES\FAT31\SOFT\1\exe\FAT31_1.HEX)
Build target 'FAT31_1'
assembling startup_LPC17xx.s...
compiling core_cm3.c...
compiling system_LPC17xx.c...
compiling main.c...
compiling gran.c...
compiling cmd.c...
compiling uart0.c...
compiling full_can.c...
full_can.c(421): warning:  #550-D: variable "temp" was set but never used
full_can.c:   char temp;
full_can.c:        ^
full_can.c: full_can.c: 1 warning, 0 errors
linking...
Program Size: Code=4808 RO-data=252 RW-data=160 ZI-data=3392  
FromELF: creating hex file...
".\exe\FAT31_1.axf" - 0 Error(s), 1 Warning(s).
"FM.EXE" DEVICE(LPC1766,12.0) ERASE(DEVICE,PROTECTISP) HEXFILE(E:\Users\Pal\DEVICES\FAT31\SOFT\1\exe\FAT31_1.HEX,NOCHECKSUMS,NOFILL,PROTECTISP) COM(4,9600) HARDWARE(BOOTEXEC,100,50)
Flash Magic Version 5.61.1870
8051/XA Driver Version 2.77.1818
ARM UART Driver Version 2.16.1837
ARM Cortex UART Driver Version 1.32.1862
ARM Ethernet Driver Version 1.08.1856
ARM CAN Driver Version 1.02.1864
(C) Embedded Systems Academy 2000-2009 All rights reserved
NON PRODUCTION USE ONLY
Connected
Device selected
Erase complete (DEVICE)
Hex file programming complete (E:\Users\Pal\DEVICES\FAT31\SOFT\1\exe\FAT31_1.HEX)
Build target 'FAT31_1'
assembling startup_LPC17xx.s...
compiling core_cm3.c...
compiling system_LPC17xx.c...
compiling main.c...
compiling gran.c...
compiling cmd.c...
compiling uart0.c...
compiling full_can.c...
full_can.c(421): warning:  #550-D: variable "temp" was set but never used
full_can.c:   char temp;
full_can.c:        ^
full_can.c: full_can.c: 1 warning, 0 errors
linking...
Program Size: Code=4808 RO-data=252 RW-data=160 ZI-data=3392  
FromELF: creating hex file...
".\exe\FAT31_1.axf" - 0 Error(s), 1 Warning(s).
"FM.EXE" DEVICE(LPC1766,12.0) ERASE(DEVICE,PROTECTISP) HEXFILE(E:\Users\Pal\DEVICES\FAT31\SOFT\1\exe\FAT31_1.HEX,NOCHECKSUMS,NOFILL,PROTECTISP) COM(4,9600) HARDWARE(BOOTEXEC,100,50)
Flash Magic Version 5.61.1870
8051/XA Driver Version 2.77.1818
ARM UART Driver Version 2.16.1837
ARM Cortex UART Driver Version 1.32.1862
ARM Ethernet Driver Version 1.08.1856
ARM CAN Driver Version 1.02.1864
(C) Embedded Systems Academy 2000-2009 All rights reserved
NON PRODUCTION USE ONLY
Connected
Device selected
Erase complete (DEVICE)
Hex file programming complete (E:\Users\Pal\DEVICES\FAT31\SOFT\1\exe\FAT31_1.HEX)
Build target 'FAT31_1'
assembling startup_LPC17xx.s...
compiling core_cm3.c...
compiling system_LPC17xx.c...
compiling main.c...
compiling gran.c...
compiling cmd.c...
compiling uart0.c...
compiling full_can.c...
full_can.c(421): warning:  #550-D: variable "temp" was set but never used
full_can.c:   char temp;
full_can.c:        ^
full_can.c: full_can.c: 1 warning, 0 errors
linking...
Program Size: Code=4808 RO-data=252 RW-data=160 ZI-data=3392  
FromELF: creating hex file...
".\exe\FAT31_1.axf" - 0 Error(s), 1 Warning(s).
"FM.EXE" DEVICE(LPC1766,12.0) ERASE(DEVICE,PROTECTISP) HEXFILE(E:\Users\Pal\DEVICES\FAT31\SOFT\1\exe\FAT31_1.HEX,NOCHECKSUMS,NOFILL,PROTECTISP) COM(4,9600) HARDWARE(BOOTEXEC,100,50)
Flash Magic Version 5.61.1870
8051/XA Driver Version 2.77.1818
ARM UART Driver Version 2.16.1837
ARM Cortex UART Driver Version 1.32.1862
ARM Ethernet Driver Version 1.08.1856
ARM CAN Driver Version 1.02.1864
(C) Embedded Systems Academy 2000-2009 All rights reserved
NON PRODUCTION USE ONLY
Connected
Device selected
Erase complete (DEVICE)
Hex file programming complete (E:\Users\Pal\DEVICES\FAT31\SOFT\1\exe\FAT31_1.HEX)
Build target 'FAT31_1'
assembling startup_LPC17xx.s...
compiling core_cm3.c...
compiling system_LPC17xx.c...
compiling main.c...
compiling gran.c...
compiling cmd.c...
compiling uart0.c...
compiling full_can.c...
full_can.c(421): warning:  #550-D: variable "temp" was set but never used
full_can.c:   char temp;
full_can.c:        ^
full_can.c: full_can.c: 1 warning, 0 errors
linking...
Program Size: Code=4808 RO-data=252 RW-data=160 ZI-data=3392  
FromELF: creating hex file...
".\exe\FAT31_1.axf" - 0 Error(s), 1 Warning(s).
"FM.EXE" DEVICE(LPC1766,12.0) ERASE(DEVICE,PROTECTISP) HEXFILE(E:\Users\Pal\DEVICES\FAT31\SOFT\1\exe\FAT31_1.HEX,NOCHECKSUMS,NOFILL,PROTECTISP) COM(4,9600) HARDWARE(BOOTEXEC,100,50)
Flash Magic Version 5.61.1870
8051/XA Driver Version 2.77.1818
ARM UART Driver Version 2.16.1837
ARM Cortex UART Driver Version 1.32.1862
ARM Ethernet Driver Version 1.08.1856
ARM CAN Driver Version 1.02.1864
(C) Embedded Systems Academy 2000-2009 All rights reserved
NON PRODUCTION USE ONLY
Connected
Device selected
Erase complete (DEVICE)
Hex file programming complete (E:\Users\Pal\DEVICES\FAT31\SOFT\1\exe\FAT31_1.HEX)
Build target 'FAT31_1'
assembling startup_LPC17xx.s...
compiling core_cm3.c...
compiling system_LPC17xx.c...
compiling main.c...
compiling gran.c...
compiling cmd.c...
compiling uart0.c...
compiling full_can.c...
full_can.c(421): warning:  #550-D: variable "temp" was set but never used
full_can.c:   char temp;
full_can.c:        ^
full_can.c: full_can.c: 1 warning, 0 errors
linking...
Program Size: Code=4756 RO-data=252 RW-data=160 ZI-data=3392  
FromELF: creating hex file...
".\exe\FAT31_1.axf" - 0 Error(s), 1 Warning(s).
"FM.EXE" DEVICE(LPC1766,12.0) ERASE(DEVICE,PROTECTISP) HEXFILE(E:\Users\Pal\DEVICES\FAT31\SOFT\1\exe\FAT31_1.HEX,NOCHECKSUMS,NOFILL,PROTECTISP) COM(4,9600) HARDWARE(BOOTEXEC,100,50)
Flash Magic Version 5.61.1870
8051/XA Driver Version 2.77.1818
ARM UART Driver Version 2.16.1837
ARM Cortex UART Driver Version 1.32.1862
ARM Ethernet Driver Version 1.08.1856
ARM CAN Driver Version 1.02.1864
(C) Embedded Systems Academy 2000-2009 All rights reserved
NON PRODUCTION USE ONLY
Connected
Device selected
Erase complete (DEVICE)
Hex file programming complete (E:\Users\Pal\DEVICES\FAT31\SOFT\1\exe\FAT31_1.HEX)
Build target 'FAT31_1'
assembling startup_LPC17xx.s...
compiling core_cm3.c...
compiling system_LPC17xx.c...
compiling main.c...
compiling gran.c...
compiling cmd.c...
compiling uart0.c...
compiling full_can.c...
full_can.c(421): warning:  #550-D: variable "temp" was set but never used
full_can.c:   char temp;
full_can.c:        ^
full_can.c: full_can.c: 1 warning, 0 errors
linking...
Program Size: Code=4756 RO-data=252 RW-data=160 ZI-data=3392  
FromELF: creating hex file...
".\exe\FAT31_1.axf" - 0 Error(s), 1 Warning(s).
"FM.EXE" DEVICE(LPC1766,12.0) ERASE(DEVICE,PROTECTISP) HEXFILE(E:\Users\Pal\DEVICES\FAT31\SOFT\1\exe\FAT31_1.HEX,NOCHECKSUMS,NOFILL,PROTECTISP) COM(4,9600) HARDWARE(BOOTEXEC,100,50)
Flash Magic Version 5.61.1870
8051/XA Driver Version 2.77.1818
ARM UART Driver Version 2.16.1837
ARM Cortex UART Driver Version 1.32.1862
ARM Ethernet Driver Version 1.08.1856
ARM CAN Driver Version 1.02.1864
(C) Embedded Systems Academy 2000-2009 All rights reserved
NON PRODUCTION USE ONLY
Connected
Device selected
Erase complete (DEVICE)
Hex file programming complete (E:\Users\Pal\DEVICES\FAT31\SOFT\1\exe\FAT31_1.HEX)
Build target 'FAT31_1'
assembling startup_LPC17xx.s...
compiling core_cm3.c...
compiling system_LPC17xx.c...
compiling main.c...
compiling gran.c...
compiling cmd.c...
compiling uart0.c...
compiling full_can.c...
full_can.c(421): warning:  #550-D: variable "temp" was set but never used
full_can.c:   char temp;
full_can.c:        ^
full_can.c: full_can.c: 1 warning, 0 errors
linking...
Program Size: Code=4808 RO-data=252 RW-data=160 ZI-data=3392  
FromELF: creating hex file...
".\exe\FAT31_1.axf" - 0 Error(s), 1 Warning(s).
"FM.EXE" DEVICE(LPC1766,12.0) ERASE(DEVICE,PROTECTISP) HEXFILE(E:\Users\Pal\DEVICES\FAT31\SOFT\1\exe\FAT31_1.HEX,NOCHECKSUMS,NOFILL,PROTECTISP) COM(4,9600) HARDWARE(BOOTEXEC,100,50)
Flash Magic Version 5.61.1870
8051/XA Driver Version 2.77.1818
ARM UART Driver Version 2.16.1837
ARM Cortex UART Driver Version 1.32.1862
ARM Ethernet Driver Version 1.08.1856
ARM CAN Driver Version 1.02.1864
(C) Embedded Systems Academy 2000-2009 All rights reserved
NON PRODUCTION USE ONLY
Connected
Device selected
Erase complete (DEVICE)
Hex file programming complete (E:\Users\Pal\DEVICES\FAT31\SOFT\1\exe\FAT31_1.HEX)
Build target 'FAT31_1'
assembling startup_LPC17xx.s...
compiling core_cm3.c...
compiling system_LPC17xx.c...
compiling main.c...
main.c(176): error:  #67: expected a "}"
main.c:                                           64;  //185, //6
main.c:                                             ^
main.c(177): warning:  #174-D: expression has no effect
main.c:                                           52;  //197, //7
main.c:                                           ^
main.c(178): warning:  #174-D: expression has no effect
main.c:                                           40;  //209, //8
main.c:                                           ^
main.c(179): warning:  #174-D: expression has no effect
main.c:                                           28;  //221, //9
main.c:                                           ^
main.c(180): warning:  #174-D: expression has no effect
main.c:                                           16;  //233, //10
main.c:                                           ^
main.c(182): error:  #29: expected an expression
main.c:                                           };
main.c:                                           ^
main.c(181): warning:  #174-D: expression has no effect
main.c:                                           16,  //245  //11
main.c:                                           ^
main.c(182): error:  #65: expected a ";"
main.c:                                           };
main.c:                                           ^
main.c(169): warning:  #177-D: variable "temp_SS" was declared but never referenced
main.c:   signed short temp_SS;
main.c:                ^
main.c(170): warning:  #177-D: variable "vent_pwm_const" was declared but never referenced
main.c:   const signed short vent_pwm_const[12]={  0,   //0
main.c:                      ^
main.c(184): error:  #169: expected a declaration
main.c:   if(link_stat==lsON)
main.c:   ^
main.c(195): warning:  #12-D: parsing restarts here after previous syntax error
main.c:   temp_SS=vent_pwm_const[pos_vent_];
main.c:                                    ^
main.c(196): error:  #79: expected a type specifier
main.c:   gran(&temp_SS,0,250);
main.c:        ^
main.c(196): error:  #79: expected a type specifier
main.c:   gran(&temp_SS,0,250);
main.c:                 ^
main.c(196): error:  #79: expected a type specifier
main.c:   gran(&temp_SS,0,250);
main.c:                   ^
main.c(196): warning:  #77-D: this declaration has no storage class or type specifier
main.c:   gran(&temp_SS,0,250);
main.c:   ^
main.c(196): error:  #147: declaration is incompatible with "void gran(signed short *, signed short, signed short)" (declared at line 4 of "gran.h")
main.c:   gran(&temp_SS,0,250);
main.c:   ^
main.c(197): error:  #18: expected a ")"
main.c:   LPC_PWM1->MR6=temp_SS;
main.c:   ^
main.c(197): error:  #79: expected a type specifier
main.c:   LPC_PWM1->MR6=temp_SS;
main.c:   ^
main.c(197): error:  #101: "LPC_PWM_TypeDef" has already been declared in the current scope
main.c:   LPC_PWM1->MR6=temp_SS;
main.c:   ^
main.c(197): error:  #141-D: unnamed prototyped parameters not allowed when body is present
main.c:   LPC_PWM1->MR6=temp_SS;
main.c:   ^
main.c(197): error:  #130: expected a "{"
main.c:   LPC_PWM1->MR6=temp_SS;
main.c:           ^
main.c(200): warning:  #12-D: parsing restarts here after previous syntax error
main.c:   }
main.c:   ^
main.c(335): error:  #29: expected an expression
main.c:   LPC_PWM1->PR=0;
main.c:   ^
main.c(335): error:  #32: expression must have arithmetic type
main.c:   LPC_PWM1->PR=0;
main.c:   ^
main.c(336): error:  #29: expected an expression
main.c:   LPC_PWM1->PCR=1<<14;
main.c:   ^
main.c(336): error:  #32: expression must have arithmetic type
main.c:   LPC_PWM1->PCR=1<<14;
main.c:   ^
main.c(337): error:  #29: expected an expression
main.c:   LPC_PWM1->MCR=2;
main.c:   ^
main.c(337): error:  #32: expression must have arithmetic type
main.c:   LPC_PWM1->MCR=2;
main.c:   ^
main.c(338): error:  #29: expected an expression
main.c:   LPC_PWM1->MR0=250;
main.c:   ^
main.c(338): error:  #32: expression must have arithmetic type
main.c:   LPC_PWM1->MR0=250;
main.c:   ^
main.c(340): error:  #29: expected an expression
main.c:   LPC_PWM1->MR6=125;
main.c:   ^
main.c(340): error:  #32: expression must have arithmetic type
main.c:   LPC_PWM1->MR6=125;
main.c:   ^
main.c(341): error:  #29: expected an expression
main.c:   LPC_PWM1->LER=(1<<0)|(1<<6);
main.c:   ^
main.c(341): error:  #32: expression must have arithmetic type
main.c:   LPC_PWM1->LER=(1<<0)|(1<<6);
main.c:   ^
main.c(342): error:  #29: expected an expression
main.c:   LPC_PWM1->TCR=2;
main.c:   ^
main.c(342): error:  #32: expression must have arithmetic type
main.c:   LPC_PWM1->TCR=2;
main.c:   ^
main.c(343): error:  #29: expected an expression
main.c:   LPC_PWM1->TCR=9;
main.c:   ^
main.c(343): error:  #32: expression must have arithmetic type
main.c:   LPC_PWM1->TCR=9;
main.c:   ^
main.c: main.c: 10 warnings, 29 errors
compiling gran.c...
compiling cmd.c...
compiling uart0.c...
compiling full_can.c...
full_can.c(421): warning:  #550-D: variable "temp" was set but never used
full_can.c:   char temp;
full_can.c:        ^
full_can.c: full_can.c: 1 warning, 0 errors
Target not created
Build target 'FAT31_1'
assembling startup_LPC17xx.s...
compiling core_cm3.c...
compiling system_LPC17xx.c...
compiling main.c...
main.c(176): error:  #67: expected a "}"
main.c:                                           64;  //185, //6
main.c:                                             ^
main.c(177): warning:  #174-D: expression has no effect
main.c:                                           52;  //197, //7
main.c:                                           ^
main.c(178): warning:  #174-D: expression has no effect
main.c:                                           40;  //209, //8
main.c:                                           ^
main.c(179): warning:  #174-D: expression has no effect
main.c:                                           28;  //221, //9
main.c:                                           ^
main.c(180): warning:  #174-D: expression has no effect
main.c:                                           16;  //233, //10
main.c:                                           ^
main.c(181): warning:  #174-D: expression has no effect
main.c:                                           16  //245  //11
main.c:                                           ^
main.c(182): error:  #65: expected a ";"
main.c:                                           };
main.c:                                           ^
main.c(169): warning:  #177-D: variable "temp_SS" was declared but never referenced
main.c:   signed short temp_SS;
main.c:                ^
main.c(170): warning:  #177-D: variable "vent_pwm_const" was declared but never referenced
main.c:   const signed short vent_pwm_const[12]={  0,   //0
main.c:                      ^
main.c(184): error:  #169: expected a declaration
main.c:   if(link_stat==lsON)
main.c:   ^
main.c(195): warning:  #12-D: parsing restarts here after previous syntax error
main.c:   temp_SS=vent_pwm_const[pos_vent_];
main.c:                                    ^
main.c(196): error:  #79: expected a type specifier
main.c:   gran(&temp_SS,0,250);
main.c:        ^
main.c(196): error:  #79: expected a type specifier
main.c:   gran(&temp_SS,0,250);
main.c:                 ^
main.c(196): error:  #79: expected a type specifier
main.c:   gran(&temp_SS,0,250);
main.c:                   ^
main.c(196): warning:  #77-D: this declaration has no storage class or type specifier
main.c:   gran(&temp_SS,0,250);
main.c:   ^
main.c(196): error:  #147: declaration is incompatible with "void gran(signed short *, signed short, signed short)" (declared at line 4 of "gran.h")
main.c:   gran(&temp_SS,0,250);
main.c:   ^
main.c(197): error:  #18: expected a ")"
main.c:   LPC_PWM1->MR6=temp_SS;
main.c:   ^
main.c(197): error:  #79: expected a type specifier
main.c:   LPC_PWM1->MR6=temp_SS;
main.c:   ^
main.c(197): error:  #101: "LPC_PWM_TypeDef" has already been declared in the current scope
main.c:   LPC_PWM1->MR6=temp_SS;
main.c:   ^
main.c(197): error:  #141-D: unnamed prototyped parameters not allowed when body is present
main.c:   LPC_PWM1->MR6=temp_SS;
main.c:   ^
main.c(197): error:  #130: expected a "{"
main.c:   LPC_PWM1->MR6=temp_SS;
main.c:           ^
main.c(200): warning:  #12-D: parsing restarts here after previous syntax error
main.c:   }
main.c:   ^
main.c(335): error:  #29: expected an expression
main.c:   LPC_PWM1->PR=0;
main.c:   ^
main.c(335): error:  #32: expression must have arithmetic type
main.c:   LPC_PWM1->PR=0;
main.c:   ^
main.c(336): error:  #29: expected an expression
main.c:   LPC_PWM1->PCR=1<<14;
main.c:   ^
main.c(336): error:  #32: expression must have arithmetic type
main.c:   LPC_PWM1->PCR=1<<14;
main.c:   ^
main.c(337): error:  #29: expected an expression
main.c:   LPC_PWM1->MCR=2;
main.c:   ^
main.c(337): error:  #32: expression must have arithmetic type
main.c:   LPC_PWM1->MCR=2;
main.c:   ^
main.c(338): error:  #29: expected an expression
main.c:   LPC_PWM1->MR0=250;
main.c:   ^
main.c(338): error:  #32: expression must have arithmetic type
main.c:   LPC_PWM1->MR0=250;
main.c:   ^
main.c(340): error:  #29: expected an expression
main.c:   LPC_PWM1->MR6=125;
main.c:   ^
main.c(340): error:  #32: expression must have arithmetic type
main.c:   LPC_PWM1->MR6=125;
main.c:   ^
main.c(341): error:  #29: expected an expression
main.c:   LPC_PWM1->LER=(1<<0)|(1<<6);
main.c:   ^
main.c(341): error:  #32: expression must have arithmetic type
main.c:   LPC_PWM1->LER=(1<<0)|(1<<6);
main.c:   ^
main.c(342): error:  #29: expected an expression
main.c:   LPC_PWM1->TCR=2;
main.c:   ^
main.c(342): error:  #32: expression must have arithmetic type
main.c:   LPC_PWM1->TCR=2;
main.c:   ^
main.c(343): error:  #29: expected an expression
main.c:   LPC_PWM1->TCR=9;
main.c:   ^
main.c(343): error:  #32: expression must have arithmetic type
main.c:   LPC_PWM1->TCR=9;
main.c:   ^
main.c: main.c: 10 warnings, 28 errors
compiling gran.c...
compiling cmd.c...
compiling uart0.c...
compiling full_can.c...
full_can.c(421): warning:  #550-D: variable "temp" was set but never used
full_can.c:   char temp;
full_can.c:        ^
full_can.c: full_can.c: 1 warning, 0 errors
Target not created
Build target 'FAT31_1'
compiling main.c...
main.c(176): error:  #67: expected a "}"
main.c:                                           64;  //185, //6
main.c:                                             ^
main.c(177): warning:  #174-D: expression has no effect
main.c:                                           52;  //197, //7
main.c:                                           ^
main.c(178): warning:  #174-D: expression has no effect
main.c:                                           40;  //209, //8
main.c:                                           ^
main.c(179): warning:  #174-D: expression has no effect
main.c:                                           28;  //221, //9
main.c:                                           ^
main.c(180): warning:  #174-D: expression has no effect
main.c:                                           16;  //233, //10
main.c:                                           ^
main.c(181): warning:  #174-D: expression has no effect
main.c:                                           16  //245  //11
main.c:                                           ^
main.c(182): error:  #65: expected a ";"
main.c:                                           };
main.c:                                           ^
main.c(169): warning:  #177-D: variable "temp_SS" was declared but never referenced
main.c:   signed short temp_SS;
main.c:                ^
main.c(170): warning:  #177-D: variable "vent_pwm_const" was declared but never referenced
main.c:   const signed short vent_pwm_const[12]={  0,   //0
main.c:                      ^
main.c(184): error:  #169: expected a declaration
main.c:   if(link_stat==lsON)
main.c:   ^
main.c(195): warning:  #12-D: parsing restarts here after previous syntax error
main.c:   temp_SS=vent_pwm_const[pos_vent_];
main.c:                                    ^
main.c(196): error:  #79: expected a type specifier
main.c:   gran(&temp_SS,0,250);
main.c:        ^
main.c(196): error:  #79: expected a type specifier
main.c:   gran(&temp_SS,0,250);
main.c:                 ^
main.c(196): error:  #79: expected a type specifier
main.c:   gran(&temp_SS,0,250);
main.c:                   ^
main.c(196): warning:  #77-D: this declaration has no storage class or type specifier
main.c:   gran(&temp_SS,0,250);
main.c:   ^
main.c(196): error:  #147: declaration is incompatible with "void gran(signed short *, signed short, signed short)" (declared at line 4 of "gran.h")
main.c:   gran(&temp_SS,0,250);
main.c:   ^
main.c(197): error:  #18: expected a ")"
main.c:   LPC_PWM1->MR6=temp_SS;
main.c:   ^
main.c(197): error:  #79: expected a type specifier
main.c:   LPC_PWM1->MR6=temp_SS;
main.c:   ^
main.c(197): error:  #101: "LPC_PWM_TypeDef" has already been declared in the current scope
main.c:   LPC_PWM1->MR6=temp_SS;
main.c:   ^
main.c(197): error:  #141-D: unnamed prototyped parameters not allowed when body is present
main.c:   LPC_PWM1->MR6=temp_SS;
main.c:   ^
main.c(197): error:  #130: expected a "{"
main.c:   LPC_PWM1->MR6=temp_SS;
main.c:           ^
main.c(200): warning:  #12-D: parsing restarts here after previous syntax error
main.c:   }
main.c:   ^
main.c(335): error:  #29: expected an expression
main.c:   LPC_PWM1->PR=0;
main.c:   ^
main.c(335): error:  #32: expression must have arithmetic type
main.c:   LPC_PWM1->PR=0;
main.c:   ^
main.c(336): error:  #29: expected an expression
main.c:   LPC_PWM1->PCR=1<<14;
main.c:   ^
main.c(336): error:  #32: expression must have arithmetic type
main.c:   LPC_PWM1->PCR=1<<14;
main.c:   ^
main.c(337): error:  #29: expected an expression
main.c:   LPC_PWM1->MCR=2;
main.c:   ^
main.c(337): error:  #32: expression must have arithmetic type
main.c:   LPC_PWM1->MCR=2;
main.c:   ^
main.c(338): error:  #29: expected an expression
main.c:   LPC_PWM1->MR0=250;
main.c:   ^
main.c(338): error:  #32: expression must have arithmetic type
main.c:   LPC_PWM1->MR0=250;
main.c:   ^
main.c(340): error:  #29: expected an expression
main.c:   LPC_PWM1->MR6=125;
main.c:   ^
main.c(340): error:  #32: expression must have arithmetic type
main.c:   LPC_PWM1->MR6=125;
main.c:   ^
main.c(341): error:  #29: expected an expression
main.c:   LPC_PWM1->LER=(1<<0)|(1<<6);
main.c:   ^
main.c(341): error:  #32: expression must have arithmetic type
main.c:   LPC_PWM1->LER=(1<<0)|(1<<6);
main.c:   ^
main.c(342): error:  #29: expected an expression
main.c:   LPC_PWM1->TCR=2;
main.c:   ^
main.c(342): error:  #32: expression must have arithmetic type
main.c:   LPC_PWM1->TCR=2;
main.c:   ^
main.c(343): error:  #29: expected an expression
main.c:   LPC_PWM1->TCR=9;
main.c:   ^
main.c(343): error:  #32: expression must have arithmetic type
main.c:   LPC_PWM1->TCR=9;
main.c:   ^
main.c: main.c: 10 warnings, 28 errors
Target not created
Build target 'FAT31_1'
assembling startup_LPC17xx.s...
compiling core_cm3.c...
compiling system_LPC17xx.c...
compiling main.c...
compiling gran.c...
compiling cmd.c...
compiling uart0.c...
compiling full_can.c...
full_can.c(421): warning:  #550-D: variable "temp" was set but never used
full_can.c:   char temp;
full_can.c:        ^
full_can.c: full_can.c: 1 warning, 0 errors
linking...
Program Size: Code=4808 RO-data=252 RW-data=160 ZI-data=3392  
FromELF: creating hex file...
".\exe\FAT31_1.axf" - 0 Error(s), 1 Warning(s).
"FM.EXE" DEVICE(LPC1766,12.0) ERASE(DEVICE,PROTECTISP) HEXFILE(E:\Users\Pal\DEVICES\FAT31\SOFT\1\exe\FAT31_1.HEX,NOCHECKSUMS,NOFILL,PROTECTISP) COM(4,9600) HARDWARE(BOOTEXEC,100,50)
Flash Magic Version 5.61.1870
8051/XA Driver Version 2.77.1818
ARM UART Driver Version 2.16.1837
ARM Cortex UART Driver Version 1.32.1862
ARM Ethernet Driver Version 1.08.1856
ARM CAN Driver Version 1.02.1864
(C) Embedded Systems Academy 2000-2009 All rights reserved
NON PRODUCTION USE ONLY
Connected
Device selected
Erase complete (DEVICE)
Hex file programming complete (E:\Users\Pal\DEVICES\FAT31\SOFT\1\exe\FAT31_1.HEX)
Build target 'FAT31_1'
assembling startup_LPC17xx.s...
compiling core_cm3.c...
compiling system_LPC17xx.c...
compiling main.c...
compiling gran.c...
compiling cmd.c...
compiling uart0.c...
compiling full_can.c...
full_can.c(421): warning:  #550-D: variable "temp" was set but never used
full_can.c:   char temp;
full_can.c:        ^
full_can.c: full_can.c: 1 warning, 0 errors
linking...
Program Size: Code=4808 RO-data=252 RW-data=160 ZI-data=3392  
FromELF: creating hex file...
".\exe\FAT31_1.axf" - 0 Error(s), 1 Warning(s).
"FM.EXE" DEVICE(LPC1766,12.0) ERASE(DEVICE,PROTECTISP) HEXFILE(E:\Users\Pal\DEVICES\FAT31\SOFT\1\exe\FAT31_1.HEX,NOCHECKSUMS,NOFILL,PROTECTISP) COM(4,9600) HARDWARE(BOOTEXEC,100,50)
Flash Magic Version 5.61.1870
8051/XA Driver Version 2.77.1818
ARM UART Driver Version 2.16.1837
ARM Cortex UART Driver Version 1.32.1862
ARM Ethernet Driver Version 1.08.1856
ARM CAN Driver Version 1.02.1864
(C) Embedded Systems Academy 2000-2009 All rights reserved
NON PRODUCTION USE ONLY
Connected
Device selected
Erase complete (DEVICE)
Hex file programming complete (E:\Users\Pal\DEVICES\FAT31\SOFT\1\exe\FAT31_1.HEX)
Build target 'FAT31_1'
assembling startup_LPC17xx.s...
compiling core_cm3.c...
compiling system_LPC17xx.c...
compiling main.c...
compiling gran.c...
compiling cmd.c...
compiling uart0.c...
compiling full_can.c...
full_can.c(421): warning:  #550-D: variable "temp" was set but never used
full_can.c:   char temp;
full_can.c:        ^
full_can.c: full_can.c: 1 warning, 0 errors
linking...
Program Size: Code=4808 RO-data=252 RW-data=160 ZI-data=3392  
FromELF: creating hex file...
".\exe\FAT31_1.axf" - 0 Error(s), 1 Warning(s).
"FM.EXE" DEVICE(LPC1766,12.0) ERASE(DEVICE,PROTECTISP) HEXFILE(E:\Users\Pal\DEVICES\FAT31\SOFT\1\exe\FAT31_1.HEX,NOCHECKSUMS,NOFILL,PROTECTISP) COM(4,9600) HARDWARE(BOOTEXEC,100,50)
Flash Magic Version 5.61.1870
8051/XA Driver Version 2.77.1818
ARM UART Driver Version 2.16.1837
ARM Cortex UART Driver Version 1.32.1862
ARM Ethernet Driver Version 1.08.1856
ARM CAN Driver Version 1.02.1864
(C) Embedded Systems Academy 2000-2009 All rights reserved
NON PRODUCTION USE ONLY
Connected
Device selected
Erase complete (DEVICE)
Hex file programming complete (E:\Users\Pal\DEVICES\FAT31\SOFT\1\exe\FAT31_1.HEX)
Build target 'FAT31_1'
assembling startup_LPC17xx.s...
compiling core_cm3.c...
compiling system_LPC17xx.c...
compiling main.c...
compiling gran.c...
compiling cmd.c...
compiling uart0.c...
compiling full_can.c...
full_can.c(421): warning:  #550-D: variable "temp" was set but never used
full_can.c:   char temp;
full_can.c:        ^
full_can.c: full_can.c: 1 warning, 0 errors
linking...
Program Size: Code=4808 RO-data=252 RW-data=160 ZI-data=3392  
FromELF: creating hex file...
".\exe\FAT31_1.axf" - 0 Error(s), 1 Warning(s).
"FM.EXE" DEVICE(LPC1766,12.0) ERASE(DEVICE,PROTECTISP) HEXFILE(E:\Users\Pal\DEVICES\FAT31\SOFT\1\exe\FAT31_1.HEX,NOCHECKSUMS,NOFILL,PROTECTISP) COM(4,9600) HARDWARE(BOOTEXEC,100,50)
Flash Magic Version 5.61.1870
8051/XA Driver Version 2.77.1818
ARM UART Driver Version 2.16.1837
ARM Cortex UART Driver Version 1.32.1862
ARM Ethernet Driver Version 1.08.1856
ARM CAN Driver Version 1.02.1864
(C) Embedded Systems Academy 2000-2009 All rights reserved
NON PRODUCTION USE ONLY
Connected
Device selected
Erase complete (DEVICE)
Hex file programming complete (E:\Users\Pal\DEVICES\FAT31\SOFT\1\exe\FAT31_1.HEX)
Build target 'FAT31_1'
assembling startup_LPC17xx.s...
compiling core_cm3.c...
compiling system_LPC17xx.c...
compiling main.c...
compiling gran.c...
compiling cmd.c...
compiling uart0.c...
compiling full_can.c...
full_can.c(421): warning:  #550-D: variable "temp" was set but never used
full_can.c:   char temp;
full_can.c:        ^
full_can.c: full_can.c: 1 warning, 0 errors
linking...
Program Size: Code=4812 RO-data=252 RW-data=160 ZI-data=3392  
FromELF: creating hex file...
".\exe\FAT31_1.axf" - 0 Error(s), 1 Warning(s).
"FM.EXE" DEVICE(LPC1766,12.0) ERASE(DEVICE,PROTECTISP) HEXFILE(E:\Users\Pal\DEVICES\FAT31\SOFT\1\exe\FAT31_1.HEX,NOCHECKSUMS,NOFILL,PROTECTISP) COM(4,9600) HARDWARE(BOOTEXEC,100,50)
Flash Magic Version 5.61.1870
8051/XA Driver Version 2.77.1818
ARM UART Driver Version 2.16.1837
ARM Cortex UART Driver Version 1.32.1862
ARM Ethernet Driver Version 1.08.1856
ARM CAN Driver Version 1.02.1864
(C) Embedded Systems Academy 2000-2009 All rights reserved
NON PRODUCTION USE ONLY
Connected
Device selected
Erase complete (DEVICE)
Hex file programming complete (E:\Users\Pal\DEVICES\FAT31\SOFT\1\exe\FAT31_1.HEX)
