<html>
<body>
<pre>
<h1>µVision Build Log</h1>
<h2>Project:</h2>
E:\Users\Pal\DEVICES\FAT36\SOFT\1\FAT31_1.uvproj
Project File Date:  04/04/2011

<h2>Output:</h2>
Build target '2wire_20pos'
assembling startup_LPC17xx.s...
compiling core_cm3.c...
compiling system_LPC17xx.c...
compiling main.c...
power_cnt.h(18): warning:  #47-D: incompatible redefinition of macro "BUFSIZE" (declared at line 5 of "uart0.h")
power_cnt.h:   #define BUFSIZE          200
power_cnt.h:           ^
main.c(801): warning:  #223-D: function "read_summary_power" declared implicitly
main.c:                         read_summary_power();
main.c:                         ^
main.c: main.c: 2 warnings, 0 errors
compiling gran.c...
compiling cmd.c...
compiling uart0.c...
compiling full_can.c...
full_can.c(424): warning:  #550-D: variable "temp" was set but never used
full_can.c:   char temp;
full_can.c:        ^
full_can.c: full_can.c: 1 warning, 0 errors
compiling power_cnt.c...
power_cnt.c(192): warning:  #223-D: function "gran_char" declared implicitly
power_cnt.c:             gran_char(&rx_wr_index1,0,RX_BUFFER_SIZE1); 
power_cnt.c:             ^
power_cnt.c(308): warning:  #177-D: variable "t" was declared but never referenced
power_cnt.c:   char i,t=0;
power_cnt.c:          ^
power_cnt.c(535): warning:  #63-D: shift count is too large
power_cnt.c:                                 (((unsigned)sleep_pure_buff[12])<<32)
power_cnt.c:                                                                   ^
power_cnt.c: power_cnt.c: 3 warnings, 0 errors
linking...
Program Size: Code=6412 RO-data=524 RW-data=192 ZI-data=4616  
FromELF: creating hex file...
".\exe\FAT31_2_20.axf" - 0 Error(s), 6 Warning(s).
