
 Start  Stop   Length Name               Class

 00000H 0FA46H 0FA47H _TEXT              CODE
 0FA50H 0FC4FH 00200H VECTORS            DATA
 0FC50H 0FC6FH 00020H DRIVERS            DATA
 0FC70H 0FC71H 00002H DREND              DATA
 0FC72H 11C8EH 0201DH _DATA              DATA
 11C90H 11C90H 00000H CDATA              DATA
 11C90H 11CEFH 00060H _DATAP             DATA
 11CF0H 18079H 0638AH _BSS               BSS
 18080H 18080H 00000H EXTDATA            
 18080H 18080H 00000H _EXTDATA           
 18080H 18080H 00000H _EXTDATA           
 18080H 18080H 00000H _EXTDATA           
 18080H 18081H 00002H ENDDATA            STACK
 18082H 18082H 00000H STACK              STACK
 18082H 18082H 00000H CONST              CONST


Detailed map of segments

 0000:0000 0135 C=CODE   S=_TEXT          G=(none)   M=ROOT.ASM   ACBP=28
 0000:0135 0273 C=CODE   S=_TEXT          G=(none)   M=MAIN.C     ACBP=28
 0000:03A8 0AAC C=CODE   S=_TEXT          G=(none)   M=SETPAR.C   ACBP=28
 0000:0E54 1FCA C=CODE   S=_TEXT          G=(none)   M=DEMO.C     ACBP=28
 0000:2E1E 00AD C=CODE   S=_TEXT          G=(none)   M=TOOLS.C    ACBP=28
 0000:2ECB 0D12 C=CODE   S=_TEXT          G=(none)   M=SNMP.C     ACBP=28
 0000:3BDD 0628 C=CODE   S=_TEXT          G=(none)   M=WEBSETUP.C ACBP=28
 0000:4205 0483 C=CODE   S=_TEXT          G=(none)   M=FILESYSS   ACBP=28
 0000:4688 0381 C=CODE   S=_TEXT          G=(none)   M=SFLDRVEX   ACBP=28
 0000:4A09 00C5 C=CODE   S=_TEXT          G=(none)   M=SPIDRVEX   ACBP=28
 0000:4ACE 00E8 C=CODE   S=_TEXT          G=(none)   M=SPIEX      ACBP=28
 0000:4BB6 007C C=CODE   S=_TEXT          G=(none)   M=FLASHSER   ACBP=28
 0000:4C32 009A C=CODE   S=_TEXT          G=(none)   M=SETIO      ACBP=28
 0000:4CCC 00F3 C=CODE   S=_TEXT          G=(none)   M=PASS       ACBP=28
 0000:4DBF 0077 C=CODE   S=_TEXT          G=(none)   M=EHWINI     ACBP=28
 0000:4E36 008F C=CODE   S=_TEXT          G=(none)   M=TMR        ACBP=28
 0000:4EC5 0369 C=CODE   S=_TEXT          G=(none)   M=NIC960     ACBP=28
 0000:522E 05D9 C=CODE   S=_TEXT          G=(none)   M=V24A_VIO   ACBP=28
 0000:5807 04A4 C=CODE   S=_TEXT          G=(none)   M=HWARE      ACBP=28
 0000:5CAB 0E03 C=CODE   S=_TEXT          G=(none)   M=FWARE      ACBP=28
 0000:6AAE 0590 C=CODE   S=_TEXT          G=(none)   M=NETDRV     ACBP=28
 0000:703E 022C C=CODE   S=_TEXT          G=(none)   M=DIGIO      ACBP=28
 0000:726A 0046 C=CODE   S=_TEXT          G=(none)   M=BINIT      ACBP=28
 0000:72B0 0000 C=CODE   S=_TEXT          G=(none)   M=BITSXP     ACBP=28
 0000:72B0 007C C=CODE   S=_TEXT          G=(none)   M=TIME       ACBP=28
 0000:732C 03E0 C=CODE   S=_TEXT          G=(none)   M=TFTPS      ACBP=28
 0000:770C 01D4 C=CODE   S=_TEXT          G=(none)   M=PHY        ACBP=28
 0000:78E0 0017 C=CODE   S=_TEXT          G=(none)   M=RAND16     ACBP=28
 0000:78F7 036C C=CODE   S=_TEXT          G=(none)   M=WEB        ACBP=28
 0000:7C63 04A7 C=CODE   S=_TEXT          G=(none)   M=GET_FSM    ACBP=28
 0000:810A 0267 C=CODE   S=_TEXT          G=(none)   M=ARP        ACBP=28
 0000:8371 023C C=CODE   S=_TEXT          G=(none)   M=LOW_IP     ACBP=28
 0000:85AD 01BC C=CODE   S=_TEXT          G=(none)   M=ICMP       ACBP=28
 0000:8769 07A5 C=CODE   S=_TEXT          G=(none)   M=IPROC      ACBP=28
 0000:8F0E 2530 C=CODE   S=_TEXT          G=(none)   M=TCP        ACBP=28
 0000:B43E 0C60 C=CODE   S=_TEXT          G=(none)   M=DHCP       ACBP=28
 0000:C09E 00C0 C=CODE   S=_TEXT          G=(none)   M=UDP        ACBP=28
 0000:C15E 026D C=CODE   S=_TEXT          G=(none)   M=SNMP1      ACBP=28
 0000:C3CB 00C0 C=CODE   S=_TEXT          G=(none)   M=SNMP2      ACBP=28
 0000:C48B 00D7 C=CODE   S=_TEXT          G=(none)   M=SNMP3      ACBP=28
 0000:C562 0102 C=CODE   S=_TEXT          G=(none)   M=SNMP4      ACBP=28
 0000:C664 0441 C=CODE   S=_TEXT          G=(none)   M=SNMP5      ACBP=28
 0000:CAA5 0009 C=CODE   S=_TEXT          G=(none)   M=SNMPST2    ACBP=28
 0000:CAAE 000C C=CODE   S=_TEXT          G=(none)   M=SNMPST3    ACBP=28
 0000:CABA 01C1 C=CODE   S=_TEXT          G=(none)   M=SNMPWLK    ACBP=28
 0000:CC7B 0089 C=CODE   S=_TEXT          G=(none)   M=SNMPINIM   ACBP=28
 0000:CD04 02C4 C=CODE   S=_TEXT          G=(none)   M=SNMPTBL    ACBP=28
 0000:CFC8 024B C=CODE   S=_TEXT          G=(none)   M=SNMPIFE    ACBP=28
 0000:D213 0190 C=CODE   S=_TEXT          G=(none)   M=SNMPTRAP   ACBP=28
 0000:D3A3 00B0 C=CODE   S=_TEXT          G=(none)   M=KOOR       ACBP=28
 0000:D453 04C7 C=CODE   S=_TEXT          G=(none)   M=MONIT      ACBP=28
 0000:D91A 00E2 C=CODE   S=_TEXT          G=(none)   M=TIMEP      ACBP=28
 0000:D9FC 00B8 C=CODE   S=_TEXT          G=(none)   M=CIOM       ACBP=28
 0000:DAB4 003D C=CODE   S=_TEXT          G=(none)   M=DIO_HEX    ACBP=28
 0000:DAF1 04BF C=CODE   S=_TEXT          G=(none)   M=IOG        ACBP=28
 0000:DFB0 007B C=CODE   S=_TEXT          G=(none)   M=BLINK      ACBP=28
 0000:E02B 0368 C=CODE   S=_TEXT          G=(none)   M=STARTUPM   ACBP=28
 0000:E393 04AB C=CODE   S=_TEXT          G=(none)   M=PRINTFM    ACBP=28
 0000:E83E 0063 C=CODE   S=_TEXT          G=(none)   M=IOA        ACBP=28
 0000:E8A1 027E C=CODE   S=_TEXT          G=(none)   M=STDIO      ACBP=28
 0000:EB1F 0070 C=CODE   S=_TEXT          G=(none)   M=MBUF       ACBP=28
 0000:EB8F 016E C=CODE   S=_TEXT          G=(none)   M=CONV       ACBP=28
 0000:ECFD 0340 C=CODE   S=_TEXT          G=(none)   M=V24G       ACBP=28
 0000:F03D 0024 C=CODE   S=_TEXT          G=(none)   M=RANDOM     ACBP=28
 0000:F061 0020 C=CODE   S=_TEXT          G=(none)   M=SHWADRM    ACBP=28
 0000:F081 005F C=CODE   S=_TEXT          G=(none)   M=DEBIO      ACBP=28
 0000:F0E0 0129 C=CODE   S=_TEXT          G=(none)   M=SERMEM     ACBP=28
 0000:F209 0158 C=CODE   S=_TEXT          G=(none)   M=TCSET      ACBP=28
 0000:F361 00BC C=CODE   S=_TEXT          G=(none)   M=CONF       ACBP=28
 0000:F41D 006B C=CODE   S=_TEXT          G=(none)   M=BRASTUB    ACBP=28
 0000:F488 020E C=CODE   S=_TEXT          G=(none)   M=MISC       ACBP=28
 0000:F696 0052 C=CODE   S=_TEXT          G=(none)   M=MEMCPY     ACBP=28
 0000:F6E8 0040 C=CODE   S=_TEXT          G=(none)   M=MEMSET     ACBP=28
 0000:F728 002D C=CODE   S=_TEXT          G=(none)   M=MEMCMP     ACBP=28
 0000:F755 001D C=CODE   S=_TEXT          G=(none)   M=STRLEN     ACBP=28
 0000:F772 0024 C=CODE   S=_TEXT          G=(none)   M=STRCPY     ACBP=28
 0000:F796 0022 C=CODE   S=_TEXT          G=(none)   M=MOVEDATA   ACBP=28
 0000:F7B8 0039 C=CODE   S=_TEXT          G=(none)   M=STRNCMP    ACBP=28
 0000:F7F1 0031 C=CODE   S=_TEXT          G=(none)   M=STRCMP     ACBP=28
 0000:F822 003C C=CODE   S=_TEXT          G=(none)   M=STRCAT     ACBP=28
 0000:F85E 0037 C=CODE   S=_TEXT          G=(none)   M=STRCHR     ACBP=28
 0000:F895 0024 C=CODE   S=_TEXT          G=(none)   M=FMEMCPY    ACBP=28
 0000:F8B9 006E C=CODE   S=_TEXT          G=(none)   M=FSTRSTR    ACBP=28
 0000:F927 0038 C=CODE   S=_TEXT          G=(none)   M=FSTRNCMP   ACBP=28
 0000:F95F 0044 C=CODE   S=_TEXT          G=(none)   M=FSTRNICM   ACBP=28
 0000:F9A3 001C C=CODE   S=_TEXT          G=(none)   M=N_SCOPY    ACBP=28
 0000:F9BF 0061 C=CODE   S=_TEXT          G=(none)   M=STRSTR     ACBP=28
 0000:FA20 0021 C=CODE   S=_TEXT          G=(none)   M=H_LURSH    ACBP=28
 0000:FA41 0006 C=CODE   S=_TEXT          G=(none)   M=STUBS      ACBP=28
 0FA5:0000 0200 C=DATA   S=VECTORS        G=DGROUP  M=ROOT.ASM   ACBP=78
 0FA5:0000 0000 C=DATA   S=VECTORS        G=DGROUP  M=TMR        ACBP=78
 0FA5:0000 0000 C=DATA   S=VECTORS        G=DGROUP  M=NIC960     ACBP=78
 0FA5:0000 0000 C=DATA   S=VECTORS        G=DGROUP  M=V24A_VIO   ACBP=78
 0FA5:0000 0000 C=DATA   S=VECTORS        G=DGROUP  M=DIGIO      ACBP=78
 0FA5:0000 0000 C=DATA   S=VECTORS        G=DGROUP  M=BINIT      ACBP=78
 0FA5:0000 0090 C=DATA   S=VECTORS        G=DGROUP  M=TIME       ACBP=78
 0FA5:0000 0000 C=DATA   S=VECTORS        G=DGROUP  M=ARP        ACBP=78
 0FA5:0000 0000 C=DATA   S=VECTORS        G=DGROUP  M=ICMP       ACBP=78
 0FA5:0000 0000 C=DATA   S=VECTORS        G=DGROUP  M=IOA        ACBP=78
 0FA5:0000 0000 C=DATA   S=VECTORS        G=DGROUP  M=STDIO      ACBP=78
 0FA5:0000 0000 C=DATA   S=VECTORS        G=DGROUP  M=V24G       ACBP=78
 0FA5:0000 0000 C=DATA   S=VECTORS        G=DGROUP  M=RANDOM     ACBP=78
 0FA5:0000 0000 C=DATA   S=VECTORS        G=DGROUP  M=DEBIO      ACBP=78
 0FA5:0000 0000 C=DATA   S=VECTORS        G=DGROUP  M=BRASTUB    ACBP=78
 0FA5:0000 0000 C=DATA   S=VECTORS        G=DGROUP  M=STUBS      ACBP=78
 0FA5:0200 0010 C=DATA   S=DRIVERS        G=DGROUP  M=ROOT.ASM   ACBP=48
 0FA5:0210 0000 C=DATA   S=DRIVERS        G=DGROUP  M=TMR        ACBP=48
 0FA5:0210 0010 C=DATA   S=DRIVERS        G=DGROUP  M=NIC960     ACBP=48
 0FA5:0220 0000 C=DATA   S=DRIVERS        G=DGROUP  M=V24A_VIO   ACBP=48
 0FA5:0220 0000 C=DATA   S=DRIVERS        G=DGROUP  M=DIGIO      ACBP=48
 0FA5:0220 0000 C=DATA   S=DRIVERS        G=DGROUP  M=BINIT      ACBP=48
 0FA5:0220 0000 C=DATA   S=DRIVERS        G=DGROUP  M=TIME       ACBP=48
 0FA5:0220 0000 C=DATA   S=DRIVERS        G=DGROUP  M=ARP        ACBP=48
 0FA5:0220 0000 C=DATA   S=DRIVERS        G=DGROUP  M=ICMP       ACBP=48
 0FA5:0220 0000 C=DATA   S=DRIVERS        G=DGROUP  M=IOA        ACBP=48
 0FA5:0220 0000 C=DATA   S=DRIVERS        G=DGROUP  M=STDIO      ACBP=48
 0FA5:0220 0000 C=DATA   S=DRIVERS        G=DGROUP  M=V24G       ACBP=48
 0FA5:0220 0000 C=DATA   S=DRIVERS        G=DGROUP  M=RANDOM     ACBP=48
 0FA5:0220 0000 C=DATA   S=DRIVERS        G=DGROUP  M=DEBIO      ACBP=48
 0FA5:0220 0000 C=DATA   S=DRIVERS        G=DGROUP  M=BRASTUB    ACBP=48
 0FA5:0220 0000 C=DATA   S=DRIVERS        G=DGROUP  M=STUBS      ACBP=48
 0FA5:0220 0002 C=DATA   S=DREND          G=DGROUP  M=ROOT.ASM   ACBP=58
 0FA5:0220 0000 C=DATA   S=DREND          G=DGROUP  M=TMR        ACBP=58
 0FA5:0220 0000 C=DATA   S=DREND          G=DGROUP  M=NIC960     ACBP=58
 0FA5:0220 0000 C=DATA   S=DREND          G=DGROUP  M=V24A_VIO   ACBP=58
 0FA5:0220 0000 C=DATA   S=DREND          G=DGROUP  M=DIGIO      ACBP=58
 0FA5:0220 0000 C=DATA   S=DREND          G=DGROUP  M=BINIT      ACBP=58
 0FA5:0220 0000 C=DATA   S=DREND          G=DGROUP  M=TIME       ACBP=58
 0FA5:0220 0000 C=DATA   S=DREND          G=DGROUP  M=ARP        ACBP=58
 0FA5:0220 0000 C=DATA   S=DREND          G=DGROUP  M=ICMP       ACBP=58
 0FA5:0220 0000 C=DATA   S=DREND          G=DGROUP  M=IOA        ACBP=58
 0FA5:0220 0000 C=DATA   S=DREND          G=DGROUP  M=STDIO      ACBP=58
 0FA5:0220 0000 C=DATA   S=DREND          G=DGROUP  M=V24G       ACBP=58
 0FA5:0220 0000 C=DATA   S=DREND          G=DGROUP  M=RANDOM     ACBP=58
 0FA5:0220 0000 C=DATA   S=DREND          G=DGROUP  M=DEBIO      ACBP=58
 0FA5:0220 0000 C=DATA   S=DREND          G=DGROUP  M=BRASTUB    ACBP=58
 0FA5:0220 0000 C=DATA   S=DREND          G=DGROUP  M=STUBS      ACBP=58
 0FA5:0222 0005 C=DATA   S=_DATA          G=DGROUP  M=ROOT.ASM   ACBP=48
 0FA5:0228 00B5 C=DATA   S=_DATA          G=DGROUP  M=MAIN.C     ACBP=48
 0FA5:02DE 080A C=DATA   S=_DATA          G=DGROUP  M=SETPAR.C   ACBP=48
 0FA5:0AE8 0A6B C=DATA   S=_DATA          G=DGROUP  M=DEMO.C     ACBP=48
 0FA5:1554 0000 C=DATA   S=_DATA          G=DGROUP  M=TOOLS.C    ACBP=48
 0FA5:1554 004D C=DATA   S=_DATA          G=DGROUP  M=SNMP.C     ACBP=48
 0FA5:15A2 00E9 C=DATA   S=_DATA          G=DGROUP  M=WEBSETUP.C ACBP=48
 0FA5:168C 0000 C=DATA   S=_DATA          G=DGROUP  M=FILESYSS   ACBP=48
 0FA5:168C 0000 C=DATA   S=_DATA          G=DGROUP  M=SFLDRVEX   ACBP=48
 0FA5:168C 0000 C=DATA   S=_DATA          G=DGROUP  M=SPIDRVEX   ACBP=48
 0FA5:168C 0000 C=DATA   S=_DATA          G=DGROUP  M=SPIEX      ACBP=48
 0FA5:168C 0000 C=DATA   S=_DATA          G=DGROUP  M=FLASHSER   ACBP=48
 0FA5:168C 0025 C=DATA   S=_DATA          G=DGROUP  M=SETIO      ACBP=48
 0FA5:16B2 0012 C=DATA   S=_DATA          G=DGROUP  M=PASS       ACBP=48
 0FA5:16C4 0000 C=DATA   S=_DATA          G=DGROUP  M=EHWINI     ACBP=48
 0FA5:16C4 0000 C=DATA   S=_DATA          G=DGROUP  M=TMR        ACBP=48
 0FA5:16C4 0006 C=DATA   S=_DATA          G=DGROUP  M=NIC960     ACBP=48
 0FA5:16CA 0000 C=DATA   S=_DATA          G=DGROUP  M=V24A_VIO   ACBP=48
 0FA5:16CA 00BE C=DATA   S=_DATA          G=DGROUP  M=HWARE      ACBP=48
 0FA5:1788 0151 C=DATA   S=_DATA          G=DGROUP  M=FWARE      ACBP=48
 0FA5:18DA 0011 C=DATA   S=_DATA          G=DGROUP  M=NETDRV     ACBP=48
 0FA5:18EC 0000 C=DATA   S=_DATA          G=DGROUP  M=DIGIO      ACBP=48
 0FA5:18EC 0000 C=DATA   S=_DATA          G=DGROUP  M=BINIT      ACBP=48
 0FA5:18EC 004B C=DATA   S=_DATA          G=DGROUP  M=BITSXP     ACBP=48
 0FA5:1938 0000 C=DATA   S=_DATA          G=DGROUP  M=TIME       ACBP=48
 0FA5:1938 00CE C=DATA   S=_DATA          G=DGROUP  M=TFTPS      ACBP=48
 0FA5:1A06 0003 C=DATA   S=_DATA          G=DGROUP  M=PHY        ACBP=48
 0FA5:1A0A 0000 C=DATA   S=_DATA          G=DGROUP  M=RAND16     ACBP=48
 0FA5:1A0A 0025 C=DATA   S=_DATA          G=DGROUP  M=WEB        ACBP=48
 0FA5:1A30 00DF C=DATA   S=_DATA          G=DGROUP  M=GET_FSM    ACBP=48
 0FA5:1B10 0000 C=DATA   S=_DATA          G=DGROUP  M=ARP        ACBP=48
 0FA5:1B10 0010 C=DATA   S=_DATA          G=DGROUP  M=LOW_IP     ACBP=48
 0FA5:1B20 0000 C=DATA   S=_DATA          G=DGROUP  M=ICMP       ACBP=48
 0FA5:1B20 006F C=DATA   S=_DATA          G=DGROUP  M=IPROC      ACBP=48
 0FA5:1B90 01A6 C=DATA   S=_DATA          G=DGROUP  M=TCP        ACBP=48
 0FA5:1D36 001C C=DATA   S=_DATA          G=DGROUP  M=DHCP       ACBP=48
 0FA5:1D52 0020 C=DATA   S=_DATA          G=DGROUP  M=UDP        ACBP=48
 0FA5:1D72 0000 C=DATA   S=_DATA          G=DGROUP  M=SNMP1      ACBP=48
 0FA5:1D72 0000 C=DATA   S=_DATA          G=DGROUP  M=SNMP2      ACBP=48
 0FA5:1D72 0000 C=DATA   S=_DATA          G=DGROUP  M=SNMP3      ACBP=48
 0FA5:1D72 0000 C=DATA   S=_DATA          G=DGROUP  M=SNMP4      ACBP=48
 0FA5:1D72 0008 C=DATA   S=_DATA          G=DGROUP  M=SNMP5      ACBP=48
 0FA5:1D7A 0000 C=DATA   S=_DATA          G=DGROUP  M=SNMPST2    ACBP=48
 0FA5:1D7A 0000 C=DATA   S=_DATA          G=DGROUP  M=SNMPST3    ACBP=48
 0FA5:1D7A 0000 C=DATA   S=_DATA          G=DGROUP  M=SNMPWLK    ACBP=48
 0FA5:1D7A 000D C=DATA   S=_DATA          G=DGROUP  M=SNMPINIM   ACBP=48
 0FA5:1D88 0038 C=DATA   S=_DATA          G=DGROUP  M=SNMPTBL    ACBP=48
 0FA5:1DC0 0000 C=DATA   S=_DATA          G=DGROUP  M=SNMPIFE    ACBP=48
 0FA5:1DC0 000A C=DATA   S=_DATA          G=DGROUP  M=SNMPTRAP   ACBP=48
 0FA5:1DCA 0000 C=DATA   S=_DATA          G=DGROUP  M=KOOR       ACBP=48
 0FA5:1DCA 00ED C=DATA   S=_DATA          G=DGROUP  M=MONIT      ACBP=48
 0FA5:1EB8 0000 C=DATA   S=_DATA          G=DGROUP  M=TIMEP      ACBP=48
 0FA5:1EB8 0072 C=DATA   S=_DATA          G=DGROUP  M=CIOM       ACBP=48
 0FA5:1F2A 0000 C=DATA   S=_DATA          G=DGROUP  M=DIO_HEX    ACBP=48
 0FA5:1F2A 003B C=DATA   S=_DATA          G=DGROUP  M=IOG        ACBP=48
 0FA5:1F66 0000 C=DATA   S=_DATA          G=DGROUP  M=BLINK      ACBP=48
 0FA5:1F66 0085 C=DATA   S=_DATA          G=DGROUP  M=STARTUPM   ACBP=48
 0FA5:1FEC 0000 C=DATA   S=_DATA          G=DGROUP  M=PRINTFM    ACBP=48
 0FA5:1FEC 0000 C=DATA   S=_DATA          G=DGROUP  M=IOA        ACBP=48
 0FA5:1FEC 0000 C=DATA   S=_DATA          G=DGROUP  M=STDIO      ACBP=48
 0FA5:1FEC 0000 C=DATA   S=_DATA          G=DGROUP  M=MBUF       ACBP=48
 0FA5:1FEC 0000 C=DATA   S=_DATA          G=DGROUP  M=CONV       ACBP=48
 0FA5:1FEC 0002 C=DATA   S=_DATA          G=DGROUP  M=V24G       ACBP=48
 0FA5:1FEE 0000 C=DATA   S=_DATA          G=DGROUP  M=RANDOM     ACBP=48
 0FA5:1FEE 0000 C=DATA   S=_DATA          G=DGROUP  M=SHWADRM    ACBP=48
 0FA5:1FEE 0008 C=DATA   S=_DATA          G=DGROUP  M=DEBIO      ACBP=48
 0FA5:1FF6 0000 C=DATA   S=_DATA          G=DGROUP  M=SERMEM     ACBP=48
 0FA5:1FF6 0000 C=DATA   S=_DATA          G=DGROUP  M=TCSET      ACBP=48
 0FA5:1FF6 0000 C=DATA   S=_DATA          G=DGROUP  M=CONF       ACBP=48
 0FA5:1FF6 0000 C=DATA   S=_DATA          G=DGROUP  M=BRASTUB    ACBP=48
 0FA5:1FF6 0042 C=DATA   S=_DATA          G=DGROUP  M=MISC       ACBP=48
 0FA5:2038 0000 C=DATA   S=_DATA          G=DGROUP  M=MEMCPY     ACBP=48
 0FA5:2038 0000 C=DATA   S=_DATA          G=DGROUP  M=MEMSET     ACBP=48
 0FA5:2038 0000 C=DATA   S=_DATA          G=DGROUP  M=MEMCMP     ACBP=48
 0FA5:2038 0000 C=DATA   S=_DATA          G=DGROUP  M=STRLEN     ACBP=48
 0FA5:2038 0000 C=DATA   S=_DATA          G=DGROUP  M=STRCPY     ACBP=48
 0FA5:2038 0000 C=DATA   S=_DATA          G=DGROUP  M=MOVEDATA   ACBP=48
 0FA5:2038 0000 C=DATA   S=_DATA          G=DGROUP  M=STRNCMP    ACBP=48
 0FA5:2038 0000 C=DATA   S=_DATA          G=DGROUP  M=STRCMP     ACBP=48
 0FA5:2038 0000 C=DATA   S=_DATA          G=DGROUP  M=STRCAT     ACBP=48
 0FA5:2038 0000 C=DATA   S=_DATA          G=DGROUP  M=STRCHR     ACBP=48
 0FA5:2038 0000 C=DATA   S=_DATA          G=DGROUP  M=FMEMCPY    ACBP=48
 0FA5:2038 0000 C=DATA   S=_DATA          G=DGROUP  M=FSTRSTR    ACBP=48
 0FA5:2038 0000 C=DATA   S=_DATA          G=DGROUP  M=FSTRNCMP   ACBP=48
 0FA5:2038 0000 C=DATA   S=_DATA          G=DGROUP  M=FSTRNICM   ACBP=48
 0FA5:2038 0000 C=DATA   S=_DATA          G=DGROUP  M=N_SCOPY    ACBP=48
 0FA5:2038 0000 C=DATA   S=_DATA          G=DGROUP  M=STRSTR     ACBP=48
 0FA5:2038 0000 C=DATA   S=_DATA          G=DGROUP  M=H_LURSH    ACBP=48
 0FA5:2038 0207 C=DATA   S=_DATA          G=DGROUP  M=STUBS      ACBP=48
 0FA5:2240 0000 C=DATA   S=CDATA          G=DGROUP  M=ROOT.ASM   ACBP=48
 0FA5:2240 0000 C=DATA   S=CDATA          G=DGROUP  M=TMR        ACBP=48
 0FA5:2240 0000 C=DATA   S=CDATA          G=DGROUP  M=NIC960     ACBP=48
 0FA5:2240 0000 C=DATA   S=CDATA          G=DGROUP  M=V24A_VIO   ACBP=48
 0FA5:2240 0000 C=DATA   S=CDATA          G=DGROUP  M=DIGIO      ACBP=48
 0FA5:2240 0000 C=DATA   S=CDATA          G=DGROUP  M=BINIT      ACBP=48
 0FA5:2240 0000 C=DATA   S=CDATA          G=DGROUP  M=TIME       ACBP=48
 0FA5:2240 0000 C=DATA   S=CDATA          G=DGROUP  M=ARP        ACBP=48
 0FA5:2240 0000 C=DATA   S=CDATA          G=DGROUP  M=ICMP       ACBP=48
 0FA5:2240 0000 C=DATA   S=CDATA          G=DGROUP  M=IOA        ACBP=48
 0FA5:2240 0000 C=DATA   S=CDATA          G=DGROUP  M=STDIO      ACBP=48
 0FA5:2240 0000 C=DATA   S=CDATA          G=DGROUP  M=V24G       ACBP=48
 0FA5:2240 0000 C=DATA   S=CDATA          G=DGROUP  M=RANDOM     ACBP=48
 0FA5:2240 0000 C=DATA   S=CDATA          G=DGROUP  M=DEBIO      ACBP=48
 0FA5:2240 0000 C=DATA   S=CDATA          G=DGROUP  M=BRASTUB    ACBP=48
 0FA5:2240 0000 C=DATA   S=CDATA          G=DGROUP  M=STUBS      ACBP=48
 0FA5:2240 0000 C=DATA   S=_DATAP         G=DGROUP  M=ROOT.ASM   ACBP=68
 0FA5:2240 0000 C=DATA   S=_DATAP         G=DGROUP  M=TMR        ACBP=68
 0FA5:2240 005C C=DATA   S=_DATAP         G=DGROUP  M=NIC960     ACBP=68
 0FA5:22A0 0000 C=DATA   S=_DATAP         G=DGROUP  M=V24A_VIO   ACBP=68
 0FA5:22A0 0000 C=DATA   S=_DATAP         G=DGROUP  M=DIGIO      ACBP=68
 0FA5:22A0 0000 C=DATA   S=_DATAP         G=DGROUP  M=BINIT      ACBP=68
 0FA5:22A0 0000 C=DATA   S=_DATAP         G=DGROUP  M=TIME       ACBP=68
 0FA5:22A0 0000 C=DATA   S=_DATAP         G=DGROUP  M=ARP        ACBP=68
 0FA5:22A0 0000 C=DATA   S=_DATAP         G=DGROUP  M=ICMP       ACBP=68
 0FA5:22A0 0000 C=DATA   S=_DATAP         G=DGROUP  M=IOA        ACBP=68
 0FA5:22A0 0000 C=DATA   S=_DATAP         G=DGROUP  M=STDIO      ACBP=68
 0FA5:22A0 0000 C=DATA   S=_DATAP         G=DGROUP  M=V24G       ACBP=68
 0FA5:22A0 0000 C=DATA   S=_DATAP         G=DGROUP  M=RANDOM     ACBP=68
 0FA5:22A0 0000 C=DATA   S=_DATAP         G=DGROUP  M=DEBIO      ACBP=68
 0FA5:22A0 0000 C=DATA   S=_DATAP         G=DGROUP  M=BRASTUB    ACBP=68
 0FA5:22A0 0000 C=DATA   S=_DATAP         G=DGROUP  M=STUBS      ACBP=68
 0FA5:22A0 000E C=BSS    S=_BSS           G=DGROUP  M=ROOT.ASM   ACBP=48
 0FA5:22AE 22AD C=BSS    S=_BSS           G=DGROUP  M=MAIN.C     ACBP=48
 0FA5:455C 0141 C=BSS    S=_BSS           G=DGROUP  M=SETPAR.C   ACBP=48
 0FA5:469E 0244 C=BSS    S=_BSS           G=DGROUP  M=DEMO.C     ACBP=48
 0FA5:48E2 0000 C=BSS    S=_BSS           G=DGROUP  M=TOOLS.C    ACBP=48
 0FA5:48E2 1447 C=BSS    S=_BSS           G=DGROUP  M=SNMP.C     ACBP=48
 0FA5:5D2A 0020 C=BSS    S=_BSS           G=DGROUP  M=WEBSETUP.C ACBP=48
 0FA5:5D4A 0100 C=BSS    S=_BSS           G=DGROUP  M=FILESYSS   ACBP=48
 0FA5:5E4A 0108 C=BSS    S=_BSS           G=DGROUP  M=SPIEX      ACBP=48
 0FA5:5F52 0000 C=BSS    S=_BSS           G=DGROUP  M=TMR        ACBP=48
 0FA5:5F52 0006 C=BSS    S=_BSS           G=DGROUP  M=NIC960     ACBP=48
 0FA5:5F58 0180 C=BSS    S=_BSS           G=DGROUP  M=V24A_VIO   ACBP=48
 0FA5:60D8 00E2 C=BSS    S=_BSS           G=DGROUP  M=HWARE      ACBP=48
 0FA5:61BA 04A0 C=BSS    S=_BSS           G=DGROUP  M=FWARE      ACBP=48
 0FA5:665A 0028 C=BSS    S=_BSS           G=DGROUP  M=NETDRV     ACBP=48
 0FA5:6682 0000 C=BSS    S=_BSS           G=DGROUP  M=DIGIO      ACBP=48
 0FA5:6682 0000 C=BSS    S=_BSS           G=DGROUP  M=BINIT      ACBP=48
 0FA5:6682 0000 C=BSS    S=_BSS           G=DGROUP  M=BITSXP     ACBP=48
 0FA5:6682 0002 C=BSS    S=_BSS           G=DGROUP  M=TIME       ACBP=48
 0FA5:6684 000A C=BSS    S=_BSS           G=DGROUP  M=TFTPS      ACBP=48
 0FA5:668E 0000 C=BSS    S=_BSS           G=DGROUP  M=PHY        ACBP=48
 0FA5:668E 0000 C=BSS    S=_BSS           G=DGROUP  M=RAND16     ACBP=48
 0FA5:668E 0074 C=BSS    S=_BSS           G=DGROUP  M=WEB        ACBP=48
 0FA5:6702 0100 C=BSS    S=_BSS           G=DGROUP  M=GET_FSM    ACBP=48
 0FA5:6802 0702 C=BSS    S=_BSS           G=DGROUP  M=ARP        ACBP=48
 0FA5:6F04 0000 C=BSS    S=_BSS           G=DGROUP  M=LOW_IP     ACBP=48
 0FA5:6F04 0004 C=BSS    S=_BSS           G=DGROUP  M=ICMP       ACBP=48
 0FA5:6F08 0246 C=BSS    S=_BSS           G=DGROUP  M=IPROC      ACBP=48
 0FA5:714E 0720 C=BSS    S=_BSS           G=DGROUP  M=TCP        ACBP=48
 0FA5:786E 017A C=BSS    S=_BSS           G=DGROUP  M=DHCP       ACBP=48
 0FA5:79E8 0000 C=BSS    S=_BSS           G=DGROUP  M=UDP        ACBP=48
 0FA5:79E8 0064 C=BSS    S=_BSS           G=DGROUP  M=SNMP1      ACBP=48
 0FA5:7A4C 0000 C=BSS    S=_BSS           G=DGROUP  M=SNMP2      ACBP=48
 0FA5:7A4C 0000 C=BSS    S=_BSS           G=DGROUP  M=SNMP3      ACBP=48
 0FA5:7A4C 0000 C=BSS    S=_BSS           G=DGROUP  M=SNMP5      ACBP=48
 0FA5:7A4C 0000 C=BSS    S=_BSS           G=DGROUP  M=SNMPST2    ACBP=48
 0FA5:7A4C 0080 C=BSS    S=_BSS           G=DGROUP  M=SNMPWLK    ACBP=48
 0FA5:7ACC 007C C=BSS    S=_BSS           G=DGROUP  M=SNMPTBL    ACBP=48
 0FA5:7B48 0000 C=BSS    S=_BSS           G=DGROUP  M=SNMPIFE    ACBP=48
 0FA5:7B48 0000 C=BSS    S=_BSS           G=DGROUP  M=KOOR       ACBP=48
 0FA5:7B48 0042 C=BSS    S=_BSS           G=DGROUP  M=MONIT      ACBP=48
 0FA5:7B8A 0090 C=BSS    S=_BSS           G=DGROUP  M=TIMEP      ACBP=48
 0FA5:7C1A 0000 C=BSS    S=_BSS           G=DGROUP  M=CIOM       ACBP=48
 0FA5:7C1A 0000 C=BSS    S=_BSS           G=DGROUP  M=DIO_HEX    ACBP=48
 0FA5:7C1A 0000 C=BSS    S=_BSS           G=DGROUP  M=IOG        ACBP=48
 0FA5:7C1A 0008 C=BSS    S=_BSS           G=DGROUP  M=BLINK      ACBP=48
 0FA5:7C22 0698 C=BSS    S=_BSS           G=DGROUP  M=STARTUPM   ACBP=48
 0FA5:82BA 0000 C=BSS    S=_BSS           G=DGROUP  M=PRINTFM    ACBP=48
 0FA5:82BA 0002 C=BSS    S=_BSS           G=DGROUP  M=IOA        ACBP=48
 0FA5:82BC 0000 C=BSS    S=_BSS           G=DGROUP  M=STDIO      ACBP=48
 0FA5:82BC 0042 C=BSS    S=_BSS           G=DGROUP  M=MBUF       ACBP=48
 0FA5:82FE 0000 C=BSS    S=_BSS           G=DGROUP  M=CONV       ACBP=48
 0FA5:82FE 0000 C=BSS    S=_BSS           G=DGROUP  M=V24G       ACBP=48
 0FA5:82FE 0002 C=BSS    S=_BSS           G=DGROUP  M=RANDOM     ACBP=48
 0FA5:8300 0000 C=BSS    S=_BSS           G=DGROUP  M=SHWADRM    ACBP=48
 0FA5:8300 0000 C=BSS    S=_BSS           G=DGROUP  M=DEBIO      ACBP=48
 0FA5:8300 0000 C=BSS    S=_BSS           G=DGROUP  M=SERMEM     ACBP=48
 0FA5:8300 0119 C=BSS    S=_BSS           G=DGROUP  M=TCSET      ACBP=48
 0FA5:841A 0210 C=BSS    S=_BSS           G=DGROUP  M=CONF       ACBP=48
 0FA5:862A 0000 C=BSS    S=_BSS           G=DGROUP  M=BRASTUB    ACBP=48
 0FA5:862A 0000 C=BSS    S=_BSS           G=DGROUP  M=MISC       ACBP=48
 0FA5:862A 0000 C=BSS    S=_BSS           G=DGROUP  M=MEMSET     ACBP=48
 0FA5:862A 0000 C=BSS    S=_BSS           G=DGROUP  M=MEMCMP     ACBP=48
 0FA5:862A 0000 C=BSS    S=_BSS           G=DGROUP  M=STRLEN     ACBP=48
 0FA5:862A 0000 C=BSS    S=_BSS           G=DGROUP  M=STRCPY     ACBP=48
 0FA5:862A 0000 C=BSS    S=_BSS           G=DGROUP  M=MOVEDATA   ACBP=48
 0FA5:862A 0000 C=BSS    S=_BSS           G=DGROUP  M=STRNCMP    ACBP=48
 0FA5:862A 0000 C=BSS    S=_BSS           G=DGROUP  M=STRCMP     ACBP=48
 0FA5:862A 0000 C=BSS    S=_BSS           G=DGROUP  M=STRCAT     ACBP=48
 0FA5:862A 0000 C=BSS    S=_BSS           G=DGROUP  M=STRCHR     ACBP=48
 0FA5:862A 0000 C=BSS    S=_BSS           G=DGROUP  M=FMEMCPY    ACBP=48
 0FA5:862A 0000 C=BSS    S=_BSS           G=DGROUP  M=FSTRSTR    ACBP=48
 0FA5:862A 0000 C=BSS    S=_BSS           G=DGROUP  M=FSTRNCMP   ACBP=48
 0FA5:862A 0000 C=BSS    S=_BSS           G=DGROUP  M=FSTRNICM   ACBP=48
 0FA5:862A 0000 C=BSS    S=_BSS           G=DGROUP  M=STRSTR     ACBP=48
 0FA5:862A 0000 C=BSS    S=_BSS           G=DGROUP  M=STUBS      ACBP=48
 0FA5:8630 0000 C=       S=EXTDATA        G=DGROUP  M=ROOT.ASM   ACBP=78
 0FA5:8630 0000 C=       S=EXTDATA        G=DGROUP  M=TMR        ACBP=78
 0FA5:8630 0000 C=       S=EXTDATA        G=DGROUP  M=NIC960     ACBP=78
 0FA5:8630 0000 C=       S=EXTDATA        G=DGROUP  M=V24A_VIO   ACBP=78
 0FA5:8630 0000 C=       S=EXTDATA        G=DGROUP  M=DIGIO      ACBP=78
 0FA5:8630 0000 C=       S=EXTDATA        G=DGROUP  M=BINIT      ACBP=78
 0FA5:8630 0000 C=       S=EXTDATA        G=DGROUP  M=TIME       ACBP=78
 0FA5:8630 0000 C=       S=EXTDATA        G=DGROUP  M=ARP        ACBP=78
 0FA5:8630 0000 C=       S=EXTDATA        G=DGROUP  M=ICMP       ACBP=78
 0FA5:8630 0000 C=       S=EXTDATA        G=DGROUP  M=IOA        ACBP=78
 0FA5:8630 0000 C=       S=EXTDATA        G=DGROUP  M=STDIO      ACBP=78
 0FA5:8630 0000 C=       S=EXTDATA        G=DGROUP  M=V24G       ACBP=78
 0FA5:8630 0000 C=       S=EXTDATA        G=DGROUP  M=RANDOM     ACBP=78
 0FA5:8630 0000 C=       S=EXTDATA        G=DGROUP  M=DEBIO      ACBP=78
 0FA5:8630 0000 C=       S=EXTDATA        G=DGROUP  M=BRASTUB    ACBP=78
 0FA5:8630 0000 C=       S=EXTDATA        G=DGROUP  M=STUBS      ACBP=78
 0FA5:8630 0000 C=       S=_EXTDATA       G=DGROUP  M=ROOT.ASM   ACBP=60
 0FA5:8630 0000 C=       S=_EXTDATA       G=DGROUP  M=ARP        ACBP=60
 0FA5:8630 0000 C=       S=_EXTDATA       G=DGROUP  M=ICMP       ACBP=60
 0FA5:8630 0002 C=STACK  S=ENDDATA        G=DGROUP  M=ROOT.ASM   ACBP=48
 0FA5:8632 0000 C=STACK  S=ENDDATA        G=DGROUP  M=TMR        ACBP=48
 0FA5:8632 0000 C=STACK  S=ENDDATA        G=DGROUP  M=NIC960     ACBP=48
 0FA5:8632 0000 C=STACK  S=ENDDATA        G=DGROUP  M=V24A_VIO   ACBP=48
 0FA5:8632 0000 C=STACK  S=ENDDATA        G=DGROUP  M=DIGIO      ACBP=48
 0FA5:8632 0000 C=STACK  S=ENDDATA        G=DGROUP  M=BINIT      ACBP=48
 0FA5:8632 0000 C=STACK  S=ENDDATA        G=DGROUP  M=TIME       ACBP=48
 0FA5:8632 0000 C=STACK  S=ENDDATA        G=DGROUP  M=ARP        ACBP=48
 0FA5:8632 0000 C=STACK  S=ENDDATA        G=DGROUP  M=ICMP       ACBP=48
 0FA5:8632 0000 C=STACK  S=ENDDATA        G=DGROUP  M=IOA        ACBP=48
 0FA5:8632 0000 C=STACK  S=ENDDATA        G=DGROUP  M=STDIO      ACBP=48
 0FA5:8632 0000 C=STACK  S=ENDDATA        G=DGROUP  M=V24G       ACBP=48
 0FA5:8632 0000 C=STACK  S=ENDDATA        G=DGROUP  M=RANDOM     ACBP=48
 0FA5:8632 0000 C=STACK  S=ENDDATA        G=DGROUP  M=DEBIO      ACBP=48
 0FA5:8632 0000 C=STACK  S=ENDDATA        G=DGROUP  M=BRASTUB    ACBP=48
 0FA5:8632 0000 C=STACK  S=ENDDATA        G=DGROUP  M=STUBS      ACBP=48
 0FA5:8632 0000 C=STACK  S=STACK          G=DGROUP  M=ROOT.ASM   ACBP=48
 0FA5:8632 0000 C=STACK  S=STACK          G=DGROUP  M=TMR        ACBP=48
 0FA5:8632 0000 C=STACK  S=STACK          G=DGROUP  M=NIC960     ACBP=48
 0FA5:8632 0000 C=STACK  S=STACK          G=DGROUP  M=V24A_VIO   ACBP=48
 0FA5:8632 0000 C=STACK  S=STACK          G=DGROUP  M=DIGIO      ACBP=48
 0FA5:8632 0000 C=STACK  S=STACK          G=DGROUP  M=BINIT      ACBP=48
 0FA5:8632 0000 C=STACK  S=STACK          G=DGROUP  M=TIME       ACBP=48
 0FA5:8632 0000 C=STACK  S=STACK          G=DGROUP  M=ARP        ACBP=48
 0FA5:8632 0000 C=STACK  S=STACK          G=DGROUP  M=ICMP       ACBP=48
 0FA5:8632 0000 C=STACK  S=STACK          G=DGROUP  M=IOA        ACBP=48
 0FA5:8632 0000 C=STACK  S=STACK          G=DGROUP  M=STDIO      ACBP=48
 0FA5:8632 0000 C=STACK  S=STACK          G=DGROUP  M=V24G       ACBP=48
 0FA5:8632 0000 C=STACK  S=STACK          G=DGROUP  M=RANDOM     ACBP=48
 0FA5:8632 0000 C=STACK  S=STACK          G=DGROUP  M=DEBIO      ACBP=48
 0FA5:8632 0000 C=STACK  S=STACK          G=DGROUP  M=BRASTUB    ACBP=48
 0FA5:8632 0000 C=STACK  S=STACK          G=DGROUP  M=STUBS      ACBP=48
 0FA5:8632 0000 C=CONST  S=CONST          G=DGROUP  M=ROOT.ASM   ACBP=48
 0FA5:8632 0000 C=CONST  S=CONST          G=DGROUP  M=TMR        ACBP=48
 0FA5:8632 0000 C=CONST  S=CONST          G=DGROUP  M=NIC960     ACBP=48
 0FA5:8632 0000 C=CONST  S=CONST          G=DGROUP  M=V24A_VIO   ACBP=48
 0FA5:8632 0000 C=CONST  S=CONST          G=DGROUP  M=DIGIO      ACBP=48
 0FA5:8632 0000 C=CONST  S=CONST          G=DGROUP  M=BINIT      ACBP=48
 0FA5:8632 0000 C=CONST  S=CONST          G=DGROUP  M=TIME       ACBP=48
 0FA5:8632 0000 C=CONST  S=CONST          G=DGROUP  M=ARP        ACBP=48
 0FA5:8632 0000 C=CONST  S=CONST          G=DGROUP  M=ICMP       ACBP=48
 0FA5:8632 0000 C=CONST  S=CONST          G=DGROUP  M=IOA        ACBP=48
 0FA5:8632 0000 C=CONST  S=CONST          G=DGROUP  M=STDIO      ACBP=48
 0FA5:8632 0000 C=CONST  S=CONST          G=DGROUP  M=V24G       ACBP=48
 0FA5:8632 0000 C=CONST  S=CONST          G=DGROUP  M=RANDOM     ACBP=48
 0FA5:8632 0000 C=CONST  S=CONST          G=DGROUP  M=DEBIO      ACBP=48
 0FA5:8632 0000 C=CONST  S=CONST          G=DGROUP  M=BRASTUB    ACBP=48
 0FA5:8632 0000 C=CONST  S=CONST          G=DGROUP  M=STUBS      ACBP=48

  Address         Publics by Name

 0000:EC2F       A2TOH
 0000:EC0D idle  A2TOI
 0000:810A       ATANSWER
 0FA5:6802 idle  ATBL
 0000:EBDF       ATOI
 0000:EC62 idle  ATOL
 0000:5060 idle  AUTONEGCOMPLETE
 0000:DFFE       BLINKRESET
 0000:DFB0 idle  BLINKSET
 0000:CFD0       DATA_MIB2_2
 0000:CAA8       DATA_MIB2_33
 0000:2ECE       DATA_PRIV_MIB
 0000:FA44       DATA_TXTTBL
 0000:71A6 idle  DIO_BIT_IN
 0000:71E8 idle  DIO_BIT_OUT
 0000:7242 idle  DIO_BIT_READ
 0000:7171 idle  DIO_BIT_RESET
 0000:714F idle  DIO_BIT_SET
 0000:7110 idle  DIO_BIT_SETRES
 0000:7196 idle  DIO_VBIT_IN
 0000:703E       DIO_VBIT_INIT
 0000:71CF idle  DIO_VBIT_OUT
 0000:722B       DIO_VBIT_READ
 0000:712C idle  DIO_VBIT_RESET
 0000:713A idle  DIO_VBIT_SET
 0000:7119       DIO_VBIT_SETRES
 0000:7074 idle  DIO_VECTOR_INIT
 0000:7101 idle  DIO_VECTOR_READ
 0FA5:5F58 idle  DMBUF
 0000:559D idle  DMREAD
 0000:F14F       EE_READ
 0000:F0E0       EE_WRITE
 0000:FA23 idle  F_LXURSH@
 0000:DB73       GETHEX
 0000:DB9A       GETHEX8
 0000:6A1D idle  GETHXREC
 0000:DCDE       GETINT
 0000:DC94       GETINT8
 0000:DE40       GETIP
 0000:DE9A       GETIP2
 0000:DDAA       GETSTR
 0000:DE23 idle  GETSTRT
 0000:DAF1 idle  GETYN
 0000:DB4D       GETYNT
 0000:8371       IPPREP
 0000:83E5       IP_CSUM
 0000:523E idle  ISR_IXINT
 0000:502E idle  ISR_NIC960INT
 0000:57A4 idle  ISR_TMR0INT
 0000:57AF idle  ISR_TMR1INT
 0FA5:1FEC idle  LED_ON
 0000:EE5B       LIOFIN
 0000:EBAA idle  LMOD
 0000:EBC3 idle  LMUL
 0000:EB8F idle  LONGDIV
 0000:FA23 idle  LXURSH@
 0000:F41D       NCHKCPY
 0000:FA20       N_LXURSH@
 0000:F9A3       N_SCOPY@
 0FA5:223D       ORIG_SP
 0FA5:2240 idle  RCVCHAIN
 0FA5:1FF4       SBRXRDY
 0FA5:1FF5       SBTXRDY
 0FA5:1FEE       SCPORT
 0FA5:1FF0       SDIPORT
 0FA5:1FF2       SDOPORT
 0000:5190 idle  SETMODE
 0000:D3A3       SPAWN
 0000:F1DA       STORECMOS
 0000:72C0       TIMERINT
 0000:5739 idle  TMRINI
 0000:F011 idle  V24LGET
 0000:EFDA       V24LGF
 0000:EF7B       V24LSF
 0000:EFBE idle  V24LSTORE
 0000:C716 idle  _ACCEPT_LONG_INT
 0000:C69D idle  _ACCEPT_OBJID
 0000:C6D7 idle  _ACCEPT_SHORT_INT
 0000:C664 idle  _ACCEPT_STRING
 0FA5:436E       _ACTCCB
 0FA5:4370       _ACTPRO
 0000:5A79       _ADDR2PAGEINFO
 0FA5:22BA       _ALLCCB
 0FA5:47A0 idle  _ANSWER
 0000:FA43 idle  _ARPCHK
 0000:830F       _ARPFIND
 0000:81E1 idle  _ARP_ANSWER
 0000:81EB       _ARP_INPUT
 0000:82A0       _ARP_SENDRQ
 0000:C533       _ASN_PARSE
 0000:817E       _ATGET
 0000:CF78 idle  _ATT
 0000:8198       _ATTICK
 0FA5:6702 idle  _AUTHRESPBUF
 0000:3553 idle  _BATT_TABLE
 0FA5:72F6 idle  _BCHECKSERIALTXDONE
 0FA5:72F8 idle  _BCTSSTATE
 0000:DFE5       _BLINKER
 0FA5:7C1A       _BLINKGWORD
 0FA5:7C1E       _BLINKRWORD
 0000:726A       _BOARDINIT
 0FA5:1B90 idle  _BRFC2217MODE
 0000:C5E5       _BUILD_OBJECT_ID
 0000:C7CD       _BUILD_VALUE
 0FA5:72FA idle  _BWAITCOM
 0000:A701       _CHANRCV
 0000:F2EA idle  _CHANS2
 0000:F405 idle  _CHANS2NOTEL
 0000:7C63 idle  _CHECKAUTHORIZATION
 0000:76A3 idle  _CHECKSUM64KB
 0000:76BB idle  _CHECKSUMBUF
 0000:F673 idle  _CHECK_ALTERNATE_MAC
 0000:52BF       _CHECK_CTS
 0000:6DD0       _CHECK_FRAME
 0000:29B7 idle  _CHECK_IF_HELD
 0000:EE7F idle  _CHKBREAK
 0000:4CCC       _CHKPASS
 0000:FA43       _CHKSERTRG
 0000:9D8D idle  _CLEARCOMERROR
 0000:2E0E idle  _CLEAR_RCVD_BUFFER
 0000:2DA1 idle  _CLEAR_SENT_BUFFER
 0FA5:7C24       _CONF
 0000:F361       _CONFPROCESS
 0FA5:7669 idle  _CONQ
 0000:C3CB       _CONSTRUCT_BEGIN
 0000:C3FE       _CONSTRUCT_END
 0000:4C10 idle  _COPYEEPR
 0000:C457       _COPY_VAR
 0FA5:6156 idle  _CPBITSETTING
 0FA5:16DE idle  _CP_TABLE
 0000:1812 idle  _CREATE_CRC8
 0000:14A0 idle  _CREATE_REQUEST
 0FA5:48D4 idle  _CURRENTTELEMETERIANUMBER
 0FA5:0237 idle  _C_SERIE
 0000:317D idle  _DEBUG_TABLE
 0000:F5AB       _DECODEBASE64
 0000:5AE3       _DEFAULTCP_SETTINGS
 0000:0929       _DEFAULT_SETUP
 0000:0E54       _DEMO
 0000:07EB idle  _DEVICE_INFO_PARAMETERS
 0000:B4E3 idle  _DHCPR
 0000:BC3E       _DHCP_INIT
 0000:BB13 idle  _DHCP_LX
 0000:BAB8 idle  _DHCP_PROBE
 0000:B73F idle  _DHCP_SET
 0000:BA56 idle  _DHCP_SETRQ
 0000:BF3A idle  _DHCP_TESTLEASEOFFER
 0FA5:18EC       _DIO
 0FA5:7C28 idle  _DISABLE_MON
 0FA5:6660 idle  _DRVIOCB
 0FA5:0200       _DRVTBL
 0FA5:714E idle  _DSPRXERROROLD
 0FA5:7152 idle  _DSPTXERROROLD
 0FA5:7156 idle  _DTOTALCOMERR
 0000:F08D       _D_GETCH
 0000:56EC       _D_IAMD
 0000:FA41 idle  _D_ISCC
 0000:FA41 idle  _D_ISIOCHK
 0000:FA41 idle  _D_IV40
 0000:F081       _D_KBHIT
 0000:F0A7       _D_PUTCH
 0000:DAB4       _D_PUTHEX
 0000:F0C6       _D_PUTSTR
 0000:EE2F idle  _ENA1PPS
 0000:F4CF       _ENCODEBASE64
 0FA5:1554 idle  _ENTERPRISET
 0000:E00C       _ERROR
 0FA5:4488       _ETHMODE
 0000:322B idle  _EVENTS_TABLE
 0000:4DBF       _E_HW_INIT
 0000:08FB idle  _FACTORY_DEFAULTS
 0000:00F8 idle  _FARJUMP
 0FA5:7C23 idle  _FASTXX
 0000:4205 idle  _FGETH
 0000:EAFD       _FIFOINIT
 0FA5:61C0       _FIRMWARECHECK
 0000:4BB6       _FLSH_CLR
 0000:4BBB       _FLSH_PGM
 0000:4C06       _FLSH_TYP
 0000:E944       _FLUSHIN
 0000:E88C idle  _FPRINTF
 0FA5:78A3 idle  _FQDNOPT
 0000:6FA4       _FREESENDBUF
 0000:6E7B       _FREE_FRAME
 0000:37A5 idle  _FUNCEXTFANSPEED
 0FA5:18E2 idle  _FUNTBL
 0FA5:631E       _FWBUF
 0000:4493 idle  _FWFILE
 0FA5:61C2 idle  _FW_DATABLK
 0FA5:1790 idle  _FW_ERW
 0000:5CAB       _FW_INIT
 0FA5:61BA       _FW_PASSWD
 0000:5D29       _FW_RECV
 0FA5:178A       _FW_STAT
 0FA5:178E idle  _FW_SVR
 0FA5:1EB8       _FW_TYPE
 0000:E92D       _GETCH
 0000:5A71       _GETFW1STARTPAGE
 0000:0883 idle  _GETHEX8K
 0000:DBC4 idle  _GETHEX_VAL
 0000:1919 idle  _GETINT16VALUE
 0000:4D8C       _GETPASS
 0000:6C4E       _GETPORTBYTYPE
 0000:6C96 idle  _GETPORTTYPE
 0000:6F5E       _GETSENDBUF
 0000:3D72       _GETSETUPRECS
 0000:3D05       _GETUNITINFO
 0000:5A69       _GETWEBSTARTPAGE
 0000:4428       _GET_FILE_CURR_POS
 0000:43F5       _GET_FILE_LEN
 0000:43C2 idle  _GET_FILE_START_POS
 0000:DEE0       _GET_INT
 0000:DF2D       _GET_IPS
 0000:1430 idle  _GET_LONG
 0000:C562       _GET_OBJECT_ID
 0000:B3F3 idle  _GET_RAND
 0000:72B8 idle  _GET_TICKS
 0000:72B0 idle  _GET_TIME
 0000:4EC0       _GET_TRAND
 0000:8594       _GNL
 0000:85A3       _GNS
 0FA5:4510       _HLS
 0FA5:0238       _HTTP_PORT_NUM
 0FA5:616C       _HW
 0000:5837       _HWBYTE
 0000:584F       _HWINIT
 0000:583E       _HWOEM
 0000:5827       _HWSER
 0000:5807       _HWSERIES
 0000:582F idle  _HWTYPE
 0000:5A07 idle  _HW_ETH_NAUTO
 0000:5A1B       _HW_ETH_NBNC
 0000:5A14       _HW_ETH_NSEL
 0000:5A0F       _HW_ETH_NSETIF
 0FA5:61B8       _HW_FATAL_ERROR
 0FA5:6F98       _HW_INTF
 0000:5A22       _HW_LED
 0000:8467       _HW_RESOLVE
 0FA5:48DA idle  _I
 0FA5:6F06       _ICESEQ
 0FA5:6F04       _ICETIM
 0FA5:72FC idle  _ICHECKTXCOUNT
 0000:85C9       _ICMP_INPUT
 0000:86D2       _ICMP_OUT
 0FA5:715E idle  _ICOMCOUNT
 0FA5:4378 idle  _IDLECOUNT
 0FA5:1B78       _IF1
 0000:8EA4 idle  _IFENT
 0000:D00F idle  _IFENTRYCONFIG
 0000:CFC8       _IFREGISTER
 0FA5:6F59 idle  _IFSTATS2
 0000:F4AB idle  _INC_BYTE_ARRAY
 0000:8E94 idle  _INIETHIF
 0FA5:7320 idle  _INITBLKNR
 0FA5:023C       _INITCHAR
 0000:E02B       _INITCODE
 0FA5:4372 idle  _INITFLG
 0000:4E38       _INITIALISETIME
 0000:ED6E       _INITLOCALCHAN
 0000:ECFD       _INITLOCALIO
 0000:3BDD       _INIT_CONFIG
 0FA5:616A idle  _INMMSK
 0FA5:6168 idle  _INP1
 0000:0121       _INWORD
 0000:E9AD       _IOCALL
 0FA5:1B20       _IP
 0FA5:1B49 idle  _IP2
 0000:CED7 idle  _IPADRT
 0000:87ED idle  _IPCHECK
 0000:881B       _IPPROCESS
 0FA5:7C2A idle  _IPSTACK
 0FA5:6F94       _IP_INTF
 0FA5:6F8C idle  _IP_OTHIF
 0FA5:1B74 idle  _IP_PROC_ENABLED
 0FA5:1B72       _IP_RUNNING
 0FA5:1B73       _IP_TAKEN
 0000:FA41 idle  _ISCOBCHECK
 0000:9DF8 idle  _ISCOMFAIL
 0000:00FC       _KALLOC
 0000:E8A1       _KBHIT
 0000:D40A idle  _KILL
 0000:EE3D       _LIOBRK
 0000:EE79       _LIOOBUF
 0000:EE33 idle  _LIOXON
 0000:EE9D       _LIO_COK
 0000:EE9D idle  _LIO_CREQ
 0000:EE91       _LIO_CTS
 0000:EEA3       _LIO_DCD
 0000:EE9D idle  _LIO_DREQ
 0000:EE97 idle  _LIO_RTS
 0000:EE85 idle  _LIO_RVA
 0000:EEB5       _LIO_START
 0000:EE8B       _LIO_TX
 0FA5:4658 idle  _LOCATION_EEPROM
 0000:E9AC idle  _LOCIODIS
 0000:3399 idle  _LOGIC_TABLE
 0FA5:16DC idle  _L_LEDG
 0000:0020 idle  _MAIN
 0000:13B0 idle  _MAKE_DATA
 0000:EB7C       _MBUFFREE
 0000:EB52       _MBUFGET
 0000:EB1F       _MBUFINIT
 0000:F728       _MEMCMP
 0000:F696       _MEMCPY
 0FA5:18DA       _MEMEND
 0000:F710       _MEMSET
 0FA5:1A06       _MII
 0FA5:1DCE idle  _MONEXT
 0FA5:1DCC idle  _MONHELP
 0FA5:1DCA idle  _MONINIT
 0000:D458       _MONITOR
 0000:39DC idle  _MONITORINGBATTERYCONTROLVARIABLE
 0000:3959 idle  _MONITORINGLOADCONTROLVARIABLE
 0000:F796       _MOVEDATA
 0000:4E85 idle  _MSGET
 0FA5:731E       _MTUSIZE
 0000:2ECB idle  _M_WC
 0FA5:22AE       _NCHAN
 0FA5:0210       _ND_DRV
 0FA5:665A       _NETDRV
 0FA5:6F15       _NETHW
 0FA5:6F37       _NETHW2
 0FA5:16D6       _NETIF_TAB
 0000:83F6       _NETMASK
 0000:6AAE       _NET_CHECK
 0000:6C46       _NET_COK
 0000:6B6C       _NET_INIT
 0000:6BEA       _NET_IOCTL
 0FA5:1B75       _NET_MODE
 0000:0135       _NEWMAIN
 0FA5:16C8 idle  _NIC960BASE
 0000:61BF       _NMON
 0FA5:1798 idle  _NOT_SUP
 0FA5:1B76       _NUM_INTFS
 0000:6DBD idle  _N_ADVBUF
 0000:6E94 idle  _N_DRVFILT
 0000:6DC2 idle  _N_FRERES
 0000:6D40 idle  _N_RESBUF
 0FA5:155E idle  _ONBVAR
 0FA5:1572 idle  _ONBVAR2
 0FA5:1581       _ONBVAR3
 0000:E96B       _OUTBUF
 0FA5:6166       _OUTL1
 0000:0129       _OUTWORD
 0FA5:5E4A       _PAGEBUF
 0FA5:7304 idle  _PALLCCB
 0000:9D51       _PCIB
 0000:9D2A idle  _PCIS
 0000:9F69 idle  _PCWRITE
 0FA5:723C idle  _PENDINGTCP_T
 0FA5:1A08 idle  _PHYADDR
 0FA5:6162 idle  _PINFORLINK
 0FA5:1934       _PIO_PINS
 0FA5:6F8E idle  _PKT_BRIDGE
 0FA5:6F88 idle  _PKT_DEFARP
 0FA5:6F8A idle  _PKT_DEFAULT
 0FA5:6F86 idle  _PKT_DEFIP
 0000:5A30       _PNORM
 0000:FA43 idle  _PP_SEND
 0FA5:02DE       _PR
 0000:E83E       _PRINTF
 0000:29E0 idle  _PROCCESS_COMMAND_REPLY
 0000:1941 idle  _PROCESSSYSPARAMSLIST
 0000:1025 idle  _PROCESS_DATA
 0000:19B9 idle  _PROCESS_TELEMETERIA
 0FA5:023E       _PROCONF
 0000:3F65       _PROCSETUPCONFIG
 0FA5:48D6 idle  _PROMPT
 0FA5:48E2       _PS
 0000:3681 idle  _PSUS_TABLE
 0000:30BC       _PS_TRAP
 0000:087E       _PUTAESVERS
 0000:E8B8       _PUTCH
 0000:2E83 idle  _PUTCHAR
 0000:E8EF       _PUTCRLF
 0000:E8CF idle  _PUTCSTN
 0000:E8D2 idle  _PUTCSTR
 0000:D9FC       _PUTIP
 0000:DA1E       _PUTIPD
 0000:DF99 idle  _PUTSPC
 0000:E8FC       _PUTSTR
 0000:0B8D idle  _PUTST_PDE
 0000:DA81       _PUTVERS
 0000:DA9E idle  _PUTYN
 0000:2DB1 idle  _PUT_BYTE_TO_RCVD_BUFFER
 0000:2D44 idle  _PUT_BYTE_TO_SENT_BUFFER
 0000:F045       _RANDOM
 0000:78E0       _RANDOM16
 0FA5:7C26       _RCR
 0FA5:48E0 idle  _RCVD_POSITION
 0000:770C       _RCVPHY1
 0FA5:0228 idle  _RDATE
 0000:102A idle  _READ_DATA
 0000:5A5C idle  _READ_RCR
 0FA5:4374 idle  _RECPAKANF
 0FA5:4376 idle  _RECPAKEND
 0FA5:5D3A idle  _REC_INDEX
 0000:011C       _RESET
 0000:76DE idle  _RETURN_ERROR
 0000:AD4C idle  _RFC_2217
 0000:9D16 idle  _RSPACE
 0FA5:715A idle  _RXERRSTATUSOLD
 0000:4236       _R_CLOSE
 0000:4253       _R_OPEN
 0000:42D3       _R_READ
 0000:D94D       _R_TIMEMS
 0000:D91A       _R_TIMES
 0000:5B2B       _SAVECPSETTINGS
 0000:3C9E idle  _SAVE_CONFIG
 0000:0859       _SAVE_SETTINGS
 0FA5:6633 idle  _SCANRESULTS
 0FA5:79E8       _SCON
 0FA5:450A       _SCR_RUN
 0000:D435       _SDELAY
 0FA5:0234 idle  _SENDADR
 0000:2E1E       _SENDBLK
 0000:6919 idle  _SENDRECS
 0000:346F idle  _SENSORS_TABLE
 0FA5:48DE idle  _SENT_POSITION
 0000:E38E idle  _SERHW_CHECK
 0000:FA41 idle  _SETDEBUG
 0000:F6E8 idle  _SETMEM
 0000:06A6       _SETPARMS
 0000:4C32       _SETPARSTART
 0000:F209       _SETPROCESS
 0000:ED52 idle  _SETSERTXBUF
 0000:F488       _SETSERVICEPORT
 0FA5:437A       _SETUP
 0FA5:455C       _SETUP4
 0FA5:45DA idle  _SETUP5
 0FA5:8418       _SETUPMODE
 0FA5:4489       _SETUPOEM
 0FA5:5D2A idle  _SETUPREC
 0000:081C       _SETUP_RESTORE
 0000:445B       _SET_FILE_CURR_POS
 0000:F061       _SET_HW_ADDR
 0000:1381 idle  _SHOW_MENU
 0FA5:4508 idle  _SIOPTR
 0FA5:023A       _SMTP_PORT_NUM
 0000:778C       _SNDPHY1
 0000:3B90       _SNMP_ACHECK
 0000:CC7B       _SNMP_INIT
 0000:C15E       _SNMP_INPUT
 0000:C868       _SNMP_LEAF
 0000:CD04       _SNMP_TBL
 0000:D213       _SNMP_TRAP
 0000:CAAE       _SNMP_UPCALL
 0000:CABA       _SNMP_WALK
 0000:F487       _SOUT
 0000:3831 idle  _SPECIALFUNCTIONSCAPACITYCONTROL
 0000:38C5 idle  _SPECIALFUNCTIONSCOMPENSATIONCHARGE
 0000:4ACE       _SPI_READCONFIG
 0000:4B6C       _SPI_RESTORECONFIG
 0000:4B1E       _SPI_WRITECONFIG
 0000:E85F       _SPRINTF
 0FA5:4472       _SPSTATUS
 0000:F03D       _SRAND
 0000:0BAB idle  _SSETCHAN
 0000:097A idle  _SSETSEC
 0000:0D73 idle  _SSETSNMP
 0000:03A8 idle  _SSETSTD
 0000:0CFC idle  _SSHOCHAN
 0000:0E31 idle  _SSHODEVICEINFO
 0000:0AE6 idle  _SSHOSEC
 0000:0DDC idle  _SSHOSNMP
 0000:0590 idle  _SSHOSTD
 0000:0810       _SSHOTYP
 0FA5:48D3 idle  _STARTCLIMATECONTROL
 0FA5:48D2 idle  _STARTEXTBOARDBYTE
 0FA5:0236 idle  _STARTUP
 0FA5:48CE idle  _START_BATTERY_BYTE
 0FA5:48D1 idle  _START_EXT_IO_BYTE
 0FA5:48D0 idle  _START_LOGIC_BYTE
 0FA5:48D8 idle  _START_PACKET
 0FA5:48CC idle  _START_POWER_MAIN_BYTE
 0FA5:48CD idle  _START_PSU_BYTE
 0FA5:48CF idle  _START_TEMPER_BYTE
 0000:7DA3       _STDGET
 0000:7DBD       _STDGETEX
 0000:F822       _STRCAT
 0000:F85E       _STRCHR
 0000:F7F1       _STRCMP
 0000:F772       _STRCPY
 0000:F755       _STRLEN
 0000:F7B8       _STRNCMP
 0000:F9BF       _STRSTR
 0000:FA41       _SUPPLICANT_EAPOL_INPUT
 0000:FA41 idle  _SUPPLICANT_INIT
 0000:FA41       _SUPPLICANT_SET_MAC
 0FA5:6F92 idle  _SUPP_CTX
 0FA5:7C22       _SWTYP
 0FA5:1D88 idle  _SYSCONTACT
 0FA5:1DAC idle  _SYSLOCATION
 0FA5:1D9A idle  _SYSNAME
 0000:3A5F idle  _SYSPARAMTABLE
 0FA5:714C       _S_IFTYPE
 0FA5:0242       _S_NAME
 0FA5:1B80       _S_NET
 0FA5:0262       _S_OBJ
 0FA5:7ACC       _S_TICK
 0FA5:60D8       _S_TMPREC7
 0FA5:7AD0       _S_VARS
 0FA5:0AE8 idle  _TABLE_87
 0FA5:0CE8 idle  _TABLE_95
 0000:A3F7       _TCPALLOC
 0000:98CE       _TCPCORUT
 0000:A3DF idle  _TCPGETBUF
 0000:A445       _TCPOPEN
 0FA5:7324 idle  _TCPS
 0FA5:0240       _TCPSPORT
 0000:8F0E       _TCPWRITENB
 0000:9288 idle  _TCP_CONQCHK
 0000:9215 idle  _TCP_CONQU
 0000:92AF       _TCP_INPUT
 0FA5:6F90 idle  _TC_PARA
 0000:494B idle  _TECSPPSERFLASHPAGEREAD
 0000:47B7 idle  _TECSPPSERFLASHPAGEWRITE
 0000:4728       _TECSPPSERFLASHREAD
 0000:4699       _TECSPPSERFLASHWRITE
 0000:4A8F       _TECSPPSPIIN
 0000:4A54       _TECSPPSPIOUT
 0FA5:48DC idle  _TEMP_VALUE
 0000:732C       _TF_RECV
 0FA5:178C       _TF_TYP
 0FA5:008C       _TICKS
 0FA5:0088       _TIME
 0000:D980       _TIMEPROCESS
 0FA5:80AA idle  _TIMESTACK
 0FA5:7BD2 idle  _TIMETABLEMS
 0FA5:7B8A idle  _TIMETABLES
 0FA5:22B0       _TI_MSECS
 0FA5:22B6       _TI_PPS
 0FA5:22B4       _TI_SECS
 0000:FA41 idle  _TN_OPEN
 0000:FA41 idle  _TRI_CHKSND
 0000:FA41 idle  _TRI_INIT
 0000:FA41 idle  _TRI_SEND
 0000:FA41 idle  _TR_BRKSEND
 0000:FA41 idle  _TR_BSEND
 0000:FA41 idle  _TR_BSTATUS
 0000:FA41 idle  _TR_CHK
 0000:FA41 idle  _TR_CHKSND
 0000:FA41 idle  _TR_INIT
 0000:FA41 idle  _TR_NSEND
 0000:FA41 idle  _TR_N_SEND
 0000:FA41 idle  _TR_SEND
 0FA5:7160 idle  _TST
 0000:A6A1       _TTDUMP
 0FA5:715C idle  _TXERRSTATUSOLD
 0000:B317       _T_DISC
 0000:B25C       _T_DISCON
 0000:FA43 idle  _UDPREGISTER
 0000:8E18       _UDP_REGISTER
 0000:8E3B       _UDP_REREGISTER
 0000:C09E       _UDP_SEHW
 0000:C0AD       _UDP_SEND
 0FA5:7300 idle  _UICOMSTATE
 0000:E918 idle  _UNGETCH
 0000:EE68 idle  _UNLOCKOUT
 0FA5:15AE idle  _VALID_RECS
 0000:1407 idle  _VAL_CONFIG
 0000:49FB idle  _VECSPPSERFLASHDELAY
 0000:4688       _VECSPPSERFLASHINIT
 0000:49D8       _VECSPPSERFLASHSEL
 0000:4A09       _VECSPPSPIINIT
 0000:02E6       _VERSIONINIT
 0FA5:22B8       _WATCHCNT
 0000:5A4C       _WDTRIGGER
 0000:78F7       _WEBMETHREGISTER
 0000:7935       _WEBPROCESS
 0000:7C3A idle  _WEBTCPSTATUS
 0FA5:66EE       _WEB_PASSWORD
 0000:7D35       _WWRITEOUTPUT
 0000:E67E       __C_PRINTF
 0000:F895       __FMEMCPY
 0000:F927       __FSTRNCMP
 0000:F95F       __FSTRNICMP
 0000:F8B9       __FSTRSTR
 0000:6CA9       __SEND_BLOCK

  Address         Publics by Value

 0000:0020 idle  _MAIN
 0000:00F8 idle  _FARJUMP
 0000:00FC       _KALLOC
 0000:011C       _RESET
 0000:0121       _INWORD
 0000:0129       _OUTWORD
 0000:0135       _NEWMAIN
 0000:02E6       _VERSIONINIT
 0000:03A8 idle  _SSETSTD
 0000:0590 idle  _SSHOSTD
 0000:06A6       _SETPARMS
 0000:07EB idle  _DEVICE_INFO_PARAMETERS
 0000:0810       _SSHOTYP
 0000:081C       _SETUP_RESTORE
 0000:0859       _SAVE_SETTINGS
 0000:087E       _PUTAESVERS
 0000:0883 idle  _GETHEX8K
 0000:08FB idle  _FACTORY_DEFAULTS
 0000:0929       _DEFAULT_SETUP
 0000:097A idle  _SSETSEC
 0000:0AE6 idle  _SSHOSEC
 0000:0B8D idle  _PUTST_PDE
 0000:0BAB idle  _SSETCHAN
 0000:0CFC idle  _SSHOCHAN
 0000:0D73 idle  _SSETSNMP
 0000:0DDC idle  _SSHOSNMP
 0000:0E31 idle  _SSHODEVICEINFO
 0000:0E54       _DEMO
 0000:1025 idle  _PROCESS_DATA
 0000:102A idle  _READ_DATA
 0000:1381 idle  _SHOW_MENU
 0000:13B0 idle  _MAKE_DATA
 0000:1407 idle  _VAL_CONFIG
 0000:1430 idle  _GET_LONG
 0000:14A0 idle  _CREATE_REQUEST
 0000:1812 idle  _CREATE_CRC8
 0000:1919 idle  _GETINT16VALUE
 0000:1941 idle  _PROCESSSYSPARAMSLIST
 0000:19B9 idle  _PROCESS_TELEMETERIA
 0000:29B7 idle  _CHECK_IF_HELD
 0000:29E0 idle  _PROCCESS_COMMAND_REPLY
 0000:2D44 idle  _PUT_BYTE_TO_SENT_BUFFER
 0000:2DA1 idle  _CLEAR_SENT_BUFFER
 0000:2DB1 idle  _PUT_BYTE_TO_RCVD_BUFFER
 0000:2E0E idle  _CLEAR_RCVD_BUFFER
 0000:2E1E       _SENDBLK
 0000:2E83 idle  _PUTCHAR
 0000:2ECB idle  _M_WC
 0000:2ECE       DATA_PRIV_MIB
 0000:30BC       _PS_TRAP
 0000:317D idle  _DEBUG_TABLE
 0000:322B idle  _EVENTS_TABLE
 0000:3399 idle  _LOGIC_TABLE
 0000:346F idle  _SENSORS_TABLE
 0000:3553 idle  _BATT_TABLE
 0000:3681 idle  _PSUS_TABLE
 0000:37A5 idle  _FUNCEXTFANSPEED
 0000:3831 idle  _SPECIALFUNCTIONSCAPACITYCONTROL
 0000:38C5 idle  _SPECIALFUNCTIONSCOMPENSATIONCHARGE
 0000:3959 idle  _MONITORINGLOADCONTROLVARIABLE
 0000:39DC idle  _MONITORINGBATTERYCONTROLVARIABLE
 0000:3A5F idle  _SYSPARAMTABLE
 0000:3B90       _SNMP_ACHECK
 0000:3BDD       _INIT_CONFIG
 0000:3C9E idle  _SAVE_CONFIG
 0000:3D05       _GETUNITINFO
 0000:3D72       _GETSETUPRECS
 0000:3F65       _PROCSETUPCONFIG
 0000:4205 idle  _FGETH
 0000:4236       _R_CLOSE
 0000:4253       _R_OPEN
 0000:42D3       _R_READ
 0000:43C2 idle  _GET_FILE_START_POS
 0000:43F5       _GET_FILE_LEN
 0000:4428       _GET_FILE_CURR_POS
 0000:445B       _SET_FILE_CURR_POS
 0000:4493 idle  _FWFILE
 0000:4688       _VECSPPSERFLASHINIT
 0000:4699       _TECSPPSERFLASHWRITE
 0000:4728       _TECSPPSERFLASHREAD
 0000:47B7 idle  _TECSPPSERFLASHPAGEWRITE
 0000:494B idle  _TECSPPSERFLASHPAGEREAD
 0000:49D8       _VECSPPSERFLASHSEL
 0000:49FB idle  _VECSPPSERFLASHDELAY
 0000:4A09       _VECSPPSPIINIT
 0000:4A54       _TECSPPSPIOUT
 0000:4A8F       _TECSPPSPIIN
 0000:4ACE       _SPI_READCONFIG
 0000:4B1E       _SPI_WRITECONFIG
 0000:4B6C       _SPI_RESTORECONFIG
 0000:4BB6       _FLSH_CLR
 0000:4BBB       _FLSH_PGM
 0000:4C06       _FLSH_TYP
 0000:4C10 idle  _COPYEEPR
 0000:4C32       _SETPARSTART
 0000:4CCC       _CHKPASS
 0000:4D8C       _GETPASS
 0000:4DBF       _E_HW_INIT
 0000:4E38       _INITIALISETIME
 0000:4E85 idle  _MSGET
 0000:4EC0       _GET_TRAND
 0000:502E idle  ISR_NIC960INT
 0000:5060 idle  AUTONEGCOMPLETE
 0000:5190 idle  SETMODE
 0000:523E idle  ISR_IXINT
 0000:52BF       _CHECK_CTS
 0000:559D idle  DMREAD
 0000:56EC       _D_IAMD
 0000:5739 idle  TMRINI
 0000:57A4 idle  ISR_TMR0INT
 0000:57AF idle  ISR_TMR1INT
 0000:5807       _HWSERIES
 0000:5827       _HWSER
 0000:582F idle  _HWTYPE
 0000:5837       _HWBYTE
 0000:583E       _HWOEM
 0000:584F       _HWINIT
 0000:5A07 idle  _HW_ETH_NAUTO
 0000:5A0F       _HW_ETH_NSETIF
 0000:5A14       _HW_ETH_NSEL
 0000:5A1B       _HW_ETH_NBNC
 0000:5A22       _HW_LED
 0000:5A30       _PNORM
 0000:5A4C       _WDTRIGGER
 0000:5A5C idle  _READ_RCR
 0000:5A69       _GETWEBSTARTPAGE
 0000:5A71       _GETFW1STARTPAGE
 0000:5A79       _ADDR2PAGEINFO
 0000:5AE3       _DEFAULTCP_SETTINGS
 0000:5B2B       _SAVECPSETTINGS
 0000:5CAB       _FW_INIT
 0000:5D29       _FW_RECV
 0000:61BF       _NMON
 0000:6919 idle  _SENDRECS
 0000:6A1D idle  GETHXREC
 0000:6AAE       _NET_CHECK
 0000:6B6C       _NET_INIT
 0000:6BEA       _NET_IOCTL
 0000:6C46       _NET_COK
 0000:6C4E       _GETPORTBYTYPE
 0000:6C96 idle  _GETPORTTYPE
 0000:6CA9       __SEND_BLOCK
 0000:6D40 idle  _N_RESBUF
 0000:6DBD idle  _N_ADVBUF
 0000:6DC2 idle  _N_FRERES
 0000:6DD0       _CHECK_FRAME
 0000:6E7B       _FREE_FRAME
 0000:6E94 idle  _N_DRVFILT
 0000:6F5E       _GETSENDBUF
 0000:6FA4       _FREESENDBUF
 0000:703E       DIO_VBIT_INIT
 0000:7074 idle  DIO_VECTOR_INIT
 0000:7101 idle  DIO_VECTOR_READ
 0000:7110 idle  DIO_BIT_SETRES
 0000:7119       DIO_VBIT_SETRES
 0000:712C idle  DIO_VBIT_RESET
 0000:713A idle  DIO_VBIT_SET
 0000:714F idle  DIO_BIT_SET
 0000:7171 idle  DIO_BIT_RESET
 0000:7196 idle  DIO_VBIT_IN
 0000:71A6 idle  DIO_BIT_IN
 0000:71CF idle  DIO_VBIT_OUT
 0000:71E8 idle  DIO_BIT_OUT
 0000:722B       DIO_VBIT_READ
 0000:7242 idle  DIO_BIT_READ
 0000:726A       _BOARDINIT
 0000:72B0 idle  _GET_TIME
 0000:72B8 idle  _GET_TICKS
 0000:72C0       TIMERINT
 0000:732C       _TF_RECV
 0000:76A3 idle  _CHECKSUM64KB
 0000:76BB idle  _CHECKSUMBUF
 0000:76DE idle  _RETURN_ERROR
 0000:770C       _RCVPHY1
 0000:778C       _SNDPHY1
 0000:78E0       _RANDOM16
 0000:78F7       _WEBMETHREGISTER
 0000:7935       _WEBPROCESS
 0000:7C3A idle  _WEBTCPSTATUS
 0000:7C63 idle  _CHECKAUTHORIZATION
 0000:7D35       _WWRITEOUTPUT
 0000:7DA3       _STDGET
 0000:7DBD       _STDGETEX
 0000:810A       ATANSWER
 0000:817E       _ATGET
 0000:8198       _ATTICK
 0000:81E1 idle  _ARP_ANSWER
 0000:81EB       _ARP_INPUT
 0000:82A0       _ARP_SENDRQ
 0000:830F       _ARPFIND
 0000:8371       IPPREP
 0000:83E5       IP_CSUM
 0000:83F6       _NETMASK
 0000:8467       _HW_RESOLVE
 0000:8594       _GNL
 0000:85A3       _GNS
 0000:85C9       _ICMP_INPUT
 0000:86D2       _ICMP_OUT
 0000:87ED idle  _IPCHECK
 0000:881B       _IPPROCESS
 0000:8E18       _UDP_REGISTER
 0000:8E3B       _UDP_REREGISTER
 0000:8E94 idle  _INIETHIF
 0000:8EA4 idle  _IFENT
 0000:8F0E       _TCPWRITENB
 0000:9215 idle  _TCP_CONQU
 0000:9288 idle  _TCP_CONQCHK
 0000:92AF       _TCP_INPUT
 0000:98CE       _TCPCORUT
 0000:9D16 idle  _RSPACE
 0000:9D2A idle  _PCIS
 0000:9D51       _PCIB
 0000:9D8D idle  _CLEARCOMERROR
 0000:9DF8 idle  _ISCOMFAIL
 0000:9F69 idle  _PCWRITE
 0000:A3DF idle  _TCPGETBUF
 0000:A3F7       _TCPALLOC
 0000:A445       _TCPOPEN
 0000:A6A1       _TTDUMP
 0000:A701       _CHANRCV
 0000:AD4C idle  _RFC_2217
 0000:B25C       _T_DISCON
 0000:B317       _T_DISC
 0000:B3F3 idle  _GET_RAND
 0000:B4E3 idle  _DHCPR
 0000:B73F idle  _DHCP_SET
 0000:BA56 idle  _DHCP_SETRQ
 0000:BAB8 idle  _DHCP_PROBE
 0000:BB13 idle  _DHCP_LX
 0000:BC3E       _DHCP_INIT
 0000:BF3A idle  _DHCP_TESTLEASEOFFER
 0000:C09E       _UDP_SEHW
 0000:C0AD       _UDP_SEND
 0000:C15E       _SNMP_INPUT
 0000:C3CB       _CONSTRUCT_BEGIN
 0000:C3FE       _CONSTRUCT_END
 0000:C457       _COPY_VAR
 0000:C533       _ASN_PARSE
 0000:C562       _GET_OBJECT_ID
 0000:C5E5       _BUILD_OBJECT_ID
 0000:C664 idle  _ACCEPT_STRING
 0000:C69D idle  _ACCEPT_OBJID
 0000:C6D7 idle  _ACCEPT_SHORT_INT
 0000:C716 idle  _ACCEPT_LONG_INT
 0000:C7CD       _BUILD_VALUE
 0000:C868       _SNMP_LEAF
 0000:CAA8       DATA_MIB2_33
 0000:CAAE       _SNMP_UPCALL
 0000:CABA       _SNMP_WALK
 0000:CC7B       _SNMP_INIT
 0000:CD04       _SNMP_TBL
 0000:CED7 idle  _IPADRT
 0000:CF78 idle  _ATT
 0000:CFC8       _IFREGISTER
 0000:CFD0       DATA_MIB2_2
 0000:D00F idle  _IFENTRYCONFIG
 0000:D213       _SNMP_TRAP
 0000:D3A3       SPAWN
 0000:D40A idle  _KILL
 0000:D435       _SDELAY
 0000:D458       _MONITOR
 0000:D91A       _R_TIMES
 0000:D94D       _R_TIMEMS
 0000:D980       _TIMEPROCESS
 0000:D9FC       _PUTIP
 0000:DA1E       _PUTIPD
 0000:DA81       _PUTVERS
 0000:DA9E idle  _PUTYN
 0000:DAB4       _D_PUTHEX
 0000:DAF1 idle  GETYN
 0000:DB4D       GETYNT
 0000:DB73       GETHEX
 0000:DB9A       GETHEX8
 0000:DBC4 idle  _GETHEX_VAL
 0000:DC94       GETINT8
 0000:DCDE       GETINT
 0000:DDAA       GETSTR
 0000:DE23 idle  GETSTRT
 0000:DE40       GETIP
 0000:DE9A       GETIP2
 0000:DEE0       _GET_INT
 0000:DF2D       _GET_IPS
 0000:DF99 idle  _PUTSPC
 0000:DFB0 idle  BLINKSET
 0000:DFE5       _BLINKER
 0000:DFFE       BLINKRESET
 0000:E00C       _ERROR
 0000:E02B       _INITCODE
 0000:E38E idle  _SERHW_CHECK
 0000:E67E       __C_PRINTF
 0000:E83E       _PRINTF
 0000:E85F       _SPRINTF
 0000:E88C idle  _FPRINTF
 0000:E8A1       _KBHIT
 0000:E8B8       _PUTCH
 0000:E8CF idle  _PUTCSTN
 0000:E8D2 idle  _PUTCSTR
 0000:E8EF       _PUTCRLF
 0000:E8FC       _PUTSTR
 0000:E918 idle  _UNGETCH
 0000:E92D       _GETCH
 0000:E944       _FLUSHIN
 0000:E96B       _OUTBUF
 0000:E9AC idle  _LOCIODIS
 0000:E9AD       _IOCALL
 0000:EAFD       _FIFOINIT
 0000:EB1F       _MBUFINIT
 0000:EB52       _MBUFGET
 0000:EB7C       _MBUFFREE
 0000:EB8F idle  LONGDIV
 0000:EBAA idle  LMOD
 0000:EBC3 idle  LMUL
 0000:EBDF       ATOI
 0000:EC0D idle  A2TOI
 0000:EC2F       A2TOH
 0000:EC62 idle  ATOL
 0000:ECFD       _INITLOCALIO
 0000:ED52 idle  _SETSERTXBUF
 0000:ED6E       _INITLOCALCHAN
 0000:EE2F idle  _ENA1PPS
 0000:EE33 idle  _LIOXON
 0000:EE3D       _LIOBRK
 0000:EE5B       LIOFIN
 0000:EE68 idle  _UNLOCKOUT
 0000:EE79       _LIOOBUF
 0000:EE7F idle  _CHKBREAK
 0000:EE85 idle  _LIO_RVA
 0000:EE8B       _LIO_TX
 0000:EE91       _LIO_CTS
 0000:EE97 idle  _LIO_RTS
 0000:EE9D idle  _LIO_DREQ
 0000:EE9D idle  _LIO_CREQ
 0000:EE9D       _LIO_COK
 0000:EEA3       _LIO_DCD
 0000:EEB5       _LIO_START
 0000:EF7B       V24LSF
 0000:EFBE idle  V24LSTORE
 0000:EFDA       V24LGF
 0000:F011 idle  V24LGET
 0000:F03D       _SRAND
 0000:F045       _RANDOM
 0000:F061       _SET_HW_ADDR
 0000:F081       _D_KBHIT
 0000:F08D       _D_GETCH
 0000:F0A7       _D_PUTCH
 0000:F0C6       _D_PUTSTR
 0000:F0E0       EE_WRITE
 0000:F14F       EE_READ
 0000:F1DA       STORECMOS
 0000:F209       _SETPROCESS
 0000:F2EA idle  _CHANS2
 0000:F361       _CONFPROCESS
 0000:F405 idle  _CHANS2NOTEL
 0000:F41D       NCHKCPY
 0000:F487       _SOUT
 0000:F488       _SETSERVICEPORT
 0000:F4AB idle  _INC_BYTE_ARRAY
 0000:F4CF       _ENCODEBASE64
 0000:F5AB       _DECODEBASE64
 0000:F673 idle  _CHECK_ALTERNATE_MAC
 0000:F696       _MEMCPY
 0000:F6E8 idle  _SETMEM
 0000:F710       _MEMSET
 0000:F728       _MEMCMP
 0000:F755       _STRLEN
 0000:F772       _STRCPY
 0000:F796       _MOVEDATA
 0000:F7B8       _STRNCMP
 0000:F7F1       _STRCMP
 0000:F822       _STRCAT
 0000:F85E       _STRCHR
 0000:F895       __FMEMCPY
 0000:F8B9       __FSTRSTR
 0000:F927       __FSTRNCMP
 0000:F95F       __FSTRNICMP
 0000:F9A3       N_SCOPY@
 0000:F9BF       _STRSTR
 0000:FA20       N_LXURSH@
 0000:FA23 idle  LXURSH@
 0000:FA23 idle  F_LXURSH@
 0000:FA41 idle  _TR_SEND
 0000:FA41       _SUPPLICANT_SET_MAC
 0000:FA41       _SUPPLICANT_EAPOL_INPUT
 0000:FA41 idle  _TR_INIT
 0000:FA41 idle  _SUPPLICANT_INIT
 0000:FA41 idle  _SETDEBUG
 0000:FA41 idle  _TRI_CHKSND
 0000:FA41 idle  _TR_BSEND
 0000:FA41 idle  _D_IV40
 0000:FA41 idle  _D_ISIOCHK
 0000:FA41 idle  _D_ISCC
 0000:FA41 idle  _ISCOBCHECK
 0000:FA41 idle  _TR_N_SEND
 0000:FA41 idle  _TR_NSEND
 0000:FA41 idle  _TR_CHKSND
 0000:FA41 idle  _TR_CHK
 0000:FA41 idle  _TR_BSTATUS
 0000:FA41 idle  _TR_BRKSEND
 0000:FA41 idle  _TRI_SEND
 0000:FA41 idle  _TRI_INIT
 0000:FA41 idle  _TN_OPEN
 0000:FA43       _CHKSERTRG
 0000:FA43 idle  _PP_SEND
 0000:FA43 idle  _ARPCHK
 0000:FA43 idle  _UDPREGISTER
 0000:FA44       DATA_TXTTBL
 0FA5:0088       _TIME
 0FA5:008C       _TICKS
 0FA5:0200       _DRVTBL
 0FA5:0210       _ND_DRV
 0FA5:0228 idle  _RDATE
 0FA5:0234 idle  _SENDADR
 0FA5:0236 idle  _STARTUP
 0FA5:0237 idle  _C_SERIE
 0FA5:0238       _HTTP_PORT_NUM
 0FA5:023A       _SMTP_PORT_NUM
 0FA5:023C       _INITCHAR
 0FA5:023E       _PROCONF
 0FA5:0240       _TCPSPORT
 0FA5:0242       _S_NAME
 0FA5:0262       _S_OBJ
 0FA5:02DE       _PR
 0FA5:0AE8 idle  _TABLE_87
 0FA5:0CE8 idle  _TABLE_95
 0FA5:1554 idle  _ENTERPRISET
 0FA5:155E idle  _ONBVAR
 0FA5:1572 idle  _ONBVAR2
 0FA5:1581       _ONBVAR3
 0FA5:15AE idle  _VALID_RECS
 0FA5:16C8 idle  _NIC960BASE
 0FA5:16D6       _NETIF_TAB
 0FA5:16DC idle  _L_LEDG
 0FA5:16DE idle  _CP_TABLE
 0FA5:178A       _FW_STAT
 0FA5:178C       _TF_TYP
 0FA5:178E idle  _FW_SVR
 0FA5:1790 idle  _FW_ERW
 0FA5:1798 idle  _NOT_SUP
 0FA5:18DA       _MEMEND
 0FA5:18E2 idle  _FUNTBL
 0FA5:18EC       _DIO
 0FA5:1934       _PIO_PINS
 0FA5:1A06       _MII
 0FA5:1A08 idle  _PHYADDR
 0FA5:1B20       _IP
 0FA5:1B49 idle  _IP2
 0FA5:1B72       _IP_RUNNING
 0FA5:1B73       _IP_TAKEN
 0FA5:1B74 idle  _IP_PROC_ENABLED
 0FA5:1B75       _NET_MODE
 0FA5:1B76       _NUM_INTFS
 0FA5:1B78       _IF1
 0FA5:1B80       _S_NET
 0FA5:1B90 idle  _BRFC2217MODE
 0FA5:1D88 idle  _SYSCONTACT
 0FA5:1D9A idle  _SYSNAME
 0FA5:1DAC idle  _SYSLOCATION
 0FA5:1DCA idle  _MONINIT
 0FA5:1DCC idle  _MONHELP
 0FA5:1DCE idle  _MONEXT
 0FA5:1EB8       _FW_TYPE
 0FA5:1FEC idle  LED_ON
 0FA5:1FEE       SCPORT
 0FA5:1FF0       SDIPORT
 0FA5:1FF2       SDOPORT
 0FA5:1FF4       SBRXRDY
 0FA5:1FF5       SBTXRDY
 0FA5:223D       ORIG_SP
 0FA5:2240 idle  RCVCHAIN
 0FA5:22AE       _NCHAN
 0FA5:22B0       _TI_MSECS
 0FA5:22B4       _TI_SECS
 0FA5:22B6       _TI_PPS
 0FA5:22B8       _WATCHCNT
 0FA5:22BA       _ALLCCB
 0FA5:436E       _ACTCCB
 0FA5:4370       _ACTPRO
 0FA5:4372 idle  _INITFLG
 0FA5:4374 idle  _RECPAKANF
 0FA5:4376 idle  _RECPAKEND
 0FA5:4378 idle  _IDLECOUNT
 0FA5:437A       _SETUP
 0FA5:4472       _SPSTATUS
 0FA5:4488       _ETHMODE
 0FA5:4489       _SETUPOEM
 0FA5:4508 idle  _SIOPTR
 0FA5:450A       _SCR_RUN
 0FA5:4510       _HLS
 0FA5:455C       _SETUP4
 0FA5:45DA idle  _SETUP5
 0FA5:4658 idle  _LOCATION_EEPROM
 0FA5:47A0 idle  _ANSWER
 0FA5:48CC idle  _START_POWER_MAIN_BYTE
 0FA5:48CD idle  _START_PSU_BYTE
 0FA5:48CE idle  _START_BATTERY_BYTE
 0FA5:48CF idle  _START_TEMPER_BYTE
 0FA5:48D0 idle  _START_LOGIC_BYTE
 0FA5:48D1 idle  _START_EXT_IO_BYTE
 0FA5:48D2 idle  _STARTEXTBOARDBYTE
 0FA5:48D3 idle  _STARTCLIMATECONTROL
 0FA5:48D4 idle  _CURRENTTELEMETERIANUMBER
 0FA5:48D6 idle  _PROMPT
 0FA5:48D8 idle  _START_PACKET
 0FA5:48DA idle  _I
 0FA5:48DC idle  _TEMP_VALUE
 0FA5:48DE idle  _SENT_POSITION
 0FA5:48E0 idle  _RCVD_POSITION
 0FA5:48E2       _PS
 0FA5:5D2A idle  _SETUPREC
 0FA5:5D3A idle  _REC_INDEX
 0FA5:5E4A       _PAGEBUF
 0FA5:5F58 idle  DMBUF
 0FA5:60D8       _S_TMPREC7
 0FA5:6156 idle  _CPBITSETTING
 0FA5:6162 idle  _PINFORLINK
 0FA5:6166       _OUTL1
 0FA5:6168 idle  _INP1
 0FA5:616A idle  _INMMSK
 0FA5:616C       _HW
 0FA5:61B8       _HW_FATAL_ERROR
 0FA5:61BA       _FW_PASSWD
 0FA5:61C0       _FIRMWARECHECK
 0FA5:61C2 idle  _FW_DATABLK
 0FA5:631E       _FWBUF
 0FA5:6633 idle  _SCANRESULTS
 0FA5:665A       _NETDRV
 0FA5:6660 idle  _DRVIOCB
 0FA5:66EE       _WEB_PASSWORD
 0FA5:6702 idle  _AUTHRESPBUF
 0FA5:6802 idle  ATBL
 0FA5:6F04       _ICETIM
 0FA5:6F06       _ICESEQ
 0FA5:6F15       _NETHW
 0FA5:6F37       _NETHW2
 0FA5:6F59 idle  _IFSTATS2
 0FA5:6F86 idle  _PKT_DEFIP
 0FA5:6F88 idle  _PKT_DEFARP
 0FA5:6F8A idle  _PKT_DEFAULT
 0FA5:6F8C idle  _IP_OTHIF
 0FA5:6F8E idle  _PKT_BRIDGE
 0FA5:6F90 idle  _TC_PARA
 0FA5:6F92 idle  _SUPP_CTX
 0FA5:6F94       _IP_INTF
 0FA5:6F98       _HW_INTF
 0FA5:714C       _S_IFTYPE
 0FA5:714E idle  _DSPRXERROROLD
 0FA5:7152 idle  _DSPTXERROROLD
 0FA5:7156 idle  _DTOTALCOMERR
 0FA5:715A idle  _RXERRSTATUSOLD
 0FA5:715C idle  _TXERRSTATUSOLD
 0FA5:715E idle  _ICOMCOUNT
 0FA5:7160 idle  _TST
 0FA5:723C idle  _PENDINGTCP_T
 0FA5:72F6 idle  _BCHECKSERIALTXDONE
 0FA5:72F8 idle  _BCTSSTATE
 0FA5:72FA idle  _BWAITCOM
 0FA5:72FC idle  _ICHECKTXCOUNT
 0FA5:7300 idle  _UICOMSTATE
 0FA5:7304 idle  _PALLCCB
 0FA5:731E       _MTUSIZE
 0FA5:7320 idle  _INITBLKNR
 0FA5:7324 idle  _TCPS
 0FA5:7669 idle  _CONQ
 0FA5:78A3 idle  _FQDNOPT
 0FA5:79E8       _SCON
 0FA5:7ACC       _S_TICK
 0FA5:7AD0       _S_VARS
 0FA5:7B8A idle  _TIMETABLES
 0FA5:7BD2 idle  _TIMETABLEMS
 0FA5:7C1A       _BLINKGWORD
 0FA5:7C1E       _BLINKRWORD
 0FA5:7C22       _SWTYP
 0FA5:7C23 idle  _FASTXX
 0FA5:7C24       _CONF
 0FA5:7C26       _RCR
 0FA5:7C28 idle  _DISABLE_MON
 0FA5:7C2A idle  _IPSTACK
 0FA5:80AA idle  _TIMESTACK
 0FA5:8418       _SETUPMODE

Program entry point at 0000:0020
Warning: No stack

