ARM Linker, RVCT4.0 [Build 728] [Standard]

==============================================================================

Section Cross References

    startup_lpc17xx.o(RESET) refers to startup_lpc17xx.o(STACK) for __initial_sp
    startup_lpc17xx.o(RESET) refers to startup_lpc17xx.o(.text) for Reset_Handler
    startup_lpc17xx.o(RESET) refers to main.o(.text) for SysTick_Handler
    startup_lpc17xx.o(RESET) refers to timer.o(.text) for TIMER0_IRQHandler
    startup_lpc17xx.o(RESET) refers to full_can.o(.text) for CAN_IRQHandler
    startup_lpc17xx.o(RESET) refers to emac_lpc17xx.o(.text) for ENET_IRQHandler
    startup_lpc17xx.o(.text) refers to entry.o(.ARM.Collect$$$$00000000) for __main
    net_config_http.o(.text) refers to at_ethernet.o(i.init_eth_link) for init_eth_link
    net_config_http.o(.text) refers to at_udp.o(i.init_udp) for init_udp
    net_config_http.o(.text) refers to at_tcp.o(i.init_tcp) for init_tcp
    net_config_http.o(.text) refers to at_http.o(i.init_http) for init_http
    net_config_http.o(.text) refers to at_snmp.o(i.init_snmp) for init_snmp
    net_config_http.o(.text) refers to at_ethernet.o(i.run_eth_link) for run_eth_link
    net_config_http.o(.text) refers to at_tcp.o(i.tcp_poll_sockets) for tcp_poll_sockets
    net_config_http.o(.text) refers to at_http.o(i.run_http_server) for run_http_server
    net_config_http.o(.text) refers to at_snmp.o(i.run_snmp_agent) for run_snmp_agent
    net_config_http.o(.text) refers to at_udp.o(i.process_udp) for process_udp
    net_config_http.o(.text) refers to at_tcp.o(i.process_tcp) for process_tcp
    net_config_http.o(.text) refers to at_ethernet.o(i.eth_send_frame) for eth_send_frame
    common_func.o(.text) refers to 25lc640.o(.text) for lc640_read_int
    common_func.o(.text) refers to main.o(.data) for lcd_buffer
    common_func.o(.text) refers to main.o(.data) for dig
    common_func.o(.text) refers to main.o(.data) for zero_on
    common_func.o(.text) refers to main.o(.constdata) for sm_mont
    common_func.o(.text) refers to memcpya.o(.text) for __aeabi_memcpy
    common_func.o(.text) refers to main.o(.constdata) for ABCDEF
    common_func.o(.text) refers to main.o(.bss) for b_ind
    common_func.o(.text) refers to ret.o(.text) for ret
    common_func.o(.text) refers to common_func.o(.text) for bin2bcd_int
    common_func.o(.text) refers to main.o(.data) for dig
    common_func.o(.text) refers to main.o(.data) for lcd_buffer
    common_func.o(.text) refers to common_func.o(.text) for bin2bcd_int
    common_func.o(.text) refers to main.o(.data) for dig
    common_func.o(.text) refers to main.o(.data) for lcd_buffer
    common_func.o(.text) refers to common_func.o(.text) for find
    common_func.o(.text) refers to main.o(.constdata) for ABCDEF
    common_func.o(.text) refers to main.o(.data) for lcd_buffer
    control.o(.text) refers to 25lc640.o(.text) for lc640_write_int
    control.o(.text) refers to gran.o(.text) for gran_char
    control.o(.text) refers to mess.o(.text) for mess_send
    control.o(.text) refers to common_func.o(.text) for abs
    control.o(.text) refers to avar_hndl.o(.text) for ke_mem_hndl
    control.o(.text) refers to control.o(.data) for .data
    control.o(.text) refers to main.o(.bss) for bat
    control.o(.text) refers to eeprom_map.o(.constdata) for ADR_EE_BAT_ZAR_CNT_KE
    control.o(.text) refers to main.o(.data) for bat_u_old_cnt
    control.o(.text) refers to main.o(.data) for USIGN
    control.o(.text) refers to eeprom_map.o(.constdata) for ADR_EE_BAT_C_REAL
    control.o(.text) refers to eeprom_map.o(.constdata) for ADR_EE_BAT_ZAR_CNT
    control.o(.text) refers to mess.o(.data) for mess_data
    control.o(.text) refers to main.o(.data) for Kibat0
    control.o(.text) refers to ad7705.o(.data) for ad7705_buff_
    control.o(.text) refers to eeprom_map.o(.constdata) for ADR_KI0BAT
    control.o(.text) refers to main.o(.data) for unet_drv_cnt
    control.o(.text) refers to main.o(.data) for net_Ustore
    control.o(.text) refers to control.o(.bss) for .bss
    control.o(.text) refers to main.o(.data) for Kubat
    control.o(.text) refers to main.o(.data) for Kubatm
    control.o(.text) refers to main.o(.data) for Kibat1
    control.o(.text) refers to main.o(.data) for Ktbat
    control.o(.text) refers to main.o(.data) for Kuload
    control.o(.text) refers to main.o(.data) for Ktext
    control.o(.text) refers to main.o(.data) for Kunet_ext
    control.o(.text) refers to main.o(.data) for Kvv_eb2
    control.o(.text) refers to main.o(.data) for Kpes_eb2
    control.o(.text) refers to main.o(.data) for Isumm
    control.o(.text) refers to main.o(.text) for abs_pal
    control.o(.text) refers to main.o(.data) for tbatdisable_stat
    control.o(.text) refers to avar_hndl.o(.data) for avar_ind_stat
    control.o(.text) refers to snmp_data_file.o(.text) for snmp_trap_send
    control.o(.text) refers to main.o(.data) for num_necc
    control.o(.text) refers to main.o(.bss) for avt_stat_old
[...]
    process_tcp                              0x0001a6c5   Thumb Code  1094  at_tcp.o(i.process_tcp)
    process_udp                              0x0001ab11   Thumb Code   196  at_udp.o(i.process_udp)
    put_in_queue                             0x0001abdd   Thumb Code    36  at_ethernet.o(i.put_in_queue)
    resize_mem                               0x0001acb1   Thumb Code    48  at_mem.o(i.resize_mem)
    run_eth_link                             0x0001ace5   Thumb Code   160  at_ethernet.o(i.run_eth_link)
    run_http_server                          0x0001ad91   Thumb Code   726  at_http.o(i.run_http_server)
    run_snmp_agent                           0x0001b079   Thumb Code    34  at_snmp.o(i.run_snmp_agent)
    set_u32                                  0x0001b0f3   Thumb Code    16  at_lib.o(i.set_u32)
    snmp_trap                                0x0001b461   Thumb Code   574  at_snmp.o(i.snmp_trap)
    str_copy                                 0x0001b6c5   Thumb Code    22  at_lib.o(i.str_copy)
    str_crc                                  0x0001b6db   Thumb Code    26  at_lib.o(i.str_crc)
    str_scomp                                0x0001b6f5   Thumb Code    26  at_lib.o(i.str_scomp)
    tcp_abort                                0x0001b711   Thumb Code    78  at_tcp.o(i.tcp_abort)
    tcp_close                                0x0001b769   Thumb Code   120  at_tcp.o(i.tcp_close)
    tcp_get_buf                              0x0001b7e9   Thumb Code    16  at_tcp.o(i.tcp_get_buf)
    tcp_get_socket                           0x0001b7f9   Thumb Code    62  at_tcp.o(i.tcp_get_socket)
    tcp_get_state                            0x0001b841   Thumb Code    34  at_tcp.o(i.tcp_get_state)
    tcp_listen                               0x0001b881   Thumb Code   114  at_tcp.o(i.tcp_listen)
    tcp_max_dsize                            0x0001b999   Thumb Code    32  at_tcp.o(i.tcp_max_dsize)
    tcp_poll_sockets                         0x0001b9bd   Thumb Code   476  at_tcp.o(i.tcp_poll_sockets)
    tcp_send                                 0x0001bc21   Thumb Code   240  at_tcp.o(i.tcp_send)
    timer_tick                               0x0001bf45   Thumb Code     8  at_system.o(i.timer_tick)
    udp_get_buf                              0x0001bf51   Thumb Code    16  at_udp.o(i.udp_get_buf)
    udp_get_socket                           0x0001bf61   Thumb Code    62  at_udp.o(i.udp_get_socket)
    udp_open                                 0x0001bfa9   Thumb Code   112  at_udp.o(i.udp_open)
    udp_send                                 0x0001c025   Thumb Code   250  at_udp.o(i.udp_send)
    nlocalm                                  0x0001c220   Data          60  net_config_http.o(.constdata)
    netif_cfg                                0x0001c25c   Data           1  net_config_http.o(.constdata)
    MPool_Size                               0x0001c260   Data           4  net_config_http.o(.constdata)
    tick_rate                                0x0001c264   Data           2  net_config_http.o(.constdata)
    arp_TabSize                              0x0001c266   Data           2  net_config_http.o(.constdata)
    arp_TimeOut                              0x0001c268   Data           2  net_config_http.o(.constdata)
    arp_MaxRetry                             0x0001c26a   Data           1  net_config_http.o(.constdata)
    arp_Resend                               0x0001c26b   Data           1  net_config_http.o(.constdata)
    udp_NumSocks                             0x0001c26c   Data           1  net_config_http.o(.constdata)
    tcp_NumSocks                             0x0001c26d   Data           1  net_config_http.o(.constdata)
    tcp_MaxRetry                             0x0001c26e   Data           1  net_config_http.o(.constdata)
    tcp_RetryTout                            0x0001c270   Data           2  net_config_http.o(.constdata)
    tcp_2MSSTout                             0x0001c272   Data           2  net_config_http.o(.constdata)
    tcp_SynRetryTout                         0x0001c274   Data           2  net_config_http.o(.constdata)
    tcp_InitRetryTout                        0x0001c276   Data           2  net_config_http.o(.constdata)
    tcp_DefTout                              0x0001c278   Data           2  net_config_http.o(.constdata)
    tcp_ConRetry                             0x0001c27a   Data           1  net_config_http.o(.constdata)
    http_NumSess                             0x0001c27b   Data           1  net_config_http.o(.constdata)
    http_EnAuth                              0x0001c27c   Data           1  net_config_http.o(.constdata)
    http_PortNum                             0x0001c27e   Data           2  net_config_http.o(.constdata)
    http_auth_dev                            0x0001c280   Data          20  net_config_http.o(.constdata)
    http_auth_user                           0x0001c294   Data           6  net_config_http.o(.constdata)
    snmp_TickItv                             0x0001c29a   Data           1  net_config_http.o(.constdata)
    snmp_TrapIp                              0x0001c29b   Data           4  net_config_http.o(.constdata)
    sk_buff_220                              0x0001c29f   Data           4  control.o(.constdata)
    ADR_EE_BAT_ZAR_CNT                       0x0001c2a4   Data           4  eeprom_map.o(.constdata)
    ADR_EE_BAT_ZAR_CNT_KE                    0x0001c2a8   Data           4  eeprom_map.o(.constdata)
    ADR_EE_BAT_C_NOM                         0x0001c2ac   Data           4  eeprom_map.o(.constdata)
    ADR_EE_BAT_YEAR_OF_ON                    0x0001c2b0   Data           4  eeprom_map.o(.constdata)
    ADR_EE_BAT_IS_ON                         0x0001c2b4   Data           4  eeprom_map.o(.constdata)
    ADR_EE_BAT_DAY_OF_ON                     0x0001c2b8   Data           4  eeprom_map.o(.constdata)
    ADR_EE_BAT_MONTH_OF_ON                   0x0001c2bc   Data           4  eeprom_map.o(.constdata)
    ADR_EE_BAT_RESURS                        0x0001c2c0   Data           4  eeprom_map.o(.constdata)
    ADR_EE_BAT_C_REAL                        0x0001c2c4   Data           4  eeprom_map.o(.constdata)
    ADR_KUBAT                                0x0001c2c8   Data           4  eeprom_map.o(.constdata)
    ADR_KUBATM                               0x0001c2cc   Data           4  eeprom_map.o(.constdata)
    ADR_KI0BAT                               0x0001c2d0   Data           4  eeprom_map.o(.constdata)
    ADR_KI1BAT                               0x0001c2d4   Data           4  eeprom_map.o(.constdata)
    ADR_KTBAT                                0x0001c2d8   Data           4  eeprom_map.o(.constdata)
    ADR_TMAX_EXT_EN                          0x0001c2dc   Data           6  eeprom_map.o(.constdata)
    ADR_TMAX_EXT                             0x0001c2e2   Data           6  eeprom_map.o(.constdata)
    ADR_TMIN_EXT_EN                          0x0001c2e8   Data           6  eeprom_map.o(.constdata)
    ADR_TMIN_EXT                             0x0001c2ee   Data           6  eeprom_map.o(.constdata)
    ADR_T_EXT_REL_EN                         0x0001c2f4   Data           6  eeprom_map.o(.constdata)
    ADR_T_EXT_ZVUK_EN                        0x0001c2fa   Data           6  eeprom_map.o(.constdata)
    ADR_T_EXT_LCD_EN                         0x0001c300   Data           6  eeprom_map.o(.constdata)
    ADR_T_EXT_RS_EN                          0x0001c306   Data           6  eeprom_map.o(.constdata)
    ADR_SK_SIGN                              0x0001c30c   Data           8  eeprom_map.o(.constdata)
    ADR_SK_REL_EN                            0x0001c314   Data           8  eeprom_map.o(.constdata)
    ADR_SK_ZVUK_EN                           0x0001c31c   Data           8  eeprom_map.o(.constdata)
    ADR_SK_LCD_EN                            0x0001c324   Data           8  eeprom_map.o(.constdata)
    ADR_SK_RS_EN                             0x0001c32c   Data           8  eeprom_map.o(.constdata)
    caracter                                 0x0001c334   Data        1536  main.o(.constdata)
    sm_mont                                  0x0001c934   Data          52  main.o(.constdata)
    sm_                                      0x0001c968   Data          21  main.o(.constdata)
    sm_exit                                  0x0001c97d   Data          21  main.o(.constdata)
    sm_time                                  0x0001c992   Data          21  main.o(.constdata)
    ABCDEF                                   0x0001c9b2   Data          17  main.o(.constdata)
    snmp_mib_size                            0x0001c9c8   Data           4  snmp_mib.o(.constdata)
    MAC_Broadcast                            0x0001ca96   Data           6  at_ethernet.o(.constdata)
    IP_Broadcast                             0x0001ca9c   Data           4  at_ip.o(.constdata)
    http_err_401                             0x0001caa0   Data          94  http_err.o(.constdata)
    http_err_404                             0x0001cafe   Data          91  http_err.o(.constdata)
    http_err_501                             0x0001cb59   Data          83  http_err.o(.constdata)
    http_err_head                            0x0001cbac   Data          59  http_err.o(.constdata)
    http_err_foot                            0x0001cbe7   Data         137  http_err.o(.constdata)
    FileMD                                   0x0001cc70   Data           4  at_web.o(.constdata)
    FileTab                                  0x0001ce00   Data          16  at_web.o(.constdata)
    __ctype_table                            0x0001ce10   Data         129  ctype_o.o(.constdata)
    Region$$Table$$Base                      0x0001cf1c   Number         0  anon$$obj.o(Region$$Table)
    Region$$Table$$Limit                     0x0001cf5c   Number         0  anon$$obj.o(Region$$Table)
    snmp_PortNum                             0x10000000   Data           2  net_config_http.o(.data)
    snmp_Community                           0x10000002   Data           7  net_config_http.o(.data)
    adc_self_ch_cnt                          0x1000000c   Data           1  control.o(.data)
    adc_ch_net                               0x1000000d   Data           1  control.o(.data)
    adc_ch                                   0x1000000e   Data           1  control.o(.data)
    adc_ch_cnt                               0x1000000f   Data           1  control.o(.data)
    adc_window_flag                          0x10000010   Data           1  control.o(.data)
    unh_cnt0                                 0x10000011   Data           1  control.o(.data)
    unh_cnt1                                 0x10000012   Data           1  control.o(.data)
    b1Hz_unh                                 0x10000013   Data           1  control.o(.data)
    ch_cnt0                                  0x10000014   Data           1  control.o(.data)
    b1Hz_ch                                  0x10000015   Data           1  control.o(.data)
    i                                        0x10000016   Data           1  control.o(.data)
    iiii                                     0x10000017   Data           1  control.o(.data)
    bAVG                                     0x10000018   Data           1  control.o(.data)
    avg_num                                  0x10000019   Data           1  control.o(.data)
    kb_full_ver                              0x1000001a   Data           1  control.o(.data)
    num_of_wrks_bps                          0x1000001b   Data           1  control.o(.data)
    num_necc_up                              0x1000001c   Data           1  control.o(.data)
    num_necc_down                            0x1000001d   Data           1  control.o(.data)
    sh_cnt0                                  0x1000001e   Data           1  control.o(.data)
    b1Hz_sh                                  0x1000001f   Data           1  control.o(.data)
    spc_stat                                 0x10000020   Data           1  control.o(.data)
    spc_bat                                  0x10000021   Data           1  control.o(.data)
    spc_phase                                0x10000022   Data           1  control.o(.data)
    bAVZ                                     0x10000023   Data           1  control.o(.data)
    ke_start_stat                            0x10000024   Data           1  control.o(.data)
    cntrl_stat                               0x10000026   Data           2  control.o(.data)
    cntrl_stat_old                           0x10000028   Data           2  control.o(.data)
    avg_main_cnt                             0x1000002a   Data           2  control.o(.data)
    net_buff_                                0x1000002e   Data           2  control.o(.data)
    adc_result                               0x10000030   Data           2  control.o(.data)
    adc_gorb_cnt                             0x10000032   Data           2  control.o(.data)
    adc_zero_cnt                             0x10000034   Data           2  control.o(.data)
    adc_window_cnt                           0x10000036   Data           2  control.o(.data)
    adc_net_buff_cnt                         0x10000038   Data           2  control.o(.data)
    plazma_sk                                0x1000003a   Data           2  control.o(.data)
    cntrl_stat_new                           0x1000003c   Data           2  control.o(.data)
    Ibmax                                    0x1000003e   Data           2  control.o(.data)
    IZMAX_                                   0x10000040   Data           2  control.o(.data)
    samokalibr_cnt                           0x10000042   Data           2  control.o(.data)
    i_avg_max                                0x10000044   Data           2  control.o(.data)
    i_avg_min                                0x10000046   Data           2  control.o(.data)
    i_avg_summ                               0x10000048   Data           2  control.o(.data)
    i_avg                                    0x1000004a   Data           2  control.o(.data)
    avg                                      0x1000004c   Data           2  control.o(.data)
    main_kb_cnt                              0x1000004e   Data           2  control.o(.data)
    kb_cnt_1lev                              0x10000050   Data           2  control.o(.data)
    kb_cnt_2lev                              0x10000052   Data           2  control.o(.data)
    kb_start                                 0x10000054   Data           2  control.o(.data)
    bps_on_mask                              0x10000056   Data           2  control.o(.data)
    bps_off_mask                             0x10000058   Data           2  control.o(.data)
    vz_cnt_s                                 0x1000005a   Data           2  control.o(.data)
    vz_cnt_h                                 0x1000005c   Data           2  control.o(.data)
    vz_cnt_h_                                0x1000005e   Data           2  control.o(.data)
    cnt_end_ke                               0x10000060   Data           2  control.o(.data)
    cntrl_stat_blok_cnt                      0x10000062   Data           2  control.o(.data)
    cntrl_stat_blok_cnt_                     0x10000064   Data           2  control.o(.data)
    cntrl_stat_blok_cnt_plus                 0x1000006e   Data           4  control.o(.data)
    cntrl_stat_blok_cnt_minus                0x10000072   Data           4  control.o(.data)
    plazma_inv                               0x10000076   Data           4  control.o(.data)
    adc_self_ch_buff                         0x1000007a   Data           6  control.o(.data)
    adc_self_ch_disp                         0x10000080   Data           6  control.o(.data)
    ke_date                                  0x10000088   Data           8  control.o(.data)
    avar_stat                                0x10000090   Data           4  avar_hndl.o(.data)
    avar_ind_stat                            0x10000094   Data           4  avar_hndl.o(.data)
    avar_stat_old                            0x10000098   Data           4  avar_hndl.o(.data)
    avar_stat_new                            0x1000009c   Data           4  avar_hndl.o(.data)
    avar_stat_offed                          0x100000a0   Data           4  avar_hndl.o(.data)
    av_inv                                   0x100000a4   Data           6  avar_hndl.o(.data)
    mixer_vent_stat                          0x100000aa   Data           1  main.o(.data)
    tloaddisable_stat                        0x100000ab   Data           1  main.o(.data)
    Kubat                                    0x100000ac   Data           4  main.o(.data)
    Kibat0                                   0x100000b0   Data           4  main.o(.data)
    Ktbat                                    0x100000b4   Data           4  main.o(.data)
    Kunet                                    0x100000b8   Data           2  main.o(.data)
    Kunet_ext                                0x100000ba   Data           6  main.o(.data)
    MAIN_IST                                 0x100000c0   Data           2  main.o(.data)
    AUSW_MAIN                                0x100000c2   Data           2  main.o(.data)
    AUSW_MONTH                               0x100000c4   Data           2  main.o(.data)
    AUSW_UKU                                 0x100000c6   Data           2  main.o(.data)
    AUSW_BPS1_NUMBER                         0x100000c8   Data           4  main.o(.data)
    AUSW_RS232                               0x100000cc   Data           2  main.o(.data)
    AUSW_SDH                                 0x100000ce   Data           2  main.o(.data)
    bat_u_old_cnt                            0x100000d0   Data           2  main.o(.data)
    dig                                      0x100000d2   Data           5  main.o(.data)
    zero_on                                  0x100000d7   Data           1  main.o(.data)
    sk_cnt                                   0x100000d8   Data           4  main.o(.data)
    sk_av_stat_old                           0x100000dc   Data           4  main.o(.data)
    u_necc_up                                0x100000e0   Data           2  main.o(.data)
    num_necc                                 0x100000e2   Data           2  main.o(.data)
    Isumm_                                   0x100000e4   Data           2  main.o(.data)
    sign_I                                   0x100000e6   Data           2  main.o(.data)
    superviser_cnt                           0x100000e8   Data           1  main.o(.data)
    Kvv_eb2                                  0x100000ea   Data           6  main.o(.data)
    av_tbox_cnt                              0x100000f0   Data           2  main.o(.data)
    tloaddisable_cnt                         0x100000f2   Data           2  main.o(.data)
    snmp_mains_power_status                  0x100000f4   Data           2  snmp_data_file.o(.data)
    snmp_main_bps                            0x100000f6   Data           2  snmp_data_file.o(.data)
    snmp_alarm_auto_disable                  0x100000f8   Data           2  snmp_data_file.o(.data)
    snmp_u_max                               0x100000fa   Data           2  snmp_data_file.o(.data)
    snmp_u_20_grad                           0x100000fc   Data           2  snmp_data_file.o(.data)
    snmp_u_min_power                         0x100000fe   Data           2  snmp_data_file.o(.data)
    snmp_control_current                     0x10000100   Data           2  snmp_data_file.o(.data)
    snmp_max_current_koef                    0x10000102   Data           2  snmp_data_file.o(.data)
    snmp_max_temperature                     0x10000104   Data           2  snmp_data_file.o(.data)
    snmp_mib                                 0x10000108   Data        6168  snmp_mib.o(.data)
    SystemFrequency                          0x10001920   Data           4  system_lpc17xx.o(.data)
    timer0_counter                           0x10001924   Data           4  timer.o(.data)
    timer1_counter                           0x10001928   Data           4  timer.o(.data)
    bOUT_FREE                                0x1000192c   Data           1  full_can.o(.data)
    ptr_can1_tx_wr                           0x1000192d   Data           1  full_can.o(.data)
    ptr_can1_tx_rd                           0x1000192e   Data           1  full_can.o(.data)
    bR                                       0x1000192f   Data           1  full_can.o(.data)
    bIN                                      0x10001930   Data           1  full_can.o(.data)
    bIN2                                     0x10001931   Data           1  full_can.o(.data)
    TX_len                                   0x10001932   Data           1  full_can.o(.data)
    can_tx_cnt                               0x10001933   Data           1  full_can.o(.data)
    gCANFilter                               0x10001934   Data           2  full_can.o(.data)
    CANStatus                                0x10001938   Data           4  full_can.o(.data)
    snmp_SysUpTime                           0x10001948   Data           4  at_snmp.o(.data)
    http_auth_passw                          0x1000195c   Data          20  net_config_http.o(.bss)
    Mem_Pool                                 0x10001970   Data       16384  net_config_http.o(.bss)
    udp_socket                               0x10005970   Data          60  net_config_http.o(.bss)
    tcp_socket                               0x100059ac   Data         352  net_config_http.o(.bss)
    b_ind                                    0x10005b0c   Data          50  main.o(.bss)
    avt_stat_old                             0x10005b3e   Data          12  main.o(.bss)
    can1_info                                0x10005b4c   Data          32  full_can.o(.bss)
    can1_id                                  0x10005b6c   Data          32  full_can.o(.bss)
    can1_data                                0x10005b8c   Data          32  full_can.o(.bss)
    can1_datb                                0x10005bac   Data          32  full_can.o(.bss)
    rotor_can                                0x10005bcc   Data          12  full_can.o(.bss)
    gFullCANList                             0x10005bd8   Data          24  full_can.o(.bss)
    RXBUFF                                   0x10005bf0   Data          40  full_can.o(.bss)
    TXBUFF                                   0x10005c18   Data          40  full_can.o(.bss)
    can_rotor                                0x10005c40   Data          10  full_can.o(.bss)
    can_debug_plazma                         0x10005c4a   Data          20  full_can.o(.bss)
    __initial_sp                             0x100060e0   Data           0  startup_lpc17xx.o(STACK)
    own_hw_adr                               0x2007c000   Data           6  net_config_http.o(.data)
    snmp_TrapPort                            0x2007c006   Data           2  net_config_http.o(.data)
    rele_stat                                0x2007c008   Data           1  control.o(.data)
    mess_data                                0x2007c00c   Data           8  mess.o(.data)
    retind                                   0x2007c014   Data           1  ret.o(.data)
    retsub                                   0x2007c015   Data           1  ret.o(.data)
    retindsec                                0x2007c016   Data           1  ret.o(.data)
    f0                                       0x2007c017   Data           1  ret.o(.data)
    fc0                                      0x2007c018   Data           1  ret.o(.data)
    f1                                       0x2007c019   Data           1  ret.o(.data)
    fc1                                      0x2007c01a   Data           1  ret.o(.data)
    ret_duty                                 0x2007c01c   Data           2  ret.o(.data)
    retcnt                                   0x2007c020   Data           4  ret.o(.data)
    retcntsec                                0x2007c024   Data           4  ret.o(.data)
    cnt_of_slave                             0x2007c028   Data           1  main.o(.data)
    mnemo_cnt                                0x2007c029   Data           1  main.o(.data)
    bRESET                                   0x2007c02a   Data           1  main.o(.data)
    bRESET_EXT                               0x2007c02b   Data           1  main.o(.data)
    tbatdisable_cmnd                         0x2007c02c   Data           1  main.o(.data)
    tloaddisable_cmnd                        0x2007c02d   Data           1  main.o(.data)
    b10000Hz                                 0x2007c033   Data           1  main.o(.data)
    b1000Hz                                  0x2007c034   Data           1  main.o(.data)
    b2000Hz                                  0x2007c035   Data           1  main.o(.data)
    b100Hz                                   0x2007c036   Data           1  main.o(.data)
    b50Hz                                    0x2007c037   Data           1  main.o(.data)
    b10Hz                                    0x2007c038   Data           1  main.o(.data)
    b5Hz                                     0x2007c039   Data           1  main.o(.data)
    b2Hz                                     0x2007c03a   Data           1  main.o(.data)
    b1Hz                                     0x2007c03b   Data           1  main.o(.data)
    b1min                                    0x2007c03c   Data           1  main.o(.data)
    bFL5                                     0x2007c03d   Data           1  main.o(.data)
    bFL2                                     0x2007c03e   Data           1  main.o(.data)
    bFL_                                     0x2007c03f   Data           1  main.o(.data)
    bTPS                                     0x2007c040   Data           1  main.o(.data)
    APV_ON1                                  0x2007c041   Data           1  main.o(.data)
    APV_ON2                                  0x2007c042   Data           1  main.o(.data)
    AVZ                                      0x2007c043   Data           1  main.o(.data)
    MNEMO_ON                                 0x2007c044   Data           1  main.o(.data)
    first_inv_slot                           0x2007c045   Data           1  main.o(.data)
    phase                                    0x2007c046   Data           1  main.o(.data)
    simax                                    0x2007c047   Data           1  main.o(.data)
    bFF                                      0x2007c048   Data           1  main.o(.data)
    bFF_                                     0x2007c049   Data           1  main.o(.data)
    net_av                                   0x2007c04a   Data           1  main.o(.data)
    but                                      0x2007c04b   Data           1  main.o(.data)
    but0_cnt                                 0x2007c04c   Data           1  main.o(.data)
    but1_cnt                                 0x2007c04d   Data           1  main.o(.data)
    but_onL_temp                             0x2007c04e   Data           1  main.o(.data)
    cnt_net_drv                              0x2007c04f   Data           1  main.o(.data)
    speed                                    0x2007c050   Data           1  main.o(.data)
    l_but                                    0x2007c051   Data           1  main.o(.data)
    n_but                                    0x2007c052   Data           1  main.o(.data)
    default_temp                             0x2007c053   Data           1  main.o(.data)
    plazma_plazma_plazma                     0x2007c054   Data           1  main.o(.data)
    ext_can_cnt                              0x2007c055   Data           1  main.o(.data)
    t_ext_can_nd                             0x2007c056   Data           1  main.o(.data)
    main_10Hz_cnt                            0x2007c058   Data           2  main.o(.data)
    main_1Hz_cnt                             0x2007c05a   Data           2  main.o(.data)
    ind_pointer                              0x2007c05c   Data           2  main.o(.data)
    t0cnt                                    0x2007c05e   Data           2  main.o(.data)
    t0cnt0                                   0x2007c060   Data           2  main.o(.data)
    t0cnt1                                   0x2007c062   Data           2  main.o(.data)
    t0cnt2                                   0x2007c064   Data           2  main.o(.data)
    t0cnt3                                   0x2007c066   Data           2  main.o(.data)
    t0cnt4                                   0x2007c068   Data           2  main.o(.data)
    t0cnt5                                   0x2007c06a   Data           2  main.o(.data)
    UMAX                                     0x2007c06c   Data           2  main.o(.data)
    UB0                                      0x2007c06e   Data           2  main.o(.data)
    UB20                                     0x2007c070   Data           2  main.o(.data)
    TMAX                                     0x2007c072   Data           2  main.o(.data)
    TSIGN                                    0x2007c074   Data           2  main.o(.data)
    AV_OFF_AVT                               0x2007c076   Data           2  main.o(.data)
    USIGN                                    0x2007c078   Data           2  main.o(.data)
    UMN                                      0x2007c07a   Data           2  main.o(.data)
    ZV_ON                                    0x2007c07c   Data           2  main.o(.data)
    IKB                                      0x2007c07e   Data           2  main.o(.data)
    UVZ                                      0x2007c080   Data           2  main.o(.data)
    IMAX                                     0x2007c082   Data           2  main.o(.data)
    IMIN                                     0x2007c084   Data           2  main.o(.data)
    IZMAX                                    0x2007c086   Data           2  main.o(.data)
    U0B                                      0x2007c088   Data           2  main.o(.data)
    TZAS                                     0x2007c08a   Data           2  main.o(.data)
    VZ_HR                                    0x2007c08c   Data           2  main.o(.data)
    TBAT                                     0x2007c08e   Data           2  main.o(.data)
    U_AVT                                    0x2007c090   Data           2  main.o(.data)
    DU                                       0x2007c092   Data           2  main.o(.data)
    PAR                                      0x2007c094   Data           2  main.o(.data)
    TBATMAX                                  0x2007c096   Data           2  main.o(.data)
    TBATSIGN                                 0x2007c098   Data           2  main.o(.data)
    UBM_AV                                   0x2007c09a   Data           2  main.o(.data)
    TBOXMAX                                  0x2007c09c   Data           2  main.o(.data)
    TBOXREG                                  0x2007c09e   Data           2  main.o(.data)
    TBOXVENTMAX                              0x2007c0a0   Data           2  main.o(.data)
    TLOADDISABLE                             0x2007c0a2   Data           2  main.o(.data)
    TLOADENABLE                              0x2007c0a4   Data           2  main.o(.data)
    TBATDISABLE                              0x2007c0a6   Data           2  main.o(.data)
    TBATENABLE                               0x2007c0a8   Data           2  main.o(.data)
    NUMBAT                                   0x2007c0aa   Data           2  main.o(.data)
    NUMIST                                   0x2007c0ac   Data           2  main.o(.data)
    NUMINV                                   0x2007c0ae   Data           2  main.o(.data)
    NUMDT                                    0x2007c0b0   Data           2  main.o(.data)
    NUMSK                                    0x2007c0b2   Data           2  main.o(.data)
    NUMEXT                                   0x2007c0b4   Data           2  main.o(.data)
    NUMAVT                                   0x2007c0b6   Data           2  main.o(.data)
    APV_ON2_TIME                             0x2007c0b8   Data           2  main.o(.data)
    BAT_IS_ON                                0x2007c0ba   Data           2  main.o(.data)
    HOUR_AVZ                                 0x2007c0bc   Data           2  main.o(.data)
    MIN_AVZ                                  0x2007c0be   Data           2  main.o(.data)
    SEC_AVZ                                  0x2007c0c0   Data           2  main.o(.data)
    DATE_AVZ                                 0x2007c0c2   Data           2  main.o(.data)
    MONTH_AVZ                                0x2007c0c4   Data           2  main.o(.data)
    YEAR_AVZ                                 0x2007c0c6   Data           2  main.o(.data)
    AVZ_TIME                                 0x2007c0c8   Data           2  main.o(.data)
    MNEMO_TIME                               0x2007c0ca   Data           2  main.o(.data)
    POWER_CNT_ADRESS                         0x2007c0cc   Data           2  main.o(.data)
    ETH_IS_ON                                0x2007c0ce   Data           2  main.o(.data)
    ETH_DHCP_ON                              0x2007c0d0   Data           2  main.o(.data)
    ETH_IP_1                                 0x2007c0d2   Data           2  main.o(.data)
    ETH_IP_2                                 0x2007c0d4   Data           2  main.o(.data)
    ETH_IP_3                                 0x2007c0d6   Data           2  main.o(.data)
    ETH_IP_4                                 0x2007c0d8   Data           2  main.o(.data)
    ETH_MASK_1                               0x2007c0da   Data           2  main.o(.data)
    ETH_MASK_2                               0x2007c0dc   Data           2  main.o(.data)
    ETH_MASK_3                               0x2007c0de   Data           2  main.o(.data)
    ETH_MASK_4                               0x2007c0e0   Data           2  main.o(.data)
    ETH_TRAP1_IP_1                           0x2007c0e2   Data           2  main.o(.data)
    ETH_TRAP1_IP_2                           0x2007c0e4   Data           2  main.o(.data)
    ETH_TRAP1_IP_3                           0x2007c0e6   Data           2  main.o(.data)
    ETH_TRAP1_IP_4                           0x2007c0e8   Data           2  main.o(.data)
    ETH_TRAP2_IP_1                           0x2007c0ea   Data           2  main.o(.data)
    ETH_TRAP2_IP_2                           0x2007c0ec   Data           2  main.o(.data)
    ETH_TRAP2_IP_3                           0x2007c0ee   Data           2  main.o(.data)
    ETH_TRAP2_IP_4                           0x2007c0f0   Data           2  main.o(.data)
    ETH_TRAP3_IP_1                           0x2007c0f2   Data           2  main.o(.data)
    ETH_TRAP3_IP_2                           0x2007c0f4   Data           2  main.o(.data)
    ETH_TRAP3_IP_3                           0x2007c0f6   Data           2  main.o(.data)
    ETH_TRAP3_IP_4                           0x2007c0f8   Data           2  main.o(.data)
    ETH_TRAP4_IP_1                           0x2007c0fa   Data           2  main.o(.data)
    ETH_TRAP4_IP_2                           0x2007c0fc   Data           2  main.o(.data)
    ETH_TRAP4_IP_3                           0x2007c0fe   Data           2  main.o(.data)
    ETH_TRAP4_IP_4                           0x2007c100   Data           2  main.o(.data)
    ETH_TRAP5_IP_1                           0x2007c102   Data           2  main.o(.data)
    ETH_TRAP5_IP_2                           0x2007c104   Data           2  main.o(.data)
    ETH_TRAP5_IP_3                           0x2007c106   Data           2  main.o(.data)
    ETH_TRAP5_IP_4                           0x2007c108   Data           2  main.o(.data)
    ETH_SNMP_PORT_READ                       0x2007c10a   Data           2  main.o(.data)
    ETH_SNMP_PORT_WRITE                      0x2007c10c   Data           2  main.o(.data)
    ETH_GW_1                                 0x2007c10e   Data           2  main.o(.data)
    ETH_GW_2                                 0x2007c110   Data           2  main.o(.data)
    ETH_GW_3                                 0x2007c112   Data           2  main.o(.data)
    ETH_GW_4                                 0x2007c114   Data           2  main.o(.data)
    load_U                                   0x2007c116   Data           2  main.o(.data)
    load_I                                   0x2007c118   Data           2  main.o(.data)
    av_j_si_max                              0x2007c11a   Data           2  main.o(.data)
    net_U                                    0x2007c11c   Data           2  main.o(.data)
    net_F                                    0x2007c11e   Data           2  main.o(.data)
    hz_out                                   0x2007c120   Data           2  main.o(.data)
    hz_out_cnt                               0x2007c122   Data           2  main.o(.data)
    t_box                                    0x2007c124   Data           2  main.o(.data)
    u_necc                                   0x2007c126   Data           2  main.o(.data)
    av_beep                                  0x2007c128   Data           2  main.o(.data)
    av_rele                                  0x2007c12a   Data           2  main.o(.data)
    Uvv0                                     0x2007c12c   Data           2  main.o(.data)
    pos_vent                                 0x2007c12e   Data           2  main.o(.data)
    t_ext_can                                0x2007c130   Data           2  main.o(.data)
    power_current                            0x2007c132   Data           2  main.o(.data)
    main_vent_pos                            0x2007c134   Data           2  main.o(.data)
    plazma_but_an                            0x2007c136   Data           2  main.o(.data)
    parol                                    0x2007c138   Data           3  main.o(.data)
    sk_stat                                  0x2007c13b   Data           4  main.o(.data)
    sk_av_stat                               0x2007c13f   Data           4  main.o(.data)
    tick                                     0x2007c144   Data           4  main.o(.data)
    BAT_DAY_OF_ON                            0x2007c148   Data           4  main.o(.data)
    BAT_MONTH_OF_ON                          0x2007c14c   Data           4  main.o(.data)
    BAT_YEAR_OF_ON                           0x2007c150   Data           4  main.o(.data)
    BAT_C_NOM                                0x2007c154   Data           4  main.o(.data)
    BAT_RESURS                               0x2007c158   Data           4  main.o(.data)
    BAT_C_REAL                               0x2007c15c   Data           4  main.o(.data)
    AUSW_MAIN_NUMBER                         0x2007c160   Data           4  main.o(.data)
    bSILENT                                  0x2007c164   Data           4  main.o(.data)
    but_n                                    0x2007c168   Data           4  main.o(.data)
    but_s                                    0x2007c16c   Data           4  main.o(.data)
    power_summary                            0x2007c170   Data           4  main.o(.data)
    a_ind                                    0x2007c174   Data           5  main.o(.data)
    c_ind                                    0x2007c179   Data           5  main.o(.data)
    TMAX_EXT_EN                              0x2007c17e   Data           6  main.o(.data)
    TMAX_EXT                                 0x2007c184   Data           6  main.o(.data)
    TMIN_EXT_EN                              0x2007c18a   Data           6  main.o(.data)
    TMIN_EXT                                 0x2007c190   Data           6  main.o(.data)
    T_EXT_REL_EN                             0x2007c196   Data           6  main.o(.data)
    T_EXT_ZVUK_EN                            0x2007c19c   Data           6  main.o(.data)
    T_EXT_LCD_EN                             0x2007c1a2   Data           6  main.o(.data)
    T_EXT_RS_EN                              0x2007c1a8   Data           6  main.o(.data)
    t_ext                                    0x2007c1ae   Data           6  main.o(.data)
    adc_buff_ext_                            0x2007c1b4   Data           6  main.o(.data)
    Uvv                                      0x2007c1ba   Data           6  main.o(.data)
    Uvv_eb2                                  0x2007c1c0   Data           6  main.o(.data)
    Upes_eb2                                 0x2007c1c6   Data           6  main.o(.data)
    SK_SIGN                                  0x2007c1cc   Data           8  main.o(.data)
    SK_REL_EN                                0x2007c1d4   Data           8  main.o(.data)
    SK_ZVUK_EN                               0x2007c1dc   Data           8  main.o(.data)
    SK_LCD_EN                                0x2007c1e4   Data           8  main.o(.data)
    SK_RS_EN                                 0x2007c1ec   Data           8  main.o(.data)
    lcd_buffer                               0x2007c1f4   Data         300  main.o(.data)
    t_box_cnt                                0x2007c320   Data           1  main.o(.data)
    tbatdisable_stat                         0x2007c321   Data           1  main.o(.data)
    av_tbox_stat                             0x2007c322   Data           1  main.o(.data)
    Kubatm                                   0x2007c324   Data           4  main.o(.data)
    Kibat1                                   0x2007c328   Data           4  main.o(.data)
    Ktext                                    0x2007c32c   Data           6  main.o(.data)
    Kuload                                   0x2007c332   Data           2  main.o(.data)
    APV_ON                                   0x2007c334   Data           2  main.o(.data)
    AUSW_DAY                                 0x2007c336   Data           2  main.o(.data)
    AUSW_YEAR                                0x2007c338   Data           2  main.o(.data)
    AUSW_UKU_SUB                             0x2007c33a   Data           2  main.o(.data)
    AUSW_UKU_NUMBER                          0x2007c33c   Data           4  main.o(.data)
    AUSW_BPS2_NUMBER                         0x2007c340   Data           4  main.o(.data)
    AUSW_PDH                                 0x2007c344   Data           2  main.o(.data)
    AUSW_ETH                                 0x2007c346   Data           2  main.o(.data)
    net_Ustore                               0x2007c348   Data           2  main.o(.data)
    unet_drv_cnt                             0x2007c34a   Data           1  main.o(.data)
    sk_av_cnt                                0x2007c34b   Data           4  main.o(.data)
    u_necc_dn                                0x2007c350   Data           2  main.o(.data)
    mat_temper                               0x2007c354   Data           4  main.o(.data)
    Isumm                                    0x2007c358   Data           2  main.o(.data)
    sign_U                                   0x2007c35a   Data           2  main.o(.data)
    vvod_pos                                 0x2007c35c   Data           2  main.o(.data)
    Kpes_eb2                                 0x2007c35e   Data           6  main.o(.data)
    tbatdisable_cnt                          0x2007c364   Data           2  main.o(.data)
    snmp_trap_send_i                         0x2007c368   Data           1  snmp_data_file.o(.data)
    snmp_trap_send_ii                        0x2007c369   Data           1  snmp_data_file.o(.data)
    snmp_numofbat                            0x2007c36a   Data           2  snmp_data_file.o(.data)
    snmp_numofbps                            0x2007c36c   Data           2  snmp_data_file.o(.data)
    snmp_numofinv                            0x2007c36e   Data           2  snmp_data_file.o(.data)
    snmp_numofavt                            0x2007c370   Data           2  snmp_data_file.o(.data)
    snmp_numofdt                             0x2007c372   Data           2  snmp_data_file.o(.data)
    snmp_numofsk                             0x2007c374   Data           2  snmp_data_file.o(.data)
    snmp_numofevents                         0x2007c376   Data           2  snmp_data_file.o(.data)
    snmp_mains_power_voltage                 0x2007c378   Data           2  snmp_data_file.o(.data)
    snmp_mains_power_frequency               0x2007c37a   Data           2  snmp_data_file.o(.data)
    snmp_load_voltage                        0x2007c37c   Data           2  snmp_data_file.o(.data)
    snmp_load_current                        0x2007c37e   Data           2  snmp_data_file.o(.data)
    snmp_spc_trap_value_0                    0x2007c380   Data           2  snmp_data_file.o(.data)
    snmp_spc_trap_value_1                    0x2007c382   Data           2  snmp_data_file.o(.data)
    snmp_spc_trap_value_2                    0x2007c384   Data           2  snmp_data_file.o(.data)
    snmp_energy_vvod_phase_a                 0x2007c386   Data           2  snmp_data_file.o(.data)
    snmp_energy_vvod_phase_b                 0x2007c388   Data           2  snmp_data_file.o(.data)
    snmp_energy_vvod_phase_c                 0x2007c38a   Data           2  snmp_data_file.o(.data)
    snmp_energy_pes_phase_a                  0x2007c38c   Data           2  snmp_data_file.o(.data)
    snmp_energy_pes_phase_b                  0x2007c38e   Data           2  snmp_data_file.o(.data)
    snmp_energy_pes_phase_c                  0x2007c390   Data           2  snmp_data_file.o(.data)
    snmp_energy_current_energy               0x2007c392   Data           2  snmp_data_file.o(.data)
    snmp_command                             0x2007c394   Data           2  snmp_data_file.o(.data)
    snmp_command_parametr                    0x2007c396   Data           2  snmp_data_file.o(.data)
    snmp_max_current                         0x2007c398   Data           2  snmp_data_file.o(.data)
    snmp_powerup_psu_timeout                 0x2007c39a   Data           2  snmp_data_file.o(.data)
    snmp_sernum                              0x2007c39c   Data           4  snmp_data_file.o(.data)
    snmp_bat_number                          0x2007c3a0   Data           4  snmp_data_file.o(.data)
    snmp_bat_voltage                         0x2007c3a4   Data           4  snmp_data_file.o(.data)
    snmp_bat_current                         0x2007c3a8   Data           4  snmp_data_file.o(.data)
    snmp_bat_temperature                     0x2007c3ac   Data           4  snmp_data_file.o(.data)
    snmp_bat_capacity                        0x2007c3b0   Data           4  snmp_data_file.o(.data)
    snmp_bat_charge                          0x2007c3b4   Data           4  snmp_data_file.o(.data)
    snmp_bat_status                          0x2007c3b8   Data           4  snmp_data_file.o(.data)
    snmp_energy_total_energy                 0x2007c3bc   Data           4  snmp_data_file.o(.data)
    snmp_sk_number                           0x2007c3c0   Data           4  snmp_data_file.o(.data)
    snmp_sk_aktiv                            0x2007c3c4   Data           4  snmp_data_file.o(.data)
    snmp_sk_alarm_aktiv                      0x2007c3c8   Data           4  snmp_data_file.o(.data)
    snmp_sk_alarm                            0x2007c3cc   Data           4  snmp_data_file.o(.data)
    temp_ip                                  0x2007c3d0   Data           4  snmp_data_file.o(.data)
    snmp_inv_number                          0x2007c3d4   Data           6  snmp_data_file.o(.data)
    snmp_inv_voltage                         0x2007c3da   Data           6  snmp_data_file.o(.data)
    snmp_inv_current                         0x2007c3e0   Data           6  snmp_data_file.o(.data)
    snmp_inv_temperature                     0x2007c3e6   Data           6  snmp_data_file.o(.data)
    snmp_inv_stat                            0x2007c3ec   Data           6  snmp_data_file.o(.data)
    snmp_log                                 0x2007c3f2   Data        8192  snmp_data_file.o(.data)
    snmp_device_code                         0x2007e3f2   Data           2  snmp_data_file.o(.data)
    snmp_mains_power_alarm                   0x2007e3f4   Data           2  snmp_data_file.o(.data)
    snmp_zv_en                               0x2007e3f6   Data           2  snmp_data_file.o(.data)
    snmp_bat_test_time                       0x2007e3f8   Data           2  snmp_data_file.o(.data)
    snmp_u_0_grad                            0x2007e3fa   Data           2  snmp_data_file.o(.data)
    snmp_u_sign                              0x2007e3fc   Data           2  snmp_data_file.o(.data)
    snmp_u_withouth_bat                      0x2007e3fe   Data           2  snmp_data_file.o(.data)
    snmp_max_charge_current                  0x2007e400   Data           2  snmp_data_file.o(.data)
    snmp_up_charge_koef                      0x2007e402   Data           2  snmp_data_file.o(.data)
    beep_stat_cnt                            0x2007e405   Data           1  beep.o(.data)
    beep_cnt                                 0x2007e406   Data           1  beep.o(.data)
    bU_BAT2REL_AV_BAT                        0x2007e407   Data           1  beep.o(.data)
    beep_stat_temp                           0x2007e408   Data           4  beep.o(.data)
    beep_stat                                0x2007e40c   Data           4  beep.o(.data)
    b7705ch                                  0x2007e410   Data           1  ad7705.o(.data)
    ad7705_wrk_cnt                           0x2007e411   Data           1  ad7705.o(.data)
    ad7705_res1                              0x2007e412   Data           2  ad7705.o(.data)
    ad7705_res2                              0x2007e414   Data           2  ad7705.o(.data)
    ad7705_res                               0x2007e416   Data           2  ad7705.o(.data)
    ad7705_plazma                            0x2007e418   Data           2  ad7705.o(.data)
    ad7705_buff_                             0x2007e41a   Data           4  ad7705.o(.data)
    iap_entry                                0x2007e424   Data           4  emac_lpc17xx.o(.data)
    sys_tick                                 0x2007e434   Data           1  at_system.o(.data)
    sec_tick                                 0x2007e435   Data           1  at_system.o(.data)
    timer_cnt                                0x2007e438   Data           2  at_system.o(.data)
    arp_table                                0x2007e440   Data         140  net_config_http.o(.bss)
    http_session                             0x2007e4cc   Data         288  net_config_http.o(.bss)
    adc_buff                                 0x2007e5ec   Data        1024  control.o(.bss)
    adc_buff_                                0x2007e9ec   Data          32  control.o(.bss)
    main_power_buffer                        0x2007ea0c   Data          32  control.o(.bss)
    mess                                     0x2007ea2c   Data          10  mess.o(.bss)
    mess_old                                 0x2007ea36   Data          10  mess.o(.bss)
    mess_cnt                                 0x2007ea40   Data          10  mess.o(.bss)
    mess_par0                                0x2007ea4c   Data          40  mess.o(.bss)
    mess_par1                                0x2007ea74   Data          40  mess.o(.bss)
    bat                                      0x2007ea9c   Data         152  main.o(.bss)
    bps                                      0x2007eb34   Data         960  main.o(.bss)
    inv                                      0x2007eef4   Data         240  main.o(.bss)
    lcd_bitmap                               0x2007efe4   Data        1024  main.o(.bss)
    ND_EXT                                   0x2007f3e4   Data          12  main.o(.bss)
    tst_state                                0x2007f3f0   Data          15  main.o(.bss)
    content                                  0x2007f3ff   Data          63  main.o(.bss)
    eb2_data                                 0x2007f43e   Data          30  main.o(.bss)
    eb2_data_short                           0x2007f45c   Data          20  main.o(.bss)
    ibt                                      0x2007f470   Data          30  main.o(.bss)
    avt_stat                                 0x2007f48e   Data          12  main.o(.bss)
    snmp_community                           0x2007f49a   Data          10  snmp_data_file.o(.bss)
    snmp_location                            0x2007f4a4   Data         100  snmp_data_file.o(.bss)
    snmp_bps_number                          0x2007f508   Data          16  snmp_data_file.o(.bss)
    snmp_bps_voltage                         0x2007f518   Data          16  snmp_data_file.o(.bss)
    snmp_bps_current                         0x2007f528   Data          16  snmp_data_file.o(.bss)
    snmp_bps_temperature                     0x2007f538   Data          16  snmp_data_file.o(.bss)
    snmp_bps_stat                            0x2007f548   Data          16  snmp_data_file.o(.bss)
    snmp_spc_trap_message                    0x2007f558   Data         100  snmp_data_file.o(.bss)
    snmp_avt_number                          0x2007f5bc   Data          12  snmp_data_file.o(.bss)
    snmp_avt_stat                            0x2007f5c8   Data          12  snmp_data_file.o(.bss)
    obj                                      0x2007f5d4   Data          20  snmp_data_file.o(.bss)
    ad7705_buff                              0x2007f5e8   Data          64  ad7705.o(.bss)
    localm                                   0x200820a4   Data          60  at_system.o(.bss)



==============================================================================

Memory Map of the image

  Image Entry point : 0x000000cd

  Load Region LR_IROM1 (Base: 0x00000000, Size: 0x00020cf8, Max: 0x00040000, ABSOLUTE, COMPRESSED[0x0001d7a0])

    Execution Region ER_IROM1 (Base: 0x00000000, Size: 0x0001cf5c, Max: 0x00040000, ABSOLUTE)

    Base Addr    Size         Type   Attr      Idx    E Section Name        Object

    0x00000000   0x000000cc   Data   RO            3    RESET               startup_lpc17xx.o
    0x000000cc   0x00000000   Code   RO         1301  * .ARM.Collect$$$$00000000  entry.o(mc_w.l)
    0x000000cc   0x00000004   Code   RO         1575    .ARM.Collect$$$$00000001  entry2.o(mc_w.l)
    0x000000d0   0x00000004   Code   RO         1578    .ARM.Collect$$$$00000004  entry5.o(mc_w.l)
    0x000000d4   0x00000008   Code   RO         1579    .ARM.Collect$$$$00000007  entry7.o(mc_w.l)
    0x000000dc   0x00000004   Code   RO         1576    .ARM.Collect$$$$00002712  entry2.o(mc_w.l)
    0x000000e0   0x0000001c   Code   RO            5    .text               startup_lpc17xx.o
    0x000000fc   0x0000004c   Code   RO           13    .text               net_config_http.o
    0x00000148   0x000000e8   Code   RO          221    .text               mess.o
    0x00000230   0x0000003c   Code   RO          237    .text               ret.o
    0x0000026c   0x00000058   Code   RO          267    .text               gran.o
    0x000002c4   0x00000024   Code   RO         1304    .text               memcpya.o(mc_w.l)
    0x000002e8   0x00000010   Code   RO         1306    .text               strlen.o(mc_w.l)
    0x000002f8   0x00000002   Code   RO         1653    i.__scatterload_null  handlers.o(mc_w.l)
    0x000002fa   0x00000002   Code   RO         1283    i.cgi_process_data  at_http_cgi.o(TCP_CM3.lib)
    0x000002fc   0x00000004   Code   RO            4    .ARM.__at_0x02FC    startup_lpc17xx.o
    0x00000300   0x00001210   Code   RO           72    .text               common_func.o
    0x00001510   0x00002db8   Code   RO          137    .text               control.o
    0x000042c8   0x00001204   Code   RO          285    .text               avar_hndl.o
    0x000054cc   0x0001013c   Code   RO          354    .text               main.o
    0x00015608   0x0000072c   Code   RO          570    .text               snmp_data_file.o
    0x00015d34   0x000009e0   Code   RO          660    .text               memo.o
    0x00016714   0x0000014c   Code   RO          672    .text               system_lpc17xx.o
    0x00016860   0x0000004c   Code   RO          694    .text               timer.o
    0x000168ac   0x00000154   Code   RO          762    .text               beep.o
    0x00016a00   0x00000208   Code   RO          777    .text               ad7705.o
    0x00016c08   0x0000048c   Code   RO          801    .text               lcd_agm1232_uku207_3.o
    0x00017094   0x00000432   Code   RO          844    .text               25lc640.o
    0x000174c6   0x00000002   PAD
    0x000174c8   0x000008e4   Code   RO          873    .text               full_can.o
    0x00017dac   0x00000450   Code   RO          965    .text               emac_lpc17xx.o
    0x000181fc   0x0000001c   Code   RO         1308    .text               strcmp.o(mc_w.l)
    0x00018218   0x0000001a   Code   RO         1573    .text               atoi.o(mc_w.l)
    0x00018232   0x0000002c   Code   RO         1583    .text               uidiv.o(mc_w.l)
    0x0001825e   0x00000070   Code   RO         1594    .text               strtol.o(mc_w.l)
    0x000182ce   0x00000002   PAD
    0x000182d0   0x00000024   Code   RO         1607    .text               init.o(mc_w.l)
    0x000182f4   0x00000008   Code   RO         1615    .text               ctype_o.o(mc_w.l)
    0x000182fc   0x00000098   Code   RO         1643    .text               _strtoul.o(mc_w.l)
    0x00018394   0x00000020   Code   RO         1648    .text               _chval.o(mc_w.l)
    0x000183b4   0x0000005e   Code   RO         1658    .text               __dczerorl2.o(mc_w.l)
    0x00018412   0x00000016   Code   RO         1173    i.CalcChksum        at_lib.o(TCP_CM3.lib)
    0x00018428   0x00000028   Code   RO         1174    i.CalcChksumBuf     at_lib.o(TCP_CM3.lib)
    0x00018450   0x0000000a   Code   RO         1175    i.CalcChksumVal     at_lib.o(TCP_CM3.lib)
    0x0001845a   0x0000000a   Code   RO         1176    i.SwapB             at_lib.o(TCP_CM3.lib)
    0x00018464   0x00000028   Code   RO         1469    i.__0sprintf$6      printf6.o(mc_w.l)
    0x0001848c   0x00000008   Code   RO         1587    i.__aeabi_errno_addr  errno.o(mc_w.l)
    0x00018494   0x0000000e   Code   RO         1652    i.__scatterload_copy  handlers.o(mc_w.l)
    0x000184a2   0x0000000e   Code   RO         1654    i.__scatterload_zeroinit  handlers.o(mc_w.l)
    0x000184b0   0x00000300   Code   RO         1474    i._printf_core      printf6.o(mc_w.l)
    0x000187b0   0x00000026   Code   RO         1475    i._printf_post_padding  printf6.o(mc_w.l)
    0x000187d6   0x0000002e   Code   RO         1476    i._printf_pre_padding  printf6.o(mc_w.l)
    0x00018804   0x0000000a   Code   RO         1478    i._sputc            printf6.o(mc_w.l)
    0x0001880e   0x00000002   PAD
    0x00018810   0x000000ec   Code   RO         1124    i.add_object        at_snmp.o(TCP_CM3.lib)
    0x000188fc   0x000000a0   Code   RO         1221    i.alloc_mem         at_mem.o(TCP_CM3.lib)
    0x0001899c   0x000000c4   Code   RO         1240    i.arp_cache_add     at_arp.o(TCP_CM3.lib)
    0x00018a60   0x00000068   Code   RO         1241    i.arp_cache_alloc   at_arp.o(TCP_CM3.lib)
    0x00018ac8   0x00000114   Code   RO         1242    i.arp_cache_find    at_arp.o(TCP_CM3.lib)
    0x00018bdc   0x000000f8   Code   RO         1244    i.arp_cache_update  at_arp.o(TCP_CM3.lib)
    0x00018cd4   0x00000068   Code   RO         1246    i.arp_get_response  at_arp.o(TCP_CM3.lib)
    0x00018d3c   0x0000009c   Code   RO         1247    i.arp_send_reply    at_arp.o(TCP_CM3.lib)
    0x00018dd8   0x000000ac   Code   RO         1248    i.arp_send_req      at_arp.o(TCP_CM3.lib)
    0x00018e84   0x00000074   Code   RO         1178    i.b64_to_asc        at_lib.o(TCP_CM3.lib)
    0x00018ef8   0x00000044   Code   RO         1125    i.bind_tlv          at_snmp.o(TCP_CM3.lib)
    0x00018f3c   0x0000003e   Code   RO         1126    i.bind_val          at_snmp.o(TCP_CM3.lib)
    0x00018f7a   0x00000004   Code   RO         1282    i.cgi_func          at_http_cgi.o(TCP_CM3.lib)
    0x00018f7e   0x00000002   Code   RO         1284    i.cgi_process_var   at_http_cgi.o(TCP_CM3.lib)
    0x00018f80   0x00000004   Code   RO         1062    i.cgx_content_type  at_http.o(TCP_CM3.lib)
    0x00018f84   0x000001c0   Code   RO         1063    i.chk_post_rq       at_http.o(TCP_CM3.lib)
    0x00019144   0x00000028   Code   RO         1064    i.cmp_header        at_http.o(TCP_CM3.lib)
    0x0001916c   0x00000010   Code   RO         1154    i.eth_chk_adr       at_ethernet.o(TCP_CM3.lib)
    0x0001917c   0x00000094   Code   RO         1156    i.eth_send_frame    at_ethernet.o(TCP_CM3.lib)
    0x00019210   0x00000068   Code   RO         1222    i.free_mem          at_mem.o(TCP_CM3.lib)
    0x00019278   0x00000028   Code   RO         1181    i.get_crc           at_lib.o(TCP_CM3.lib)
    0x000192a0   0x00000028   Code   RO         1065    i.get_next_field    at_http.o(TCP_CM3.lib)
    0x000192c8   0x00000032   Code   RO         1066    i.get_next_par      at_http.o(TCP_CM3.lib)
    0x000192fa   0x00000016   Code   RO         1183    i.get_u32           at_lib.o(TCP_CM3.lib)
    0x00019310   0x0000002c   Code   RO         1127    i.get_value         at_snmp.o(TCP_CM3.lib)
    0x0001933c   0x00000004   Code   RO         1068    i.http_accept_host  at_http.o(TCP_CM3.lib)
    0x00019340   0x0000020c   Code   RO         1069    i.http_add_header   at_http.o(TCP_CM3.lib)
    0x0001954c   0x000001bc   Code   RO         1071    i.http_error_msg    at_http.o(TCP_CM3.lib)
    0x00019708   0x00000002   Code   RO         1288    i.http_fclose       at_http_uif.o(TCP_CM3.lib)
    0x0001970a   0x00000004   Code   RO         1289    i.http_fgets        at_http_uif.o(TCP_CM3.lib)
    0x0001970e   0x00000002   PAD
    0x00019710   0x00000050   Code   RO         1072    i.http_file_type    at_http.o(TCP_CM3.lib)
    0x00019760   0x00000004   Code   RO         1290    i.http_finfo        at_http_uif.o(TCP_CM3.lib)
    0x00019764   0x00000004   Code   RO         1291    i.http_fopen        at_http_uif.o(TCP_CM3.lib)
    0x00019768   0x00000004   Code   RO         1292    i.http_fread        at_http_uif.o(TCP_CM3.lib)
    0x0001976c   0x0000005e   Code   RO         1078    i.http_kill_session  at_http.o(TCP_CM3.lib)
    0x000197ca   0x00000002   PAD
    0x000197cc   0x00000250   Code   RO         1079    i.http_listener     at_http.o(TCP_CM3.lib)
    0x00019a1c   0x00000134   Code   RO         1080    i.http_open_file    at_http.o(TCP_CM3.lib)
    0x00019b50   0x00000138   Code   RO         1081    i.http_proc_header  at_http.o(TCP_CM3.lib)
    0x00019c88   0x00000158   Code   RO         1082    i.http_proc_multipart  at_http.o(TCP_CM3.lib)
    0x00019de0   0x000000f0   Code   RO         1083    i.http_proc_post    at_http.o(TCP_CM3.lib)
    0x00019ed0   0x0000001a   Code   RO         1084    i.http_strchr       at_http.o(TCP_CM3.lib)
    0x00019eea   0x0000001e   Code   RO         1085    i.http_strcpy       at_http.o(TCP_CM3.lib)
    0x00019f08   0x000000a8   Code   RO         1086    i.http_to_utc       at_http.o(TCP_CM3.lib)
    0x00019fb0   0x0000000c   Code   RO         1128    i.ilen              at_snmp.o(TCP_CM3.lib)
    0x00019fbc   0x00000038   Code   RO         1231    i.init_TcpNet       at_system.o(TCP_CM3.lib)
    0x00019ff4   0x00000028   Code   RO         1249    i.init_arp          at_arp.o(TCP_CM3.lib)
    0x0001a01c   0x00000024   Code   RO         1157    i.init_eth_link     at_ethernet.o(TCP_CM3.lib)
    0x0001a040   0x00000064   Code   RO         1087    i.init_http         at_http.o(TCP_CM3.lib)
    0x0001a0a4   0x00000024   Code   RO         1223    i.init_mem          at_mem.o(TCP_CM3.lib)
    0x0001a0c8   0x0000005c   Code   RO         1129    i.init_snmp         at_snmp.o(TCP_CM3.lib)
    0x0001a124   0x00000018   Code   RO          988    i.init_tcp          at_tcp.o(TCP_CM3.lib)
    0x0001a13c   0x0000001c   Code   RO         1043    i.init_udp          at_udp.o(TCP_CM3.lib)
    0x0001a158   0x000000c0   Code   RO         1265    i.ip_chk_frame      at_ip.o(TCP_CM3.lib)
    0x0001a218   0x0000000a   Code   RO         1266    i.ip_get_chksum     at_ip.o(TCP_CM3.lib)
    0x0001a222   0x00000002   PAD
    0x0001a224   0x00000098   Code   RO         1267    i.ip_get_locadr     at_ip.o(TCP_CM3.lib)
    0x0001a2bc   0x0000008c   Code   RO         1268    i.ip_send_frame     at_ip.o(TCP_CM3.lib)
    0x0001a348   0x00000022   Code   RO         1184    i.is_subnet         at_lib.o(TCP_CM3.lib)
    0x0001a36a   0x00000002   PAD
    0x0001a36c   0x0000002c   Code   RO         1250    i.is_subnet_bcast   at_arp.o(TCP_CM3.lib)
    0x0001a398   0x0000003c   Code   RO         1232    i.main_TcpNet       at_system.o(TCP_CM3.lib)
    0x0001a3d4   0x0000001e   Code   RO         1185    i.mem_comp          at_lib.o(TCP_CM3.lib)
    0x0001a3f2   0x00000002   PAD
    0x0001a3f4   0x0000001e   Code   RO         1186    i.mem_copy          at_lib.o(TCP_CM3.lib)
    0x0001a412   0x00000002   PAD
    0x0001a414   0x00000010   Code   RO         1188    i.mem_set           at_lib.o(TCP_CM3.lib)
    0x0001a424   0x00000016   Code   RO         1189    i.mem_test          at_lib.o(TCP_CM3.lib)
    0x0001a43a   0x00000002   PAD
    0x0001a43c   0x00000084   Code   RO         1130    i.mib_find          at_snmp.o(TCP_CM3.lib)
    0x0001a4c0   0x0000007c   Code   RO         1131    i.mib_write         at_snmp.o(TCP_CM3.lib)
    0x0001a53c   0x00000074   Code   RO         1132    i.parse_tlv         at_snmp.o(TCP_CM3.lib)
    0x0001a5b0   0x00000002   Code   RO         1158    i.poll_ethernet     at_ethernet.o(TCP_CM3.lib)
    0x0001a5b2   0x00000002   PAD
    0x0001a5b4   0x00000098   Code   RO         1251    i.process_arp       at_arp.o(TCP_CM3.lib)
    0x0001a64c   0x00000002   Code   RO         1159    i.process_hl_igmp   at_ethernet.o(TCP_CM3.lib)
    0x0001a64e   0x00000074   Code   RO         1275    i.process_icmp      at_icmp.o(TCP_CM3.lib)
    0x0001a6c2   0x00000002   PAD
    0x0001a6c4   0x0000044c   Code   RO          989    i.process_tcp       at_tcp.o(TCP_CM3.lib)
    0x0001ab10   0x000000cc   Code   RO         1044    i.process_udp       at_udp.o(TCP_CM3.lib)
    0x0001abdc   0x0000002c   Code   RO         1160    i.put_in_queue      at_ethernet.o(TCP_CM3.lib)
    0x0001ac08   0x000000a6   Code   RO         1088    i.read_script_line  at_http.o(TCP_CM3.lib)
    0x0001acae   0x00000002   PAD
    0x0001acb0   0x00000034   Code   RO         1224    i.resize_mem        at_mem.o(TCP_CM3.lib)
    0x0001ace4   0x000000ac   Code   RO         1161    i.run_eth_link      at_ethernet.o(TCP_CM3.lib)
    0x0001ad90   0x000002e8   Code   RO         1089    i.run_http_server   at_http.o(TCP_CM3.lib)
    0x0001b078   0x00000030   Code   RO         1133    i.run_snmp_agent    at_snmp.o(TCP_CM3.lib)
    0x0001b0a8   0x0000004a   Code   RO         1090    i.search_delim      at_http.o(TCP_CM3.lib)
    0x0001b0f2   0x00000010   Code   RO         1190    i.set_u32           at_lib.o(TCP_CM3.lib)
    0x0001b102   0x00000032   Code   RO         1134    i.set_value         at_snmp.o(TCP_CM3.lib)
    0x0001b134   0x0000032c   Code   RO         1135    i.snmp_listener     at_snmp.o(TCP_CM3.lib)
    0x0001b460   0x00000264   Code   RO         1136    i.snmp_trap         at_snmp.o(TCP_CM3.lib)
    0x0001b6c4   0x00000016   Code   RO         1191    i.str_copy          at_lib.o(TCP_CM3.lib)
    0x0001b6da   0x0000001a   Code   RO         1192    i.str_crc           at_lib.o(TCP_CM3.lib)
    0x0001b6f4   0x0000001a   Code   RO         1194    i.str_scomp         at_lib.o(TCP_CM3.lib)
    0x0001b70e   0x00000002   PAD
    0x0001b710   0x00000058   Code   RO          990    i.tcp_abort         at_tcp.o(TCP_CM3.lib)
    0x0001b768   0x00000080   Code   RO          992    i.tcp_close         at_tcp.o(TCP_CM3.lib)
    0x0001b7e8   0x00000010   Code   RO          995    i.tcp_get_buf       at_tcp.o(TCP_CM3.lib)
    0x0001b7f8   0x00000048   Code   RO          997    i.tcp_get_socket    at_tcp.o(TCP_CM3.lib)
    0x0001b840   0x0000002c   Code   RO          998    i.tcp_get_state     at_tcp.o(TCP_CM3.lib)
    0x0001b86c   0x00000014   Code   RO          999    i.tcp_init_seq      at_tcp.o(TCP_CM3.lib)
    0x0001b880   0x0000007c   Code   RO         1000    i.tcp_listen        at_tcp.o(TCP_CM3.lib)
    0x0001b8fc   0x0000009c   Code   RO         1001    i.tcp_map_socket    at_tcp.o(TCP_CM3.lib)
    0x0001b998   0x00000024   Code   RO         1002    i.tcp_max_dsize     at_tcp.o(TCP_CM3.lib)
    0x0001b9bc   0x000001f8   Code   RO         1003    i.tcp_poll_sockets  at_tcp.o(TCP_CM3.lib)
    0x0001bbb4   0x0000006c   Code   RO         1004    i.tcp_process_opt   at_tcp.o(TCP_CM3.lib)
    0x0001bc20   0x00000100   Code   RO         1008    i.tcp_send          at_tcp.o(TCP_CM3.lib)
    0x0001bd20   0x00000022   Code   RO         1009    i.tcp_send_ctrl     at_tcp.o(TCP_CM3.lib)
    0x0001bd42   0x00000002   PAD
    0x0001bd44   0x000000f4   Code   RO         1010    i.tcp_send_frame    at_tcp.o(TCP_CM3.lib)
    0x0001be38   0x00000080   Code   RO         1011    i.tcp_send_reset    at_tcp.o(TCP_CM3.lib)
    0x0001beb8   0x00000012   Code   RO         1013    i.tcp_set_retransmit  at_tcp.o(TCP_CM3.lib)
    0x0001beca   0x00000002   PAD
    0x0001becc   0x00000078   Code   RO         1014    i.tcp_transit       at_tcp.o(TCP_CM3.lib)
    0x0001bf44   0x0000000c   Code   RO         1233    i.timer_tick        at_system.o(TCP_CM3.lib)
    0x0001bf50   0x00000010   Code   RO         1046    i.udp_get_buf       at_udp.o(TCP_CM3.lib)
    0x0001bf60   0x00000048   Code   RO         1047    i.udp_get_socket    at_udp.o(TCP_CM3.lib)
    0x0001bfa8   0x0000007c   Code   RO         1049    i.udp_open          at_udp.o(TCP_CM3.lib)
    0x0001c024   0x00000104   Code   RO         1051    i.udp_send          at_udp.o(TCP_CM3.lib)
    0x0001c128   0x00000014   Code   RO         1137    i.ulen              at_snmp.o(TCP_CM3.lib)
    0x0001c13c   0x000000e4   Code   RO         1091    i.utc_to_http       at_http.o(TCP_CM3.lib)
    0x0001c220   0x0000003c   Data   RO           20    .constdata          net_config_http.o
    0x0001c25c   0x00000001   Data   RO           21    .constdata          net_config_http.o
    0x0001c25d   0x00000003   PAD
    0x0001c260   0x00000004   Data   RO           22    .constdata          net_config_http.o
    0x0001c264   0x00000002   Data   RO           23    .constdata          net_config_http.o
    0x0001c266   0x00000002   Data   RO           24    .constdata          net_config_http.o
    0x0001c268   0x00000002   Data   RO           25    .constdata          net_config_http.o
    0x0001c26a   0x00000001   Data   RO           26    .constdata          net_config_http.o
    0x0001c26b   0x00000001   Data   RO           27    .constdata          net_config_http.o
    0x0001c26c   0x00000001   Data   RO           28    .constdata          net_config_http.o
    0x0001c26d   0x00000001   Data   RO           29    .constdata          net_config_http.o
    0x0001c26e   0x00000001   Data   RO           30    .constdata          net_config_http.o
    0x0001c26f   0x00000001   PAD
    0x0001c270   0x00000002   Data   RO           31    .constdata          net_config_http.o
    0x0001c272   0x00000002   Data   RO           32    .constdata          net_config_http.o
    0x0001c274   0x00000002   Data   RO           33    .constdata          net_config_http.o
    0x0001c276   0x00000002   Data   RO           34    .constdata          net_config_http.o
    0x0001c278   0x00000002   Data   RO           35    .constdata          net_config_http.o
    0x0001c27a   0x00000001   Data   RO           36    .constdata          net_config_http.o
    0x0001c27b   0x00000001   Data   RO           37    .constdata          net_config_http.o
    0x0001c27c   0x00000001   Data   RO           38    .constdata          net_config_http.o
    0x0001c27d   0x00000001   PAD
    0x0001c27e   0x00000002   Data   RO           39    .constdata          net_config_http.o
    0x0001c280   0x00000014   Data   RO           40    .constdata          net_config_http.o
    0x0001c294   0x00000006   Data   RO           41    .constdata          net_config_http.o
    0x0001c29a   0x00000001   Data   RO           42    .constdata          net_config_http.o
    0x0001c29b   0x00000004   Data   RO           43    .constdata          net_config_http.o
    0x0001c29f   0x00000004   Data   RO          149    .constdata          control.o
    0x0001c2a3   0x00000001   PAD
    0x0001c2a4   0x00000004   Data   RO          315    .constdata          eeprom_map.o
    0x0001c2a8   0x00000004   Data   RO          316    .constdata          eeprom_map.o
    0x0001c2ac   0x00000004   Data   RO          317    .constdata          eeprom_map.o
    0x0001c2b0   0x00000004   Data   RO          318    .constdata          eeprom_map.o
    0x0001c2b4   0x00000004   Data   RO          319    .constdata          eeprom_map.o
    0x0001c2b8   0x00000004   Data   RO          320    .constdata          eeprom_map.o
    0x0001c2bc   0x00000004   Data   RO          321    .constdata          eeprom_map.o
    0x0001c2c0   0x00000004   Data   RO          322    .constdata          eeprom_map.o
    0x0001c2c4   0x00000004   Data   RO          323    .constdata          eeprom_map.o
    0x0001c2c8   0x00000004   Data   RO          324    .constdata          eeprom_map.o
    0x0001c2cc   0x00000004   Data   RO          325    .constdata          eeprom_map.o
    0x0001c2d0   0x00000004   Data   RO          326    .constdata          eeprom_map.o
    0x0001c2d4   0x00000004   Data   RO          327    .constdata          eeprom_map.o
    0x0001c2d8   0x00000004   Data   RO          328    .constdata          eeprom_map.o
    0x0001c2dc   0x00000006   Data   RO          329    .constdata          eeprom_map.o
    0x0001c2e2   0x00000006   Data   RO          330    .constdata          eeprom_map.o
    0x0001c2e8   0x00000006   Data   RO          331    .constdata          eeprom_map.o
    0x0001c2ee   0x00000006   Data   RO          332    .constdata          eeprom_map.o
    0x0001c2f4   0x00000006   Data   RO          333    .constdata          eeprom_map.o
    0x0001c2fa   0x00000006   Data   RO          334    .constdata          eeprom_map.o
    0x0001c300   0x00000006   Data   RO          335    .constdata          eeprom_map.o
    0x0001c306   0x00000006   Data   RO          336    .constdata          eeprom_map.o
    0x0001c30c   0x00000008   Data   RO          337    .constdata          eeprom_map.o
    0x0001c314   0x00000008   Data   RO          338    .constdata          eeprom_map.o
    0x0001c31c   0x00000008   Data   RO          339    .constdata          eeprom_map.o
    0x0001c324   0x00000008   Data   RO          340    .constdata          eeprom_map.o
    0x0001c32c   0x00000008   Data   RO          341    .constdata          eeprom_map.o
    0x0001c334   0x0000067e   Data   RO          361    .constdata          main.o
    0x0001c9b2   0x00000011   Data   RO          362    .constdata          main.o
    0x0001c9c3   0x00000001   Data   RO          630    .constdata          snmp_mib.o
    0x0001c9c4   0x00000002   Data   RO          631    .constdata          snmp_mib.o
    0x0001c9c6   0x00000001   Data   RO          632    .constdata          snmp_mib.o
    0x0001c9c7   0x00000001   Data   RO          633    .constdata          snmp_mib.o
    0x0001c9c8   0x00000004   Data   RO          635    .constdata          snmp_mib.o
    0x0001c9cc   0x000000ca   Data   RO         1092    .constdata          at_http.o(TCP_CM3.lib)
    0x0001ca96   0x00000006   Data   RO         1163    .constdata          at_ethernet.o(TCP_CM3.lib)
    0x0001ca9c   0x00000004   Data   RO         1269    .constdata          at_ip.o(TCP_CM3.lib)
    0x0001caa0   0x0000005e   Data   RO         1277    .constdata          http_err.o(TCP_CM3.lib)
    0x0001cafe   0x0000005b   Data   RO         1278    .constdata          http_err.o(TCP_CM3.lib)
    0x0001cb59   0x00000053   Data   RO         1279    .constdata          http_err.o(TCP_CM3.lib)
    0x0001cbac   0x0000003b   Data   RO         1280    .constdata          http_err.o(TCP_CM3.lib)
    0x0001cbe7   0x00000089   Data   RO         1281    .constdata          http_err.o(TCP_CM3.lib)
    0x0001cc70   0x00000004   Data   RO         1298    .constdata          at_web.o(TCP_CM3.lib)
    0x0001cc74   0x0000018b   Data   RO         1299    .constdata          at_web.o(TCP_CM3.lib)
    0x0001cdff   0x00000001   PAD
    0x0001ce00   0x00000010   Data   RO         1300    .constdata          at_web.o(TCP_CM3.lib)
    0x0001ce10   0x00000081   Data   RO         1616    .constdata          ctype_o.o(mc_w.l)
    0x0001ce91   0x00000003   PAD
    0x0001ce94   0x00000004   Data   RO         1617    .constdata          ctype_o.o(mc_w.l)
    0x0001ce98   0x00000084   Data   RO          638    .conststring        snmp_mib.o
    0x0001cf1c   0x00000040   Data   RO         1650    Region$$Table       anon$$obj.o


    Execution Region RW_IRAM1 (Base: 0x10000000, Size: 0x000060e0, Max: 0x00008000, ABSOLUTE, COMPRESSED[0x0000070c])

    Base Addr    Size         Type   Attr      Idx    E Section Name        Object

    0x10000000   0x00000002   Data   RW           46    .data               net_config_http.o
    0x10000002   0x00000007   Data   RW           48    .data               net_config_http.o
    0x10000009   0x00000003   PAD
    0x1000000c   0x00000084   Data   RW          155    .data               control.o
    0x10000090   0x0000001a   Data   RW          287    .data               avar_hndl.o
    0x100000aa   0x00000001   Data   RW          367    .data               main.o
    0x100000ab   0x00000001   Data   RW          369    .data               main.o
    0x100000ac   0x00000004   Data   RW          379    .data               main.o
    0x100000b0   0x00000004   Data   RW          381    .data               main.o
    0x100000b4   0x00000004   Data   RW          383    .data               main.o
    0x100000b8   0x00000002   Data   RW          384    .data               main.o
    0x100000ba   0x00000006   Data   RW          385    .data               main.o
    0x100000c0   0x00000002   Data   RW          388    .data               main.o
    0x100000c2   0x00000002   Data   RW          391    .data               main.o
    0x100000c4   0x00000002   Data   RW          393    .data               main.o
    0x100000c6   0x00000002   Data   RW          395    .data               main.o
    0x100000c8   0x00000004   Data   RW          398    .data               main.o
    0x100000cc   0x00000002   Data   RW          400    .data               main.o
    0x100000ce   0x00000002   Data   RW          402    .data               main.o
    0x100000d0   0x00000002   Data   RW          404    .data               main.o
    0x100000d2   0x00000005   Data   RW          405    .data               main.o
    0x100000d7   0x00000001   Data   RW          406    .data               main.o
    0x100000d8   0x00000004   Data   RW          413    .data               main.o
    0x100000dc   0x00000004   Data   RW          415    .data               main.o
    0x100000e0   0x00000002   Data   RW          417    .data               main.o
    0x100000e2   0x00000002   Data   RW          420    .data               main.o
    0x100000e4   0x00000002   Data   RW          436    .data               main.o
    0x100000e6   0x00000002   Data   RW          439    .data               main.o
    0x100000e8   0x00000001   Data   RW          440    .data               main.o
    0x100000e9   0x00000001   PAD
    0x100000ea   0x00000006   Data   RW          442    .data               main.o
    0x100000f0   0x00000002   Data   RW          444    .data               main.o
    0x100000f2   0x00000002   Data   RW          446    .data               main.o
    0x100000f4   0x00000002   Data   RW          581    .data               snmp_data_file.o
    0x100000f6   0x00000002   Data   RW          584    .data               snmp_data_file.o
    0x100000f8   0x00000002   Data   RW          586    .data               snmp_data_file.o
    0x100000fa   0x00000002   Data   RW          588    .data               snmp_data_file.o
    0x100000fc   0x00000002   Data   RW          590    .data               snmp_data_file.o
    0x100000fe   0x00000002   Data   RW          592    .data               snmp_data_file.o
    0x10000100   0x00000002   Data   RW          594    .data               snmp_data_file.o
    0x10000102   0x00000002   Data   RW          596    .data               snmp_data_file.o
    0x10000104   0x00000002   Data   RW          598    .data               snmp_data_file.o
    0x10000106   0x00000002   PAD
    0x10000108   0x00001818   Data   RW          640    .data               snmp_mib.o
    0x10001920   0x00000004   Data   RW          673    .data               system_lpc17xx.o
    0x10001924   0x00000008   Data   RW          700    .data               timer.o
    0x1000192c   0x00000010   Data   RW          890    .data               full_can.o
    0x1000193c   0x0000000c   Data   RW         1093    .data               at_http.o(TCP_CM3.lib)
    0x10001948   0x00000004   Data   RW         1139    .data               at_snmp.o(TCP_CM3.lib)
    0x1000194c   0x00000008   Data   RW         1164    .data               at_ethernet.o(TCP_CM3.lib)
    0x10001954   0x00000002   Data   RW         1252    .data               at_arp.o(TCP_CM3.lib)
    0x10001956   0x00000004   Data   RW         1270    .data               at_ip.o(TCP_CM3.lib)
    0x1000195a   0x00000002   PAD
    0x1000195c   0x00000014   Zero   RW           14    .bss                net_config_http.o
    0x10001970   0x00004000   Zero   RW           15    .bss                net_config_http.o
    0x10005970   0x0000003c   Zero   RW           17    .bss                net_config_http.o
    0x100059ac   0x00000160   Zero   RW           18    .bss                net_config_http.o
    0x10005b0c   0x00000032   Zero   RW          358    .bss                main.o
    0x10005b3e   0x0000000c   Zero   RW          360    .bss                main.o
    0x10005b4a   0x00000002   PAD
    0x10005b4c   0x00000112   Zero   RW          880    .bss                full_can.o
    0x10005c5e   0x00000002   PAD
    0x10005c60   0x00000080   Zero   RW         1162    .bss                at_ethernet.o(TCP_CM3.lib)
    0x10005ce0   0x00000400   Zero   RW            1    STACK               startup_lpc17xx.o


    Execution Region RW_IRAM2 (Base: 0x2007c000, Size: 0x000060e0, Max: 0x00008000, ABSOLUTE, COMPRESSED[0x00000138])

    Base Addr    Size         Type   Attr      Idx    E Section Name        Object

    0x2007c000   0x00000006   Data   RW           45    .data               net_config_http.o
    0x2007c006   0x00000002   Data   RW           47    .data               net_config_http.o
    0x2007c008   0x00000001   Data   RW          164    .data               control.o
    0x2007c009   0x00000003   PAD
    0x2007c00c   0x00000008   Data   RW          223    .data               mess.o
    0x2007c014   0x00000014   Data   RW          240    .data               ret.o
    0x2007c028   0x000002f8   Data   RW          363    .data               main.o
    0x2007c320   0x00000001   Data   RW          366    .data               main.o
    0x2007c321   0x00000001   Data   RW          368    .data               main.o
    0x2007c322   0x00000001   Data   RW          370    .data               main.o
    0x2007c323   0x00000001   PAD
    0x2007c324   0x00000004   Data   RW          380    .data               main.o
    0x2007c328   0x00000004   Data   RW          382    .data               main.o
    0x2007c32c   0x00000006   Data   RW          386    .data               main.o
    0x2007c332   0x00000002   Data   RW          387    .data               main.o
    0x2007c334   0x00000002   Data   RW          390    .data               main.o
    0x2007c336   0x00000002   Data   RW          392    .data               main.o
    0x2007c338   0x00000002   Data   RW          394    .data               main.o
    0x2007c33a   0x00000002   Data   RW          396    .data               main.o
    0x2007c33c   0x00000004   Data   RW          397    .data               main.o
    0x2007c340   0x00000004   Data   RW          399    .data               main.o
    0x2007c344   0x00000002   Data   RW          401    .data               main.o
    0x2007c346   0x00000002   Data   RW          403    .data               main.o
    0x2007c348   0x00000002   Data   RW          407    .data               main.o
    0x2007c34a   0x00000001   Data   RW          408    .data               main.o
    0x2007c34b   0x00000004   Data   RW          414    .data               main.o
    0x2007c34f   0x00000001   PAD
    0x2007c350   0x00000002   Data   RW          418    .data               main.o
    0x2007c352   0x00000002   PAD
    0x2007c354   0x00000004   Data   RW          424    .data               main.o
    0x2007c358   0x00000002   Data   RW          435    .data               main.o
    0x2007c35a   0x00000002   Data   RW          438    .data               main.o
    0x2007c35c   0x00000002   Data   RW          441    .data               main.o
    0x2007c35e   0x00000006   Data   RW          443    .data               main.o
    0x2007c364   0x00000002   Data   RW          445    .data               main.o
    0x2007c366   0x00000002   PAD
    0x2007c368   0x0000208a   Data   RW          577    .data               snmp_data_file.o
    0x2007e3f2   0x00000002   Data   RW          578    .data               snmp_data_file.o
    0x2007e3f4   0x00000002   Data   RW          582    .data               snmp_data_file.o
    0x2007e3f6   0x00000002   Data   RW          585    .data               snmp_data_file.o
    0x2007e3f8   0x00000002   Data   RW          587    .data               snmp_data_file.o
    0x2007e3fa   0x00000002   Data   RW          589    .data               snmp_data_file.o
    0x2007e3fc   0x00000002   Data   RW          591    .data               snmp_data_file.o
    0x2007e3fe   0x00000002   Data   RW          593    .data               snmp_data_file.o
    0x2007e400   0x00000002   Data   RW          595    .data               snmp_data_file.o
    0x2007e402   0x00000002   Data   RW          597    .data               snmp_data_file.o
    0x2007e404   0x0000000c   Data   RW          763    .data               beep.o
    0x2007e410   0x0000000e   Data   RW          780    .data               ad7705.o
    0x2007e41e   0x00000002   PAD
    0x2007e420   0x00000008   Data   RW          967    .data               emac_lpc17xx.o
    0x2007e428   0x00000004   Data   RW         1015    .data               at_tcp.o(TCP_CM3.lib)
    0x2007e42c   0x00000002   Data   RW         1052    .data               at_udp.o(TCP_CM3.lib)
    0x2007e42e   0x00000002   PAD
    0x2007e430   0x00000004   Data   RW         1225    .data               at_mem.o(TCP_CM3.lib)
    0x2007e434   0x00000008   Data   RW         1235    .data               at_system.o(TCP_CM3.lib)
    0x2007e43c   0x00000004   Data   RW         1590    .data               errno.o(mc_w.l)
    0x2007e440   0x0000008c   Zero   RW           16    .bss                net_config_http.o
    0x2007e4cc   0x00000120   Zero   RW           19    .bss                net_config_http.o
    0x2007e5ec   0x00000440   Zero   RW          141    .bss                control.o
    0x2007ea2c   0x00000070   Zero   RW          222    .bss                mess.o
    0x2007ea9c   0x000009fe   Zero   RW          356    .bss                main.o
    0x2007f49a   0x0000000a   Zero   RW          574    .bss                snmp_data_file.o
    0x2007f4a4   0x00000144   Zero   RW          575    .bss                snmp_data_file.o
    0x2007f5e8   0x00000040   Zero   RW          779    .bss                ad7705.o
    0x2007f628   0x00002a64   Zero   RW          966    .bss                emac_lpc17xx.o
    0x2008208c   0x00000018   Zero   RW         1138    .bss                at_snmp.o(TCP_CM3.lib)
    0x200820a4   0x0000003c   Zero   RW         1234    .bss                at_system.o(TCP_CM3.lib)


==============================================================================

Image component sizes


      Code (inc. data)   RO Data    RW Data    ZI Data      Debug   Object Name

      1074         12          0          0          0       3264   25lc640.o
       520         24          0         14         64       2619   ad7705.o
      4612        550          0         26          0       7171   avar_hndl.o
       340         36          0         12          0       1335   beep.o
      4624         68          0          0          0      36074   common_func.o
     11704       2098          4        133       1088      41824   control.o
         0          0        144          0          0       1898   eeprom_map.o
      1104         58          0          8      10852      14959   emac_lpc17xx.o
      2276        104          0         16        274      11755   full_can.o
        88          0          0          0          0       1038   gran.o
      1164          8          0          0          0       3219   lcd_agm1232_uku207_3.o
     65852      12930       1679        899       2620      74323   main.o
      2528        554          0          0          0       1208   memo.o
       232         10          0          8        112       1883   mess.o
        76          0        122         17      17244      13096   net_config_http.o
        60          6          0         20          0       1381   ret.o
      1836        198          0       8366        334      10310   snmp_data_file.o
         0          0        141       6168          0        937   snmp_mib.o
        32          8        204          0       1024        604   startup_lpc17xx.o
       332         24          0          4          0        719   system_lpc17xx.o
        76         16          0          8          0        998   timer.o

    ----------------------------------------------------------------------
     98532      16704       2364      15716      33616     230615   Object Totals
         0          0         64          0          0          0   (incl. Generated)
         2          0          6         17          4          3   (incl. Padding)

    ----------------------------------------------------------------------

      Code (inc. data)   RO Data    RW Data    ZI Data      Debug   Library Member Name

        94          0          0          0          0          0   __dczerorl2.o
        32          0          0          0          0         68   _chval.o
       152          0          0          0          0         88   _strtoul.o
      1492        158          0          2          0        872   at_arp.o
       420         44          6          8        128        540   at_ethernet.o
      5060       1036        202         12          0       1852   at_http.o
         8          0          0          0          0        204   at_http_cgi.o
        18          0          0          0          0        340   at_http_uif.o
       116          0          0          0          0         84   at_icmp.o
       494         24          4          4          0        328   at_ip.o
       482          4          0          0          0       1144   at_lib.o
       352         40          0          4          0        344   at_mem.o
      2428        112          0          4         24       1124   at_snmp.o
       128         30          0          8         60        216   at_system.o
      3220        224          0          4          0       1564   at_tcp.o
       704         50          0          2          0        472   at_udp.o
         0          0        415          0          0          0   at_web.o
        26          0          0          0          0         80   atoi.o
         8          4        133          0          0         68   ctype_o.o
         0          0          0          0          0          0   entry.o
         8          4          0          0          0          0   entry2.o
         4          0          0          0          0          0   entry5.o
         8          4          0          0          0          0   entry7.o
         8          4          0          4          0         68   errno.o
        30          0          0          0          0          0   handlers.o
         0          0        464          0          0          0   http_err.o
        36          8          0          0          0         68   init.o
        36          0          0          0          0         68   memcpya.o
       902         10          0          0          0        416   printf6.o
        28          0          0          0          0         76   strcmp.o
        16          0          0          0          0         68   strlen.o
       112          0          0          0          0         88   strtol.o
        44          0          0          0          0         76   uidiv.o

    ----------------------------------------------------------------------
     16496       1756       1228         56        212      10316   Library Totals
        30          0          4          4          0          0   (incl. Padding)

    ----------------------------------------------------------------------

      Code (inc. data)   RO Data    RW Data    ZI Data      Debug   Library Name

     14922       1722       1091         48        212       9084   TCP_CM3.lib
      1544         34        133          4          0       1232   mc_w.l

    ----------------------------------------------------------------------
     16496       1756       1228         56        212      10316   Library Totals

    ----------------------------------------------------------------------

==============================================================================


      Code (inc. data)   RO Data    RW Data    ZI Data      Debug   

    115028      18460       3592      15772      33828     232484   Grand Totals
    115028      18460       3592       2116      33828     232484   ELF Image Totals (compressed)
    115028      18460       3592       2116          0          0   ROM Totals

==============================================================================

    Total RO  Size (Code + RO Data)               118620 ( 115.84kB)
    Total RW  Size (RW Data + ZI Data)             49600 (  48.44kB)
    Total ROM Size (Code + RO Data + RW Data)     120736 ( 117.91kB)

==============================================================================

