ARM Linker, 4.1 [Build 644] [Standard]

==============================================================================

Section Cross References

    startup_lpc17xx.o(RESET) refers to startup_lpc17xx.o(STACK) for __initial_sp
    startup_lpc17xx.o(RESET) refers to startup_lpc17xx.o(.text) for Reset_Handler
    startup_lpc17xx.o(RESET) refers to main.o(.text) for SysTick_Handler
    startup_lpc17xx.o(RESET) refers to timer.o(.text) for TIMER0_IRQHandler
    startup_lpc17xx.o(RESET) refers to uart0.o(.text) for UART0_IRQHandler
    startup_lpc17xx.o(RESET) refers to full_can.o(.text) for CAN_IRQHandler
    startup_lpc17xx.o(RESET) refers to emac_lpc17xx.o(.text) for ENET_IRQHandler
    startup_lpc17xx.o(.text) refers to entry.o(.ARM.Collect$$$$00000000) for __main
    net_config_http.o(.text) refers to at_ethernet.o(i.run_eth_link) for run_eth_link
    net_config_http.o(.text) refers to at_tcp.o(i.tcp_poll_sockets) for tcp_poll_sockets
    net_config_http.o(.text) refers to at_http.o(i.run_http_server) for run_http_server
    net_config_http.o(.text) refers to at_udp.o(i.process_udp) for process_udp
    net_config_http.o(.text) refers to at_tcp.o(i.process_tcp) for process_tcp
    net_config_http.o(.text) refers to at_ethernet.o(i.eth_send_frame) for eth_send_frame
    net_config_http.o(.text) refers to at_ethernet.o(i.init_eth_link) for init_eth_link
    net_config_http.o(.text) refers to at_udp.o(i.init_udp) for init_udp
    net_config_http.o(.text) refers to at_tcp.o(i.init_tcp) for init_tcp
    net_config_http.o(.text) refers to at_http.o(i.init_http) for init_http
    common_func.o(.text) refers to main.o(.data) for lcd_buffer
    common_func.o(.text) refers to main.o(.data) for dig
    common_func.o(.text) refers to main.o(.data) for zero_on
    common_func.o(.text) refers to main.o(.constdata) for ABCDEF
    common_func.o(.text) refers to ret.o(.text) for ret
    common_func.o(.text) refers to main.o(.bss) for b_ind
    common_func.o(.text) refers to common_func.o(.text) for bin2bcd_int
    common_func.o(.text) refers to main.o(.data) for dig
    common_func.o(.text) refers to main.o(.data) for lcd_buffer
    common_func.o(.text) refers to common_func.o(.text) for bin2bcd_int
    common_func.o(.text) refers to main.o(.data) for dig
    common_func.o(.text) refers to main.o(.data) for lcd_buffer
    common_func.o(.text) refers to 25lc640.o(.text) for lc640_read_int
    common_func.o(.text) refers to common_func.o(.text) for ptr_carry
    common_func.o(.text) refers to main.o(.data) for lcd_buffer
    common_func.o(.text) refers to main.o(.constdata) for sm_mont
    common_func.o(.text) refers to common_func.o(.text) for find
    common_func.o(.text) refers to main.o(.data) for lcd_buffer
    common_func.o(.text) refers to common_func.o(.text) for find
    common_func.o(.text) refers to main.o(.data) for bFL2
    common_func.o(.text) refers to common_func.o(.text) for find
    common_func.o(.text) refers to main.o(.constdata) for ABCDEF
    common_func.o(.text) refers to main.o(.data) for lcd_buffer
    common_func.o(.text) refers to 25lc640.o(.text) for lc640_read_long_ptr
    common_func.o(.text) refers to common_func.o(.text) for find
    common_func.o(.text) refers to main.o(.data) for lcd_buffer
    common_func.o(.text) refers to main.o(.constdata) for sm_mont
    control.o(.text) refers to main.o(.data) for TBAT
    control.o(.text) refers to control.o(.data) for .data
    control.o(.text) refers to control.o(.data) for .data
    control.o(.text) refers to mess.o(.text) for mess_send
    control.o(.text) refers to 25lc640.o(.text) for lc640_write_int
    control.o(.text) refers to control.o(.data) for .data
    control.o(.text) refers to ad7705.o(.data) for ad7705_buff_
    control.o(.text) refers to main.o(.data) for Kiload0
    control.o(.text) refers to gran.o(.text) for gran_ring
    control.o(.text) refers to main.o(.text) for abs_pal
    control.o(.text) refers to main.o(.data) for bat_u_old_cnt
    control.o(.text) refers to main.o(.bss) for bat
    control.o(.text) refers to control.o(.bss) for .bss
    control.o(.text) refers to main.o(.data) for Kuload
    control.o(.text) refers to ad7705.o(.data) for ad7705_buff_
    control.o(.text) refers to main.o(.data) for Kiload0
    control.o(.text) refers to main.o(.data) for Kiload1
    control.o(.text) refers to control.o(.data) for .data
    control.o(.text) refers to main.o(.data) for bps_stat
    control.o(.text) refers to main.o(.data) for _x_
    control.o(.text) refers to main.o(.data) for _xu_
    control.o(.text) refers to avar_hndl.o(.text) for avar_bps_hndl
    control.o(.text) refers to main.o(.text) for abs_pal
    control.o(.text) refers to control.o(.data) for .data
    control.o(.text) refers to control.o(.bss) for .bss
    control.o(.text) refers to main.o(.data) for IZMAX
    control.o(.text) refers to control.o(.data) for .data
    control.o(.text) refers to main.o(.bss) for bat
[...]
    NMI_Handler                              0x000000e5   Thumb Code     2  startup_lpc17xx.o(.text)
    HardFault_Handler                        0x000000e7   Thumb Code     2  startup_lpc17xx.o(.text)
    MemManage_Handler                        0x000000e9   Thumb Code     2  startup_lpc17xx.o(.text)
    BusFault_Handler                         0x000000eb   Thumb Code     2  startup_lpc17xx.o(.text)
    UsageFault_Handler                       0x000000ed   Thumb Code     2  startup_lpc17xx.o(.text)
    SVC_Handler                              0x000000ef   Thumb Code     2  startup_lpc17xx.o(.text)
    DebugMon_Handler                         0x000000f1   Thumb Code     2  startup_lpc17xx.o(.text)
    PendSV_Handler                           0x000000f3   Thumb Code     2  startup_lpc17xx.o(.text)
    BOD_IRQHandler                           0x000000f7   Thumb Code     0  startup_lpc17xx.o(.text)
    CANActivity_IRQHandler                   0x000000f7   Thumb Code     0  startup_lpc17xx.o(.text)
    DMA_IRQHandler                           0x000000f7   Thumb Code     0  startup_lpc17xx.o(.text)
    EINT0_IRQHandler                         0x000000f7   Thumb Code     0  startup_lpc17xx.o(.text)
    EINT1_IRQHandler                         0x000000f7   Thumb Code     0  startup_lpc17xx.o(.text)
    EINT2_IRQHandler                         0x000000f7   Thumb Code     0  startup_lpc17xx.o(.text)
    EINT3_IRQHandler                         0x000000f7   Thumb Code     0  startup_lpc17xx.o(.text)
    I2C0_IRQHandler                          0x000000f7   Thumb Code     0  startup_lpc17xx.o(.text)
    I2C1_IRQHandler                          0x000000f7   Thumb Code     0  startup_lpc17xx.o(.text)
    I2C2_IRQHandler                          0x000000f7   Thumb Code     0  startup_lpc17xx.o(.text)
    I2S_IRQHandler                           0x000000f7   Thumb Code     0  startup_lpc17xx.o(.text)
    MCPWM_IRQHandler                         0x000000f7   Thumb Code     0  startup_lpc17xx.o(.text)
    PLL0_IRQHandler                          0x000000f7   Thumb Code     0  startup_lpc17xx.o(.text)
    PLL1_IRQHandler                          0x000000f7   Thumb Code     0  startup_lpc17xx.o(.text)
    PWM1_IRQHandler                          0x000000f7   Thumb Code     0  startup_lpc17xx.o(.text)
    QEI_IRQHandler                           0x000000f7   Thumb Code     0  startup_lpc17xx.o(.text)
    RIT_IRQHandler                           0x000000f7   Thumb Code     0  startup_lpc17xx.o(.text)
    RTC_IRQHandler                           0x000000f7   Thumb Code     0  startup_lpc17xx.o(.text)
    SPI_IRQHandler                           0x000000f7   Thumb Code     0  startup_lpc17xx.o(.text)
    SSP0_IRQHandler                          0x000000f7   Thumb Code     0  startup_lpc17xx.o(.text)
    SSP1_IRQHandler                          0x000000f7   Thumb Code     0  startup_lpc17xx.o(.text)
    TIMER2_IRQHandler                        0x000000f7   Thumb Code     0  startup_lpc17xx.o(.text)
    TIMER3_IRQHandler                        0x000000f7   Thumb Code     0  startup_lpc17xx.o(.text)
    UART1_IRQHandler                         0x000000f7   Thumb Code     0  startup_lpc17xx.o(.text)
    UART2_IRQHandler                         0x000000f7   Thumb Code     0  startup_lpc17xx.o(.text)
    UART3_IRQHandler                         0x000000f7   Thumb Code     0  startup_lpc17xx.o(.text)
    USBActivity_IRQHandler                   0x000000f7   Thumb Code     0  startup_lpc17xx.o(.text)
    USB_IRQHandler                           0x000000f7   Thumb Code     0  startup_lpc17xx.o(.text)
    WDT_IRQHandler                           0x000000f7   Thumb Code     0  startup_lpc17xx.o(.text)
    sys_error                                0x000000fd   Thumb Code     2  net_config_http.o(.text)
    run_system                               0x000000ff   Thumb Code    18  net_config_http.o(.text)
    process_hl_udp                           0x00000111   Thumb Code     4  net_config_http.o(.text)
    process_hl_tcp                           0x00000115   Thumb Code     4  net_config_http.o(.text)
    dispatch_frame                           0x00000119   Thumb Code    10  net_config_http.o(.text)
    igmp_is_member                           0x00000123   Thumb Code     4  net_config_http.o(.text)
    mess_hndl                                0x00000129   Thumb Code    56  mess.o(.text)
    mess_send                                0x00000161   Thumb Code    46  mess.o(.text)
    mess_find                                0x0000018f   Thumb Code    64  mess.o(.text)
    mess_find_unvol                          0x000001cf   Thumb Code    56  mess.o(.text)
    ret_ind                                  0x00000211   Thumb Code    10  ret.o(.text)
    ret_ind_sec                              0x0000021b   Thumb Code     8  ret.o(.text)
    ret                                      0x00000223   Thumb Code     6  ret.o(.text)
    ret_hndl                                 0x00000229   Thumb Code    28  ret.o(.text)
    gran_ring_char                           0x00000249   Thumb Code    22  gran.o(.text)
    gran_char                                0x0000025f   Thumb Code    22  gran.o(.text)
    gran                                     0x00000275   Thumb Code    22  gran.o(.text)
    gran_ring                                0x0000028b   Thumb Code    22  gran.o(.text)
    TIMER0_IRQHandler                        0x000002a1   Thumb Code    44  timer.o(.text)
    TIMER1_IRQHandler                        0x000002cd   Thumb Code    16  timer.o(.text)
    strlen                                   0x000002ed   Thumb Code    16  strlen.o(.text)
    clr_scrn                                 0x00000301   Thumb Code    18  common_func.o(.text)
    find                                     0x00000313   Thumb Code    22  common_func.o(.text)
    bin2bcd_int                              0x00000329   Thumb Code    30  common_func.o(.text)
    bcd2lcd_zero                             0x00000347   Thumb Code    62  common_func.o(.text)
    int2lcd_mmm                              0x00000385   Thumb Code   158  common_func.o(.text)
    __TCP_ARM_VER                            0x00000413   Number         0  at_system.o ABSOLUTE
    long2lcd_mmm                             0x00000423   Thumb Code   156  common_func.o(.text)
    long2lcdyx_mmm                           0x000004bf   Thumb Code   166  common_func.o(.text)
    int2lcdyx                                0x00000565   Thumb Code    78  common_func.o(.text)
    sub_bgnd                                 0x000005b3   Thumb Code    38  common_func.o(.text)
    int2lcd                                  0x000005d9   Thumb Code    88  common_func.o(.text)
    ptr_carry                                0x00000631   Thumb Code    18  common_func.o(.text)
    long2lcdhyx                              0x00000643   Thumb Code   126  common_func.o(.text)
    char2lcdhyx                              0x000006c1   Thumb Code    56  common_func.o(.text)
    int2lcdhyx                               0x000006f9   Thumb Code    64  common_func.o(.text)
    char2lcdbyx                              0x00000739   Thumb Code   120  common_func.o(.text)
    pointer_set                              0x000007b1   Thumb Code   122  common_func.o(.text)
    tree_down                                0x0000082b   Thumb Code    38  common_func.o(.text)
    tree_up                                  0x00000851   Thumb Code    40  common_func.o(.text)
    bgnd_par                                 0x00000879   Thumb Code    94  common_func.o(.text)
    show_mess                                0x000008d7   Thumb Code    38  common_func.o(.text)
    ubat_old_drv                             0x00000911   Thumb Code    44  control.o(.text)
    unet_drv                                 0x0000093d   Thumb Code    56  control.o(.text)
    matemat                                  0x00000975   Thumb Code   146  control.o(.text)
    adc_init                                 0x00000a07   Thumb Code   124  control.o(.text)
    adc_drv7                                 0x00000a83   Thumb Code   398  control.o(.text)
    bps_hndl                                 0x00000c11   Thumb Code   562  control.o(.text)
    bps_drv                                  0x00000e43   Thumb Code   330  control.o(.text)
    avar_hndl                                0x00000fb9   Thumb Code   320  avar_hndl.o(.text)
    reload_hndl                              0x000010f9   Thumb Code   284  avar_hndl.o(.text)
    avar_bps_hndl                            0x00001215   Thumb Code   682  avar_hndl.o(.text)
    abs_pal                                  0x000014c1   Thumb Code    10  main.o(.text)
    ADC_IRQHandler                           0x000014cb   Thumb Code    48  main.o(.text)
    can_reset_hndl                           0x000014fb   Thumb Code   122  main.o(.text)
    net_drv                                  0x00001575   Thumb Code   454  main.o(.text)
    parol_init                               0x0000173b   Thumb Code    18  main.o(.text)
    bitmap_hndl                              0x0000174d   Thumb Code   124  main.o(.text)
    ind_hndl                                 0x000017c9   Thumb Code 13358  main.o(.text)
    but_drv                                  0x00004bf7   Thumb Code   294  main.o(.text)
    but_an                                   0x00004d1d   Thumb Code  9784  main.o(.text)
    watchdog_enable                          0x00007355   Thumb Code    24  main.o(.text)
    watchdog_reset                           0x0000736d   Thumb Code    12  main.o(.text)
    SysTick_Handler                          0x00007379   Thumb Code   256  main.o(.text)
    main                                     0x00007479   Thumb Code   676  main.o(.text)
    memo_read                                0x00007771   Thumb Code  2152  memo.o(.text)
    SystemInit                               0x000080ad   Thumb Code   314  system_lpc17xx.o(.text)
    beep_drv                                 0x00008201   Thumb Code    72  beep.o(.text)
    beep_init                                0x00008249   Thumb Code    48  beep.o(.text)
    beep_hndl                                0x00008279   Thumb Code   188  beep.o(.text)
    spi1_ad7705_config                       0x00008359   Thumb Code    46  ad7705.o(.text)
    ad7705_reset                             0x00008387   Thumb Code    34  ad7705.o(.text)
    ad7705_write                             0x000083a9   Thumb Code    94  ad7705.o(.text)
    ad7705_read                              0x00008407   Thumb Code   134  ad7705.o(.text)
    ad7705_drv                               0x0000848d   Thumb Code   192  ad7705.o(.text)
    lcd1_chk                                 0x00008565   Thumb Code    82  lcd_agm1232_uku207_3.o(.text)
    lcd2_chk                                 0x000085b7   Thumb Code    82  lcd_agm1232_uku207_3.o(.text)
    lcd1_wr                                  0x00008609   Thumb Code   174  lcd_agm1232_uku207_3.o(.text)
    lcd2_wr                                  0x000086b7   Thumb Code   182  lcd_agm1232_uku207_3.o(.text)
    data1_wr                                 0x0000876d   Thumb Code   184  lcd_agm1232_uku207_3.o(.text)
    data2_wr                                 0x00008825   Thumb Code   182  lcd_agm1232_uku207_3.o(.text)
    lcd_set_page                             0x000088db   Thumb Code    20  lcd_agm1232_uku207_3.o(.text)
    lcd_set_col                              0x000088ef   Thumb Code    16  lcd_agm1232_uku207_3.o(.text)
    lcd_set_raw                              0x000088ff   Thumb Code    20  lcd_agm1232_uku207_3.o(.text)
    lcd_init                                 0x00008913   Thumb Code    96  lcd_agm1232_uku207_3.o(.text)
    lcd_clear                                0x00008973   Thumb Code    48  lcd_agm1232_uku207_3.o(.text)
    lcd_on                                   0x000089a3   Thumb Code    16  lcd_agm1232_uku207_3.o(.text)
    lcd_out                                  0x000089b3   Thumb Code    78  lcd_agm1232_uku207_3.o(.text)
    spi1                                     0x00008a01   Thumb Code    16  25lc640.o(.text)
    spi1_config                              0x00008a11   Thumb Code    46  25lc640.o(.text)
    spi1_unconfig                            0x00008a3f   Thumb Code    42  25lc640.o(.text)
    lc640_wren                               0x00008a69   Thumb Code    52  25lc640.o(.text)
    lc640_rdsr                               0x00008a9d   Thumb Code    62  25lc640.o(.text)
    lc640_read_int                           0x00008adb   Thumb Code   112  25lc640.o(.text)
    lc640_read_long                          0x00008b4b   Thumb Code   136  25lc640.o(.text)
    lc640_read_long_ptr                      0x00008bd3   Thumb Code   128  25lc640.o(.text)
    lc640_write                              0x00008c53   Thumb Code   110  25lc640.o(.text)
    lc640_write_int                          0x00008cc1   Thumb Code   118  25lc640.o(.text)
    lc640_write_long                         0x00008d37   Thumb Code   132  25lc640.o(.text)
    lc640_write_long_ptr                     0x00008dbb   Thumb Code   142  25lc640.o(.text)
    can1_out_adr                             0x00008e49   Thumb Code   986  full_can.o(.text)
    can1_out                                 0x00009223   Thumb Code   160  full_can.o(.text)
    can2_out                                 0x000092c3   Thumb Code   146  full_can.o(.text)
    can_in_an2                               0x00009355   Thumb Code    22  full_can.o(.text)
    can_in_an1                               0x0000936b   Thumb Code   588  full_can.o(.text)
    CAN_ISR_Rx1                              0x000095b7   Thumb Code   138  full_can.o(.text)
    CAN_ISR_Rx2                              0x00009641   Thumb Code   232  full_can.o(.text)
    can_isr_tx1                              0x00009729   Thumb Code    94  full_can.o(.text)
    can_isr_tx2                              0x00009787   Thumb Code    86  full_can.o(.text)
    can1_init                                0x000097dd   Thumb Code    74  full_can.o(.text)
    can2_init                                0x00009827   Thumb Code    74  full_can.o(.text)
    FullCAN_SetFilter                        0x00009871   Thumb Code   186  full_can.o(.text)
    CAN_IRQHandler                           0x0000992b   Thumb Code    98  full_can.o(.text)
    crc_87                                   0x000099c9   Thumb Code    32  uart0.o(.text)
    crc_95                                   0x000099e9   Thumb Code    32  uart0.o(.text)
    putchar0                                 0x00009a09   Thumb Code    56  uart0.o(.text)
    uart_out_adr0                            0x00009a41   Thumb Code    62  uart0.o(.text)
    UARTInit                                 0x00009a7f   Thumb Code   204  uart0.o(.text)
    UART0_IRQHandler                         0x00009b4b   Thumb Code   174  uart0.o(.text)
    uart_in_an0                              0x00009bf9   Thumb Code   488  uart0.o(.text)
    index_offset0                            0x00009de1   Thumb Code    28  uart0.o(.text)
    control_check0                           0x00009dfd   Thumb Code    74  uart0.o(.text)
    uart_in0                                 0x00009e47   Thumb Code   144  uart0.o(.text)
    int_enable_eth                           0x00009ef9   Thumb Code    10  emac_lpc17xx.o(.text)
    int_disable_eth                          0x00009f03   Thumb Code    10  emac_lpc17xx.o(.text)
    send_frame                               0x00009f0d   Thumb Code    62  emac_lpc17xx.o(.text)
    ENET_IRQHandler                          0x00009f4b   Thumb Code   128  emac_lpc17xx.o(.text)
    __aeabi_uidiv                            0x00009fdd   Thumb Code     0  uidiv.o(.text)
    __aeabi_uidivmod                         0x00009fdd   Thumb Code    44  uidiv.o(.text)
    __scatterload                            0x0000a009   Thumb Code    28  init.o(.text)
    __scatterload_rt2                        0x0000a009   Thumb Code     0  init.o(.text)
    __decompress                             0x0000a02d   Thumb Code     0  __dczerorl.o(.text)
    __decompress0                            0x0000a02d   Thumb Code    58  __dczerorl.o(.text)
    CalcChksum                               0x0000a067   Thumb Code    22  at_lib.o(i.CalcChksum)
    CalcChksumBuf                            0x0000a07d   Thumb Code    40  at_lib.o(i.CalcChksumBuf)
    CalcChksumVal                            0x0000a0a5   Thumb Code    10  at_lib.o(i.CalcChksumVal)
    SwapB                                    0x0000a0af   Thumb Code    10  at_lib.o(i.SwapB)
    __0sprintf$6                             0x0000a0b9   Thumb Code    34  printf6.o(i.__0sprintf$6)
    __1sprintf$6                             0x0000a0b9   Thumb Code     0  printf6.o(i.__0sprintf$6)
    __2sprintf                               0x0000a0b9   Thumb Code     0  printf6.o(i.__0sprintf$6)
    __scatterload_copy                       0x0000a0e1   Thumb Code    14  handlers.o(i.__scatterload_copy)
    __scatterload_null                       0x0000a0ef   Thumb Code     2  handlers.o(i.__scatterload_null)
    __scatterload_zeroinit                   0x0000a0f1   Thumb Code    14  handlers.o(i.__scatterload_zeroinit)
    alloc_mem                                0x0000a499   Thumb Code   152  at_mem.o(i.alloc_mem)
    arp_cache_add                            0x0000a53d   Thumb Code   176  at_arp.o(i.arp_cache_add)
    arp_cache_find                           0x0000a66d   Thumb Code   254  at_arp.o(i.arp_cache_find)
    arp_cache_update                         0x0000a785   Thumb Code   218  at_arp.o(i.arp_cache_update)
    arp_send_req                             0x0000a981   Thumb Code   154  at_arp.o(i.arp_send_req)
    cgi_func                                 0x0000aa2d   Thumb Code     4  at_http_cgi.o(i.cgi_func)
    cgi_process_data                         0x0000aa31   Thumb Code     2  at_http_cgi.o(i.cgi_process_data)
    cgx_content_type                         0x0000aa33   Thumb Code     4  at_http.o(i.cgx_content_type)
    eth_chk_adr                              0x0000aa39   Thumb Code    10  at_ethernet.o(i.eth_chk_adr)
    eth_send_frame                           0x0000aa49   Thumb Code   138  at_ethernet.o(i.eth_send_frame)
    free_mem                                 0x0000aae1   Thumb Code    94  at_mem.o(i.free_mem)
    get_crc                                  0x0000ab49   Thumb Code    36  at_lib.o(i.get_crc)
    get_u32                                  0x0000ab71   Thumb Code    22  at_lib.o(i.get_u32)
    http_fclose                              0x0000af51   Thumb Code     2  at_http_uif.o(i.http_fclose)
    http_fgets                               0x0000af53   Thumb Code     4  at_http_uif.o(i.http_fgets)
    http_finfo                               0x0000af57   Thumb Code     4  at_http_uif.o(i.http_finfo)
    http_fopen                               0x0000af5b   Thumb Code     4  at_http_uif.o(i.http_fopen)
    http_fread                               0x0000af5f   Thumb Code     4  at_http_uif.o(i.http_fread)
    ip_chk_frame                             0x0000b119   Thumb Code   186  at_ip.o(i.ip_chk_frame)
    ip_get_locadr                            0x0000b1e9   Thumb Code   140  at_ip.o(i.ip_get_locadr)
    ip_send_frame                            0x0000b281   Thumb Code   140  at_ip.o(i.ip_send_frame)
    is_subnet                                0x0000b311   Thumb Code    34  at_lib.o(i.is_subnet)
    is_subnet_bcast                          0x0000b335   Thumb Code    40  at_arp.o(i.is_subnet_bcast)
    main_TcpNet                              0x0000b361   Thumb Code    52  at_system.o(i.main_TcpNet)
    mem_comp                                 0x0000b39d   Thumb Code    30  at_lib.o(i.mem_comp)
    mem_copy                                 0x0000b3bd   Thumb Code    28  at_lib.o(i.mem_copy)
    mem_set                                  0x0000b3d9   Thumb Code    16  at_lib.o(i.mem_set)
    mem_test                                 0x0000b3e9   Thumb Code    22  at_lib.o(i.mem_test)
    poll_ethernet                            0x0000b3ff   Thumb Code     2  at_ethernet.o(i.poll_ethernet)
    process_arp                              0x0000b401   Thumb Code   142  at_arp.o(i.process_arp)
    process_hl_igmp                          0x0000b499   Thumb Code     2  at_ethernet.o(i.process_hl_igmp)
    process_icmp                             0x0000b49b   Thumb Code   116  at_icmp.o(i.process_icmp)
    process_tcp                              0x0000b511   Thumb Code  1132  at_tcp.o(i.process_tcp)
    process_udp                              0x0000b97d   Thumb Code   186  at_udp.o(i.process_udp)
    put_in_queue                             0x0000ba41   Thumb Code    36  at_ethernet.o(i.put_in_queue)
    resize_mem                               0x0000bb0d   Thumb Code    48  at_mem.o(i.resize_mem)
    run_eth_link                             0x0000bb41   Thumb Code   162  at_ethernet.o(i.run_eth_link)
    run_http_server                          0x0000bbf1   Thumb Code   742  at_http.o(i.run_http_server)
    set_u32                                  0x0000bee9   Thumb Code    16  at_lib.o(i.set_u32)
    str_copy                                 0x0000bef9   Thumb Code    22  at_lib.o(i.str_copy)
    str_crc                                  0x0000bf0f   Thumb Code    26  at_lib.o(i.str_crc)
    tcp_abort                                0x0000bf29   Thumb Code    78  at_tcp.o(i.tcp_abort)
    tcp_close                                0x0000bf81   Thumb Code   122  at_tcp.o(i.tcp_close)
    tcp_get_buf                              0x0000c005   Thumb Code    16  at_tcp.o(i.tcp_get_buf)
    tcp_get_state                            0x0000c015   Thumb Code    34  at_tcp.o(i.tcp_get_state)
    tcp_listen                               0x0000c055   Thumb Code   114  at_tcp.o(i.tcp_listen)
    tcp_max_dsize                            0x0000c171   Thumb Code    32  at_tcp.o(i.tcp_max_dsize)
    tcp_poll_sockets                         0x0000c195   Thumb Code   472  at_tcp.o(i.tcp_poll_sockets)
    tcp_send                                 0x0000c3f9   Thumb Code   244  at_tcp.o(i.tcp_send)
    timer_tick                               0x0000c71d   Thumb Code     8  at_system.o(i.timer_tick)
    netif_cfg                                0x0000c808   Data           1  net_config_http.o(.constdata)
    MPool_Size                               0x0000c80c   Data           4  net_config_http.o(.constdata)
    tick_rate                                0x0000c810   Data           2  net_config_http.o(.constdata)
    arp_TabSize                              0x0000c812   Data           2  net_config_http.o(.constdata)
    arp_TimeOut                              0x0000c814   Data           2  net_config_http.o(.constdata)
    arp_MaxRetry                             0x0000c816   Data           1  net_config_http.o(.constdata)
    arp_Resend                               0x0000c817   Data           1  net_config_http.o(.constdata)
    udp_NumSocks                             0x0000c818   Data           1  net_config_http.o(.constdata)
    tcp_NumSocks                             0x0000c819   Data           1  net_config_http.o(.constdata)
    tcp_MaxRetry                             0x0000c81a   Data           1  net_config_http.o(.constdata)
    tcp_RetryTout                            0x0000c81c   Data           2  net_config_http.o(.constdata)
    tcp_2MSSTout                             0x0000c81e   Data           2  net_config_http.o(.constdata)
    tcp_SynRetryTout                         0x0000c820   Data           2  net_config_http.o(.constdata)
    tcp_InitRetryTout                        0x0000c822   Data           2  net_config_http.o(.constdata)
    tcp_ConRetry                             0x0000c824   Data           1  net_config_http.o(.constdata)
    http_NumSess                             0x0000c825   Data           1  net_config_http.o(.constdata)
    http_PortNum                             0x0000c826   Data           2  net_config_http.o(.constdata)
    http_auth_dev                            0x0000c828   Data          20  net_config_http.o(.constdata)
    ADR_EE_BAT_ZAR_CNT                       0x0000c83c   Data           4  eeprom_map.o(.constdata)
    ADR_EE_BAT_ZAR_CNT_KE                    0x0000c840   Data           4  eeprom_map.o(.constdata)
    ADR_EE_BAT_C_NOM                         0x0000c844   Data           4  eeprom_map.o(.constdata)
    ADR_EE_BAT_YEAR_OF_ON                    0x0000c848   Data           4  eeprom_map.o(.constdata)
    ADR_EE_BAT_IS_ON                         0x0000c84c   Data           4  eeprom_map.o(.constdata)
    ADR_EE_BAT_DAY_OF_ON                     0x0000c850   Data           4  eeprom_map.o(.constdata)
    ADR_EE_BAT_MONTH_OF_ON                   0x0000c854   Data           4  eeprom_map.o(.constdata)
    ADR_EE_BAT_RESURS                        0x0000c858   Data           4  eeprom_map.o(.constdata)
    ADR_EE_BAT_C_REAL                        0x0000c85c   Data           4  eeprom_map.o(.constdata)
    caracter                                 0x0000c860   Data        1536  main.o(.constdata)
    sm_mont                                  0x0000ce60   Data          52  main.o(.constdata)
    sm_                                      0x0000ce94   Data          21  main.o(.constdata)
    sm_exit                                  0x0000cea9   Data          21  main.o(.constdata)
    sm_time                                  0x0000cebe   Data          21  main.o(.constdata)
    ABCDEF                                   0x0000ced3   Data          17  main.o(.constdata)
    Table87                                  0x0000cee4   Data         256  full_can.o(.constdata)
    Table95                                  0x0000cfe4   Data         256  full_can.o(.constdata)
    MAC_Broadcast                            0x0000d1ae   Data           6  at_ethernet.o(.constdata)
    IP_Broadcast                             0x0000d1b4   Data           4  at_ip.o(.constdata)
    http_err_401                             0x0000d1b8   Data          94  http_err.o(.constdata)
    http_err_404                             0x0000d216   Data          91  http_err.o(.constdata)
    http_err_501                             0x0000d271   Data          83  http_err.o(.constdata)
    http_err_head                            0x0000d2c4   Data          59  http_err.o(.constdata)
    http_err_foot                            0x0000d2ff   Data         137  http_err.o(.constdata)
    FileMD                                   0x0000d388   Data           4  at_web.o(.constdata)
    FileTab                                  0x0000d518   Data          16  at_web.o(.constdata)
    Region$$Table$$Base                      0x0000d528   Number         0  anon$$obj.o(Region$$Table)
    Region$$Table$$Limit                     0x0000d568   Number         0  anon$$obj.o(Region$$Table)
    i_avg_max                                0x10000000   Data           4  control.o(.data)
    avg                                      0x10000004   Data           4  control.o(.data)
    bAVG                                     0x10000008   Data           1  control.o(.data)
    spc_bat                                  0x10000009   Data           1  control.o(.data)
    vz_cnt_s                                 0x1000000a   Data           2  control.o(.data)
    vz_cnt_s_                                0x1000000c   Data           2  control.o(.data)
    vz_cnt_h_                                0x1000000e   Data           2  control.o(.data)
    __ee_spc_stat                            0x10000010   Data           2  control.o(.data)
    __ee_spc_phase                           0x10000012   Data           2  control.o(.data)
    mess_data                                0x10000014   Data           8  mess.o(.data)
    retind                                   0x1000001c   Data           1  ret.o(.data)
    retsub                                   0x1000001d   Data           1  ret.o(.data)
    retindsec                                0x1000001e   Data           1  ret.o(.data)
    f0                                       0x1000001f   Data           1  ret.o(.data)
    fc0                                      0x10000020   Data           1  ret.o(.data)
    f1                                       0x10000021   Data           1  ret.o(.data)
    fc1                                      0x10000022   Data           1  ret.o(.data)
    ret_duty                                 0x10000024   Data           2  ret.o(.data)
    retcnt                                   0x10000028   Data           4  ret.o(.data)
    retcntsec                                0x1000002c   Data           4  ret.o(.data)
    bps_stat                                 0x10000030   Data           1  main.o(.data)
    Ktext                                    0x10000032   Data           6  main.o(.data)
    UB0                                      0x10000038   Data           2  main.o(.data)
    AV_OFF_AVT                               0x1000003a   Data           2  main.o(.data)
    UMN                                      0x1000003c   Data           2  main.o(.data)
    APV_ON                                   0x1000003e   Data           2  main.o(.data)
    PAR                                      0x10000040   Data           2  main.o(.data)
    NUMEXT                                   0x10000042   Data           2  main.o(.data)
    AUSW_MAIN_NUMBER                         0x10000044   Data           4  main.o(.data)
    AUSW_DAY                                 0x10000048   Data           2  main.o(.data)
    AUSW_YEAR                                0x1000004a   Data           2  main.o(.data)
    AUSW_UKU_SUB                             0x1000004c   Data           2  main.o(.data)
    AUSW_BPS1_NUMBER                         0x10000050   Data           4  main.o(.data)
    AUSW_PDH                                 0x10000054   Data           2  main.o(.data)
    AUSW_ETH                                 0x10000056   Data           2  main.o(.data)
    TMAX_EXT                                 0x10000058   Data           6  main.o(.data)
    TMIN_EXT                                 0x1000005e   Data           6  main.o(.data)
    T_EXT_ZVUK_EN                            0x10000064   Data           6  main.o(.data)
    T_EXT_RS_EN                              0x1000006a   Data           6  main.o(.data)
    ETH_DHCP_ON                              0x10000070   Data           2  main.o(.data)
    ETH_IP_2                                 0x10000072   Data           2  main.o(.data)
    ETH_IP_4                                 0x10000074   Data           2  main.o(.data)
    ETH_MASK_2                               0x10000076   Data           2  main.o(.data)
    ETH_MASK_4                               0x10000078   Data           2  main.o(.data)
    ETH_TRAP1_IP_2                           0x1000007a   Data           2  main.o(.data)
    ETH_TRAP1_IP_4                           0x1000007c   Data           2  main.o(.data)
    ETH_TRAP2_IP_2                           0x1000007e   Data           2  main.o(.data)
    ETH_TRAP2_IP_4                           0x10000080   Data           2  main.o(.data)
    ETH_TRAP3_IP_2                           0x10000082   Data           2  main.o(.data)
    ETH_TRAP3_IP_4                           0x10000084   Data           2  main.o(.data)
    ETH_TRAP4_IP_2                           0x10000086   Data           2  main.o(.data)
    ETH_TRAP4_IP_4                           0x10000088   Data           2  main.o(.data)
    ETH_TRAP5_IP_2                           0x1000008a   Data           2  main.o(.data)
    ETH_TRAP5_IP_4                           0x1000008c   Data           2  main.o(.data)
    ETH_SNMP_PORT_WRITE                      0x1000008e   Data           2  main.o(.data)
    ETH_GW_2                                 0x10000090   Data           2  main.o(.data)
    ETH_GW_4                                 0x10000092   Data           2  main.o(.data)
    ext_can_cnt                              0x10000094   Data           1  main.o(.data)
    _x_                                      0x10000096   Data           2  main.o(.data)
    Kiload0                                  0x10000098   Data           2  main.o(.data)
    SystemFrequency                          0x1000009c   Data           4  system_lpc17xx.o(.data)
    timer0_counter                           0x100000a0   Data           4  timer.o(.data)
    timer1_counter                           0x100000a4   Data           4  timer.o(.data)
    beep_stat_cnt                            0x100000a9   Data           1  beep.o(.data)
    beep_cnt                                 0x100000aa   Data           1  beep.o(.data)
    bU_BAT2REL_AV_BAT                        0x100000ab   Data           1  beep.o(.data)
    beep_stat_temp                           0x100000ac   Data           4  beep.o(.data)
    beep_stat                                0x100000b0   Data           4  beep.o(.data)
    bOUT_FREE                                0x100000b4   Data           1  full_can.o(.data)
    bOUT_FREE2                               0x100000b5   Data           1  full_can.o(.data)
    can_reset_cnt                            0x100000b6   Data           1  full_can.o(.data)
    ptr_can1_tx_wr                           0x100000b7   Data           1  full_can.o(.data)
    ptr_can1_tx_rd                           0x100000b8   Data           1  full_can.o(.data)
    ptr_can2_tx_wr                           0x100000b9   Data           1  full_can.o(.data)
    ptr_can2_tx_rd                           0x100000ba   Data           1  full_can.o(.data)
    bR                                       0x100000bb   Data           1  full_can.o(.data)
    bIN                                      0x100000bc   Data           1  full_can.o(.data)
    bIN2                                     0x100000bd   Data           1  full_can.o(.data)
    can_tx_cnt                               0x100000be   Data           1  full_can.o(.data)
    cnt_can_pal                              0x100000bf   Data           1  full_can.o(.data)
    plazma_can                               0x100000c0   Data           1  full_can.o(.data)
    plazma_can1                              0x100000c1   Data           1  full_can.o(.data)
    plazma_can2                              0x100000c2   Data           1  full_can.o(.data)
    plazma_can3                              0x100000c3   Data           1  full_can.o(.data)
    plazma_can4                              0x100000c4   Data           1  full_can.o(.data)
    gCANFilter                               0x100000c6   Data           2  full_can.o(.data)
    can2_tx_cnt                              0x100000c8   Data           2  full_can.o(.data)
    CANStatus                                0x100000cc   Data           4  full_can.o(.data)
    UART0TxEmpty                             0x100000d0   Data           1  uart0.o(.data)
    bRXIN0                                   0x100000d1   Data           1  uart0.o(.data)
    rx_buffer_overflow0                      0x100000d2   Data           1  uart0.o(.data)
    rx_wr_index0                             0x100000d4   Data           2  uart0.o(.data)
    rx_rd_index0                             0x100000d6   Data           2  uart0.o(.data)
    rx_counter0                              0x100000d8   Data           2  uart0.o(.data)
    tx_wr_index0                             0x100000da   Data           2  uart0.o(.data)
    tx_rd_index0                             0x100000dc   Data           2  uart0.o(.data)
    tx_counter0                              0x100000de   Data           2  uart0.o(.data)
    UART0Status                              0x100000e0   Data           4  uart0.o(.data)
    sys_tick                                 0x100000e8   Data           1  at_system.o(.data)
    sec_tick                                 0x100000e9   Data           1  at_system.o(.data)
    timer_cnt                                0x100000ec   Data           2  at_system.o(.data)
    Mem_Pool                                 0x100000f4   Data       16384  net_config_http.o(.bss)
    arp_table                                0x100040f4   Data         140  net_config_http.o(.bss)
    tcp_socket                               0x10004180   Data         352  net_config_http.o(.bss)
    mess                                     0x100042e0   Data          10  mess.o(.bss)
    mess_old                                 0x100042ea   Data          10  mess.o(.bss)
    mess_cnt                                 0x100042f4   Data          10  mess.o(.bss)
    mess_par0                                0x10004300   Data          40  mess.o(.bss)
    mess_par1                                0x10004328   Data          40  mess.o(.bss)
    eb2_data                                 0x10004350   Data          30  main.o(.bss)
    ad7705_buff                              0x1000436e   Data          64  ad7705.o(.bss)
    localm                                   0x100043b0   Data          60  at_system.o(.bss)
    __initial_sp                             0x10004bf0   Data           0  startup_lpc17xx.o(STACK)
    own_hw_adr                               0x2007c000   Data           6  net_config_http.o(.data)
    adc_self_ch_cnt                          0x2007c006   Data           1  control.o(.data)
    adc_ch_net                               0x2007c007   Data           1  control.o(.data)
    adc_ch                                   0x2007c008   Data           1  control.o(.data)
    adc_ch_cnt                               0x2007c009   Data           1  control.o(.data)
    adc_window_flag                          0x2007c00a   Data           1  control.o(.data)
    ch_cnt0                                  0x2007c00b   Data           1  control.o(.data)
    b1Hz_ch                                  0x2007c00c   Data           1  control.o(.data)
    sh_cnt0                                  0x2007c00d   Data           1  control.o(.data)
    b1Hz_sh                                  0x2007c00e   Data           1  control.o(.data)
    cntrl_stat_U                             0x2007c010   Data           2  control.o(.data)
    cntrl_stat_I                             0x2007c012   Data           2  control.o(.data)
    net_buff_                                0x2007c014   Data           2  control.o(.data)
    adc_result                               0x2007c016   Data           2  control.o(.data)
    adc_gorb_cnt                             0x2007c018   Data           2  control.o(.data)
    adc_zero_cnt                             0x2007c01a   Data           2  control.o(.data)
    adc_window_cnt                           0x2007c01c   Data           2  control.o(.data)
    adc_net_buff_cnt                         0x2007c01e   Data           2  control.o(.data)
    IZMAX_                                   0x2007c020   Data           2  control.o(.data)
    samokalibr_cnt                           0x2007c022   Data           2  control.o(.data)
    main_kb_cnt                              0x2007c024   Data           2  control.o(.data)
    cntrl_stat_blok_cnt                      0x2007c026   Data           2  control.o(.data)
    cntrl_stat_blok_cnt_                     0x2007c028   Data           2  control.o(.data)
    adc_self_ch_buff                         0x2007c02a   Data           6  control.o(.data)
    adc_self_ch_disp                         0x2007c030   Data           6  control.o(.data)
    rele_stat                                0x2007c036   Data           1  control.o(.data)
    i_avg_min                                0x2007c038   Data           4  control.o(.data)
    spc_stat                                 0x2007c03c   Data           1  control.o(.data)
    spc_phase                                0x2007c03d   Data           1  control.o(.data)
    vz_cnt_h                                 0x2007c03e   Data           2  control.o(.data)
    __ee_vz_cnt                              0x2007c040   Data           2  control.o(.data)
    __ee_spc_bat                             0x2007c042   Data           2  control.o(.data)
    avar_stat                                0x2007c044   Data           4  avar_hndl.o(.data)
    avar_ind_stat                            0x2007c048   Data           4  avar_hndl.o(.data)
    avar_stat_old                            0x2007c04c   Data           4  avar_hndl.o(.data)
    avar_stat_new                            0x2007c050   Data           4  avar_hndl.o(.data)
    avar_stat_offed                          0x2007c054   Data           4  avar_hndl.o(.data)
    av_inv                                   0x2007c058   Data           6  avar_hndl.o(.data)
    cnt_of_slave                             0x2007c060   Data           1  main.o(.data)
    mnemo_cnt                                0x2007c061   Data           1  main.o(.data)
    bRESET                                   0x2007c062   Data           1  main.o(.data)
    bRESET_EXT                               0x2007c063   Data           1  main.o(.data)
    tbatdisable_cmnd                         0x2007c064   Data           1  main.o(.data)
    tloaddisable_cmnd                        0x2007c065   Data           1  main.o(.data)
    work_stat                                0x2007c066   Data           1  main.o(.data)
    b10000Hz                                 0x2007c06a   Data           1  main.o(.data)
    b1000Hz                                  0x2007c06b   Data           1  main.o(.data)
    b2000Hz                                  0x2007c06c   Data           1  main.o(.data)
    b100Hz                                   0x2007c06d   Data           1  main.o(.data)
    b50Hz                                    0x2007c06e   Data           1  main.o(.data)
    b10Hz                                    0x2007c06f   Data           1  main.o(.data)
    b5Hz                                     0x2007c070   Data           1  main.o(.data)
    b2Hz                                     0x2007c071   Data           1  main.o(.data)
    b1Hz                                     0x2007c072   Data           1  main.o(.data)
    b1min                                    0x2007c073   Data           1  main.o(.data)
    bFL5                                     0x2007c074   Data           1  main.o(.data)
    bFL2                                     0x2007c075   Data           1  main.o(.data)
    bTPS                                     0x2007c076   Data           1  main.o(.data)
    APV_ON1                                  0x2007c077   Data           1  main.o(.data)
    APV_ON2                                  0x2007c078   Data           1  main.o(.data)
    AVZ                                      0x2007c079   Data           1  main.o(.data)
    MNEMO_ON                                 0x2007c07a   Data           1  main.o(.data)
    phase                                    0x2007c07b   Data           1  main.o(.data)
    simax                                    0x2007c07c   Data           1  main.o(.data)
    bFF                                      0x2007c07d   Data           1  main.o(.data)
    bFF_                                     0x2007c07e   Data           1  main.o(.data)
    net_av                                   0x2007c07f   Data           1  main.o(.data)
    but                                      0x2007c080   Data           1  main.o(.data)
    but0_cnt                                 0x2007c081   Data           1  main.o(.data)
    but1_cnt                                 0x2007c082   Data           1  main.o(.data)
    but_onL_temp                             0x2007c083   Data           1  main.o(.data)
    cnt_net_drv                              0x2007c084   Data           1  main.o(.data)
    speed                                    0x2007c085   Data           1  main.o(.data)
    l_but                                    0x2007c086   Data           1  main.o(.data)
    n_but                                    0x2007c087   Data           1  main.o(.data)
    default_temp                             0x2007c088   Data           1  main.o(.data)
    plazma_plazma_plazma                     0x2007c089   Data           1  main.o(.data)
    t_ext_can_nd                             0x2007c08a   Data           1  main.o(.data)
    bCAN_OFF                                 0x2007c08b   Data           1  main.o(.data)
    can2_plazma                              0x2007c08c   Data           1  main.o(.data)
    main_10Hz_cnt                            0x2007c08e   Data           2  main.o(.data)
    main_1Hz_cnt                             0x2007c090   Data           2  main.o(.data)
    ind_pointer                              0x2007c092   Data           2  main.o(.data)
    t0cnt                                    0x2007c094   Data           2  main.o(.data)
    t0cnt0                                   0x2007c096   Data           2  main.o(.data)
    t0cnt1                                   0x2007c098   Data           2  main.o(.data)
    t0cnt2                                   0x2007c09a   Data           2  main.o(.data)
    t0cnt3                                   0x2007c09c   Data           2  main.o(.data)
    t0cnt4                                   0x2007c09e   Data           2  main.o(.data)
    t0cnt5                                   0x2007c0a0   Data           2  main.o(.data)
    UMAX                                     0x2007c0a2   Data           2  main.o(.data)
    TSIGN                                    0x2007c0a4   Data           2  main.o(.data)
    IKB                                      0x2007c0a6   Data           2  main.o(.data)
    UVZ                                      0x2007c0a8   Data           2  main.o(.data)
    IMAX                                     0x2007c0aa   Data           2  main.o(.data)
    IMIN                                     0x2007c0ac   Data           2  main.o(.data)
    IZMAX                                    0x2007c0ae   Data           2  main.o(.data)
    TZAS                                     0x2007c0b0   Data           2  main.o(.data)
    VZ_HR                                    0x2007c0b2   Data           2  main.o(.data)
    TBAT                                     0x2007c0b4   Data           2  main.o(.data)
    U_AVT                                    0x2007c0b6   Data           2  main.o(.data)
    DU                                       0x2007c0b8   Data           2  main.o(.data)
    TBATMAX                                  0x2007c0ba   Data           2  main.o(.data)
    TBATSIGN                                 0x2007c0bc   Data           2  main.o(.data)
    TBOXMAX                                  0x2007c0be   Data           2  main.o(.data)
    TBOXREG                                  0x2007c0c0   Data           2  main.o(.data)
    TBOXVENTMAX                              0x2007c0c2   Data           2  main.o(.data)
    TLOADDISABLE                             0x2007c0c4   Data           2  main.o(.data)
    TLOADENABLE                              0x2007c0c6   Data           2  main.o(.data)
    TBATDISABLE                              0x2007c0c8   Data           2  main.o(.data)
    TBATENABLE                               0x2007c0ca   Data           2  main.o(.data)
    NUMBAT                                   0x2007c0cc   Data           2  main.o(.data)
    NUMIST                                   0x2007c0ce   Data           2  main.o(.data)
    NUMINV                                   0x2007c0d0   Data           2  main.o(.data)
    NUMDT                                    0x2007c0d2   Data           2  main.o(.data)
    NUMSK                                    0x2007c0d4   Data           2  main.o(.data)
    NUMAVT                                   0x2007c0d6   Data           2  main.o(.data)
    APV_ON2_TIME                             0x2007c0d8   Data           2  main.o(.data)
    BAT_IS_ON                                0x2007c0da   Data           2  main.o(.data)
    HOUR_AVZ                                 0x2007c0dc   Data           2  main.o(.data)
    MIN_AVZ                                  0x2007c0de   Data           2  main.o(.data)
    SEC_AVZ                                  0x2007c0e0   Data           2  main.o(.data)
    DATE_AVZ                                 0x2007c0e2   Data           2  main.o(.data)
    MONTH_AVZ                                0x2007c0e4   Data           2  main.o(.data)
    YEAR_AVZ                                 0x2007c0e6   Data           2  main.o(.data)
    AVZ_TIME                                 0x2007c0e8   Data           2  main.o(.data)
    MNEMO_TIME                               0x2007c0ea   Data           2  main.o(.data)
    POWER_CNT_ADRESS                         0x2007c0ec   Data           2  main.o(.data)
    bat_u_old_cnt                            0x2007c0ee   Data           2  main.o(.data)
    load_U                                   0x2007c0f0   Data           2  main.o(.data)
    load_I                                   0x2007c0f2   Data           2  main.o(.data)
    av_j_si_max                              0x2007c0f4   Data           2  main.o(.data)
    net_U                                    0x2007c0f6   Data           2  main.o(.data)
    net_F                                    0x2007c0f8   Data           2  main.o(.data)
    hz_out                                   0x2007c0fa   Data           2  main.o(.data)
    hz_out_cnt                               0x2007c0fc   Data           2  main.o(.data)
    t_box                                    0x2007c0fe   Data           2  main.o(.data)
    av_beep                                  0x2007c100   Data           2  main.o(.data)
    av_rele                                  0x2007c102   Data           2  main.o(.data)
    Uvv0                                     0x2007c104   Data           2  main.o(.data)
    pos_vent                                 0x2007c106   Data           2  main.o(.data)
    t_ext_can                                0x2007c108   Data           2  main.o(.data)
    power_current                            0x2007c10a   Data           2  main.o(.data)
    main_vent_pos                            0x2007c10c   Data           2  main.o(.data)
    unet_drv_cnt                             0x2007c10e   Data           2  main.o(.data)
    U_MAX                                    0x2007c110   Data           2  main.o(.data)
    U_MIN                                    0x2007c112   Data           2  main.o(.data)
    I_MAX                                    0x2007c114   Data           2  main.o(.data)
    I_MIN                                    0x2007c116   Data           2  main.o(.data)
    T_MAX                                    0x2007c118   Data           2  main.o(.data)
    T_SIGN                                   0x2007c11a   Data           2  main.o(.data)
    I_ug                                     0x2007c11c   Data           2  main.o(.data)
    U_up                                     0x2007c11e   Data           2  main.o(.data)
    U_maxg                                   0x2007c120   Data           2  main.o(.data)
    I_maxp                                   0x2007c122   Data           2  main.o(.data)
    parol                                    0x2007c124   Data           3  main.o(.data)
    sk_stat                                  0x2007c127   Data           4  main.o(.data)
    sk_av_stat                               0x2007c12b   Data           4  main.o(.data)
    tick                                     0x2007c130   Data           4  main.o(.data)
    BAT_DAY_OF_ON                            0x2007c134   Data           4  main.o(.data)
    BAT_MONTH_OF_ON                          0x2007c138   Data           4  main.o(.data)
    BAT_YEAR_OF_ON                           0x2007c13c   Data           4  main.o(.data)
    BAT_C_NOM                                0x2007c140   Data           4  main.o(.data)
    BAT_RESURS                               0x2007c144   Data           4  main.o(.data)
    bSILENT                                  0x2007c148   Data           4  main.o(.data)
    but_n                                    0x2007c14c   Data           4  main.o(.data)
    but_s                                    0x2007c150   Data           4  main.o(.data)
    power_summary                            0x2007c154   Data           4  main.o(.data)
    a_ind                                    0x2007c158   Data           5  main.o(.data)
    c_ind                                    0x2007c15d   Data           5  main.o(.data)
    t_ext                                    0x2007c162   Data           6  main.o(.data)
    adc_buff_ext_                            0x2007c168   Data           6  main.o(.data)
    Uvv                                      0x2007c16e   Data           6  main.o(.data)
    Uvv_eb2                                  0x2007c174   Data           6  main.o(.data)
    Upes_eb2                                 0x2007c17a   Data           6  main.o(.data)
    SK_SIGN                                  0x2007c180   Data           8  main.o(.data)
    SK_REL_EN                                0x2007c188   Data           8  main.o(.data)
    SK_ZVUK_EN                               0x2007c190   Data           8  main.o(.data)
    SK_LCD_EN                                0x2007c198   Data           8  main.o(.data)
    lcd_buffer                               0x2007c1a0   Data         300  main.o(.data)
    Kuload                                   0x2007c2cc   Data           2  main.o(.data)
    UB20                                     0x2007c2ce   Data           2  main.o(.data)
    USIGN                                    0x2007c2d0   Data           2  main.o(.data)
    ZV_ON                                    0x2007c2d2   Data           2  main.o(.data)
    U0B                                      0x2007c2d4   Data           2  main.o(.data)
    UBM_AV                                   0x2007c2d6   Data           2  main.o(.data)
    BAT_C_REAL                               0x2007c2d8   Data           4  main.o(.data)
    AUSW_MAIN                                0x2007c2dc   Data           2  main.o(.data)
    AUSW_MONTH                               0x2007c2de   Data           2  main.o(.data)
    AUSW_UKU                                 0x2007c2e0   Data           2  main.o(.data)
    AUSW_UKU_NUMBER                          0x2007c2e4   Data           4  main.o(.data)
    AUSW_BPS2_NUMBER                         0x2007c2e8   Data           4  main.o(.data)
    AUSW_RS232                               0x2007c2ec   Data           2  main.o(.data)
    AUSW_SDH                                 0x2007c2ee   Data           2  main.o(.data)
    TMAX_EXT_EN                              0x2007c2f0   Data           6  main.o(.data)
    TMIN_EXT_EN                              0x2007c2f6   Data           6  main.o(.data)
    T_EXT_REL_EN                             0x2007c2fc   Data           6  main.o(.data)
    T_EXT_LCD_EN                             0x2007c302   Data           6  main.o(.data)
    SK_RS_EN                                 0x2007c308   Data           8  main.o(.data)
    ETH_IS_ON                                0x2007c310   Data           2  main.o(.data)
    ETH_IP_1                                 0x2007c312   Data           2  main.o(.data)
    ETH_IP_3                                 0x2007c314   Data           2  main.o(.data)
    ETH_MASK_1                               0x2007c316   Data           2  main.o(.data)
    ETH_MASK_3                               0x2007c318   Data           2  main.o(.data)
    ETH_TRAP1_IP_1                           0x2007c31a   Data           2  main.o(.data)
    ETH_TRAP1_IP_3                           0x2007c31c   Data           2  main.o(.data)
    ETH_TRAP2_IP_1                           0x2007c31e   Data           2  main.o(.data)
    ETH_TRAP2_IP_3                           0x2007c320   Data           2  main.o(.data)
    ETH_TRAP3_IP_1                           0x2007c322   Data           2  main.o(.data)
    ETH_TRAP3_IP_3                           0x2007c324   Data           2  main.o(.data)
    ETH_TRAP4_IP_1                           0x2007c326   Data           2  main.o(.data)
    ETH_TRAP4_IP_3                           0x2007c328   Data           2  main.o(.data)
    ETH_TRAP5_IP_1                           0x2007c32a   Data           2  main.o(.data)
    ETH_TRAP5_IP_3                           0x2007c32c   Data           2  main.o(.data)
    ETH_SNMP_PORT_READ                       0x2007c32e   Data           2  main.o(.data)
    ETH_GW_1                                 0x2007c330   Data           2  main.o(.data)
    ETH_GW_3                                 0x2007c332   Data           2  main.o(.data)
    dig                                      0x2007c334   Data           5  main.o(.data)
    zero_on                                  0x2007c339   Data           1  main.o(.data)
    vvod_pos                                 0x2007c33a   Data           2  main.o(.data)
    _xu_                                     0x2007c33c   Data           2  main.o(.data)
    Kiload1                                  0x2007c33e   Data           2  main.o(.data)
    b7705ch                                  0x2007c340   Data           1  ad7705.o(.data)
    ad7705_wrk_cnt                           0x2007c341   Data           1  ad7705.o(.data)
    ad7705_res1                              0x2007c342   Data           2  ad7705.o(.data)
    ad7705_res2                              0x2007c344   Data           2  ad7705.o(.data)
    ad7705_res                               0x2007c346   Data           2  ad7705.o(.data)
    ad7705_plazma                            0x2007c348   Data           2  ad7705.o(.data)
    ad7705_buff_                             0x2007c34a   Data           4  ad7705.o(.data)
    udp_socket                               0x2007c36c   Data          60  net_config_http.o(.bss)
    http_session                             0x2007c3a8   Data         288  net_config_http.o(.bss)
    adc_buff                                 0x2007c4c8   Data        2048  control.o(.bss)
    adc_buff_                                0x2007ccc8   Data          32  control.o(.bss)
    main_power_buffer                        0x2007cce8   Data          32  control.o(.bss)
    bat                                      0x2007cd08   Data         152  main.o(.bss)
    bps                                      0x2007cda0   Data         960  main.o(.bss)
    inv                                      0x2007d160   Data         240  main.o(.bss)
    lcd_bitmap                               0x2007d250   Data        1024  main.o(.bss)
    tst_state                                0x2007d650   Data          15  main.o(.bss)
    content                                  0x2007d65f   Data          63  main.o(.bss)
    ibt                                      0x2007d69e   Data          30  main.o(.bss)
    avt_stat                                 0x2007d6bc   Data          12  main.o(.bss)
    b_ind                                    0x2007d6c8   Data          50  main.o(.bss)
    eb2_data_short                           0x2007d6fa   Data          20  main.o(.bss)
    can1_info                                0x2007d710   Data          32  full_can.o(.bss)
    can1_id                                  0x2007d730   Data          32  full_can.o(.bss)
    can1_data                                0x2007d750   Data          32  full_can.o(.bss)
    can1_datb                                0x2007d770   Data          32  full_can.o(.bss)
    can2_info                                0x2007d790   Data          32  full_can.o(.bss)
    can2_id                                  0x2007d7b0   Data          32  full_can.o(.bss)
    can2_data                                0x2007d7d0   Data          32  full_can.o(.bss)
    can2_datb                                0x2007d7f0   Data          32  full_can.o(.bss)
    rotor_can                                0x2007d810   Data          12  full_can.o(.bss)
    gFullCANList                             0x2007d81c   Data          24  full_can.o(.bss)
    RXBUFF                                   0x2007d834   Data          40  full_can.o(.bss)
    TXBUFF                                   0x2007d85c   Data          40  full_can.o(.bss)
    can_rotor                                0x2007d884   Data          10  full_can.o(.bss)
    can_debug_plazma                         0x2007d88e   Data          20  full_can.o(.bss)
    UIB0                                     0x2007d8a2   Data         100  uart0.o(.bss)
    rx_buffer0                               0x2007d906   Data        1024  uart0.o(.bss)
    tx_buffer0                               0x2007dd06   Data        1024  uart0.o(.bss)



==============================================================================

Memory Map of the image

  Image Entry point : 0x000000cd

  Load Region LR_IROM1 (Base: 0x00000000, Size: 0x0000d9c8, Max: 0x00040000, ABSOLUTE, COMPRESSED[0x0000d684])

    Execution Region ER_IROM1 (Base: 0x00000000, Size: 0x0000d568, Max: 0x00040000, ABSOLUTE)

    Base Addr    Size         Type   Attr      Idx    E Section Name        Object

    0x00000000   0x000000cc   Data   RO            3    RESET               startup_lpc17xx.o
    0x000000cc   0x00000000   Code   RO         1525  * .ARM.Collect$$$$00000000  mc_w.l(entry.o)
    0x000000cc   0x00000004   Code   RO         1795    .ARM.Collect$$$$00000001  mc_w.l(entry2.o)
    0x000000d0   0x00000004   Code   RO         1798    .ARM.Collect$$$$00000004  mc_w.l(entry5.o)
    0x000000d4   0x00000008   Code   RO         1799    .ARM.Collect$$$$00000007  mc_w.l(entry7.o)
    0x000000dc   0x00000004   Code   RO         1796    .ARM.Collect$$$$00002712  mc_w.l(entry2.o)
    0x000000e0   0x0000001c   Code   RO            5    .text               startup_lpc17xx.o
    0x000000fc   0x0000002a   Code   RO           13    .text               net_config_http.o
    0x00000126   0x00000002   PAD
    0x00000128   0x000000e8   Code   RO          336    .text               mess.o
    0x00000210   0x00000038   Code   RO          352    .text               ret.o
    0x00000248   0x00000058   Code   RO          382    .text               gran.o
    0x000002a0   0x0000004c   Code   RO          857    .text               timer.o
    0x000002ec   0x00000010   Code   RO         1528    .text               mc_w.l(strlen.o)
    0x000002fc   0x00000004   Code   RO            4    .ARM.__at_0x02FC    startup_lpc17xx.o
    0x00000300   0x00000610   Code   RO           75    .text               common_func.o
    0x00000910   0x000006a8   Code   RO          183    .text               control.o
    0x00000fb8   0x00000506   Code   RO          401    .text               avar_hndl.o
    0x000014be   0x00000002   PAD
    0x000014c0   0x000062b0   Code   RO          496    .text               main.o
    0x00007770   0x0000093c   Code   RO          817    .text               memo.o
    0x000080ac   0x00000154   Code   RO          830    .text               system_lpc17xx.o
    0x00008200   0x00000158   Code   RO          930    .text               beep.o
    0x00008358   0x0000020c   Code   RO          949    .text               ad7705.o
    0x00008564   0x0000049c   Code   RO          977    .text               lcd_agm1232_uku207_3.o
    0x00008a00   0x00000448   Code   RO         1024    .text               25lc640.o
    0x00008e48   0x00000b80   Code   RO         1057    .text               full_can.o
    0x000099c8   0x00000530   Code   RO         1133    .text               uart0.o
    0x00009ef8   0x000000e4   Code   RO         1193    .text               emac_lpc17xx.o
    0x00009fdc   0x0000002c   Code   RO         1803    .text               mc_w.l(uidiv.o)
    0x0000a008   0x00000024   Code   RO         1827    .text               mc_w.l(init.o)
    0x0000a02c   0x0000003a   Code   RO         1878    .text               mc_w.l(__dczerorl.o)
    0x0000a066   0x00000016   Code   RO         1458    i.CalcChksum        TCP_CM3.lib(at_lib.o)
    0x0000a07c   0x00000028   Code   RO         1459    i.CalcChksumBuf     TCP_CM3.lib(at_lib.o)
    0x0000a0a4   0x0000000a   Code   RO         1460    i.CalcChksumVal     TCP_CM3.lib(at_lib.o)
    0x0000a0ae   0x0000000a   Code   RO         1461    i.SwapB             TCP_CM3.lib(at_lib.o)
    0x0000a0b8   0x00000028   Code   RO         1689    i.__0sprintf$6      mc_w.l(printf6.o)
    0x0000a0e0   0x0000000e   Code   RO         1872    i.__scatterload_copy  mc_w.l(handlers.o)
    0x0000a0ee   0x00000002   Code   RO         1873    i.__scatterload_null  mc_w.l(handlers.o)
    0x0000a0f0   0x0000000e   Code   RO         1874    i.__scatterload_zeroinit  mc_w.l(handlers.o)
    0x0000a0fe   0x00000002   PAD
    0x0000a100   0x00000338   Code   RO         1694    i._printf_core      mc_w.l(printf6.o)
    0x0000a438   0x00000026   Code   RO         1695    i._printf_post_padding  mc_w.l(printf6.o)
    0x0000a45e   0x0000002e   Code   RO         1696    i._printf_pre_padding  mc_w.l(printf6.o)
    0x0000a48c   0x0000000a   Code   RO         1698    i._sputc            mc_w.l(printf6.o)
    0x0000a496   0x00000002   PAD
    0x0000a498   0x000000a4   Code   RO         1397    i.alloc_mem         TCP_CM3.lib(at_mem.o)
    0x0000a53c   0x000000c4   Code   RO         1416    i.arp_cache_add     TCP_CM3.lib(at_arp.o)
    0x0000a600   0x0000006c   Code   RO         1417    i.arp_cache_alloc   TCP_CM3.lib(at_arp.o)
    0x0000a66c   0x00000118   Code   RO         1418    i.arp_cache_find    TCP_CM3.lib(at_arp.o)
    0x0000a784   0x000000f8   Code   RO         1420    i.arp_cache_update  TCP_CM3.lib(at_arp.o)
    0x0000a87c   0x00000068   Code   RO         1422    i.arp_get_response  TCP_CM3.lib(at_arp.o)
    0x0000a8e4   0x0000009c   Code   RO         1423    i.arp_send_reply    TCP_CM3.lib(at_arp.o)
    0x0000a980   0x000000ac   Code   RO         1424    i.arp_send_req      TCP_CM3.lib(at_arp.o)
    0x0000aa2c   0x00000004   Code   RO         1506    i.cgi_func          TCP_CM3.lib(at_http_cgi.o)
    0x0000aa30   0x00000002   Code   RO         1507    i.cgi_process_data  TCP_CM3.lib(at_http_cgi.o)
    0x0000aa32   0x00000004   Code   RO         1316    i.cgx_content_type  TCP_CM3.lib(at_http.o)
    0x0000aa36   0x00000002   PAD
    0x0000aa38   0x00000010   Code   RO         1378    i.eth_chk_adr       TCP_CM3.lib(at_ethernet.o)
    0x0000aa48   0x00000098   Code   RO         1380    i.eth_send_frame    TCP_CM3.lib(at_ethernet.o)
    0x0000aae0   0x00000068   Code   RO         1398    i.free_mem          TCP_CM3.lib(at_mem.o)
    0x0000ab48   0x00000028   Code   RO         1466    i.get_crc           TCP_CM3.lib(at_lib.o)
    0x0000ab70   0x00000016   Code   RO         1468    i.get_u32           TCP_CM3.lib(at_lib.o)
    0x0000ab86   0x00000002   PAD
    0x0000ab88   0x0000020c   Code   RO         1323    i.http_add_header   TCP_CM3.lib(at_http.o)
    0x0000ad94   0x000001bc   Code   RO         1325    i.http_error_msg    TCP_CM3.lib(at_http.o)
    0x0000af50   0x00000002   Code   RO         1512    i.http_fclose       TCP_CM3.lib(at_http_uif.o)
    0x0000af52   0x00000004   Code   RO         1513    i.http_fgets        TCP_CM3.lib(at_http_uif.o)
    0x0000af56   0x00000004   Code   RO         1514    i.http_finfo        TCP_CM3.lib(at_http_uif.o)
    0x0000af5a   0x00000004   Code   RO         1515    i.http_fopen        TCP_CM3.lib(at_http_uif.o)
    0x0000af5e   0x00000004   Code   RO         1516    i.http_fread        TCP_CM3.lib(at_http_uif.o)
    0x0000af62   0x0000005e   Code   RO         1332    i.http_kill_session  TCP_CM3.lib(at_http.o)
    0x0000afc0   0x00000138   Code   RO         1334    i.http_open_file    TCP_CM3.lib(at_http.o)
    0x0000b0f8   0x0000001e   Code   RO         1339    i.http_strcpy       TCP_CM3.lib(at_http.o)
    0x0000b116   0x00000002   PAD
    0x0000b118   0x000000c4   Code   RO         1441    i.ip_chk_frame      TCP_CM3.lib(at_ip.o)
    0x0000b1dc   0x0000000a   Code   RO         1442    i.ip_get_chksum     TCP_CM3.lib(at_ip.o)
    0x0000b1e6   0x00000002   PAD
    0x0000b1e8   0x00000098   Code   RO         1443    i.ip_get_locadr     TCP_CM3.lib(at_ip.o)
    0x0000b280   0x00000090   Code   RO         1444    i.ip_send_frame     TCP_CM3.lib(at_ip.o)
    0x0000b310   0x00000022   Code   RO         1469    i.is_subnet         TCP_CM3.lib(at_lib.o)
    0x0000b332   0x00000002   PAD
    0x0000b334   0x0000002c   Code   RO         1426    i.is_subnet_bcast   TCP_CM3.lib(at_arp.o)
    0x0000b360   0x0000003c   Code   RO         1408    i.main_TcpNet       TCP_CM3.lib(at_system.o)
    0x0000b39c   0x0000001e   Code   RO         1470    i.mem_comp          TCP_CM3.lib(at_lib.o)
    0x0000b3ba   0x00000002   PAD
    0x0000b3bc   0x0000001c   Code   RO         1471    i.mem_copy          TCP_CM3.lib(at_lib.o)
    0x0000b3d8   0x00000010   Code   RO         1473    i.mem_set           TCP_CM3.lib(at_lib.o)
    0x0000b3e8   0x00000016   Code   RO         1474    i.mem_test          TCP_CM3.lib(at_lib.o)
    0x0000b3fe   0x00000002   Code   RO         1382    i.poll_ethernet     TCP_CM3.lib(at_ethernet.o)
    0x0000b400   0x00000098   Code   RO         1427    i.process_arp       TCP_CM3.lib(at_arp.o)
    0x0000b498   0x00000002   Code   RO         1383    i.process_hl_igmp   TCP_CM3.lib(at_ethernet.o)
    0x0000b49a   0x00000074   Code   RO         1451    i.process_icmp      TCP_CM3.lib(at_icmp.o)
    0x0000b50e   0x00000002   PAD
    0x0000b510   0x0000046c   Code   RO         1243    i.process_tcp       TCP_CM3.lib(at_tcp.o)
    0x0000b97c   0x000000c4   Code   RO         1298    i.process_udp       TCP_CM3.lib(at_udp.o)
    0x0000ba40   0x0000002c   Code   RO         1384    i.put_in_queue      TCP_CM3.lib(at_ethernet.o)
    0x0000ba6c   0x0000009e   Code   RO         1342    i.read_script_line  TCP_CM3.lib(at_http.o)
    0x0000bb0a   0x00000002   PAD
    0x0000bb0c   0x00000034   Code   RO         1400    i.resize_mem        TCP_CM3.lib(at_mem.o)
    0x0000bb40   0x000000b0   Code   RO         1385    i.run_eth_link      TCP_CM3.lib(at_ethernet.o)
    0x0000bbf0   0x000002f8   Code   RO         1343    i.run_http_server   TCP_CM3.lib(at_http.o)
    0x0000bee8   0x00000010   Code   RO         1475    i.set_u32           TCP_CM3.lib(at_lib.o)
    0x0000bef8   0x00000016   Code   RO         1476    i.str_copy          TCP_CM3.lib(at_lib.o)
    0x0000bf0e   0x0000001a   Code   RO         1477    i.str_crc           TCP_CM3.lib(at_lib.o)
    0x0000bf28   0x00000058   Code   RO         1244    i.tcp_abort         TCP_CM3.lib(at_tcp.o)
    0x0000bf80   0x00000084   Code   RO         1246    i.tcp_close         TCP_CM3.lib(at_tcp.o)
    0x0000c004   0x00000010   Code   RO         1249    i.tcp_get_buf       TCP_CM3.lib(at_tcp.o)
    0x0000c014   0x0000002c   Code   RO         1252    i.tcp_get_state     TCP_CM3.lib(at_tcp.o)
    0x0000c040   0x00000014   Code   RO         1253    i.tcp_init_seq      TCP_CM3.lib(at_tcp.o)
    0x0000c054   0x0000007c   Code   RO         1254    i.tcp_listen        TCP_CM3.lib(at_tcp.o)
    0x0000c0d0   0x000000a0   Code   RO         1255    i.tcp_map_socket    TCP_CM3.lib(at_tcp.o)
    0x0000c170   0x00000024   Code   RO         1256    i.tcp_max_dsize     TCP_CM3.lib(at_tcp.o)
    0x0000c194   0x000001f4   Code   RO         1257    i.tcp_poll_sockets  TCP_CM3.lib(at_tcp.o)
    0x0000c388   0x00000070   Code   RO         1258    i.tcp_process_opt   TCP_CM3.lib(at_tcp.o)
    0x0000c3f8   0x00000104   Code   RO         1262    i.tcp_send          TCP_CM3.lib(at_tcp.o)
    0x0000c4fc   0x00000022   Code   RO         1263    i.tcp_send_ctrl     TCP_CM3.lib(at_tcp.o)
    0x0000c51e   0x00000002   PAD
    0x0000c520   0x000000f4   Code   RO         1264    i.tcp_send_frame    TCP_CM3.lib(at_tcp.o)
    0x0000c614   0x00000080   Code   RO         1265    i.tcp_send_reset    TCP_CM3.lib(at_tcp.o)
    0x0000c694   0x00000012   Code   RO         1267    i.tcp_set_retransmit  TCP_CM3.lib(at_tcp.o)
    0x0000c6a6   0x00000002   PAD
    0x0000c6a8   0x00000074   Code   RO         1268    i.tcp_transit       TCP_CM3.lib(at_tcp.o)
    0x0000c71c   0x0000000c   Code   RO         1409    i.timer_tick        TCP_CM3.lib(at_system.o)
    0x0000c728   0x000000e0   Code   RO         1345    i.utc_to_http       TCP_CM3.lib(at_http.o)
    0x0000c808   0x00000001   Data   RO           22    .constdata          net_config_http.o
    0x0000c809   0x00000003   PAD
    0x0000c80c   0x00000004   Data   RO           23    .constdata          net_config_http.o
    0x0000c810   0x00000002   Data   RO           24    .constdata          net_config_http.o
    0x0000c812   0x00000002   Data   RO           25    .constdata          net_config_http.o
    0x0000c814   0x00000002   Data   RO           26    .constdata          net_config_http.o
    0x0000c816   0x00000001   Data   RO           27    .constdata          net_config_http.o
    0x0000c817   0x00000001   Data   RO           28    .constdata          net_config_http.o
    0x0000c818   0x00000001   Data   RO           29    .constdata          net_config_http.o
    0x0000c819   0x00000001   Data   RO           30    .constdata          net_config_http.o
    0x0000c81a   0x00000001   Data   RO           31    .constdata          net_config_http.o
    0x0000c81b   0x00000001   PAD
    0x0000c81c   0x00000002   Data   RO           32    .constdata          net_config_http.o
    0x0000c81e   0x00000002   Data   RO           33    .constdata          net_config_http.o
    0x0000c820   0x00000002   Data   RO           34    .constdata          net_config_http.o
    0x0000c822   0x00000002   Data   RO           35    .constdata          net_config_http.o
    0x0000c824   0x00000001   Data   RO           37    .constdata          net_config_http.o
    0x0000c825   0x00000001   Data   RO           38    .constdata          net_config_http.o
    0x0000c826   0x00000002   Data   RO           40    .constdata          net_config_http.o
    0x0000c828   0x00000014   Data   RO           41    .constdata          net_config_http.o
    0x0000c83c   0x00000004   Data   RO          458    .constdata          eeprom_map.o
    0x0000c840   0x00000004   Data   RO          459    .constdata          eeprom_map.o
    0x0000c844   0x00000004   Data   RO          460    .constdata          eeprom_map.o
    0x0000c848   0x00000004   Data   RO          461    .constdata          eeprom_map.o
    0x0000c84c   0x00000004   Data   RO          462    .constdata          eeprom_map.o
    0x0000c850   0x00000004   Data   RO          463    .constdata          eeprom_map.o
    0x0000c854   0x00000004   Data   RO          464    .constdata          eeprom_map.o
    0x0000c858   0x00000004   Data   RO          465    .constdata          eeprom_map.o
    0x0000c85c   0x00000004   Data   RO          466    .constdata          eeprom_map.o
    0x0000c860   0x00000673   Data   RO          508    .constdata          main.o
    0x0000ced3   0x00000011   Data   RO          509    .constdata          main.o
    0x0000cee4   0x00000200   Data   RO         1067    .constdata          full_can.o
    0x0000d0e4   0x000000ca   Data   RO         1346    .constdata          TCP_CM3.lib(at_http.o)
    0x0000d1ae   0x00000006   Data   RO         1387    .constdata          TCP_CM3.lib(at_ethernet.o)
    0x0000d1b4   0x00000004   Data   RO         1445    .constdata          TCP_CM3.lib(at_ip.o)
    0x0000d1b8   0x0000005e   Data   RO         1453    .constdata          TCP_CM3.lib(http_err.o)
    0x0000d216   0x0000005b   Data   RO         1454    .constdata          TCP_CM3.lib(http_err.o)
    0x0000d271   0x00000053   Data   RO         1455    .constdata          TCP_CM3.lib(http_err.o)
    0x0000d2c4   0x0000003b   Data   RO         1456    .constdata          TCP_CM3.lib(http_err.o)
    0x0000d2ff   0x00000089   Data   RO         1457    .constdata          TCP_CM3.lib(http_err.o)
    0x0000d388   0x00000004   Data   RO         1522    .constdata          TCP_CM3.lib(at_web.o)
    0x0000d38c   0x0000018b   Data   RO         1523    .constdata          TCP_CM3.lib(at_web.o)
    0x0000d517   0x00000001   PAD
    0x0000d518   0x00000010   Data   RO         1524    .constdata          TCP_CM3.lib(at_web.o)
    0x0000d528   0x00000040   Data   RO         1870    Region$$Table       anon$$obj.o


    Execution Region RW_IRAM1 (Base: 0x10000000, Size: 0x00004bf0, Max: 0x00008000, ABSOLUTE)

    Base Addr    Size         Type   Attr      Idx    E Section Name        Object

    0x10000000   0x00000004   Data   RW          227    .data               control.o
    0x10000004   0x00000004   Data   RW          231    .data               control.o
    0x10000008   0x00000001   Data   RW          232    .data               control.o
    0x10000009   0x00000001   Data   RW          249    .data               control.o
    0x1000000a   0x00000002   Data   RW          251    .data               control.o
    0x1000000c   0x00000002   Data   RW          252    .data               control.o
    0x1000000e   0x00000002   Data   RW          254    .data               control.o
    0x10000010   0x00000002   Data   RW          260    .data               control.o
    0x10000012   0x00000002   Data   RW          262    .data               control.o
    0x10000014   0x00000008   Data   RW          338    .data               mess.o
    0x1000001c   0x00000014   Data   RW          355    .data               ret.o
    0x10000030   0x00000001   Data   RW          518    .data               main.o
    0x10000031   0x00000001   PAD
    0x10000032   0x00000006   Data   RW          535    .data               main.o
    0x10000038   0x00000002   Data   RW          541    .data               main.o
    0x1000003a   0x00000002   Data   RW          543    .data               main.o
    0x1000003c   0x00000002   Data   RW          545    .data               main.o
    0x1000003e   0x00000002   Data   RW          547    .data               main.o
    0x10000040   0x00000002   Data   RW          549    .data               main.o
    0x10000042   0x00000002   Data   RW          551    .data               main.o
    0x10000044   0x00000004   Data   RW          554    .data               main.o
    0x10000048   0x00000002   Data   RW          555    .data               main.o
    0x1000004a   0x00000002   Data   RW          557    .data               main.o
    0x1000004c   0x00000002   Data   RW          559    .data               main.o
    0x1000004e   0x00000002   PAD
    0x10000050   0x00000004   Data   RW          561    .data               main.o
    0x10000054   0x00000002   Data   RW          564    .data               main.o
    0x10000056   0x00000002   Data   RW          566    .data               main.o
    0x10000058   0x00000006   Data   RW          568    .data               main.o
    0x1000005e   0x00000006   Data   RW          570    .data               main.o
    0x10000064   0x00000006   Data   RW          572    .data               main.o
    0x1000006a   0x00000006   Data   RW          574    .data               main.o
    0x10000070   0x00000002   Data   RW          577    .data               main.o
    0x10000072   0x00000002   Data   RW          579    .data               main.o
    0x10000074   0x00000002   Data   RW          581    .data               main.o
    0x10000076   0x00000002   Data   RW          583    .data               main.o
    0x10000078   0x00000002   Data   RW          585    .data               main.o
    0x1000007a   0x00000002   Data   RW          587    .data               main.o
    0x1000007c   0x00000002   Data   RW          589    .data               main.o
    0x1000007e   0x00000002   Data   RW          591    .data               main.o
    0x10000080   0x00000002   Data   RW          593    .data               main.o
    0x10000082   0x00000002   Data   RW          595    .data               main.o
    0x10000084   0x00000002   Data   RW          597    .data               main.o
    0x10000086   0x00000002   Data   RW          599    .data               main.o
    0x10000088   0x00000002   Data   RW          601    .data               main.o
    0x1000008a   0x00000002   Data   RW          603    .data               main.o
    0x1000008c   0x00000002   Data   RW          605    .data               main.o
    0x1000008e   0x00000002   Data   RW          607    .data               main.o
    0x10000090   0x00000002   Data   RW          609    .data               main.o
    0x10000092   0x00000002   Data   RW          611    .data               main.o
    0x10000094   0x00000001   Data   RW          652    .data               main.o
    0x10000095   0x00000001   PAD
    0x10000096   0x00000002   Data   RW          661    .data               main.o
    0x10000098   0x00000002   Data   RW          663    .data               main.o
    0x1000009a   0x00000002   PAD
    0x1000009c   0x00000004   Data   RW          831    .data               system_lpc17xx.o
    0x100000a0   0x00000008   Data   RW          863    .data               timer.o
    0x100000a8   0x0000000c   Data   RW          931    .data               beep.o
    0x100000b4   0x0000001c   Data   RW         1068    .data               full_can.o
    0x100000d0   0x00000014   Data   RW         1141    .data               uart0.o
    0x100000e4   0x00000004   Data   RW         1401    .data               TCP_CM3.lib(at_mem.o)
    0x100000e8   0x00000008   Data   RW         1411    .data               TCP_CM3.lib(at_system.o)
    0x100000f0   0x00000002   Data   RW         1428    .data               TCP_CM3.lib(at_arp.o)
    0x100000f2   0x00000002   PAD
    0x100000f4   0x00004000   Zero   RW           16    .bss                net_config_http.o
    0x100040f4   0x0000008c   Zero   RW           17    .bss                net_config_http.o
    0x10004180   0x00000160   Zero   RW           19    .bss                net_config_http.o
    0x100042e0   0x00000070   Zero   RW          337    .bss                mess.o
    0x10004350   0x0000001e   Zero   RW          505    .bss                main.o
    0x1000436e   0x00000040   Zero   RW          951    .bss                ad7705.o
    0x100043ae   0x00000002   PAD
    0x100043b0   0x0000003c   Zero   RW         1410    .bss                TCP_CM3.lib(at_system.o)
    0x100043ec   0x00000004   PAD
    0x100043f0   0x00000800   Zero   RW            1    STACK               startup_lpc17xx.o


    Execution Region RW_IRAM2 (Base: 0x2007c000, Size: 0x00004bec, Max: 0x00008000, ABSOLUTE, COMPRESSED[0x00000028])

    Base Addr    Size         Type   Attr      Idx    E Section Name        Object

    0x2007c000   0x00000006   Data   RW           44    .data               net_config_http.o
    0x2007c006   0x00000030   Data   RW          202    .data               control.o
    0x2007c036   0x00000001   Data   RW          213    .data               control.o
    0x2007c037   0x00000001   PAD
    0x2007c038   0x00000004   Data   RW          228    .data               control.o
    0x2007c03c   0x00000001   Data   RW          248    .data               control.o
    0x2007c03d   0x00000001   Data   RW          250    .data               control.o
    0x2007c03e   0x00000002   Data   RW          253    .data               control.o
    0x2007c040   0x00000002   Data   RW          259    .data               control.o
    0x2007c042   0x00000002   Data   RW          261    .data               control.o
    0x2007c044   0x0000001a   Data   RW          407    .data               avar_hndl.o
    0x2007c05e   0x00000002   PAD
    0x2007c060   0x0000026c   Data   RW          510    .data               main.o
    0x2007c2cc   0x00000002   Data   RW          536    .data               main.o
    0x2007c2ce   0x00000002   Data   RW          542    .data               main.o
    0x2007c2d0   0x00000002   Data   RW          544    .data               main.o
    0x2007c2d2   0x00000002   Data   RW          546    .data               main.o
    0x2007c2d4   0x00000002   Data   RW          548    .data               main.o
    0x2007c2d6   0x00000002   Data   RW          550    .data               main.o
    0x2007c2d8   0x00000004   Data   RW          552    .data               main.o
    0x2007c2dc   0x00000002   Data   RW          553    .data               main.o
    0x2007c2de   0x00000002   Data   RW          556    .data               main.o
    0x2007c2e0   0x00000002   Data   RW          558    .data               main.o
    0x2007c2e2   0x00000002   PAD
    0x2007c2e4   0x00000004   Data   RW          560    .data               main.o
    0x2007c2e8   0x00000004   Data   RW          562    .data               main.o
    0x2007c2ec   0x00000002   Data   RW          563    .data               main.o
    0x2007c2ee   0x00000002   Data   RW          565    .data               main.o
    0x2007c2f0   0x00000006   Data   RW          567    .data               main.o
    0x2007c2f6   0x00000006   Data   RW          569    .data               main.o
    0x2007c2fc   0x00000006   Data   RW          571    .data               main.o
    0x2007c302   0x00000006   Data   RW          573    .data               main.o
    0x2007c308   0x00000008   Data   RW          575    .data               main.o
    0x2007c310   0x00000002   Data   RW          576    .data               main.o
    0x2007c312   0x00000002   Data   RW          578    .data               main.o
    0x2007c314   0x00000002   Data   RW          580    .data               main.o
    0x2007c316   0x00000002   Data   RW          582    .data               main.o
    0x2007c318   0x00000002   Data   RW          584    .data               main.o
    0x2007c31a   0x00000002   Data   RW          586    .data               main.o
    0x2007c31c   0x00000002   Data   RW          588    .data               main.o
    0x2007c31e   0x00000002   Data   RW          590    .data               main.o
    0x2007c320   0x00000002   Data   RW          592    .data               main.o
    0x2007c322   0x00000002   Data   RW          594    .data               main.o
    0x2007c324   0x00000002   Data   RW          596    .data               main.o
    0x2007c326   0x00000002   Data   RW          598    .data               main.o
    0x2007c328   0x00000002   Data   RW          600    .data               main.o
    0x2007c32a   0x00000002   Data   RW          602    .data               main.o
    0x2007c32c   0x00000002   Data   RW          604    .data               main.o
    0x2007c32e   0x00000002   Data   RW          606    .data               main.o
    0x2007c330   0x00000002   Data   RW          608    .data               main.o
    0x2007c332   0x00000002   Data   RW          610    .data               main.o
    0x2007c334   0x00000005   Data   RW          613    .data               main.o
    0x2007c339   0x00000001   Data   RW          614    .data               main.o
    0x2007c33a   0x00000002   Data   RW          653    .data               main.o
    0x2007c33c   0x00000002   Data   RW          662    .data               main.o
    0x2007c33e   0x00000002   Data   RW          664    .data               main.o
    0x2007c340   0x0000000e   Data   RW          952    .data               ad7705.o
    0x2007c34e   0x00000004   Data   RW         1269    .data               TCP_CM3.lib(at_tcp.o)
    0x2007c352   0x00000002   PAD
    0x2007c354   0x0000000c   Data   RW         1347    .data               TCP_CM3.lib(at_http.o)
    0x2007c360   0x00000008   Data   RW         1388    .data               TCP_CM3.lib(at_ethernet.o)
    0x2007c368   0x00000004   Data   RW         1446    .data               TCP_CM3.lib(at_ip.o)
    0x2007c36c   0x0000003c   Zero   RW           18    .bss                net_config_http.o
    0x2007c3a8   0x00000120   Zero   RW           20    .bss                net_config_http.o
    0x2007c4c8   0x00000840   Zero   RW          188    .bss                control.o
    0x2007cd08   0x000009c0   Zero   RW          500    .bss                main.o
    0x2007d6c8   0x00000032   Zero   RW          502    .bss                main.o
    0x2007d6fa   0x00000014   Zero   RW          506    .bss                main.o
    0x2007d70e   0x00000002   PAD
    0x2007d710   0x00000192   Zero   RW         1061    .bss                full_can.o
    0x2007d8a2   0x00000864   Zero   RW         1137    .bss                uart0.o
    0x2007e106   0x00000002   PAD
    0x2007e108   0x00002a64   Zero   RW         1195    .bss                emac_lpc17xx.o
    0x20080b6c   0x00000080   Zero   RW         1386    .bss                TCP_CM3.lib(at_ethernet.o)


==============================================================================

Image component sizes


      Code (inc. data)   RO Data    RW Data    ZI Data      Debug   Object Name

      1096         12          0          0          0       3278   25lc640.o
       524         24          0         14         64       2555   ad7705.o
      1286         32          0         26          0       2944   avar_hndl.o
       344         36          0         12          0       1319   beep.o
      1552         38          0          0          0      31808   common_func.o
      1704        144          0         81       2112      42360   control.o
         0          0         36          0          0       1758   eeprom_map.o
       228         18          0          0      10852      24336   emac_lpc17xx.o
      2944        128        512         28        402      24939   full_can.o
        88          0          0          0          0       1042   gran.o
      1180          8          0          0          0       3263   lcd_agm1232_uku207_3.o
     25264       5916       1668        836       2596      45489   main.o
      2364        544          0          0          0       1108   memo.o
       232         10          0          8        112       1923   mess.o
        42          0         48          6      17224      12789   net_config_http.o
        56          4          0         20          0       1397   ret.o
         0          0          0          0          0      17008   simbols.o
        32          8        204          0       2048        896   startup_lpc17xx.o
       340         26          0          4          0        727   system_lpc17xx.o
        76         16          0          8          0       1002   timer.o
      1328         50          0         20       2148      21409   uart0.o

    ----------------------------------------------------------------------
     40684       7014       2536       1074      37564     243350   Object Totals
         0          0         64          0          0          0   (incl. Generated)
         4          0          4         11          6          2   (incl. Padding)

    ----------------------------------------------------------------------

      Code (inc. data)   RO Data    RW Data    ZI Data      Debug   Library Member Name

      1460        146          0          2          0        812   at_arp.o
       392         42          6          8        128        464   at_ethernet.o
      2550        728        202         12          0        748   at_http.o
         6          0          0          0          0        136   at_http_cgi.o
        18          0          0          0          0        340   at_http_uif.o
       116          0          0          0          0         88   at_icmp.o
       502         26          4          4          0        332   at_ip.o
       338          4          0          0          0       1004   at_lib.o
       320         26          0          4          0        280   at_mem.o
        72         12          0          8         60        136   at_system.o
      3164        208          0          4          0       1460   at_tcp.o
       196         10          0          0          0         88   at_udp.o
         0          0        415          0          0          0   at_web.o
         0          0        464          0          0          0   http_err.o
        58          0          0          0          0          0   __dczerorl.o
         0          0          0          0          0          0   entry.o
         8          4          0          0          0          0   entry2.o
         4          0          0          0          0          0   entry5.o
         8          4          0          0          0          0   entry7.o
        30          0          0          0          0          0   handlers.o
        36          8          0          0          0         68   init.o
       958         12          0          0          0        420   printf6.o
        16          0          0          0          0         68   strlen.o
        44          0          0          0          0         80   uidiv.o

    ----------------------------------------------------------------------
     10320       1230       1092         46        192       6524   Library Totals
        24          0          1          4          4          0   (incl. Padding)

    ----------------------------------------------------------------------

      Code (inc. data)   RO Data    RW Data    ZI Data      Debug   Library Name

      9134       1202       1091         42        188       5888   TCP_CM3.lib
      1162         28          0          0          0        636   mc_w.l

    ----------------------------------------------------------------------
     10320       1230       1092         46        192       6524   Library Totals

    ----------------------------------------------------------------------

==============================================================================


      Code (inc. data)   RO Data    RW Data    ZI Data      Debug   

     51004       8244       3628       1120      37756     243740   Grand Totals
     51004       8244       3628        284      37756     243740   ELF Image Totals (compressed)
     51004       8244       3628        284          0          0   ROM Totals

==============================================================================

    Total RO  Size (Code + RO Data)                54632 (  53.35kB)
    Total RW  Size (RW Data + ZI Data)             38876 (  37.96kB)
    Total ROM Size (Code + RO Data + RW Data)      54916 (  53.63kB)

==============================================================================

