ARM Linker, 4.1 [Build 481] [Professional]

==============================================================================

Section Cross References

    startup_lpc17xx.o(RESET) refers to startup_lpc17xx.o(STACK) for __initial_sp
    startup_lpc17xx.o(RESET) refers to startup_lpc17xx.o(.text) for Reset_Handler
    startup_lpc17xx.o(RESET) refers to main.o(.text) for SysTick_Handler
    startup_lpc17xx.o(RESET) refers to uart0.o(.text) for UART0_IRQHandler
    startup_lpc17xx.o(RESET) refers to power_cnt.o(.text) for UART1_IRQHandler
    startup_lpc17xx.o(RESET) refers to full_can.o(.text) for CAN_IRQHandler
    startup_lpc17xx.o(.text) refers to entry.o(.ARM.Collect$$$$00000000) for __main
    system_lpc17xx.o(.text) refers to system_lpc17xx.o(.data) for SystemFrequency
    main.o(.text) refers to main.o(.data) for SysTickCnt
    main.o(.text) refers to memcpya.o(.text) for __aeabi_memcpy4
    main.o(.text) refers to gran.o(.text) for gran_char
    main.o(.text) refers to main.o(.data) for link_stat
    main.o(.text) refers to main.o(.bss) for adc_buff_
    main.o(.text) refers to main.o(.constdata) for .constdata
    main.o(.text) refers to power_cnt.o(.data) for tx_wd_cnt
    main.o(.text) refers to system_lpc17xx.o(.text) for SystemInit
    main.o(.text) refers to power_cnt.o(.text) for UARTInit
    main.o(.text) refers to full_can.o(.text) for can1_init
    main.o(.text) refers to main.o(.text) for Delay
    main.o(.text) refers to uart0.o(.text) for uart_in0
    main.o(.text) refers to system_lpc17xx.o(.data) for SystemFrequency
    main.o(.text) refers to uart0.o(.data) for bRXIN0
    uart0.o(.text) refers to uart0.o(.constdata) for Table87
    uart0.o(.text) refers to uart0.o(.constdata) for Table95
    uart0.o(.text) refers to uart0.o(.data) for tx_counter0
    uart0.o(.text) refers to uart0.o(.bss) for tx_buffer0
    uart0.o(.text) refers to uart0.o(.text) for putchar0
    uart0.o(.text) refers to uart0.o(.text) for putchar0
    uart0.o(.text) refers to uart0.o(.text) for putchar0
    uart0.o(.text) refers to uart0.o(.data) for rx_counter0
    uart0.o(.text) refers to uart0.o(.bss) for rx_buffer0
    uart0.o(.text) refers to uart0.o(.data) for UART0Status
    uart0.o(.text) refers to uart0.o(.bss) for rx_buffer0
    full_can.o(.text) refers to full_can.o(.bss) for RXBUFF
    full_can.o(.text) refers to uart0.o(.constdata) for Table87
    full_can.o(.text) refers to full_can.o(.bss) for RXBUFF
    full_can.o(.text) refers to uart0.o(.constdata) for Table95
    full_can.o(.text) refers to full_can.o(.bss) for TXBUFF
    full_can.o(.text) refers to uart0.o(.constdata) for Table87
    full_can.o(.text) refers to full_can.o(.bss) for TXBUFF
    full_can.o(.text) refers to uart0.o(.constdata) for Table95
    full_can.o(.text) refers to full_can.o(.bss) for can1_info
    full_can.o(.text) refers to full_can.o(.data) for ptr_can1_tx_wr
    full_can.o(.text) refers to full_can.o(.bss) for can1_info
    full_can.o(.text) refers to full_can.o(.data) for ptr_can1_tx_wr
    full_can.o(.text) refers to main.o(.bss) for adc_buff_
    full_can.o(.text) refers to main.o(.data) for link_cnt
    full_can.o(.text) refers to full_can.o(.bss) for RXBUFF
    full_can.o(.text) refers to full_can.o(.text) for CRC1_in
    full_can.o(.text) refers to full_can.o(.text) for CRC2_in
    full_can.o(.text) refers to full_can.o(.text) for can_in_an
    full_can.o(.text) refers to main.o(.bss) for rotor_can
    full_can.o(.text) refers to full_can.o(.bss) for gFullCANList
    full_can.o(.text) refers to full_can.o(.data) for bR
    power_cnt.o(.text) refers to gran.o(.text) for gran_char
    power_cnt.o(.text) refers to system_lpc17xx.o(.data) for SystemFrequency
    power_cnt.o(.text) refers to power_cnt.o(.bss) for UART1Buffer
    power_cnt.o(.text) refers to power_cnt.o(.data) for UART1Count
    power_cnt.o(.text) refers to power_cnt.o(.constdata) for crc8tab
    power_cnt.o(.text) refers to main.o(.data) for power_cnt_adrl
    entry.o(.ARM.Collect$$$$00000000) refers (Special) to entry7.o(.ARM.Collect$$$$00000007) for _main_init
    entry.o(.ARM.Collect$$$$00000000) refers (Special) to entry5.o(.ARM.Collect$$$$00000004) for _main_scatterload
    entry.o(.ARM.Collect$$$$00000000) refers (Special) to entry2.o(.ARM.Collect$$$$00000001) for _main_stk
    entry2.o(.ARM.Collect$$$$00000001) refers to entry2.o(.ARM.Collect$$$$00002712) for __lit__00000000
    entry2.o(.ARM.Collect$$$$00002712) refers to startup_lpc17xx.o(STACK) for __initial_sp
    entry2.o(__vectab_stack_and_reset_area) refers to startup_lpc17xx.o(STACK) for __initial_sp
    entry2.o(__vectab_stack_and_reset_area) refers to entry.o(.ARM.Collect$$$$00000000) for __main
    entry5.o(.ARM.Collect$$$$00000004) refers to init.o(.text) for __scatterload
    entry7.o(.ARM.Collect$$$$00000007) refers to main.o(.text) for main
    init.o(.text) refers to entry5.o(.ARM.Collect$$$$00000004) for __main_after_scatterload


==============================================================================

Removing Unused input sections from the image.

    Removing startup_lpc17xx.o(HEAP), (0 bytes).
    Removing gran.o(.text), (22 bytes).
    Removing gran.o(.text), (22 bytes).
    Removing gran.o(.text), (18 bytes).
    Removing uart0.o(.text), (36 bytes).
    Removing uart0.o(.text), (36 bytes).
    Removing uart0.o(.text), (92 bytes).
    Removing uart0.o(.text), (114 bytes).
    Removing uart0.o(.text), (80 bytes).
    Removing uart0.o(.text), (124 bytes).
    Removing uart0.o(.text), (64 bytes).
    Removing uart0.o(.constdata), (512 bytes).
    Removing full_can.o(.text), (56 bytes).
    Removing full_can.o(.text), (56 bytes).
    Removing full_can.o(.text), (56 bytes).
    Removing full_can.o(.text), (56 bytes).
    Removing full_can.o(.text), (1756 bytes).
    Removing full_can.o(.text), (68 bytes).
    Removing full_can.o(.text), (340 bytes).

19 unused section(s) (total 3508 bytes) removed from the image.

==============================================================================

Image Symbol Table

    Local Symbols

    Symbol Name                              Value     Ov Type        Size  Object(Section)

    RESET                                    0x00000000   Section      196  startup_lpc17xx.o(RESET)
    ../../microlib/init/entry.s              0x00000000   Number         0  entry.o ABSOLUTE
    ../../microlib/init/entry.s              0x00000000   Number         0  entry7.o ABSOLUTE
    ../../microlib/init/entry.s              0x00000000   Number         0  entry5.o ABSOLUTE
    ../../microlib/init/entry.s              0x00000000   Number         0  entry2.o ABSOLUTE
    ../../microlib/string/memcpy.c           0x00000000   Number         0  memcpyb.o ABSOLUTE
    ../../microlib/string/memcpy.c           0x00000000   Number         0  memcpya.o ABSOLUTE
    cmd.c                                    0x00000000   Number         0  cmd.o ABSOLUTE
    core_cm3.c                               0x00000000   Number         0  core_cm3.o ABSOLUTE
    dc.s                                     0x00000000   Number         0  dc.o ABSOLUTE
    full_can.c                               0x00000000   Number         0  full_can.o ABSOLUTE
    gran.c                                   0x00000000   Number         0  gran.o ABSOLUTE
    handlers.s                               0x00000000   Number         0  handlers.o ABSOLUTE
    init.s                                   0x00000000   Number         0  init.o ABSOLUTE
    main.c                                   0x00000000   Number         0  main.o ABSOLUTE
    power_cnt.c                              0x00000000   Number         0  power_cnt.o ABSOLUTE
    startup_LPC17xx.s                        0x00000000   Number         0  startup_lpc17xx.o ABSOLUTE
    system_LPC17xx.c                         0x00000000   Number         0  system_lpc17xx.o ABSOLUTE
    uart0.c                                  0x00000000   Number         0  uart0.o ABSOLUTE
    .ARM.Collect$$$$00000000                 0x000000c4   Section        0  entry.o(.ARM.Collect$$$$00000000)
    .ARM.Collect$$$$00000001                 0x000000c4   Section        4  entry2.o(.ARM.Collect$$$$00000001)
    .ARM.Collect$$$$00000004                 0x000000c8   Section        4  entry5.o(.ARM.Collect$$$$00000004)
    .ARM.Collect$$$$00000007                 0x000000cc   Section        8  entry7.o(.ARM.Collect$$$$00000007)
    .ARM.Collect$$$$00002712                 0x000000d4   Section        4  entry2.o(.ARM.Collect$$$$00002712)
    __lit__00000000                          0x000000d4   Data           4  entry2.o(.ARM.Collect$$$$00002712)
    .text                                    0x000000d8   Section       28  startup_lpc17xx.o(.text)
    .text                                    0x000000f4   Section        0  system_lpc17xx.o(.text)
    .ARM.__at_0x02FC                         0x000002fc   Section        4  startup_lpc17xx.o(.ARM.__at_0x02FC)
    .text                                    0x00000300   Section        0  main.o(.text)
    .text                                    0x00000318   Section        0  main.o(.text)
    .text                                    0x00000b1c   Section        0  gran.o(.text)
    .text                                    0x00000b48   Section        0  uart0.o(.text)
    .text                                    0x00000dc8   Section        0  full_can.o(.text)
    .text                                    0x00001370   Section        0  power_cnt.o(.text)
    NVIC_EnableIRQ                           0x00001939   Thumb Code    24  power_cnt.o(.text)
    .text                                    0x00001968   Section        0  memcpya.o(.text)
    .text                                    0x0000198c   Section       36  init.o(.text)
    i.__scatterload_copy                     0x000019b0   Section       14  handlers.o(i.__scatterload_copy)
    i.__scatterload_null                     0x000019be   Section        2  handlers.o(i.__scatterload_null)
    i.__scatterload_zeroinit                 0x000019c0   Section       14  handlers.o(i.__scatterload_zeroinit)
    .constdata                               0x000019d0   Section       40  main.o(.constdata)
    .constdata                               0x000019f8   Section      256  power_cnt.o(.constdata)
    .data                                    0x10000000   Section        4  system_lpc17xx.o(.data)
    .data                                    0x10000004   Section      117  main.o(.data)
    ppp                                      0x10000016   Data           1  main.o(.data)
    .data                                    0x1000007c   Section       28  uart0.o(.data)
    .data                                    0x10000098   Section       16  full_can.o(.data)
    .data                                    0x100000a8   Section       24  power_cnt.o(.data)
    .bss                                     0x100000c0   Section     1062  main.o(.bss)
    .bss                                     0x100004e6   Section     2298  uart0.o(.bss)
    .bss                                     0x10000de0   Section      292  full_can.o(.bss)
    .bss                                     0x10000f04   Section      450  power_cnt.o(.bss)
    STACK                                    0x100010c8   Section      512  startup_lpc17xx.o(STACK)

    Global Symbols

    Symbol Name                              Value     Ov Type        Size  Object(Section)

    BuildAttributes$$THM_ISAv4$P$D$K$B$S$PE$A:L22UL41UL21$X:L11$S22US41US21$IEEE1$IW$USESV6$~STKCKD$USESV7$~SHL$OSPACE$EBA8$MICROLIB$REQ8$PRES8$EABIv2 0x00000000   Number         0  anon$$obj.o ABSOLUTE
    __ARM_use_no_argv                        0x00000000   Number         0  main.o ABSOLUTE
    __Vectors                                0x00000000   Data           4  startup_lpc17xx.o(RESET)
    __decompress                              - Undefined Weak Reference
    __main                                   0x000000c5   Thumb Code     0  entry.o(.ARM.Collect$$$$00000000)
    _main_stk                                0x000000c5   Thumb Code     0  entry2.o(.ARM.Collect$$$$00000001)
    _main_scatterload                        0x000000c9   Thumb Code     0  entry5.o(.ARM.Collect$$$$00000004)
    __main_after_scatterload                 0x000000cd   Thumb Code     0  entry5.o(.ARM.Collect$$$$00000004)
    _main_init                               0x000000cd   Thumb Code     0  entry7.o(.ARM.Collect$$$$00000007)
    Reset_Handler                            0x000000d9   Thumb Code     4  startup_lpc17xx.o(.text)
    NMI_Handler                              0x000000dd   Thumb Code     2  startup_lpc17xx.o(.text)
    HardFault_Handler                        0x000000df   Thumb Code     2  startup_lpc17xx.o(.text)
    MemManage_Handler                        0x000000e1   Thumb Code     2  startup_lpc17xx.o(.text)
    BusFault_Handler                         0x000000e3   Thumb Code     2  startup_lpc17xx.o(.text)
    UsageFault_Handler                       0x000000e5   Thumb Code     2  startup_lpc17xx.o(.text)
    SVC_Handler                              0x000000e7   Thumb Code     2  startup_lpc17xx.o(.text)
    DebugMon_Handler                         0x000000e9   Thumb Code     2  startup_lpc17xx.o(.text)
    PendSV_Handler                           0x000000eb   Thumb Code     2  startup_lpc17xx.o(.text)
    ADC_IRQHandler                           0x000000ef   Thumb Code     0  startup_lpc17xx.o(.text)
    BOD_IRQHandler                           0x000000ef   Thumb Code     0  startup_lpc17xx.o(.text)
    DMA_IRQHandler                           0x000000ef   Thumb Code     0  startup_lpc17xx.o(.text)
    EINT0_IRQHandler                         0x000000ef   Thumb Code     0  startup_lpc17xx.o(.text)
    EINT1_IRQHandler                         0x000000ef   Thumb Code     0  startup_lpc17xx.o(.text)
    EINT2_IRQHandler                         0x000000ef   Thumb Code     0  startup_lpc17xx.o(.text)
    EINT3_IRQHandler                         0x000000ef   Thumb Code     0  startup_lpc17xx.o(.text)
    ENET_IRQHandler                          0x000000ef   Thumb Code     0  startup_lpc17xx.o(.text)
    I2C0_IRQHandler                          0x000000ef   Thumb Code     0  startup_lpc17xx.o(.text)
    I2C1_IRQHandler                          0x000000ef   Thumb Code     0  startup_lpc17xx.o(.text)
    I2C2_IRQHandler                          0x000000ef   Thumb Code     0  startup_lpc17xx.o(.text)
    I2S_IRQHandler                           0x000000ef   Thumb Code     0  startup_lpc17xx.o(.text)
    MCPWM_IRQHandler                         0x000000ef   Thumb Code     0  startup_lpc17xx.o(.text)
    PLL0_IRQHandler                          0x000000ef   Thumb Code     0  startup_lpc17xx.o(.text)
    PLL1_IRQHandler                          0x000000ef   Thumb Code     0  startup_lpc17xx.o(.text)
    PWM1_IRQHandler                          0x000000ef   Thumb Code     0  startup_lpc17xx.o(.text)
    QEI_IRQHandler                           0x000000ef   Thumb Code     0  startup_lpc17xx.o(.text)
    RIT_IRQHandler                           0x000000ef   Thumb Code     0  startup_lpc17xx.o(.text)
    RTC_IRQHandler                           0x000000ef   Thumb Code     0  startup_lpc17xx.o(.text)
    SPI_IRQHandler                           0x000000ef   Thumb Code     0  startup_lpc17xx.o(.text)
    SSP0_IRQHandler                          0x000000ef   Thumb Code     0  startup_lpc17xx.o(.text)
    SSP1_IRQHandler                          0x000000ef   Thumb Code     0  startup_lpc17xx.o(.text)
    TIMER0_IRQHandler                        0x000000ef   Thumb Code     0  startup_lpc17xx.o(.text)
    TIMER1_IRQHandler                        0x000000ef   Thumb Code     0  startup_lpc17xx.o(.text)
    TIMER2_IRQHandler                        0x000000ef   Thumb Code     0  startup_lpc17xx.o(.text)
    TIMER3_IRQHandler                        0x000000ef   Thumb Code     0  startup_lpc17xx.o(.text)
    UART2_IRQHandler                         0x000000ef   Thumb Code     0  startup_lpc17xx.o(.text)
    UART3_IRQHandler                         0x000000ef   Thumb Code     0  startup_lpc17xx.o(.text)
    USB_IRQHandler                           0x000000ef   Thumb Code     0  startup_lpc17xx.o(.text)
    WDT_IRQHandler                           0x000000ef   Thumb Code     0  startup_lpc17xx.o(.text)
    SystemInit                               0x000000f5   Thumb Code   456  system_lpc17xx.o(.text)
    Delay                                    0x00000301   Thumb Code    18  main.o(.text)
    matemath                                 0x00000319   Thumb Code    96  main.o(.text)
    adc_drv                                  0x00000379   Thumb Code   360  main.o(.text)
    vent_drv                                 0x000004e1   Thumb Code   136  main.o(.text)
    net_drv                                  0x00000569   Thumb Code    42  main.o(.text)
    power_hndl                               0x00000593   Thumb Code   162  main.o(.text)
    rele_drv                                 0x00000635   Thumb Code    46  main.o(.text)
    rele_hndl                                0x00000663   Thumb Code    24  main.o(.text)
    watchdog_enable                          0x0000067b   Thumb Code    24  main.o(.text)
    watchdog_reset                           0x00000693   Thumb Code    12  main.o(.text)
    rtc_init                                 0x0000069f   Thumb Code     8  main.o(.text)
    pwm_init                                 0x000006a7   Thumb Code    56  main.o(.text)
    SysTick_Handler                          0x000006df   Thumb Code   434  main.o(.text)
    main                                     0x00000891   Thumb Code   522  main.o(.text)
    gran_char                                0x00000b1d   Thumb Code    22  gran.o(.text)
    gran                                     0x00000b33   Thumb Code    22  gran.o(.text)
    UART0_IRQHandler                         0x00000b49   Thumb Code   290  uart0.o(.text)
    uart_in_an0                              0x00000c6b   Thumb Code     2  uart0.o(.text)
    index_offset0                            0x00000c6d   Thumb Code    28  uart0.o(.text)
    control_check0                           0x00000c89   Thumb Code    94  uart0.o(.text)
    uart_in0                                 0x00000ce7   Thumb Code   174  uart0.o(.text)
    can1_out                                 0x00000dc9   Thumb Code   406  full_can.o(.text)
    can_in_an                                0x00000f5f   Thumb Code   218  full_can.o(.text)
    can_isr_tx1                              0x00001039   Thumb Code   130  full_can.o(.text)
    can1_init                                0x000010bb   Thumb Code   122  full_can.o(.text)
    FullCAN_SetFilter                        0x00001135   Thumb Code   278  full_can.o(.text)
    can_isr_rx1                              0x0000124b   Thumb Code   122  full_can.o(.text)
    CAN_IRQHandler                           0x000012c5   Thumb Code    40  full_can.o(.text)
    UARTInit                                 0x00001371   Thumb Code   276  power_cnt.o(.text)
    UART1_IRQHandler                         0x00001485   Thumb Code   336  power_cnt.o(.text)
    power_cnt_crc                            0x000015d5   Thumb Code    30  power_cnt.o(.text)
    putchar1                                 0x000015f3   Thumb Code    78  power_cnt.o(.text)
    uart_out_adr1                            0x00001641   Thumb Code    92  power_cnt.o(.text)
    sleep_coding                             0x0000169d   Thumb Code    88  power_cnt.o(.text)
    read_current_power                       0x000016f5   Thumb Code   212  power_cnt.o(.text)
    read_summary_power                       0x000017c9   Thumb Code   124  power_cnt.o(.text)
    sleep_an                                 0x00001845   Thumb Code   244  power_cnt.o(.text)
    __aeabi_memcpy                           0x00001969   Thumb Code    36  memcpya.o(.text)
    __aeabi_memcpy4                          0x00001969   Thumb Code     0  memcpya.o(.text)
    __aeabi_memcpy8                          0x00001969   Thumb Code     0  memcpya.o(.text)
    __scatterload                            0x0000198d   Thumb Code    28  init.o(.text)
    __scatterload_rt2                        0x0000198d   Thumb Code     0  init.o(.text)
    __scatterload_copy                       0x000019b1   Thumb Code    14  handlers.o(i.__scatterload_copy)
    __scatterload_null                       0x000019bf   Thumb Code     2  handlers.o(i.__scatterload_null)
    __scatterload_zeroinit                   0x000019c1   Thumb Code    14  handlers.o(i.__scatterload_zeroinit)
    crc8tab                                  0x000019f8   Data         256  power_cnt.o(.constdata)
    Region$$Table$$Base                      0x00001af8   Number         0  anon$$obj.o(Region$$Table)
    Region$$Table$$Limit                     0x00001b18   Number         0  anon$$obj.o(Region$$Table)
    SystemFrequency                          0x10000000   Data           4  system_lpc17xx.o(.data)
    link_stat                                0x10000004   Data           1  main.o(.data)
    link_cnt                                 0x10000006   Data           2  main.o(.data)
    rele_stat                                0x10000008   Data           2  main.o(.data)
    pos_vent                                 0x1000000a   Data           1  main.o(.data)
    vvod_cnt_to1                             0x1000000c   Data           2  main.o(.data)
    vvod_cnt_to2                             0x1000000e   Data           2  main.o(.data)
    power_summary                            0x10000010   Data           4  main.o(.data)
    power_current                            0x10000014   Data           2  main.o(.data)
    b1000Hz                                  0x10000017   Data           1  main.o(.data)
    b100Hz                                   0x10000018   Data           1  main.o(.data)
    b50Hz                                    0x10000019   Data           1  main.o(.data)
    b10Hz                                    0x1000001a   Data           1  main.o(.data)
    b5Hz                                     0x1000001b   Data           1  main.o(.data)
    b2Hz                                     0x1000001c   Data           1  main.o(.data)
    b1Hz                                     0x1000001d   Data           1  main.o(.data)
    b33Hz                                    0x1000001e   Data           1  main.o(.data)
    t0cnt                                    0x10000020   Data           2  main.o(.data)
    t0cnt0                                   0x10000022   Data           2  main.o(.data)
    t0cnt1                                   0x10000024   Data           2  main.o(.data)
    t0cnt2                                   0x10000026   Data           2  main.o(.data)
    t0cnt3                                   0x10000028   Data           2  main.o(.data)
    t0cnt4                                   0x1000002a   Data           2  main.o(.data)
    t0cnt5                                   0x1000002c   Data           2  main.o(.data)
    t0cnt6                                   0x1000002e   Data           2  main.o(.data)
    t0_cnt7                                  0x10000030   Data           2  main.o(.data)
    t0_cnt8                                  0x10000032   Data           2  main.o(.data)
    bFL5                                     0x10000034   Data           1  main.o(.data)
    bFL2                                     0x10000035   Data           1  main.o(.data)
    bFL                                      0x10000036   Data           1  main.o(.data)
    bFL_                                     0x10000037   Data           1  main.o(.data)
    adc_cnt                                  0x10000038   Data           1  main.o(.data)
    adc_cnt1                                 0x10000039   Data           1  main.o(.data)
    adc_ch                                   0x1000003a   Data           1  main.o(.data)
    Hz_cnt                                   0x1000003c   Data           2  main.o(.data)
    fnet                                     0x1000003e   Data           2  main.o(.data)
    Hz_out                                   0x10000040   Data           2  main.o(.data)
    bFF                                      0x10000042   Data           1  main.o(.data)
    bFF_                                     0x10000043   Data           1  main.o(.data)
    Unet                                     0x10000044   Data           2  main.o(.data)
    unet_drv_cnt                             0x10000046   Data           1  main.o(.data)
    unet_store                               0x10000048   Data           2  main.o(.data)
    main_cnt                                 0x1000004a   Data           2  main.o(.data)
    iload                                    0x1000004c   Data           2  main.o(.data)
    Uload                                    0x1000004e   Data           2  main.o(.data)
    pos_vent_                                0x10000050   Data           1  main.o(.data)
    hour_cnt_5hz                             0x10000052   Data           2  main.o(.data)
    hour_cnt_1hz                             0x10000054   Data           2  main.o(.data)
    cnt_ind                                  0x10000056   Data           1  main.o(.data)
    Uvv                                      0x10000058   Data           6  main.o(.data)
    U                                        0x1000005e   Data           6  main.o(.data)
    vvod                                     0x10000064   Data           2  main.o(.data)
    power_cnt_adrl                           0x10000066   Data           1  main.o(.data)
    power_cnt_adrh                           0x10000067   Data           1  main.o(.data)
    cnt_sec                                  0x10000068   Data           2  main.o(.data)
    plazma_suzun                             0x1000006a   Data           1  main.o(.data)
    rele_temp                                0x1000006b   Data           1  main.o(.data)
    uart_plazma                              0x1000006c   Data           5  main.o(.data)
    SysTickCnt                               0x10000074   Data           4  main.o(.data)
    tttttt                                   0x10000078   Data           1  main.o(.data)
    UART0TxEmpty                             0x1000007c   Data           1  uart0.o(.data)
    UART0Count                               0x10000080   Data           4  uart0.o(.data)
    bRXIN0                                   0x10000084   Data           1  uart0.o(.data)
    flag0                                    0x10000085   Data           1  uart0.o(.data)
    rx_wr_index0                             0x10000086   Data           2  uart0.o(.data)
    rx_rd_index0                             0x10000088   Data           2  uart0.o(.data)
    rx_counter0                              0x1000008a   Data           2  uart0.o(.data)
    tx_wr_index0                             0x1000008c   Data           2  uart0.o(.data)
    tx_rd_index0                             0x1000008e   Data           2  uart0.o(.data)
    tx_counter0                              0x10000090   Data           2  uart0.o(.data)
    rx_buffer_overflow0                      0x10000092   Data           1  uart0.o(.data)
    plazma_uart0                             0x10000093   Data           1  uart0.o(.data)
    UART0Status                              0x10000094   Data           4  uart0.o(.data)
    gCANFilter                               0x10000098   Data           2  full_can.o(.data)
    bOUT_FREE                                0x1000009a   Data           1  full_can.o(.data)
    ptr_can1_tx_wr                           0x1000009b   Data           1  full_can.o(.data)
    ptr_can1_tx_rd                           0x1000009c   Data           1  full_can.o(.data)
    bR                                       0x1000009d   Data           1  full_can.o(.data)
    bIN                                      0x1000009e   Data           1  full_can.o(.data)
    TX_len                                   0x1000009f   Data           1  full_can.o(.data)
    bOUT                                     0x100000a0   Data           1  full_can.o(.data)
    can_tx_cnt                               0x100000a1   Data           1  full_can.o(.data)
    rotor_rotor_rotor                        0x100000a2   Data           2  full_can.o(.data)
    CANStatus                                0x100000a4   Data           4  full_can.o(.data)
    UART1TxEmpty                             0x100000a8   Data           1  power_cnt.o(.data)
    UART1Count                               0x100000ac   Data           4  power_cnt.o(.data)
    tx_wd_cnt                                0x100000b0   Data           1  power_cnt.o(.data)
    tx_stat                                  0x100000b1   Data           1  power_cnt.o(.data)
    UART1Status                              0x100000b4   Data           4  power_cnt.o(.data)
    rx_wr_index1                             0x100000b8   Data           1  power_cnt.o(.data)
    rx_rd_index1                             0x100000b9   Data           1  power_cnt.o(.data)
    rx_counter1                              0x100000ba   Data           1  power_cnt.o(.data)
    tx_wr_index1                             0x100000bb   Data           1  power_cnt.o(.data)
    tx_rd_index1                             0x100000bc   Data           1  power_cnt.o(.data)
    tx_counter1                              0x100000bd   Data           1  power_cnt.o(.data)
    sleep_in                                 0x100000be   Data           1  power_cnt.o(.data)
    sleep_len                                0x100000bf   Data           1  power_cnt.o(.data)
    adc_buff                                 0x100000c0   Data        1024  main.o(.bss)
    adc_buff_                                0x100004c0   Data          16  main.o(.bss)
    rotor_can                                0x100004d0   Data          12  main.o(.bss)
    tr_buff                                  0x100004dc   Data          10  main.o(.bss)
    UIB0                                     0x100004e6   Data         100  uart0.o(.bss)
    rx_buffer0                               0x1000054a   Data        1024  uart0.o(.bss)
    tx_buffer0                               0x1000094a   Data        1024  uart0.o(.bss)
    memo_out                                 0x10000d4a   Data          50  uart0.o(.bss)
    data_rs                                  0x10000d7c   Data          50  uart0.o(.bss)
    data_rs0                                 0x10000dae   Data          50  uart0.o(.bss)
    can1_info                                0x10000de0   Data          32  full_can.o(.bss)
    can1_id                                  0x10000e00   Data          32  full_can.o(.bss)
    can1_data                                0x10000e20   Data          32  full_can.o(.bss)
    can1_datb                                0x10000e40   Data          32  full_can.o(.bss)
    gFullCANList                             0x10000e60   Data          24  full_can.o(.bss)
    RXBUFF                                   0x10000e78   Data          40  full_can.o(.bss)
    TXBUFF                                   0x10000ea0   Data          40  full_can.o(.bss)
    bd_dumm                                  0x10000ec8   Data          25  full_can.o(.bss)
    bd                                       0x10000ee1   Data          25  full_can.o(.bss)
    plazma_can                               0x10000efa   Data          10  full_can.o(.bss)
    UART1Buffer                              0x10000f04   Data         200  power_cnt.o(.bss)
    rx_buffer1                               0x10000fcc   Data         100  power_cnt.o(.bss)
    tx_buffer1                               0x10001030   Data         100  power_cnt.o(.bss)
    sleep_buff                               0x10001094   Data          50  power_cnt.o(.bss)
    __initial_sp                             0x100012c8   Data           0  startup_lpc17xx.o(STACK)



==============================================================================

Memory Map of the image

  Image Entry point : 0x000000c5

  Load Region LR_IROM1 (Base: 0x00000000, Size: 0x00001bd8, Max: 0x00040000, ABSOLUTE)

    Execution Region ER_IROM1 (Base: 0x00000000, Size: 0x00001b18, Max: 0x00040000, ABSOLUTE)

    Base Addr    Size         Type   Attr      Idx    E Section Name        Object

    0x00000000   0x000000c4   Data   RO            3    RESET               startup_lpc17xx.o
    0x000000c4   0x00000000   Code   RO          306  * .ARM.Collect$$$$00000000  mc_w.l(entry.o)(mc_w.l)
    0x000000c4   0x00000004   Code   RO          313    .ARM.Collect$$$$00000001  mc_w.l(entry2.o)(mc_w.l)
    0x000000c8   0x00000004   Code   RO          316    .ARM.Collect$$$$00000004  mc_w.l(entry5.o)(mc_w.l)
    0x000000cc   0x00000008   Code   RO          317    .ARM.Collect$$$$00000007  mc_w.l(entry7.o)(mc_w.l)
    0x000000d4   0x00000004   Code   RO          314    .ARM.Collect$$$$00002712  mc_w.l(entry2.o)(mc_w.l)
    0x000000d8   0x0000001c   Code   RO            5    .text               startup_lpc17xx.o
    0x000000f4   0x00000208   Code   RO           23    .text               system_lpc17xx.o
    0x000002fc   0x00000004   Code   RO            4    .ARM.__at_0x02FC    startup_lpc17xx.o
    0x00000300   0x00000018   Code   RO           48    .text               main.o
    0x00000318   0x00000804   Code   RO           49    .text               main.o
    0x00000b1c   0x0000002c   Code   RO           99    .text               gran.o
    0x00000b48   0x00000280   Code   RO          145    .text               uart0.o
    0x00000dc8   0x000005a8   Code   RO          212    .text               full_can.o
    0x00001370   0x000005f8   Code   RO          282    .text               power_cnt.o
    0x00001968   0x00000024   Code   RO          309    .text               mc_w.l(memcpya.o)(mc_w.l)
    0x0000198c   0x00000024   Code   RO          318    .text               mc_w.l(init.o)(mc_w.l)
    0x000019b0   0x0000000e   Code   RO          322    i.__scatterload_copy  mc_w.l(handlers.o)(mc_w.l)
    0x000019be   0x00000002   Code   RO          323    i.__scatterload_null  mc_w.l(handlers.o)(mc_w.l)
    0x000019c0   0x0000000e   Code   RO          324    i.__scatterload_zeroinit  mc_w.l(handlers.o)(mc_w.l)
    0x000019ce   0x00000002   PAD
    0x000019d0   0x00000028   Data   RO           51    .constdata          main.o
    0x000019f8   0x00000100   Data   RO          284    .constdata          power_cnt.o
    0x00001af8   0x00000020   Data   RO          320    Region$$Table       anon$$obj.o


    Execution Region RW_IRAM1 (Base: 0x10000000, Size: 0x000012c8, Max: 0x00008000, ABSOLUTE)

    Base Addr    Size         Type   Attr      Idx    E Section Name        Object

    0x10000000   0x00000004   Data   RW           24    .data               system_lpc17xx.o
    0x10000004   0x00000075   Data   RW           52    .data               main.o
    0x10000079   0x00000003   PAD
    0x1000007c   0x0000001c   Data   RW          148    .data               uart0.o
    0x10000098   0x00000010   Data   RW          216    .data               full_can.o
    0x100000a8   0x00000018   Data   RW          285    .data               power_cnt.o
    0x100000c0   0x00000426   Zero   RW           50    .bss                main.o
    0x100004e6   0x000008fa   Zero   RW          146    .bss                uart0.o
    0x10000de0   0x00000124   Zero   RW          215    .bss                full_can.o
    0x10000f04   0x000001c2   Zero   RW          283    .bss                power_cnt.o
    0x100010c6   0x00000002   PAD
    0x100010c8   0x00000200   Zero   RW            1    STACK               startup_lpc17xx.o


==============================================================================

Image component sizes


      Code (inc. data)   RO Data    RW Data    ZI Data      Debug   Object Name

         0          0          0          0          0          0   core_cm3.o
      1448        132          0         16        292          0   full_can.o
        44          0          0          0          0          0   gran.o
      2076        236         40        117       1062          0   main.o
      1528        118        256         24        450          0   power_cnt.o
        32          8        196          0        512          0   startup_lpc17xx.o
       520         64          0          4          0          0   system_lpc17xx.o
       640         52          0         28       2298          0   uart0.o

    ----------------------------------------------------------------------
      6288        610        524        192       4616          0   Object Totals
         0          0         32          0          0          0   (incl. Generated)
         0          0          0          3          2          3   (incl. Padding)

    ----------------------------------------------------------------------

      Code (inc. data)   RO Data    RW Data    ZI Data      Debug   Library Member Name

         0          0          0          0          0          0   entry.o
         8          4          0          0          0          0   entry2.o
         4          0          0          0          0          0   entry5.o
         8          4          0          0          0          0   entry7.o
        30          0          0          0          0          0   handlers.o
        36          8          0          0          0          0   init.o
        36          0          0          0          0          0   memcpya.o

    ----------------------------------------------------------------------
       124         16          0          0          0          0   Library Totals
         2          0          0          0          0          0   (incl. Padding)

    ----------------------------------------------------------------------

      Code (inc. data)   RO Data    RW Data    ZI Data      Debug   Library Name

       122         16          0          0          0        136   mc_w.l

    ----------------------------------------------------------------------
       124         16          0          0          0          0   Library Totals

    ----------------------------------------------------------------------

==============================================================================


      Code (inc. data)   RO Data    RW Data    ZI Data      Debug   

      6412        626        524        192       4616     129832   Grand Totals
      6412        626        524        192       4616     129832   ELF Image Totals
      6412        626        524        192          0          0   ROM Totals

==============================================================================

    Total RO  Size (Code + RO Data)                 6936 (   6.77kB)
    Total RW  Size (RW Data + ZI Data)              4808 (   4.70kB)
    Total ROM Size (Code + RO Data + RW Data)       7128 (   6.96kB)

==============================================================================

