<!doctype html public "-//w3c//dtd html 4.0 transitional//en">
<html><head>
<title>Static Call Graph - [.\Output\IBP_2000_48.axf]</title></head>
<body><HR>
<H1>Static Call Graph for image .\Output\IBP_2000_48.axf</H1><HR>
<BR><P>#&#060CALLGRAPH&#062# ARM Linker, 4.1 [Build 644]: Last Updated: Wed Jan 28 12:16:35 2015
<BR><P>
<H3>Maximum Stack Usage =        304 bytes + Unknown(Cycles, Untraceable Function Pointers)</H3><H3>
Call chain for Maximum Stack Depth:</H3>
main &rArr; unet_drv &rArr; avar_unet_hndl &rArr; snmp_trap_send &rArr; snmp_trap &rArr; udp_send &rArr; ip_send_frame &rArr; dispatch_frame &rArr; eth_send_frame &rArr; arp_cache_find &rArr; arp_send_req &rArr; alloc_mem
<P>
<H3>
Mutually Recursive functions
</H3> <LI><a href="#[17]">NMI_Handler</a>&nbsp;&nbsp;&nbsp;&rArr;&nbsp;&nbsp;&nbsp;<a href="#[17]">NMI_Handler</a><BR>
 <LI><a href="#[18]">HardFault_Handler</a>&nbsp;&nbsp;&nbsp;&rArr;&nbsp;&nbsp;&nbsp;<a href="#[18]">HardFault_Handler</a><BR>
 <LI><a href="#[19]">MemManage_Handler</a>&nbsp;&nbsp;&nbsp;&rArr;&nbsp;&nbsp;&nbsp;<a href="#[19]">MemManage_Handler</a><BR>
 <LI><a href="#[1a]">BusFault_Handler</a>&nbsp;&nbsp;&nbsp;&rArr;&nbsp;&nbsp;&nbsp;<a href="#[1a]">BusFault_Handler</a><BR>
 <LI><a href="#[1b]">UsageFault_Handler</a>&nbsp;&nbsp;&nbsp;&rArr;&nbsp;&nbsp;&nbsp;<a href="#[1b]">UsageFault_Handler</a><BR>
 <LI><a href="#[1c]">SVC_Handler</a>&nbsp;&nbsp;&nbsp;&rArr;&nbsp;&nbsp;&nbsp;<a href="#[1c]">SVC_Handler</a><BR>
 <LI><a href="#[1d]">DebugMon_Handler</a>&nbsp;&nbsp;&nbsp;&rArr;&nbsp;&nbsp;&nbsp;<a href="#[1d]">DebugMon_Handler</a><BR>
 <LI><a href="#[1e]">PendSV_Handler</a>&nbsp;&nbsp;&nbsp;&rArr;&nbsp;&nbsp;&nbsp;<a href="#[1e]">PendSV_Handler</a><BR>
 <LI><a href="#[37]">BOD_IRQHandler</a>&nbsp;&nbsp;&nbsp;&rArr;&nbsp;&nbsp;&nbsp;<a href="#[37]">BOD_IRQHandler</a><BR>
 <LI><a href="#[a9]">mem_test</a>&nbsp;&nbsp;&nbsp;&rArr;&nbsp;&nbsp;&nbsp;<a href="#[a9]">mem_test</a><BR>
</UL>
<P>
<H3>
Function Pointers
</H3><UL>
 <LI><a href="#[36]">ADC_IRQHandler</a> from main.o(.text) referenced from startup_lpc17xx.o(RESET)
 <LI><a href="#[37]">BOD_IRQHandler</a> from startup_lpc17xx.o(.text) referenced from startup_lpc17xx.o(RESET)
 <LI><a href="#[1a]">BusFault_Handler</a> from startup_lpc17xx.o(.text) referenced from startup_lpc17xx.o(RESET)
 <LI><a href="#[42]">CANActivity_IRQHandler</a> from startup_lpc17xx.o(.text) referenced from startup_lpc17xx.o(RESET)
 <LI><a href="#[39]">CAN_IRQHandler</a> from full_can.o(.text) referenced from startup_lpc17xx.o(RESET)
 <LI><a href="#[3a]">DMA_IRQHandler</a> from startup_lpc17xx.o(.text) referenced from startup_lpc17xx.o(RESET)
 <LI><a href="#[1d]">DebugMon_Handler</a> from startup_lpc17xx.o(.text) referenced from startup_lpc17xx.o(RESET)
 <LI><a href="#[32]">EINT0_IRQHandler</a> from startup_lpc17xx.o(.text) referenced from startup_lpc17xx.o(RESET)
 <LI><a href="#[33]">EINT1_IRQHandler</a> from startup_lpc17xx.o(.text) referenced from startup_lpc17xx.o(RESET)
 <LI><a href="#[34]">EINT2_IRQHandler</a> from startup_lpc17xx.o(.text) referenced from startup_lpc17xx.o(RESET)
 <LI><a href="#[35]">EINT3_IRQHandler</a> from startup_lpc17xx.o(.text) referenced from startup_lpc17xx.o(RESET)
 <LI><a href="#[3c]">ENET_IRQHandler</a> from emac_lpc17xx.o(.text) referenced from startup_lpc17xx.o(RESET)
 <LI><a href="#[18]">HardFault_Handler</a> from startup_lpc17xx.o(.text) referenced from startup_lpc17xx.o(RESET)
 <LI><a href="#[2a]">I2C0_IRQHandler</a> from startup_lpc17xx.o(.text) referenced from startup_lpc17xx.o(RESET)
 <LI><a href="#[2b]">I2C1_IRQHandler</a> from startup_lpc17xx.o(.text) referenced from startup_lpc17xx.o(RESET)
 <LI><a href="#[2c]">I2C2_IRQHandler</a> from startup_lpc17xx.o(.text) referenced from startup_lpc17xx.o(RESET)
 <LI><a href="#[3b]">I2S_IRQHandler</a> from startup_lpc17xx.o(.text) referenced from startup_lpc17xx.o(RESET)
 <LI><a href="#[3e]">MCPWM_IRQHandler</a> from startup_lpc17xx.o(.text) referenced from startup_lpc17xx.o(RESET)
 <LI><a href="#[19]">MemManage_Handler</a> from startup_lpc17xx.o(.text) referenced from startup_lpc17xx.o(RESET)
 <LI><a href="#[17]">NMI_Handler</a> from startup_lpc17xx.o(.text) referenced from startup_lpc17xx.o(RESET)
 <LI><a href="#[30]">PLL0_IRQHandler</a> from startup_lpc17xx.o(.text) referenced from startup_lpc17xx.o(RESET)
 <LI><a href="#[40]">PLL1_IRQHandler</a> from startup_lpc17xx.o(.text) referenced from startup_lpc17xx.o(RESET)
 <LI><a href="#[29]">PWM1_IRQHandler</a> from startup_lpc17xx.o(.text) referenced from startup_lpc17xx.o(RESET)
 <LI><a href="#[1e]">PendSV_Handler</a> from startup_lpc17xx.o(.text) referenced from startup_lpc17xx.o(RESET)
 <LI><a href="#[3f]">QEI_IRQHandler</a> from startup_lpc17xx.o(.text) referenced from startup_lpc17xx.o(RESET)
 <LI><a href="#[3d]">RIT_IRQHandler</a> from startup_lpc17xx.o(.text) referenced from startup_lpc17xx.o(RESET)
 <LI><a href="#[31]">RTC_IRQHandler</a> from startup_lpc17xx.o(.text) referenced from startup_lpc17xx.o(RESET)
 <LI><a href="#[16]">Reset_Handler</a> from startup_lpc17xx.o(.text) referenced from startup_lpc17xx.o(RESET)
 <LI><a href="#[2d]">SPI_IRQHandler</a> from startup_lpc17xx.o(.text) referenced from startup_lpc17xx.o(RESET)
 <LI><a href="#[2e]">SSP0_IRQHandler</a> from startup_lpc17xx.o(.text) referenced from startup_lpc17xx.o(RESET)
 <LI><a href="#[2f]">SSP1_IRQHandler</a> from startup_lpc17xx.o(.text) referenced from startup_lpc17xx.o(RESET)
 <LI><a href="#[1c]">SVC_Handler</a> from startup_lpc17xx.o(.text) referenced from startup_lpc17xx.o(RESET)
 <LI><a href="#[1f]">SysTick_Handler</a> from main.o(.text) referenced from startup_lpc17xx.o(RESET)
 <LI><a href="#[21]">TIMER0_IRQHandler</a> from startup_lpc17xx.o(.text) referenced from startup_lpc17xx.o(RESET)
 <LI><a href="#[22]">TIMER1_IRQHandler</a> from startup_lpc17xx.o(.text) referenced from startup_lpc17xx.o(RESET)
 <LI><a href="#[23]">TIMER2_IRQHandler</a> from startup_lpc17xx.o(.text) referenced from startup_lpc17xx.o(RESET)
 <LI><a href="#[24]">TIMER3_IRQHandler</a> from startup_lpc17xx.o(.text) referenced from startup_lpc17xx.o(RESET)
 <LI><a href="#[25]">UART0_IRQHandler</a> from startup_lpc17xx.o(.text) referenced from startup_lpc17xx.o(RESET)
 <LI><a href="#[26]">UART1_IRQHandler</a> from startup_lpc17xx.o(.text) referenced from startup_lpc17xx.o(RESET)
 <LI><a href="#[27]">UART2_IRQHandler</a> from startup_lpc17xx.o(.text) referenced from startup_lpc17xx.o(RESET)
 <LI><a href="#[28]">UART3_IRQHandler</a> from startup_lpc17xx.o(.text) referenced from startup_lpc17xx.o(RESET)
 <LI><a href="#[41]">USBActivity_IRQHandler</a> from startup_lpc17xx.o(.text) referenced from startup_lpc17xx.o(RESET)
 <LI><a href="#[38]">USB_IRQHandler</a> from startup_lpc17xx.o(.text) referenced from startup_lpc17xx.o(RESET)
 <LI><a href="#[1b]">UsageFault_Handler</a> from startup_lpc17xx.o(.text) referenced from startup_lpc17xx.o(RESET)
 <LI><a href="#[20]">WDT_IRQHandler</a> from startup_lpc17xx.o(.text) referenced from startup_lpc17xx.o(RESET)
 <LI><a href="#[44]">__main</a> from entry.o(.ARM.Collect$$$$00000000) referenced from startup_lpc17xx.o(.text)
 <LI><a href="#[43]">main</a> from main.o(.text) referenced from entry7.o(.ARM.Collect$$$$00000007)
 <LI><a href="#[2]">snmp_eth_settings_def_gatw_write</a> from snmp_data_file.o(.text) referenced 2 times from snmp_mib.o(.data)
 <LI><a href="#[0]">snmp_eth_settings_ip_write</a> from snmp_data_file.o(.text) referenced 2 times from snmp_mib.o(.data)
 <LI><a href="#[1]">snmp_eth_settings_net_mask_write</a> from snmp_data_file.o(.text) referenced 2 times from snmp_mib.o(.data)
 <LI><a href="#[45]">snmp_listener</a> from at_snmp.o(i.snmp_listener) referenced from at_snmp.o(i.init_snmp)
 <LI><a href="#[5]">snmp_snmp_settings_read_community_write</a> from snmp_data_file.o(.text) referenced 2 times from snmp_mib.o(.data)
 <LI><a href="#[3]">snmp_snmp_settings_read_port_write</a> from snmp_data_file.o(.text) referenced 2 times from snmp_mib.o(.data)
 <LI><a href="#[7]">snmp_snmp_settings_trap_server_1_write</a> from snmp_data_file.o(.text) referenced 2 times from snmp_mib.o(.data)
 <LI><a href="#[8]">snmp_snmp_settings_trap_server_2_write</a> from snmp_data_file.o(.text) referenced 2 times from snmp_mib.o(.data)
 <LI><a href="#[9]">snmp_snmp_settings_trap_server_3_write</a> from snmp_data_file.o(.text) referenced 2 times from snmp_mib.o(.data)
 <LI><a href="#[a]">snmp_snmp_settings_trap_server_4_write</a> from snmp_data_file.o(.text) referenced 2 times from snmp_mib.o(.data)
 <LI><a href="#[b]">snmp_snmp_settings_trap_server_5_write</a> from snmp_data_file.o(.text) referenced 2 times from snmp_mib.o(.data)
 <LI><a href="#[6]">snmp_snmp_settings_write_community_write</a> from snmp_data_file.o(.text) referenced 2 times from snmp_mib.o(.data)
 <LI><a href="#[4]">snmp_snmp_settings_write_port_write</a> from snmp_data_file.o(.text) referenced 2 times from snmp_mib.o(.data)
 <LI><a href="#[14]">snmp_trap_settings_battery_voltage_trap_send_of_av_write</a> from snmp_data_file.o(.text) referenced 2 times from snmp_mib.o(.data)
 <LI><a href="#[15]">snmp_trap_settings_battery_voltage_trap_send_of_no_av_write</a> from snmp_data_file.o(.text) referenced 2 times from snmp_mib.o(.data)
 <LI><a href="#[12]">snmp_trap_settings_inverter_current_trap_send_of_av_write</a> from snmp_data_file.o(.text) referenced 2 times from snmp_mib.o(.data)
 <LI><a href="#[13]">snmp_trap_settings_inverter_current_trap_send_of_no_av_write</a> from snmp_data_file.o(.text) referenced 2 times from snmp_mib.o(.data)
 <LI><a href="#[e]">snmp_trap_settings_inverter_temperature_trap_send_of_av_write</a> from snmp_data_file.o(.text) referenced 2 times from snmp_mib.o(.data)
 <LI><a href="#[f]">snmp_trap_settings_inverter_temperature_trap_send_of_no_av_write</a> from snmp_data_file.o(.text) referenced 2 times from snmp_mib.o(.data)
 <LI><a href="#[10]">snmp_trap_settings_inverter_voltage_trap_send_of_av_write</a> from snmp_data_file.o(.text) referenced 2 times from snmp_mib.o(.data)
 <LI><a href="#[11]">snmp_trap_settings_inverter_voltage_trap_send_of_no_av_write</a> from snmp_data_file.o(.text) referenced 2 times from snmp_mib.o(.data)
 <LI><a href="#[c]">snmp_trap_settings_main_power_trap_send_of_av_write</a> from snmp_data_file.o(.text) referenced 2 times from snmp_mib.o(.data)
 <LI><a href="#[d]">snmp_trap_settings_main_power_trap_send_of_no_av_write</a> from snmp_data_file.o(.text) referenced 2 times from snmp_mib.o(.data)
</UL>
<P>
<H3>
Global Symbols
</H3>
<P><STRONG><a name="[44]"></a>__main</STRONG> (Thumb, 0 bytes, Stack size unknown bytes, entry.o(.ARM.Collect$$$$00000000))
<BR>[Address Reference Count : 1]<UL><LI> startup_lpc17xx.o(.text)
</UL>
<P><STRONG><a name="[d8]"></a>_main_stk</STRONG> (Thumb, 0 bytes, Stack size unknown bytes, entry2.o(.ARM.Collect$$$$00000001))

<P><STRONG><a name="[46]"></a>_main_scatterload</STRONG> (Thumb, 0 bytes, Stack size unknown bytes, entry5.o(.ARM.Collect$$$$00000004))
<BR><BR>[Calls]<UL><LI><a href="#[47]">&gt;&gt;</a>&nbsp;&nbsp;&nbsp;__scatterload
</UL>

<P><STRONG><a name="[57]"></a>__main_after_scatterload</STRONG> (Thumb, 0 bytes, Stack size unknown bytes, entry5.o(.ARM.Collect$$$$00000004))
<BR><BR>[Called By]<UL><LI><a href="#[47]">&gt;&gt;</a>&nbsp;&nbsp;&nbsp;__scatterload
</UL>

<P><STRONG><a name="[d9]"></a>_main_init</STRONG> (Thumb, 0 bytes, Stack size unknown bytes, entry7.o(.ARM.Collect$$$$00000007))

<P><STRONG><a name="[16]"></a>Reset_Handler</STRONG> (Thumb, 4 bytes, Stack size 0 bytes, startup_lpc17xx.o(.text))
<BR>[Address Reference Count : 1]<UL><LI> startup_lpc17xx.o(RESET)
</UL>
<P><STRONG><a name="[17]"></a>NMI_Handler</STRONG> (Thumb, 2 bytes, Stack size 0 bytes, startup_lpc17xx.o(.text))
<BR><BR>[Calls]<UL><LI><a href="#[17]">&gt;&gt;</a>&nbsp;&nbsp;&nbsp;NMI_Handler
</UL>
<BR>[Called By]<UL><LI><a href="#[17]">&gt;&gt;</a>&nbsp;&nbsp;&nbsp;NMI_Handler
</UL>
<BR>[Address Reference Count : 1]<UL><LI> startup_lpc17xx.o(RESET)
</UL>
<P><STRONG><a name="[18]"></a>HardFault_Handler</STRONG> (Thumb, 2 bytes, Stack size 0 bytes, startup_lpc17xx.o(.text))
<BR><BR>[Calls]<UL><LI><a href="#[18]">&gt;&gt;</a>&nbsp;&nbsp;&nbsp;HardFault_Handler
</UL>
<BR>[Called By]<UL><LI><a href="#[18]">&gt;&gt;</a>&nbsp;&nbsp;&nbsp;HardFault_Handler
</UL>
<BR>[Address Reference Count : 1]<UL><LI> startup_lpc17xx.o(RESET)
</UL>
<P><STRONG><a name="[19]"></a>MemManage_Handler</STRONG> (Thumb, 2 bytes, Stack size 0 bytes, startup_lpc17xx.o(.text))
<BR><BR>[Calls]<UL><LI><a href="#[19]">&gt;&gt;</a>&nbsp;&nbsp;&nbsp;MemManage_Handler
</UL>
<BR>[Called By]<UL><LI><a href="#[19]">&gt;&gt;</a>&nbsp;&nbsp;&nbsp;MemManage_Handler
</UL>
<BR>[Address Reference Count : 1]<UL><LI> startup_lpc17xx.o(RESET)
</UL>
<P><STRONG><a name="[1a]"></a>BusFault_Handler</STRONG> (Thumb, 2 bytes, Stack size 0 bytes, startup_lpc17xx.o(.text))
<BR><BR>[Calls]<UL><LI><a href="#[1a]">&gt;&gt;</a>&nbsp;&nbsp;&nbsp;BusFault_Handler
</UL>
<BR>[Called By]<UL><LI><a href="#[1a]">&gt;&gt;</a>&nbsp;&nbsp;&nbsp;BusFault_Handler
</UL>
<BR>[Address Reference Count : 1]<UL><LI> startup_lpc17xx.o(RESET)
</UL>
<P><STRONG><a name="[1b]"></a>UsageFault_Handler</STRONG> (Thumb, 2 bytes, Stack size 0 bytes, startup_lpc17xx.o(.text))
<BR><BR>[Calls]<UL><LI><a href="#[1b]">&gt;&gt;</a>&nbsp;&nbsp;&nbsp;UsageFault_Handler
</UL>
<BR>[Called By]<UL><LI><a href="#[1b]">&gt;&gt;</a>&nbsp;&nbsp;&nbsp;UsageFault_Handler
</UL>
<BR>[Address Reference Count : 1]<UL><LI> startup_lpc17xx.o(RESET)
</UL>
<P><STRONG><a name="[1c]"></a>SVC_Handler</STRONG> (Thumb, 2 bytes, Stack size 0 bytes, startup_lpc17xx.o(.text))
<BR><BR>[Calls]<UL><LI><a href="#[1c]">&gt;&gt;</a>&nbsp;&nbsp;&nbsp;SVC_Handler
</UL>
<BR>[Called By]<UL><LI><a href="#[1c]">&gt;&gt;</a>&nbsp;&nbsp;&nbsp;SVC_Handler
</UL>
<BR>[Address Reference Count : 1]<UL><LI> startup_lpc17xx.o(RESET)
</UL>
<P><STRONG><a name="[1d]"></a>DebugMon_Handler</STRONG> (Thumb, 2 bytes, Stack size 0 bytes, startup_lpc17xx.o(.text))
<BR><BR>[Calls]<UL><LI><a href="#[1d]">&gt;&gt;</a>&nbsp;&nbsp;&nbsp;DebugMon_Handler
</UL>
<BR>[Called By]<UL><LI><a href="#[1d]">&gt;&gt;</a>&nbsp;&nbsp;&nbsp;DebugMon_Handler
</UL>
<BR>[Address Reference Count : 1]<UL><LI> startup_lpc17xx.o(RESET)
</UL>
<P><STRONG><a name="[1e]"></a>PendSV_Handler</STRONG> (Thumb, 2 bytes, Stack size 0 bytes, startup_lpc17xx.o(.text))
<BR><BR>[Calls]<UL><LI><a href="#[1e]">&gt;&gt;</a>&nbsp;&nbsp;&nbsp;PendSV_Handler
</UL>
<BR>[Called By]<UL><LI><a href="#[1e]">&gt;&gt;</a>&nbsp;&nbsp;&nbsp;PendSV_Handler
</UL>
<BR>[Address Reference Count : 1]<UL><LI> startup_lpc17xx.o(RESET)
</UL>
<P><STRONG><a name="[37]"></a>BOD_IRQHandler</STRONG> (Thumb, 0 bytes, Stack size 0 bytes, startup_lpc17xx.o(.text))
<BR><BR>[Calls]<UL><LI><a href="#[37]">&gt;&gt;</a>&nbsp;&nbsp;&nbsp;BOD_IRQHandler
</UL>
<BR>[Called By]<UL><LI><a href="#[37]">&gt;&gt;</a>&nbsp;&nbsp;&nbsp;BOD_IRQHandler
</UL>
<BR>[Address Reference Count : 1]<UL><LI> startup_lpc17xx.o(RESET)
</UL>
<P><STRONG><a name="[42]"></a>CANActivity_IRQHandler</STRONG> (Thumb, 0 bytes, Stack size 0 bytes, startup_lpc17xx.o(.text))
<BR>[Address Reference Count : 1]<UL><LI> startup_lpc17xx.o(RESET)
</UL>
<P><STRONG><a name="[3a]"></a>DMA_IRQHandler</STRONG> (Thumb, 0 bytes, Stack size 0 bytes, startup_lpc17xx.o(.text))
<BR>[Address Reference Count : 1]<UL><LI> startup_lpc17xx.o(RESET)
</UL>
<P><STRONG><a name="[32]"></a>EINT0_IRQHandler</STRONG> (Thumb, 0 bytes, Stack size 0 bytes, startup_lpc17xx.o(.text))
<BR>[Address Reference Count : 1]<UL><LI> startup_lpc17xx.o(RESET)
</UL>
<P><STRONG><a name="[33]"></a>EINT1_IRQHandler</STRONG> (Thumb, 0 bytes, Stack size 0 bytes, startup_lpc17xx.o(.text))
<BR>[Address Reference Count : 1]<UL><LI> startup_lpc17xx.o(RESET)
</UL>
<P><STRONG><a name="[34]"></a>EINT2_IRQHandler</STRONG> (Thumb, 0 bytes, Stack size 0 bytes, startup_lpc17xx.o(.text))
<BR>[Address Reference Count : 1]<UL><LI> startup_lpc17xx.o(RESET)
</UL>
<P><STRONG><a name="[35]"></a>EINT3_IRQHandler</STRONG> (Thumb, 0 bytes, Stack size 0 bytes, startup_lpc17xx.o(.text))
<BR>[Address Reference Count : 1]<UL><LI> startup_lpc17xx.o(RESET)
</UL>
<P><STRONG><a name="[2a]"></a>I2C0_IRQHandler</STRONG> (Thumb, 0 bytes, Stack size 0 bytes, startup_lpc17xx.o(.text))
<BR>[Address Reference Count : 1]<UL><LI> startup_lpc17xx.o(RESET)
</UL>
<P><STRONG><a name="[2b]"></a>I2C1_IRQHandler</STRONG> (Thumb, 0 bytes, Stack size 0 bytes, startup_lpc17xx.o(.text))
<BR>[Address Reference Count : 1]<UL><LI> startup_lpc17xx.o(RESET)
</UL>
<P><STRONG><a name="[2c]"></a>I2C2_IRQHandler</STRONG> (Thumb, 0 bytes, Stack size 0 bytes, startup_lpc17xx.o(.text))
<BR>[Address Reference Count : 1]<UL><LI> startup_lpc17xx.o(RESET)
</UL>
<P><STRONG><a name="[3b]"></a>I2S_IRQHandler</STRONG> (Thumb, 0 bytes, Stack size 0 bytes, startup_lpc17xx.o(.text))
<BR>[Address Reference Count : 1]<UL><LI> startup_lpc17xx.o(RESET)
</UL>
<P><STRONG><a name="[3e]"></a>MCPWM_IRQHandler</STRONG> (Thumb, 0 bytes, Stack size 0 bytes, startup_lpc17xx.o(.text))
<BR>[Address Reference Count : 1]<UL><LI> startup_lpc17xx.o(RESET)
</UL>
<P><STRONG><a name="[30]"></a>PLL0_IRQHandler</STRONG> (Thumb, 0 bytes, Stack size 0 bytes, startup_lpc17xx.o(.text))
<BR>[Address Reference Count : 1]<UL><LI> startup_lpc17xx.o(RESET)
</UL>
<P><STRONG><a name="[40]"></a>PLL1_IRQHandler</STRONG> (Thumb, 0 bytes, Stack size 0 bytes, startup_lpc17xx.o(.text))
<BR>[Address Reference Count : 1]<UL><LI> startup_lpc17xx.o(RESET)
</UL>
<P><STRONG><a name="[29]"></a>PWM1_IRQHandler</STRONG> (Thumb, 0 bytes, Stack size 0 bytes, startup_lpc17xx.o(.text))
<BR>[Address Reference Count : 1]<UL><LI> startup_lpc17xx.o(RESET)
</UL>
<P><STRONG><a name="[3f]"></a>QEI_IRQHandler</STRONG> (Thumb, 0 bytes, Stack size 0 bytes, startup_lpc17xx.o(.text))
<BR>[Address Reference Count : 1]<UL><LI> startup_lpc17xx.o(RESET)
</UL>
<P><STRONG><a name="[3d]"></a>RIT_IRQHandler</STRONG> (Thumb, 0 bytes, Stack size 0 bytes, startup_lpc17xx.o(.text))
<BR>[Address Reference Count : 1]<UL><LI> startup_lpc17xx.o(RESET)
</UL>
<P><STRONG><a name="[31]"></a>RTC_IRQHandler</STRONG> (Thumb, 0 bytes, Stack size 0 bytes, startup_lpc17xx.o(.text))
<BR>[Address Reference Count : 1]<UL><LI> startup_lpc17xx.o(RESET)
</UL>
<P><STRONG><a name="[2d]"></a>SPI_IRQHandler</STRONG> (Thumb, 0 bytes, Stack size 0 bytes, startup_lpc17xx.o(.text))
<BR>[Address Reference Count : 1]<UL><LI> startup_lpc17xx.o(RESET)
</UL>
<P><STRONG><a name="[2e]"></a>SSP0_IRQHandler</STRONG> (Thumb, 0 bytes, Stack size 0 bytes, startup_lpc17xx.o(.text))
<BR>[Address Reference Count : 1]<UL><LI> startup_lpc17xx.o(RESET)
</UL>
<P><STRONG><a name="[2f]"></a>SSP1_IRQHandler</STRONG> (Thumb, 0 bytes, Stack size 0 bytes, startup_lpc17xx.o(.text))
<BR>[Address Reference Count : 1]<UL><LI> startup_lpc17xx.o(RESET)
</UL>
<P><STRONG><a name="[21]"></a>TIMER0_IRQHandler</STRONG> (Thumb, 0 bytes, Stack size 0 bytes, startup_lpc17xx.o(.text))
<BR>[Address Reference Count : 1]<UL><LI> startup_lpc17xx.o(RESET)
</UL>
<P><STRONG><a name="[22]"></a>TIMER1_IRQHandler</STRONG> (Thumb, 0 bytes, Stack size 0 bytes, startup_lpc17xx.o(.text))
<BR>[Address Reference Count : 1]<UL><LI> startup_lpc17xx.o(RESET)
</UL>
<P><STRONG><a name="[23]"></a>TIMER2_IRQHandler</STRONG> (Thumb, 0 bytes, Stack size 0 bytes, startup_lpc17xx.o(.text))
<BR>[Address Reference Count : 1]<UL><LI> startup_lpc17xx.o(RESET)
</UL>
<P><STRONG><a name="[24]"></a>TIMER3_IRQHandler</STRONG> (Thumb, 0 bytes, Stack size 0 bytes, startup_lpc17xx.o(.text))
<BR>[Address Reference Count : 1]<UL><LI> startup_lpc17xx.o(RESET)
</UL>
<P><STRONG><a name="[25]"></a>UART0_IRQHandler</STRONG> (Thumb, 0 bytes, Stack size 0 bytes, startup_lpc17xx.o(.text))
<BR>[Address Reference Count : 1]<UL><LI> startup_lpc17xx.o(RESET)
</UL>
<P><STRONG><a name="[26]"></a>UART1_IRQHandler</STRONG> (Thumb, 0 bytes, Stack size 0 bytes, startup_lpc17xx.o(.text))
<BR>[Address Reference Count : 1]<UL><LI> startup_lpc17xx.o(RESET)
</UL>
<P><STRONG><a name="[27]"></a>UART2_IRQHandler</STRONG> (Thumb, 0 bytes, Stack size 0 bytes, startup_lpc17xx.o(.text))
<BR>[Address Reference Count : 1]<UL><LI> startup_lpc17xx.o(RESET)
</UL>
<P><STRONG><a name="[28]"></a>UART3_IRQHandler</STRONG> (Thumb, 0 bytes, Stack size 0 bytes, startup_lpc17xx.o(.text))
<BR>[Address Reference Count : 1]<UL><LI> startup_lpc17xx.o(RESET)
</UL>
<P><STRONG><a name="[41]"></a>USBActivity_IRQHandler</STRONG> (Thumb, 0 bytes, Stack size 0 bytes, startup_lpc17xx.o(.text))
<BR>[Address Reference Count : 1]<UL><LI> startup_lpc17xx.o(RESET)
</UL>
<P><STRONG><a name="[38]"></a>USB_IRQHandler</STRONG> (Thumb, 0 bytes, Stack size 0 bytes, startup_lpc17xx.o(.text))
<BR>[Address Reference Count : 1]<UL><LI> startup_lpc17xx.o(RESET)
</UL>
<P><STRONG><a name="[20]"></a>WDT_IRQHandler</STRONG> (Thumb, 0 bytes, Stack size 0 bytes, startup_lpc17xx.o(.text))
<BR>[Address Reference Count : 1]<UL><LI> startup_lpc17xx.o(RESET)
</UL>
<P><STRONG><a name="[a5]"></a>sys_error</STRONG> (Thumb, 32 bytes, Stack size 0 bytes, net_config_http.o(.text))
<BR><BR>[Called By]<UL><LI><a href="#[9e]">&gt;&gt;</a>&nbsp;&nbsp;&nbsp;alloc_mem
<LI><a href="#[54]">&gt;&gt;</a>&nbsp;&nbsp;&nbsp;process_tcp
<LI><a href="#[b9]">&gt;&gt;</a>&nbsp;&nbsp;&nbsp;udp_get_socket
<LI><a href="#[b1]">&gt;&gt;</a>&nbsp;&nbsp;&nbsp;free_mem
</UL>

<P><STRONG><a name="[48]"></a>init_system</STRONG> (Thumb, 26 bytes, Stack size 8 bytes, net_config_http.o(.text))
<BR><BR>[Stack]<UL><LI>Max Depth = 64<LI>Call Chain = init_system &rArr; init_eth_link &rArr; init_ethernet &rArr; write_PHY
</UL>
<BR>[Calls]<UL><LI><a href="#[4a]">&gt;&gt;</a>&nbsp;&nbsp;&nbsp;init_udp
<LI><a href="#[4b]">&gt;&gt;</a>&nbsp;&nbsp;&nbsp;init_tcp
<LI><a href="#[4c]">&gt;&gt;</a>&nbsp;&nbsp;&nbsp;init_snmp
<LI><a href="#[49]">&gt;&gt;</a>&nbsp;&nbsp;&nbsp;init_eth_link
</UL>
<BR>[Called By]<UL><LI><a href="#[74]">&gt;&gt;</a>&nbsp;&nbsp;&nbsp;init_TcpNet
</UL>

<P><STRONG><a name="[4d]"></a>run_system</STRONG> (Thumb, 18 bytes, Stack size 8 bytes, net_config_http.o(.text))
<BR><BR>[Stack]<UL><LI>Max Depth = 248<LI>Call Chain = run_system &rArr; run_eth_link &rArr; process_hl_tcp &rArr; process_tcp &rArr; tcp_send_reset &rArr; tcp_send_ctrl &rArr; tcp_send_frame &rArr; ip_send_frame &rArr; dispatch_frame &rArr; eth_send_frame &rArr; arp_cache_find &rArr; arp_send_req &rArr; alloc_mem
</UL>
<BR>[Calls]<UL><LI><a href="#[4f]">&gt;&gt;</a>&nbsp;&nbsp;&nbsp;tcp_poll_sockets
<LI><a href="#[50]">&gt;&gt;</a>&nbsp;&nbsp;&nbsp;run_snmp_agent
<LI><a href="#[4e]">&gt;&gt;</a>&nbsp;&nbsp;&nbsp;run_eth_link
</UL>
<BR>[Called By]<UL><LI><a href="#[7c]">&gt;&gt;</a>&nbsp;&nbsp;&nbsp;main_TcpNet
</UL>

<P><STRONG><a name="[51]"></a>process_hl_udp</STRONG> (Thumb, 4 bytes, Stack size 0 bytes, net_config_http.o(.text))
<BR><BR>[Stack]<UL><LI>Max Depth = 32<LI>Call Chain = process_hl_udp &rArr; process_udp
</UL>
<BR>[Calls]<UL><LI><a href="#[52]">&gt;&gt;</a>&nbsp;&nbsp;&nbsp;process_udp
</UL>
<BR>[Called By]<UL><LI><a href="#[4e]">&gt;&gt;</a>&nbsp;&nbsp;&nbsp;run_eth_link
</UL>

<P><STRONG><a name="[53]"></a>process_hl_tcp</STRONG> (Thumb, 4 bytes, Stack size 0 bytes, net_config_http.o(.text))
<BR><BR>[Stack]<UL><LI>Max Depth = 224<LI>Call Chain = process_hl_tcp &rArr; process_tcp &rArr; tcp_send_reset &rArr; tcp_send_ctrl &rArr; tcp_send_frame &rArr; ip_send_frame &rArr; dispatch_frame &rArr; eth_send_frame &rArr; arp_cache_find &rArr; arp_send_req &rArr; alloc_mem
</UL>
<BR>[Calls]<UL><LI><a href="#[54]">&gt;&gt;</a>&nbsp;&nbsp;&nbsp;process_tcp
</UL>
<BR>[Called By]<UL><LI><a href="#[4e]">&gt;&gt;</a>&nbsp;&nbsp;&nbsp;run_eth_link
</UL>

<P><STRONG><a name="[55]"></a>dispatch_frame</STRONG> (Thumb, 10 bytes, Stack size 0 bytes, net_config_http.o(.text))
<BR><BR>[Stack]<UL><LI>Max Depth = 96<LI>Call Chain = dispatch_frame &rArr; eth_send_frame &rArr; arp_cache_find &rArr; arp_send_req &rArr; alloc_mem
</UL>
<BR>[Calls]<UL><LI><a href="#[56]">&gt;&gt;</a>&nbsp;&nbsp;&nbsp;eth_send_frame
</UL>
<BR>[Called By]<UL><LI><a href="#[c0]">&gt;&gt;</a>&nbsp;&nbsp;&nbsp;ip_send_frame
</UL>

<P><STRONG><a name="[bd]"></a>igmp_is_member</STRONG> (Thumb, 4 bytes, Stack size 0 bytes, net_config_http.o(.text))
<BR><BR>[Called By]<UL><LI><a href="#[bb]">&gt;&gt;</a>&nbsp;&nbsp;&nbsp;ip_chk_frame
</UL>

<P><STRONG><a name="[da]"></a>gran_ring_char</STRONG> (Thumb, 22 bytes, Stack size 0 bytes, gran.o(.text), UNUSED)

<P><STRONG><a name="[db]"></a>gran_char</STRONG> (Thumb, 22 bytes, Stack size 0 bytes, gran.o(.text), UNUSED)

<P><STRONG><a name="[61]"></a>gran</STRONG> (Thumb, 22 bytes, Stack size 0 bytes, gran.o(.text))
<BR><BR>[Called By]<UL><LI><a href="#[5c]">&gt;&gt;</a>&nbsp;&nbsp;&nbsp;but_an
</UL>

<P><STRONG><a name="[dc]"></a>gran_ring</STRONG> (Thumb, 22 bytes, Stack size 0 bytes, gran.o(.text), UNUSED)

<P><STRONG><a name="[dd]"></a>gran_long</STRONG> (Thumb, 18 bytes, Stack size 0 bytes, gran.o(.text), UNUSED)

<P><STRONG><a name="[88]"></a>__aeabi_memcpy</STRONG> (Thumb, 36 bytes, Stack size 0 bytes, memcpya.o(.text), UNUSED)
<BR><BR>[Called By]<UL><LI><a href="#[87]">&gt;&gt;</a>&nbsp;&nbsp;&nbsp;event2snmp
</UL>

<P><STRONG><a name="[86]"></a>__aeabi_memcpy4</STRONG> (Thumb, 0 bytes, Stack size 0 bytes, memcpya.o(.text), UNUSED)
<BR><BR>[Called By]<UL><LI><a href="#[85]">&gt;&gt;</a>&nbsp;&nbsp;&nbsp;datatime2str
</UL>

<P><STRONG><a name="[de]"></a>__aeabi_memcpy8</STRONG> (Thumb, 0 bytes, Stack size 0 bytes, memcpya.o(.text), UNUSED)

<P><STRONG><a name="[a1]"></a>strlen</STRONG> (Thumb, 16 bytes, Stack size 0 bytes, strlen.o(.text))
<BR><BR>[Called By]<UL><LI><a href="#[a0]">&gt;&gt;</a>&nbsp;&nbsp;&nbsp;add_object
</UL>

<P><STRONG><a name="[47]"></a>__scatterload</STRONG> (Thumb, 28 bytes, Stack size 0 bytes, init.o(.text))
<BR><BR>[Calls]<UL><LI><a href="#[57]">&gt;&gt;</a>&nbsp;&nbsp;&nbsp;__main_after_scatterload
</UL>
<BR>[Called By]<UL><LI><a href="#[46]">&gt;&gt;</a>&nbsp;&nbsp;&nbsp;_main_scatterload
</UL>

<P><STRONG><a name="[df]"></a>__scatterload_rt2</STRONG> (Thumb, 0 bytes, Stack size 0 bytes, init.o(.text), UNUSED)

<P><STRONG><a name="[e0]"></a>__decompress</STRONG> (Thumb, 0 bytes, Stack size unknown bytes, __dczerorl2.o(.text), UNUSED)

<P><STRONG><a name="[e1]"></a>__decompress1</STRONG> (Thumb, 92 bytes, Stack size unknown bytes, __dczerorl2.o(.text), UNUSED)

<P><STRONG><a name="[58]"></a>CalcChksum</STRONG> (Thumb, 22 bytes, Stack size 4 bytes, at_lib.o(i.CalcChksum))
<BR><BR>[Stack]<UL><LI>Max Depth = 4<LI>Call Chain = CalcChksum
</UL>
<BR>[Calls]<UL><LI><a href="#[59]">&gt;&gt;</a>&nbsp;&nbsp;&nbsp;CalcChksumBuf
</UL>
<BR>[Called By]<UL><LI><a href="#[be]">&gt;&gt;</a>&nbsp;&nbsp;&nbsp;ip_get_chksum
<LI><a href="#[c5]">&gt;&gt;</a>&nbsp;&nbsp;&nbsp;process_icmp
</UL>

<P><STRONG><a name="[59]"></a>CalcChksumBuf</STRONG> (Thumb, 40 bytes, Stack size 0 bytes, at_lib.o(i.CalcChksumBuf))
<BR><BR>[Called By]<UL><LI><a href="#[52]">&gt;&gt;</a>&nbsp;&nbsp;&nbsp;process_udp
<LI><a href="#[54]">&gt;&gt;</a>&nbsp;&nbsp;&nbsp;process_tcp
<LI><a href="#[58]">&gt;&gt;</a>&nbsp;&nbsp;&nbsp;CalcChksum
<LI><a href="#[d5]">&gt;&gt;</a>&nbsp;&nbsp;&nbsp;udp_send
<LI><a href="#[d6]">&gt;&gt;</a>&nbsp;&nbsp;&nbsp;tcp_send_frame
</UL>

<P><STRONG><a name="[c7]"></a>CalcChksumVal</STRONG> (Thumb, 10 bytes, Stack size 0 bytes, at_lib.o(i.CalcChksumVal))
<BR><BR>[Called By]<UL><LI><a href="#[52]">&gt;&gt;</a>&nbsp;&nbsp;&nbsp;process_udp
<LI><a href="#[54]">&gt;&gt;</a>&nbsp;&nbsp;&nbsp;process_tcp
<LI><a href="#[d5]">&gt;&gt;</a>&nbsp;&nbsp;&nbsp;udp_send
<LI><a href="#[d6]">&gt;&gt;</a>&nbsp;&nbsp;&nbsp;tcp_send_frame
</UL>

<P><STRONG><a name="[bc]"></a>SwapB</STRONG> (Thumb, 10 bytes, Stack size 0 bytes, at_lib.o(i.SwapB))
<BR><BR>[Called By]<UL><LI><a href="#[52]">&gt;&gt;</a>&nbsp;&nbsp;&nbsp;process_udp
<LI><a href="#[bb]">&gt;&gt;</a>&nbsp;&nbsp;&nbsp;ip_chk_frame
<LI><a href="#[d5]">&gt;&gt;</a>&nbsp;&nbsp;&nbsp;udp_send
<LI><a href="#[c0]">&gt;&gt;</a>&nbsp;&nbsp;&nbsp;ip_send_frame
<LI><a href="#[cc]">&gt;&gt;</a>&nbsp;&nbsp;&nbsp;tcp_send_reset
<LI><a href="#[d6]">&gt;&gt;</a>&nbsp;&nbsp;&nbsp;tcp_send_frame
<LI><a href="#[c6]">&gt;&gt;</a>&nbsp;&nbsp;&nbsp;tcp_map_socket
</UL>

<P><STRONG><a name="[e2]"></a>__scatterload_copy</STRONG> (Thumb, 14 bytes, Stack size unknown bytes, handlers.o(i.__scatterload_copy), UNUSED)

<P><STRONG><a name="[e3]"></a>__scatterload_null</STRONG> (Thumb, 2 bytes, Stack size unknown bytes, handlers.o(i.__scatterload_null), UNUSED)

<P><STRONG><a name="[e4]"></a>__scatterload_zeroinit</STRONG> (Thumb, 14 bytes, Stack size unknown bytes, handlers.o(i.__scatterload_zeroinit), UNUSED)

<P><STRONG><a name="[d0]"></a>poll_ethernet</STRONG> (Thumb, 2 bytes, Stack size 0 bytes, at_ethernet.o(i.poll_ethernet))
<BR><BR>[Called By]<UL><LI><a href="#[4e]">&gt;&gt;</a>&nbsp;&nbsp;&nbsp;run_eth_link
</UL>

<P><STRONG><a name="[68]"></a>SystemInit</STRONG> (Thumb, 546 bytes, Stack size 0 bytes, system_lpc17xx.o(.text))
<BR><BR>[Called By]<UL><LI><a href="#[43]">&gt;&gt;</a>&nbsp;&nbsp;&nbsp;main
</UL>

<P><STRONG><a name="[7d]"></a>ind_hndl</STRONG> (Thumb, 2 bytes, Stack size 0 bytes, main.o(.text))
<BR><BR>[Called By]<UL><LI><a href="#[43]">&gt;&gt;</a>&nbsp;&nbsp;&nbsp;main
</UL>

<P><STRONG><a name="[6c]"></a>Delay</STRONG> (Thumb, 14 bytes, Stack size 0 bytes, main.o(.text))
<BR><BR>[Called By]<UL><LI><a href="#[43]">&gt;&gt;</a>&nbsp;&nbsp;&nbsp;main
</UL>

<P><STRONG><a name="[5c]"></a>but_an</STRONG> (Thumb, 1804 bytes, Stack size 24 bytes, main.o(.text))
<BR><BR>[Stack]<UL><LI>Max Depth = 288<LI>Call Chain = but_an &rArr; snmp_trap_send &rArr; snmp_trap &rArr; udp_send &rArr; ip_send_frame &rArr; dispatch_frame &rArr; eth_send_frame &rArr; arp_cache_find &rArr; arp_send_req &rArr; alloc_mem
</UL>
<BR>[Calls]<UL><LI><a href="#[5d]">&gt;&gt;</a>&nbsp;&nbsp;&nbsp;snmp_trap_send
<LI><a href="#[5e]">&gt;&gt;</a>&nbsp;&nbsp;&nbsp;lc640_write_int
<LI><a href="#[5f]">&gt;&gt;</a>&nbsp;&nbsp;&nbsp;lc640_write
<LI><a href="#[61]">&gt;&gt;</a>&nbsp;&nbsp;&nbsp;gran
<LI><a href="#[60]">&gt;&gt;</a>&nbsp;&nbsp;&nbsp;can1_out
</UL>
<BR>[Called By]<UL><LI><a href="#[43]">&gt;&gt;</a>&nbsp;&nbsp;&nbsp;main
</UL>

<P><STRONG><a name="[79]"></a>but_drv</STRONG> (Thumb, 480 bytes, Stack size 0 bytes, main.o(.text))
<BR><BR>[Called By]<UL><LI><a href="#[43]">&gt;&gt;</a>&nbsp;&nbsp;&nbsp;main
</UL>

<P><STRONG><a name="[6b]"></a>rtc_init</STRONG> (Thumb, 10 bytes, Stack size 0 bytes, main.o(.text))
<BR><BR>[Called By]<UL><LI><a href="#[43]">&gt;&gt;</a>&nbsp;&nbsp;&nbsp;main
</UL>

<P><STRONG><a name="[62]"></a>net_drv</STRONG> (Thumb, 676 bytes, Stack size 24 bytes, main.o(.text))
<BR><BR>[Stack]<UL><LI>Max Depth = 64<LI>Call Chain = net_drv &rArr; avar_bps_hndl &rArr; beep
</UL>
<BR>[Calls]<UL><LI><a href="#[60]">&gt;&gt;</a>&nbsp;&nbsp;&nbsp;can1_out
<LI><a href="#[63]">&gt;&gt;</a>&nbsp;&nbsp;&nbsp;avar_bps_hndl
</UL>
<BR>[Called By]<UL><LI><a href="#[43]">&gt;&gt;</a>&nbsp;&nbsp;&nbsp;main
</UL>

<P><STRONG><a name="[64]"></a>init_ETH</STRONG> (Thumb, 146 bytes, Stack size 8 bytes, main.o(.text))
<BR><BR>[Stack]<UL><LI>Max Depth = 24<LI>Call Chain = init_ETH &rArr; lc640_read_int &rArr; lc640_rdsr
</UL>
<BR>[Calls]<UL><LI><a href="#[65]">&gt;&gt;</a>&nbsp;&nbsp;&nbsp;lc640_read_int
</UL>
<BR>[Called By]<UL><LI><a href="#[43]">&gt;&gt;</a>&nbsp;&nbsp;&nbsp;main
</UL>

<P><STRONG><a name="[83]"></a>abs_pal</STRONG> (Thumb, 16 bytes, Stack size 0 bytes, main.o(.text))
<BR><BR>[Called By]<UL><LI><a href="#[75]">&gt;&gt;</a>&nbsp;&nbsp;&nbsp;adc_drv7
</UL>

<P><STRONG><a name="[36]"></a>ADC_IRQHandler</STRONG> (Thumb, 138 bytes, Stack size 0 bytes, main.o(.text))
<BR>[Address Reference Count : 1]<UL><LI> startup_lpc17xx.o(RESET)
</UL>
<P><STRONG><a name="[1f]"></a>SysTick_Handler</STRONG> (Thumb, 208 bytes, Stack size 0 bytes, main.o(.text))
<BR>[Address Reference Count : 1]<UL><LI> startup_lpc17xx.o(RESET)
</UL>
<P><STRONG><a name="[43]"></a>main</STRONG> (Thumb, 2062 bytes, Stack size 16 bytes, main.o(.text))
<BR><BR>[Stack]<UL><LI>Max Depth = 304<LI>Call Chain = main &rArr; unet_drv &rArr; avar_unet_hndl &rArr; snmp_trap_send &rArr; snmp_trap &rArr; udp_send &rArr; ip_send_frame &rArr; dispatch_frame &rArr; eth_send_frame &rArr; arp_cache_find &rArr; arp_send_req &rArr; alloc_mem
</UL>
<BR>[Calls]<UL><LI><a href="#[7a]">&gt;&gt;</a>&nbsp;&nbsp;&nbsp;unet_drv
<LI><a href="#[81]">&gt;&gt;</a>&nbsp;&nbsp;&nbsp;snmp_data
<LI><a href="#[80]">&gt;&gt;</a>&nbsp;&nbsp;&nbsp;rele_hndl
<LI><a href="#[70]">&gt;&gt;</a>&nbsp;&nbsp;&nbsp;memo_read
<LI><a href="#[72]">&gt;&gt;</a>&nbsp;&nbsp;&nbsp;mem_copy
<LI><a href="#[7f]">&gt;&gt;</a>&nbsp;&nbsp;&nbsp;matemat
<LI><a href="#[7c]">&gt;&gt;</a>&nbsp;&nbsp;&nbsp;main_TcpNet
<LI><a href="#[71]">&gt;&gt;</a>&nbsp;&nbsp;&nbsp;lc640_read_long
<LI><a href="#[65]">&gt;&gt;</a>&nbsp;&nbsp;&nbsp;lc640_read_int
<LI><a href="#[73]">&gt;&gt;</a>&nbsp;&nbsp;&nbsp;lc640_read
<LI><a href="#[7b]">&gt;&gt;</a>&nbsp;&nbsp;&nbsp;inv_drv
<LI><a href="#[74]">&gt;&gt;</a>&nbsp;&nbsp;&nbsp;init_TcpNet
<LI><a href="#[76]">&gt;&gt;</a>&nbsp;&nbsp;&nbsp;ind_drv
<LI><a href="#[6e]">&gt;&gt;</a>&nbsp;&nbsp;&nbsp;can1_init
<LI><a href="#[77]">&gt;&gt;</a>&nbsp;&nbsp;&nbsp;blinker
<LI><a href="#[6a]">&gt;&gt;</a>&nbsp;&nbsp;&nbsp;blink
<LI><a href="#[78]">&gt;&gt;</a>&nbsp;&nbsp;&nbsp;beeper
<LI><a href="#[69]">&gt;&gt;</a>&nbsp;&nbsp;&nbsp;beep
<LI><a href="#[7e]">&gt;&gt;</a>&nbsp;&nbsp;&nbsp;avar_hndl
<LI><a href="#[63]">&gt;&gt;</a>&nbsp;&nbsp;&nbsp;avar_bps_hndl
<LI><a href="#[6d]">&gt;&gt;</a>&nbsp;&nbsp;&nbsp;adc_init
<LI><a href="#[75]">&gt;&gt;</a>&nbsp;&nbsp;&nbsp;adc_drv7
<LI><a href="#[6f]">&gt;&gt;</a>&nbsp;&nbsp;&nbsp;FullCAN_SetFilter
<LI><a href="#[64]">&gt;&gt;</a>&nbsp;&nbsp;&nbsp;init_ETH
<LI><a href="#[62]">&gt;&gt;</a>&nbsp;&nbsp;&nbsp;net_drv
<LI><a href="#[6b]">&gt;&gt;</a>&nbsp;&nbsp;&nbsp;rtc_init
<LI><a href="#[79]">&gt;&gt;</a>&nbsp;&nbsp;&nbsp;but_drv
<LI><a href="#[5c]">&gt;&gt;</a>&nbsp;&nbsp;&nbsp;but_an
<LI><a href="#[6c]">&gt;&gt;</a>&nbsp;&nbsp;&nbsp;Delay
<LI><a href="#[7d]">&gt;&gt;</a>&nbsp;&nbsp;&nbsp;ind_hndl
<LI><a href="#[66]">&gt;&gt;</a>&nbsp;&nbsp;&nbsp;timer_poll
<LI><a href="#[68]">&gt;&gt;</a>&nbsp;&nbsp;&nbsp;SystemInit
</UL>
<BR>[Address Reference Count : 1]<UL><LI> entry7.o(.ARM.Collect$$$$00000007)
</UL>
<P><STRONG><a name="[e5]"></a>samokalibr_init</STRONG> (Thumb, 2 bytes, Stack size 0 bytes, control.o(.text), UNUSED)

<P><STRONG><a name="[e6]"></a>samokalibr_hndl</STRONG> (Thumb, 2 bytes, Stack size 0 bytes, control.o(.text), UNUSED)

<P><STRONG><a name="[7a]"></a>unet_drv</STRONG> (Thumb, 156 bytes, Stack size 8 bytes, control.o(.text))
<BR><BR>[Stack]<UL><LI>Max Depth = 288<LI>Call Chain = unet_drv &rArr; avar_unet_hndl &rArr; snmp_trap_send &rArr; snmp_trap &rArr; udp_send &rArr; ip_send_frame &rArr; dispatch_frame &rArr; eth_send_frame &rArr; arp_cache_find &rArr; arp_send_req &rArr; alloc_mem
</UL>
<BR>[Calls]<UL><LI><a href="#[82]">&gt;&gt;</a>&nbsp;&nbsp;&nbsp;avar_unet_hndl
</UL>
<BR>[Called By]<UL><LI><a href="#[43]">&gt;&gt;</a>&nbsp;&nbsp;&nbsp;main
</UL>

<P><STRONG><a name="[7f]"></a>matemat</STRONG> (Thumb, 1008 bytes, Stack size 8 bytes, control.o(.text))
<BR><BR>[Stack]<UL><LI>Max Depth = 8<LI>Call Chain = matemat
</UL>
<BR>[Called By]<UL><LI><a href="#[43]">&gt;&gt;</a>&nbsp;&nbsp;&nbsp;main
</UL>

<P><STRONG><a name="[6d]"></a>adc_init</STRONG> (Thumb, 166 bytes, Stack size 0 bytes, control.o(.text))
<BR><BR>[Called By]<UL><LI><a href="#[43]">&gt;&gt;</a>&nbsp;&nbsp;&nbsp;main
</UL>

<P><STRONG><a name="[75]"></a>adc_drv7</STRONG> (Thumb, 368 bytes, Stack size 8 bytes, control.o(.text))
<BR><BR>[Stack]<UL><LI>Max Depth = 8<LI>Call Chain = adc_drv7
</UL>
<BR>[Calls]<UL><LI><a href="#[83]">&gt;&gt;</a>&nbsp;&nbsp;&nbsp;abs_pal
</UL>
<BR>[Called By]<UL><LI><a href="#[43]">&gt;&gt;</a>&nbsp;&nbsp;&nbsp;main
</UL>

<P><STRONG><a name="[80]"></a>rele_hndl</STRONG> (Thumb, 158 bytes, Stack size 0 bytes, control.o(.text))
<BR><BR>[Called By]<UL><LI><a href="#[43]">&gt;&gt;</a>&nbsp;&nbsp;&nbsp;main
</UL>

<P><STRONG><a name="[7b]"></a>inv_drv</STRONG> (Thumb, 1728 bytes, Stack size 16 bytes, control.o(.text))
<BR><BR>[Stack]<UL><LI>Max Depth = 56<LI>Call Chain = inv_drv &rArr; avar_bps_hndl &rArr; beep
</UL>
<BR>[Calls]<UL><LI><a href="#[63]">&gt;&gt;</a>&nbsp;&nbsp;&nbsp;avar_bps_hndl
</UL>
<BR>[Called By]<UL><LI><a href="#[43]">&gt;&gt;</a>&nbsp;&nbsp;&nbsp;main
</UL>

<P><STRONG><a name="[70]"></a>memo_read</STRONG> (Thumb, 688 bytes, Stack size 8 bytes, memo.o(.text))
<BR><BR>[Stack]<UL><LI>Max Depth = 24<LI>Call Chain = memo_read &rArr; lc640_read_int &rArr; lc640_rdsr
</UL>
<BR>[Calls]<UL><LI><a href="#[65]">&gt;&gt;</a>&nbsp;&nbsp;&nbsp;lc640_read_int
<LI><a href="#[73]">&gt;&gt;</a>&nbsp;&nbsp;&nbsp;lc640_read
</UL>
<BR>[Called By]<UL><LI><a href="#[43]">&gt;&gt;</a>&nbsp;&nbsp;&nbsp;main
</UL>

<P><STRONG><a name="[7e]"></a>avar_hndl</STRONG> (Thumb, 376 bytes, Stack size 0 bytes, avar_hndl.o(.text))
<BR><BR>[Called By]<UL><LI><a href="#[43]">&gt;&gt;</a>&nbsp;&nbsp;&nbsp;main
</UL>

<P><STRONG><a name="[82]"></a>avar_unet_hndl</STRONG> (Thumb, 194 bytes, Stack size 16 bytes, avar_hndl.o(.text))
<BR><BR>[Stack]<UL><LI>Max Depth = 280<LI>Call Chain = avar_unet_hndl &rArr; snmp_trap_send &rArr; snmp_trap &rArr; udp_send &rArr; ip_send_frame &rArr; dispatch_frame &rArr; eth_send_frame &rArr; arp_cache_find &rArr; arp_send_req &rArr; alloc_mem
</UL>
<BR>[Calls]<UL><LI><a href="#[5d]">&gt;&gt;</a>&nbsp;&nbsp;&nbsp;snmp_trap_send
<LI><a href="#[69]">&gt;&gt;</a>&nbsp;&nbsp;&nbsp;beep
</UL>
<BR>[Called By]<UL><LI><a href="#[7a]">&gt;&gt;</a>&nbsp;&nbsp;&nbsp;unet_drv
</UL>

<P><STRONG><a name="[63]"></a>avar_bps_hndl</STRONG> (Thumb, 1158 bytes, Stack size 24 bytes, avar_hndl.o(.text))
<BR><BR>[Stack]<UL><LI>Max Depth = 40<LI>Call Chain = avar_bps_hndl &rArr; beep
</UL>
<BR>[Calls]<UL><LI><a href="#[6a]">&gt;&gt;</a>&nbsp;&nbsp;&nbsp;blink
<LI><a href="#[69]">&gt;&gt;</a>&nbsp;&nbsp;&nbsp;beep
</UL>
<BR>[Called By]<UL><LI><a href="#[93]">&gt;&gt;</a>&nbsp;&nbsp;&nbsp;can_in_an1
<LI><a href="#[7b]">&gt;&gt;</a>&nbsp;&nbsp;&nbsp;inv_drv
<LI><a href="#[43]">&gt;&gt;</a>&nbsp;&nbsp;&nbsp;main
<LI><a href="#[62]">&gt;&gt;</a>&nbsp;&nbsp;&nbsp;net_drv
</UL>

<P><STRONG><a name="[81]"></a>snmp_data</STRONG> (Thumb, 434 bytes, Stack size 0 bytes, snmp_data_file.o(.text))
<BR><BR>[Called By]<UL><LI><a href="#[43]">&gt;&gt;</a>&nbsp;&nbsp;&nbsp;main
</UL>

<P><STRONG><a name="[84]"></a>snmp_location_write</STRONG> (Thumb, 44 bytes, Stack size 16 bytes, snmp_data_file.o(.text), UNUSED)
<BR><BR>[Calls]<UL><LI><a href="#[5f]">&gt;&gt;</a>&nbsp;&nbsp;&nbsp;lc640_write
</UL>

<P><STRONG><a name="[5]"></a>snmp_snmp_settings_read_community_write</STRONG> (Thumb, 44 bytes, Stack size 16 bytes, snmp_data_file.o(.text))
<BR><BR>[Stack]<UL><LI>Max Depth = 36<LI>Call Chain = snmp_snmp_settings_read_community_write &rArr; lc640_write &rArr; lc640_rdsr
</UL>
<BR>[Calls]<UL><LI><a href="#[5f]">&gt;&gt;</a>&nbsp;&nbsp;&nbsp;lc640_write
</UL>
<BR>[Address Reference Count : 1]<UL><LI> snmp_mib.o(.data)
</UL>
<P><STRONG><a name="[6]"></a>snmp_snmp_settings_write_community_write</STRONG> (Thumb, 44 bytes, Stack size 16 bytes, snmp_data_file.o(.text))
<BR><BR>[Stack]<UL><LI>Max Depth = 36<LI>Call Chain = snmp_snmp_settings_write_community_write &rArr; lc640_write &rArr; lc640_rdsr
</UL>
<BR>[Calls]<UL><LI><a href="#[5f]">&gt;&gt;</a>&nbsp;&nbsp;&nbsp;lc640_write
</UL>
<BR>[Address Reference Count : 1]<UL><LI> snmp_mib.o(.data)
</UL>
<P><STRONG><a name="[e7]"></a>snmp_main_bps_write</STRONG> (Thumb, 2 bytes, Stack size 0 bytes, snmp_data_file.o(.text), UNUSED)

<P><STRONG><a name="[3]"></a>snmp_snmp_settings_read_port_write</STRONG> (Thumb, 22 bytes, Stack size 8 bytes, snmp_data_file.o(.text))
<BR><BR>[Stack]<UL><LI>Max Depth = 24<LI>Call Chain = snmp_snmp_settings_read_port_write &rArr; lc640_write_int &rArr; lc640_rdsr
</UL>
<BR>[Calls]<UL><LI><a href="#[5e]">&gt;&gt;</a>&nbsp;&nbsp;&nbsp;lc640_write_int
</UL>
<BR>[Address Reference Count : 1]<UL><LI> snmp_mib.o(.data)
</UL>
<P><STRONG><a name="[4]"></a>snmp_snmp_settings_write_port_write</STRONG> (Thumb, 22 bytes, Stack size 8 bytes, snmp_data_file.o(.text))
<BR><BR>[Stack]<UL><LI>Max Depth = 24<LI>Call Chain = snmp_snmp_settings_write_port_write &rArr; lc640_write_int &rArr; lc640_rdsr
</UL>
<BR>[Calls]<UL><LI><a href="#[5e]">&gt;&gt;</a>&nbsp;&nbsp;&nbsp;lc640_write_int
</UL>
<BR>[Address Reference Count : 1]<UL><LI> snmp_mib.o(.data)
</UL>
<P><STRONG><a name="[7]"></a>snmp_snmp_settings_trap_server_1_write</STRONG> (Thumb, 106 bytes, Stack size 8 bytes, snmp_data_file.o(.text))
<BR><BR>[Stack]<UL><LI>Max Depth = 24<LI>Call Chain = snmp_snmp_settings_trap_server_1_write &rArr; lc640_write_int &rArr; lc640_rdsr
</UL>
<BR>[Calls]<UL><LI><a href="#[5e]">&gt;&gt;</a>&nbsp;&nbsp;&nbsp;lc640_write_int
</UL>
<BR>[Address Reference Count : 1]<UL><LI> snmp_mib.o(.data)
</UL>
<P><STRONG><a name="[8]"></a>snmp_snmp_settings_trap_server_2_write</STRONG> (Thumb, 106 bytes, Stack size 8 bytes, snmp_data_file.o(.text))
<BR><BR>[Stack]<UL><LI>Max Depth = 24<LI>Call Chain = snmp_snmp_settings_trap_server_2_write &rArr; lc640_write_int &rArr; lc640_rdsr
</UL>
<BR>[Calls]<UL><LI><a href="#[5e]">&gt;&gt;</a>&nbsp;&nbsp;&nbsp;lc640_write_int
</UL>
<BR>[Address Reference Count : 1]<UL><LI> snmp_mib.o(.data)
</UL>
<P><STRONG><a name="[9]"></a>snmp_snmp_settings_trap_server_3_write</STRONG> (Thumb, 108 bytes, Stack size 8 bytes, snmp_data_file.o(.text))
<BR><BR>[Stack]<UL><LI>Max Depth = 24<LI>Call Chain = snmp_snmp_settings_trap_server_3_write &rArr; lc640_write_int &rArr; lc640_rdsr
</UL>
<BR>[Calls]<UL><LI><a href="#[5e]">&gt;&gt;</a>&nbsp;&nbsp;&nbsp;lc640_write_int
</UL>
<BR>[Address Reference Count : 1]<UL><LI> snmp_mib.o(.data)
</UL>
<P><STRONG><a name="[a]"></a>snmp_snmp_settings_trap_server_4_write</STRONG> (Thumb, 388 bytes, Stack size 8 bytes, snmp_data_file.o(.text))
<BR><BR>[Stack]<UL><LI>Max Depth = 24<LI>Call Chain = snmp_snmp_settings_trap_server_4_write &rArr; lc640_write_int &rArr; lc640_rdsr
</UL>
<BR>[Calls]<UL><LI><a href="#[5e]">&gt;&gt;</a>&nbsp;&nbsp;&nbsp;lc640_write_int
</UL>
<BR>[Address Reference Count : 1]<UL><LI> snmp_mib.o(.data)
</UL>
<P><STRONG><a name="[b]"></a>snmp_snmp_settings_trap_server_5_write</STRONG> (Thumb, 112 bytes, Stack size 8 bytes, snmp_data_file.o(.text))
<BR><BR>[Stack]<UL><LI>Max Depth = 24<LI>Call Chain = snmp_snmp_settings_trap_server_5_write &rArr; lc640_write_int &rArr; lc640_rdsr
</UL>
<BR>[Calls]<UL><LI><a href="#[5e]">&gt;&gt;</a>&nbsp;&nbsp;&nbsp;lc640_write_int
</UL>
<BR>[Address Reference Count : 1]<UL><LI> snmp_mib.o(.data)
</UL>
<P><STRONG><a name="[0]"></a>snmp_eth_settings_ip_write</STRONG> (Thumb, 106 bytes, Stack size 8 bytes, snmp_data_file.o(.text))
<BR><BR>[Stack]<UL><LI>Max Depth = 24<LI>Call Chain = snmp_eth_settings_ip_write &rArr; lc640_write_int &rArr; lc640_rdsr
</UL>
<BR>[Calls]<UL><LI><a href="#[5e]">&gt;&gt;</a>&nbsp;&nbsp;&nbsp;lc640_write_int
</UL>
<BR>[Address Reference Count : 1]<UL><LI> snmp_mib.o(.data)
</UL>
<P><STRONG><a name="[1]"></a>snmp_eth_settings_net_mask_write</STRONG> (Thumb, 106 bytes, Stack size 8 bytes, snmp_data_file.o(.text))
<BR><BR>[Stack]<UL><LI>Max Depth = 24<LI>Call Chain = snmp_eth_settings_net_mask_write &rArr; lc640_write_int &rArr; lc640_rdsr
</UL>
<BR>[Calls]<UL><LI><a href="#[5e]">&gt;&gt;</a>&nbsp;&nbsp;&nbsp;lc640_write_int
</UL>
<BR>[Address Reference Count : 1]<UL><LI> snmp_mib.o(.data)
</UL>
<P><STRONG><a name="[2]"></a>snmp_eth_settings_def_gatw_write</STRONG> (Thumb, 106 bytes, Stack size 8 bytes, snmp_data_file.o(.text))
<BR><BR>[Stack]<UL><LI>Max Depth = 24<LI>Call Chain = snmp_eth_settings_def_gatw_write &rArr; lc640_write_int &rArr; lc640_rdsr
</UL>
<BR>[Calls]<UL><LI><a href="#[5e]">&gt;&gt;</a>&nbsp;&nbsp;&nbsp;lc640_write_int
</UL>
<BR>[Address Reference Count : 1]<UL><LI> snmp_mib.o(.data)
</UL>
<P><STRONG><a name="[c]"></a>snmp_trap_settings_main_power_trap_send_of_av_write</STRONG> (Thumb, 24 bytes, Stack size 8 bytes, snmp_data_file.o(.text))
<BR><BR>[Stack]<UL><LI>Max Depth = 24<LI>Call Chain = snmp_trap_settings_main_power_trap_send_of_av_write &rArr; lc640_write_int &rArr; lc640_rdsr
</UL>
<BR>[Calls]<UL><LI><a href="#[5e]">&gt;&gt;</a>&nbsp;&nbsp;&nbsp;lc640_write_int
</UL>
<BR>[Address Reference Count : 1]<UL><LI> snmp_mib.o(.data)
</UL>
<P><STRONG><a name="[d]"></a>snmp_trap_settings_main_power_trap_send_of_no_av_write</STRONG> (Thumb, 24 bytes, Stack size 8 bytes, snmp_data_file.o(.text))
<BR><BR>[Stack]<UL><LI>Max Depth = 24<LI>Call Chain = snmp_trap_settings_main_power_trap_send_of_no_av_write &rArr; lc640_write_int &rArr; lc640_rdsr
</UL>
<BR>[Calls]<UL><LI><a href="#[5e]">&gt;&gt;</a>&nbsp;&nbsp;&nbsp;lc640_write_int
</UL>
<BR>[Address Reference Count : 1]<UL><LI> snmp_mib.o(.data)
</UL>
<P><STRONG><a name="[e]"></a>snmp_trap_settings_inverter_temperature_trap_send_of_av_write</STRONG> (Thumb, 24 bytes, Stack size 8 bytes, snmp_data_file.o(.text))
<BR><BR>[Stack]<UL><LI>Max Depth = 24<LI>Call Chain = snmp_trap_settings_inverter_temperature_trap_send_of_av_write &rArr; lc640_write_int &rArr; lc640_rdsr
</UL>
<BR>[Calls]<UL><LI><a href="#[5e]">&gt;&gt;</a>&nbsp;&nbsp;&nbsp;lc640_write_int
</UL>
<BR>[Address Reference Count : 1]<UL><LI> snmp_mib.o(.data)
</UL>
<P><STRONG><a name="[f]"></a>snmp_trap_settings_inverter_temperature_trap_send_of_no_av_write</STRONG> (Thumb, 24 bytes, Stack size 8 bytes, snmp_data_file.o(.text))
<BR><BR>[Stack]<UL><LI>Max Depth = 24<LI>Call Chain = snmp_trap_settings_inverter_temperature_trap_send_of_no_av_write &rArr; lc640_write_int &rArr; lc640_rdsr
</UL>
<BR>[Calls]<UL><LI><a href="#[5e]">&gt;&gt;</a>&nbsp;&nbsp;&nbsp;lc640_write_int
</UL>
<BR>[Address Reference Count : 1]<UL><LI> snmp_mib.o(.data)
</UL>
<P><STRONG><a name="[10]"></a>snmp_trap_settings_inverter_voltage_trap_send_of_av_write</STRONG> (Thumb, 24 bytes, Stack size 8 bytes, snmp_data_file.o(.text))
<BR><BR>[Stack]<UL><LI>Max Depth = 24<LI>Call Chain = snmp_trap_settings_inverter_voltage_trap_send_of_av_write &rArr; lc640_write_int &rArr; lc640_rdsr
</UL>
<BR>[Calls]<UL><LI><a href="#[5e]">&gt;&gt;</a>&nbsp;&nbsp;&nbsp;lc640_write_int
</UL>
<BR>[Address Reference Count : 1]<UL><LI> snmp_mib.o(.data)
</UL>
<P><STRONG><a name="[11]"></a>snmp_trap_settings_inverter_voltage_trap_send_of_no_av_write</STRONG> (Thumb, 24 bytes, Stack size 8 bytes, snmp_data_file.o(.text))
<BR><BR>[Stack]<UL><LI>Max Depth = 24<LI>Call Chain = snmp_trap_settings_inverter_voltage_trap_send_of_no_av_write &rArr; lc640_write_int &rArr; lc640_rdsr
</UL>
<BR>[Calls]<UL><LI><a href="#[5e]">&gt;&gt;</a>&nbsp;&nbsp;&nbsp;lc640_write_int
</UL>
<BR>[Address Reference Count : 1]<UL><LI> snmp_mib.o(.data)
</UL>
<P><STRONG><a name="[12]"></a>snmp_trap_settings_inverter_current_trap_send_of_av_write</STRONG> (Thumb, 24 bytes, Stack size 8 bytes, snmp_data_file.o(.text))
<BR><BR>[Stack]<UL><LI>Max Depth = 24<LI>Call Chain = snmp_trap_settings_inverter_current_trap_send_of_av_write &rArr; lc640_write_int &rArr; lc640_rdsr
</UL>
<BR>[Calls]<UL><LI><a href="#[5e]">&gt;&gt;</a>&nbsp;&nbsp;&nbsp;lc640_write_int
</UL>
<BR>[Address Reference Count : 1]<UL><LI> snmp_mib.o(.data)
</UL>
<P><STRONG><a name="[13]"></a>snmp_trap_settings_inverter_current_trap_send_of_no_av_write</STRONG> (Thumb, 24 bytes, Stack size 8 bytes, snmp_data_file.o(.text))
<BR><BR>[Stack]<UL><LI>Max Depth = 24<LI>Call Chain = snmp_trap_settings_inverter_current_trap_send_of_no_av_write &rArr; lc640_write_int &rArr; lc640_rdsr
</UL>
<BR>[Calls]<UL><LI><a href="#[5e]">&gt;&gt;</a>&nbsp;&nbsp;&nbsp;lc640_write_int
</UL>
<BR>[Address Reference Count : 1]<UL><LI> snmp_mib.o(.data)
</UL>
<P><STRONG><a name="[14]"></a>snmp_trap_settings_battery_voltage_trap_send_of_av_write</STRONG> (Thumb, 24 bytes, Stack size 8 bytes, snmp_data_file.o(.text))
<BR><BR>[Stack]<UL><LI>Max Depth = 24<LI>Call Chain = snmp_trap_settings_battery_voltage_trap_send_of_av_write &rArr; lc640_write_int &rArr; lc640_rdsr
</UL>
<BR>[Calls]<UL><LI><a href="#[5e]">&gt;&gt;</a>&nbsp;&nbsp;&nbsp;lc640_write_int
</UL>
<BR>[Address Reference Count : 1]<UL><LI> snmp_mib.o(.data)
</UL>
<P><STRONG><a name="[15]"></a>snmp_trap_settings_battery_voltage_trap_send_of_no_av_write</STRONG> (Thumb, 24 bytes, Stack size 8 bytes, snmp_data_file.o(.text))
<BR><BR>[Stack]<UL><LI>Max Depth = 24<LI>Call Chain = snmp_trap_settings_battery_voltage_trap_send_of_no_av_write &rArr; lc640_write_int &rArr; lc640_rdsr
</UL>
<BR>[Calls]<UL><LI><a href="#[5e]">&gt;&gt;</a>&nbsp;&nbsp;&nbsp;lc640_write_int
</UL>
<BR>[Address Reference Count : 1]<UL><LI> snmp_mib.o(.data)
</UL>
<P><STRONG><a name="[e8]"></a>snmp_max_current_koef_write</STRONG> (Thumb, 2 bytes, Stack size 0 bytes, snmp_data_file.o(.text), UNUSED)

<P><STRONG><a name="[e9]"></a>snmp_up_charge_koef_write</STRONG> (Thumb, 2 bytes, Stack size 0 bytes, snmp_data_file.o(.text), UNUSED)

<P><STRONG><a name="[ea]"></a>snmp_max_temperature_write</STRONG> (Thumb, 2 bytes, Stack size 0 bytes, snmp_data_file.o(.text), UNUSED)

<P><STRONG><a name="[eb]"></a>snmp_command_execute</STRONG> (Thumb, 20 bytes, Stack size 0 bytes, snmp_data_file.o(.text), UNUSED)

<P><STRONG><a name="[85]"></a>datatime2str</STRONG> (Thumb, 256 bytes, Stack size 48 bytes, snmp_data_file.o(.text), UNUSED)
<BR><BR>[Calls]<UL><LI><a href="#[86]">&gt;&gt;</a>&nbsp;&nbsp;&nbsp;__aeabi_memcpy4
</UL>
<BR>[Called By]<UL><LI><a href="#[87]">&gt;&gt;</a>&nbsp;&nbsp;&nbsp;event2snmp
</UL>

<P><STRONG><a name="[87]"></a>event2snmp</STRONG> (Thumb, 3084 bytes, Stack size 72 bytes, snmp_data_file.o(.text), UNUSED)
<BR><BR>[Calls]<UL><LI><a href="#[89]">&gt;&gt;</a>&nbsp;&nbsp;&nbsp;lc640_read_long_ptr
<LI><a href="#[85]">&gt;&gt;</a>&nbsp;&nbsp;&nbsp;datatime2str
<LI><a href="#[88]">&gt;&gt;</a>&nbsp;&nbsp;&nbsp;__aeabi_memcpy
</UL>

<P><STRONG><a name="[5d]"></a>snmp_trap_send</STRONG> (Thumb, 876 bytes, Stack size 40 bytes, snmp_data_file.o(.text))
<BR><BR>[Stack]<UL><LI>Max Depth = 264<LI>Call Chain = snmp_trap_send &rArr; snmp_trap &rArr; udp_send &rArr; ip_send_frame &rArr; dispatch_frame &rArr; eth_send_frame &rArr; arp_cache_find &rArr; arp_send_req &rArr; alloc_mem
</UL>
<BR>[Calls]<UL><LI><a href="#[8a]">&gt;&gt;</a>&nbsp;&nbsp;&nbsp;snmp_trap
</UL>
<BR>[Called By]<UL><LI><a href="#[82]">&gt;&gt;</a>&nbsp;&nbsp;&nbsp;avar_unet_hndl
<LI><a href="#[5c]">&gt;&gt;</a>&nbsp;&nbsp;&nbsp;but_an
</UL>

<P><STRONG><a name="[76]"></a>ind_drv</STRONG> (Thumb, 1134 bytes, Stack size 8 bytes, ind_drv.o(.text))
<BR><BR>[Stack]<UL><LI>Max Depth = 8<LI>Call Chain = ind_drv
</UL>
<BR>[Called By]<UL><LI><a href="#[43]">&gt;&gt;</a>&nbsp;&nbsp;&nbsp;main
</UL>

<P><STRONG><a name="[69]"></a>beep</STRONG> (Thumb, 80 bytes, Stack size 16 bytes, beeper_drv.o(.text))
<BR><BR>[Stack]<UL><LI>Max Depth = 16<LI>Call Chain = beep
</UL>
<BR>[Called By]<UL><LI><a href="#[82]">&gt;&gt;</a>&nbsp;&nbsp;&nbsp;avar_unet_hndl
<LI><a href="#[78]">&gt;&gt;</a>&nbsp;&nbsp;&nbsp;beeper
<LI><a href="#[63]">&gt;&gt;</a>&nbsp;&nbsp;&nbsp;avar_bps_hndl
<LI><a href="#[43]">&gt;&gt;</a>&nbsp;&nbsp;&nbsp;main
</UL>

<P><STRONG><a name="[78]"></a>beeper</STRONG> (Thumb, 310 bytes, Stack size 8 bytes, beeper_drv.o(.text))
<BR><BR>[Stack]<UL><LI>Max Depth = 24<LI>Call Chain = beeper &rArr; beep
</UL>
<BR>[Calls]<UL><LI><a href="#[69]">&gt;&gt;</a>&nbsp;&nbsp;&nbsp;beep
</UL>
<BR>[Called By]<UL><LI><a href="#[43]">&gt;&gt;</a>&nbsp;&nbsp;&nbsp;main
</UL>

<P><STRONG><a name="[8d]"></a>spi1</STRONG> (Thumb, 26 bytes, Stack size 0 bytes, 25lc640.o(.text))
<BR><BR>[Called By]<UL><LI><a href="#[92]">&gt;&gt;</a>&nbsp;&nbsp;&nbsp;lc640_write_long_ptr
<LI><a href="#[91]">&gt;&gt;</a>&nbsp;&nbsp;&nbsp;lc640_write_long
<LI><a href="#[90]">&gt;&gt;</a>&nbsp;&nbsp;&nbsp;lc640_read_str
<LI><a href="#[8f]">&gt;&gt;</a>&nbsp;&nbsp;&nbsp;lc640_rdsr
<LI><a href="#[8b]">&gt;&gt;</a>&nbsp;&nbsp;&nbsp;lc640_wren
<LI><a href="#[89]">&gt;&gt;</a>&nbsp;&nbsp;&nbsp;lc640_read_long_ptr
<LI><a href="#[5e]">&gt;&gt;</a>&nbsp;&nbsp;&nbsp;lc640_write_int
<LI><a href="#[5f]">&gt;&gt;</a>&nbsp;&nbsp;&nbsp;lc640_write
<LI><a href="#[71]">&gt;&gt;</a>&nbsp;&nbsp;&nbsp;lc640_read_long
<LI><a href="#[65]">&gt;&gt;</a>&nbsp;&nbsp;&nbsp;lc640_read_int
<LI><a href="#[73]">&gt;&gt;</a>&nbsp;&nbsp;&nbsp;lc640_read
</UL>

<P><STRONG><a name="[8c]"></a>spi1_config</STRONG> (Thumb, 58 bytes, Stack size 0 bytes, 25lc640.o(.text))
<BR><BR>[Called By]<UL><LI><a href="#[92]">&gt;&gt;</a>&nbsp;&nbsp;&nbsp;lc640_write_long_ptr
<LI><a href="#[91]">&gt;&gt;</a>&nbsp;&nbsp;&nbsp;lc640_write_long
<LI><a href="#[90]">&gt;&gt;</a>&nbsp;&nbsp;&nbsp;lc640_read_str
<LI><a href="#[8f]">&gt;&gt;</a>&nbsp;&nbsp;&nbsp;lc640_rdsr
<LI><a href="#[8b]">&gt;&gt;</a>&nbsp;&nbsp;&nbsp;lc640_wren
<LI><a href="#[89]">&gt;&gt;</a>&nbsp;&nbsp;&nbsp;lc640_read_long_ptr
<LI><a href="#[5e]">&gt;&gt;</a>&nbsp;&nbsp;&nbsp;lc640_write_int
<LI><a href="#[5f]">&gt;&gt;</a>&nbsp;&nbsp;&nbsp;lc640_write
<LI><a href="#[71]">&gt;&gt;</a>&nbsp;&nbsp;&nbsp;lc640_read_long
<LI><a href="#[65]">&gt;&gt;</a>&nbsp;&nbsp;&nbsp;lc640_read_int
<LI><a href="#[73]">&gt;&gt;</a>&nbsp;&nbsp;&nbsp;lc640_read
</UL>

<P><STRONG><a name="[8e]"></a>spi1_unconfig</STRONG> (Thumb, 52 bytes, Stack size 0 bytes, 25lc640.o(.text))
<BR><BR>[Called By]<UL><LI><a href="#[92]">&gt;&gt;</a>&nbsp;&nbsp;&nbsp;lc640_write_long_ptr
<LI><a href="#[91]">&gt;&gt;</a>&nbsp;&nbsp;&nbsp;lc640_write_long
<LI><a href="#[90]">&gt;&gt;</a>&nbsp;&nbsp;&nbsp;lc640_read_str
<LI><a href="#[8f]">&gt;&gt;</a>&nbsp;&nbsp;&nbsp;lc640_rdsr
<LI><a href="#[8b]">&gt;&gt;</a>&nbsp;&nbsp;&nbsp;lc640_wren
<LI><a href="#[89]">&gt;&gt;</a>&nbsp;&nbsp;&nbsp;lc640_read_long_ptr
<LI><a href="#[5e]">&gt;&gt;</a>&nbsp;&nbsp;&nbsp;lc640_write_int
<LI><a href="#[5f]">&gt;&gt;</a>&nbsp;&nbsp;&nbsp;lc640_write
<LI><a href="#[71]">&gt;&gt;</a>&nbsp;&nbsp;&nbsp;lc640_read_long
<LI><a href="#[65]">&gt;&gt;</a>&nbsp;&nbsp;&nbsp;lc640_read_int
<LI><a href="#[73]">&gt;&gt;</a>&nbsp;&nbsp;&nbsp;lc640_read
</UL>

<P><STRONG><a name="[8b]"></a>lc640_wren</STRONG> (Thumb, 64 bytes, Stack size 4 bytes, 25lc640.o(.text))
<BR><BR>[Stack]<UL><LI>Max Depth = 4<LI>Call Chain = lc640_wren
</UL>
<BR>[Calls]<UL><LI><a href="#[8e]">&gt;&gt;</a>&nbsp;&nbsp;&nbsp;spi1_unconfig
<LI><a href="#[8c]">&gt;&gt;</a>&nbsp;&nbsp;&nbsp;spi1_config
<LI><a href="#[8d]">&gt;&gt;</a>&nbsp;&nbsp;&nbsp;spi1
</UL>
<BR>[Called By]<UL><LI><a href="#[92]">&gt;&gt;</a>&nbsp;&nbsp;&nbsp;lc640_write_long_ptr
<LI><a href="#[91]">&gt;&gt;</a>&nbsp;&nbsp;&nbsp;lc640_write_long
<LI><a href="#[5e]">&gt;&gt;</a>&nbsp;&nbsp;&nbsp;lc640_write_int
<LI><a href="#[5f]">&gt;&gt;</a>&nbsp;&nbsp;&nbsp;lc640_write
</UL>

<P><STRONG><a name="[8f]"></a>lc640_rdsr</STRONG> (Thumb, 74 bytes, Stack size 4 bytes, 25lc640.o(.text))
<BR><BR>[Stack]<UL><LI>Max Depth = 4<LI>Call Chain = lc640_rdsr
</UL>
<BR>[Calls]<UL><LI><a href="#[8e]">&gt;&gt;</a>&nbsp;&nbsp;&nbsp;spi1_unconfig
<LI><a href="#[8c]">&gt;&gt;</a>&nbsp;&nbsp;&nbsp;spi1_config
<LI><a href="#[8d]">&gt;&gt;</a>&nbsp;&nbsp;&nbsp;spi1
</UL>
<BR>[Called By]<UL><LI><a href="#[92]">&gt;&gt;</a>&nbsp;&nbsp;&nbsp;lc640_write_long_ptr
<LI><a href="#[91]">&gt;&gt;</a>&nbsp;&nbsp;&nbsp;lc640_write_long
<LI><a href="#[90]">&gt;&gt;</a>&nbsp;&nbsp;&nbsp;lc640_read_str
<LI><a href="#[89]">&gt;&gt;</a>&nbsp;&nbsp;&nbsp;lc640_read_long_ptr
<LI><a href="#[5e]">&gt;&gt;</a>&nbsp;&nbsp;&nbsp;lc640_write_int
<LI><a href="#[5f]">&gt;&gt;</a>&nbsp;&nbsp;&nbsp;lc640_write
<LI><a href="#[71]">&gt;&gt;</a>&nbsp;&nbsp;&nbsp;lc640_read_long
<LI><a href="#[65]">&gt;&gt;</a>&nbsp;&nbsp;&nbsp;lc640_read_int
<LI><a href="#[73]">&gt;&gt;</a>&nbsp;&nbsp;&nbsp;lc640_read
</UL>

<P><STRONG><a name="[73]"></a>lc640_read</STRONG> (Thumb, 156 bytes, Stack size 8 bytes, 25lc640.o(.text))
<BR><BR>[Stack]<UL><LI>Max Depth = 12<LI>Call Chain = lc640_read &rArr; lc640_rdsr
</UL>
<BR>[Calls]<UL><LI><a href="#[8f]">&gt;&gt;</a>&nbsp;&nbsp;&nbsp;lc640_rdsr
<LI><a href="#[8e]">&gt;&gt;</a>&nbsp;&nbsp;&nbsp;spi1_unconfig
<LI><a href="#[8c]">&gt;&gt;</a>&nbsp;&nbsp;&nbsp;spi1_config
<LI><a href="#[8d]">&gt;&gt;</a>&nbsp;&nbsp;&nbsp;spi1
</UL>
<BR>[Called By]<UL><LI><a href="#[70]">&gt;&gt;</a>&nbsp;&nbsp;&nbsp;memo_read
<LI><a href="#[43]">&gt;&gt;</a>&nbsp;&nbsp;&nbsp;main
</UL>

<P><STRONG><a name="[65]"></a>lc640_read_int</STRONG> (Thumb, 152 bytes, Stack size 12 bytes, 25lc640.o(.text))
<BR><BR>[Stack]<UL><LI>Max Depth = 16<LI>Call Chain = lc640_read_int &rArr; lc640_rdsr
</UL>
<BR>[Calls]<UL><LI><a href="#[8f]">&gt;&gt;</a>&nbsp;&nbsp;&nbsp;lc640_rdsr
<LI><a href="#[8e]">&gt;&gt;</a>&nbsp;&nbsp;&nbsp;spi1_unconfig
<LI><a href="#[8c]">&gt;&gt;</a>&nbsp;&nbsp;&nbsp;spi1_config
<LI><a href="#[8d]">&gt;&gt;</a>&nbsp;&nbsp;&nbsp;spi1
</UL>
<BR>[Called By]<UL><LI><a href="#[70]">&gt;&gt;</a>&nbsp;&nbsp;&nbsp;memo_read
<LI><a href="#[43]">&gt;&gt;</a>&nbsp;&nbsp;&nbsp;main
<LI><a href="#[64]">&gt;&gt;</a>&nbsp;&nbsp;&nbsp;init_ETH
</UL>

<P><STRONG><a name="[71]"></a>lc640_read_long</STRONG> (Thumb, 196 bytes, Stack size 20 bytes, 25lc640.o(.text))
<BR><BR>[Stack]<UL><LI>Max Depth = 24<LI>Call Chain = lc640_read_long &rArr; lc640_rdsr
</UL>
<BR>[Calls]<UL><LI><a href="#[8f]">&gt;&gt;</a>&nbsp;&nbsp;&nbsp;lc640_rdsr
<LI><a href="#[8e]">&gt;&gt;</a>&nbsp;&nbsp;&nbsp;spi1_unconfig
<LI><a href="#[8c]">&gt;&gt;</a>&nbsp;&nbsp;&nbsp;spi1_config
<LI><a href="#[8d]">&gt;&gt;</a>&nbsp;&nbsp;&nbsp;spi1
</UL>
<BR>[Called By]<UL><LI><a href="#[43]">&gt;&gt;</a>&nbsp;&nbsp;&nbsp;main
</UL>

<P><STRONG><a name="[89]"></a>lc640_read_long_ptr</STRONG> (Thumb, 154 bytes, Stack size 16 bytes, 25lc640.o(.text), UNUSED)
<BR><BR>[Calls]<UL><LI><a href="#[8f]">&gt;&gt;</a>&nbsp;&nbsp;&nbsp;lc640_rdsr
<LI><a href="#[8e]">&gt;&gt;</a>&nbsp;&nbsp;&nbsp;spi1_unconfig
<LI><a href="#[8c]">&gt;&gt;</a>&nbsp;&nbsp;&nbsp;spi1_config
<LI><a href="#[8d]">&gt;&gt;</a>&nbsp;&nbsp;&nbsp;spi1
</UL>
<BR>[Called By]<UL><LI><a href="#[87]">&gt;&gt;</a>&nbsp;&nbsp;&nbsp;event2snmp
</UL>

<P><STRONG><a name="[90]"></a>lc640_read_str</STRONG> (Thumb, 170 bytes, Stack size 28 bytes, 25lc640.o(.text), UNUSED)
<BR><BR>[Calls]<UL><LI><a href="#[8f]">&gt;&gt;</a>&nbsp;&nbsp;&nbsp;lc640_rdsr
<LI><a href="#[8e]">&gt;&gt;</a>&nbsp;&nbsp;&nbsp;spi1_unconfig
<LI><a href="#[8c]">&gt;&gt;</a>&nbsp;&nbsp;&nbsp;spi1_config
<LI><a href="#[8d]">&gt;&gt;</a>&nbsp;&nbsp;&nbsp;spi1
</UL>

<P><STRONG><a name="[5f]"></a>lc640_write</STRONG> (Thumb, 136 bytes, Stack size 16 bytes, 25lc640.o(.text))
<BR><BR>[Stack]<UL><LI>Max Depth = 20<LI>Call Chain = lc640_write &rArr; lc640_rdsr
</UL>
<BR>[Calls]<UL><LI><a href="#[8f]">&gt;&gt;</a>&nbsp;&nbsp;&nbsp;lc640_rdsr
<LI><a href="#[8b]">&gt;&gt;</a>&nbsp;&nbsp;&nbsp;lc640_wren
<LI><a href="#[8e]">&gt;&gt;</a>&nbsp;&nbsp;&nbsp;spi1_unconfig
<LI><a href="#[8c]">&gt;&gt;</a>&nbsp;&nbsp;&nbsp;spi1_config
<LI><a href="#[8d]">&gt;&gt;</a>&nbsp;&nbsp;&nbsp;spi1
</UL>
<BR>[Called By]<UL><LI><a href="#[6]">&gt;&gt;</a>&nbsp;&nbsp;&nbsp;snmp_snmp_settings_write_community_write
<LI><a href="#[5]">&gt;&gt;</a>&nbsp;&nbsp;&nbsp;snmp_snmp_settings_read_community_write
<LI><a href="#[84]">&gt;&gt;</a>&nbsp;&nbsp;&nbsp;snmp_location_write
<LI><a href="#[5c]">&gt;&gt;</a>&nbsp;&nbsp;&nbsp;but_an
</UL>

<P><STRONG><a name="[5e]"></a>lc640_write_int</STRONG> (Thumb, 150 bytes, Stack size 12 bytes, 25lc640.o(.text))
<BR><BR>[Stack]<UL><LI>Max Depth = 16<LI>Call Chain = lc640_write_int &rArr; lc640_rdsr
</UL>
<BR>[Calls]<UL><LI><a href="#[8f]">&gt;&gt;</a>&nbsp;&nbsp;&nbsp;lc640_rdsr
<LI><a href="#[8b]">&gt;&gt;</a>&nbsp;&nbsp;&nbsp;lc640_wren
<LI><a href="#[8e]">&gt;&gt;</a>&nbsp;&nbsp;&nbsp;spi1_unconfig
<LI><a href="#[8c]">&gt;&gt;</a>&nbsp;&nbsp;&nbsp;spi1_config
<LI><a href="#[8d]">&gt;&gt;</a>&nbsp;&nbsp;&nbsp;spi1
</UL>
<BR>[Called By]<UL><LI><a href="#[15]">&gt;&gt;</a>&nbsp;&nbsp;&nbsp;snmp_trap_settings_battery_voltage_trap_send_of_no_av_write
<LI><a href="#[14]">&gt;&gt;</a>&nbsp;&nbsp;&nbsp;snmp_trap_settings_battery_voltage_trap_send_of_av_write
<LI><a href="#[13]">&gt;&gt;</a>&nbsp;&nbsp;&nbsp;snmp_trap_settings_inverter_current_trap_send_of_no_av_write
<LI><a href="#[12]">&gt;&gt;</a>&nbsp;&nbsp;&nbsp;snmp_trap_settings_inverter_current_trap_send_of_av_write
<LI><a href="#[11]">&gt;&gt;</a>&nbsp;&nbsp;&nbsp;snmp_trap_settings_inverter_voltage_trap_send_of_no_av_write
<LI><a href="#[10]">&gt;&gt;</a>&nbsp;&nbsp;&nbsp;snmp_trap_settings_inverter_voltage_trap_send_of_av_write
<LI><a href="#[f]">&gt;&gt;</a>&nbsp;&nbsp;&nbsp;snmp_trap_settings_inverter_temperature_trap_send_of_no_av_write
<LI><a href="#[e]">&gt;&gt;</a>&nbsp;&nbsp;&nbsp;snmp_trap_settings_inverter_temperature_trap_send_of_av_write
<LI><a href="#[d]">&gt;&gt;</a>&nbsp;&nbsp;&nbsp;snmp_trap_settings_main_power_trap_send_of_no_av_write
<LI><a href="#[c]">&gt;&gt;</a>&nbsp;&nbsp;&nbsp;snmp_trap_settings_main_power_trap_send_of_av_write
<LI><a href="#[2]">&gt;&gt;</a>&nbsp;&nbsp;&nbsp;snmp_eth_settings_def_gatw_write
<LI><a href="#[1]">&gt;&gt;</a>&nbsp;&nbsp;&nbsp;snmp_eth_settings_net_mask_write
<LI><a href="#[0]">&gt;&gt;</a>&nbsp;&nbsp;&nbsp;snmp_eth_settings_ip_write
<LI><a href="#[b]">&gt;&gt;</a>&nbsp;&nbsp;&nbsp;snmp_snmp_settings_trap_server_5_write
<LI><a href="#[a]">&gt;&gt;</a>&nbsp;&nbsp;&nbsp;snmp_snmp_settings_trap_server_4_write
<LI><a href="#[9]">&gt;&gt;</a>&nbsp;&nbsp;&nbsp;snmp_snmp_settings_trap_server_3_write
<LI><a href="#[8]">&gt;&gt;</a>&nbsp;&nbsp;&nbsp;snmp_snmp_settings_trap_server_2_write
<LI><a href="#[7]">&gt;&gt;</a>&nbsp;&nbsp;&nbsp;snmp_snmp_settings_trap_server_1_write
<LI><a href="#[4]">&gt;&gt;</a>&nbsp;&nbsp;&nbsp;snmp_snmp_settings_write_port_write
<LI><a href="#[3]">&gt;&gt;</a>&nbsp;&nbsp;&nbsp;snmp_snmp_settings_read_port_write
<LI><a href="#[5c]">&gt;&gt;</a>&nbsp;&nbsp;&nbsp;but_an
</UL>

<P><STRONG><a name="[91]"></a>lc640_write_long</STRONG> (Thumb, 174 bytes, Stack size 12 bytes, 25lc640.o(.text), UNUSED)
<BR><BR>[Calls]<UL><LI><a href="#[8f]">&gt;&gt;</a>&nbsp;&nbsp;&nbsp;lc640_rdsr
<LI><a href="#[8b]">&gt;&gt;</a>&nbsp;&nbsp;&nbsp;lc640_wren
<LI><a href="#[8e]">&gt;&gt;</a>&nbsp;&nbsp;&nbsp;spi1_unconfig
<LI><a href="#[8c]">&gt;&gt;</a>&nbsp;&nbsp;&nbsp;spi1_config
<LI><a href="#[8d]">&gt;&gt;</a>&nbsp;&nbsp;&nbsp;spi1
</UL>

<P><STRONG><a name="[92]"></a>lc640_write_long_ptr</STRONG> (Thumb, 168 bytes, Stack size 16 bytes, 25lc640.o(.text), UNUSED)
<BR><BR>[Calls]<UL><LI><a href="#[8f]">&gt;&gt;</a>&nbsp;&nbsp;&nbsp;lc640_rdsr
<LI><a href="#[8b]">&gt;&gt;</a>&nbsp;&nbsp;&nbsp;lc640_wren
<LI><a href="#[8e]">&gt;&gt;</a>&nbsp;&nbsp;&nbsp;spi1_unconfig
<LI><a href="#[8c]">&gt;&gt;</a>&nbsp;&nbsp;&nbsp;spi1_config
<LI><a href="#[8d]">&gt;&gt;</a>&nbsp;&nbsp;&nbsp;spi1
</UL>

<P><STRONG><a name="[ec]"></a>CRC1_in</STRONG> (Thumb, 68 bytes, Stack size 8 bytes, full_can.o(.text), UNUSED)

<P><STRONG><a name="[ed]"></a>CRC1_out</STRONG> (Thumb, 68 bytes, Stack size 8 bytes, full_can.o(.text), UNUSED)

<P><STRONG><a name="[60]"></a>can1_out</STRONG> (Thumb, 406 bytes, Stack size 28 bytes, full_can.o(.text))
<BR><BR>[Stack]<UL><LI>Max Depth = 28<LI>Call Chain = can1_out
</UL>
<BR>[Called By]<UL><LI><a href="#[62]">&gt;&gt;</a>&nbsp;&nbsp;&nbsp;net_drv
<LI><a href="#[5c]">&gt;&gt;</a>&nbsp;&nbsp;&nbsp;but_an
</UL>

<P><STRONG><a name="[ee]"></a>can_adr_hndl</STRONG> (Thumb, 64 bytes, Stack size 0 bytes, full_can.o(.text), UNUSED)

<P><STRONG><a name="[93]"></a>can_in_an1</STRONG> (Thumb, 654 bytes, Stack size 8 bytes, full_can.o(.text))
<BR><BR>[Stack]<UL><LI>Max Depth = 48<LI>Call Chain = can_in_an1 &rArr; avar_bps_hndl &rArr; beep
</UL>
<BR>[Calls]<UL><LI><a href="#[63]">&gt;&gt;</a>&nbsp;&nbsp;&nbsp;avar_bps_hndl
</UL>
<BR>[Called By]<UL><LI><a href="#[94]">&gt;&gt;</a>&nbsp;&nbsp;&nbsp;CAN_ISR_Rx1
</UL>

<P><STRONG><a name="[94]"></a>CAN_ISR_Rx1</STRONG> (Thumb, 230 bytes, Stack size 24 bytes, full_can.o(.text))
<BR><BR>[Stack]<UL><LI>Max Depth = 72<LI>Call Chain = CAN_ISR_Rx1 &rArr; can_in_an1 &rArr; avar_bps_hndl &rArr; beep
</UL>
<BR>[Calls]<UL><LI><a href="#[93]">&gt;&gt;</a>&nbsp;&nbsp;&nbsp;can_in_an1
</UL>
<BR>[Called By]<UL><LI><a href="#[39]">&gt;&gt;</a>&nbsp;&nbsp;&nbsp;CAN_IRQHandler
</UL>

<P><STRONG><a name="[95]"></a>can_isr_tx1</STRONG> (Thumb, 136 bytes, Stack size 0 bytes, full_can.o(.text))
<BR><BR>[Called By]<UL><LI><a href="#[39]">&gt;&gt;</a>&nbsp;&nbsp;&nbsp;CAN_IRQHandler
</UL>

<P><STRONG><a name="[ef]"></a>can_isr_tx2</STRONG> (Thumb, 2 bytes, Stack size 0 bytes, full_can.o(.text), UNUSED)

<P><STRONG><a name="[6e]"></a>can1_init</STRONG> (Thumb, 122 bytes, Stack size 8 bytes, full_can.o(.text))
<BR><BR>[Stack]<UL><LI>Max Depth = 8<LI>Call Chain = can1_init
</UL>
<BR>[Called By]<UL><LI><a href="#[43]">&gt;&gt;</a>&nbsp;&nbsp;&nbsp;main
</UL>

<P><STRONG><a name="[f0]"></a>can2_init</STRONG> (Thumb, 8 bytes, Stack size 0 bytes, full_can.o(.text), UNUSED)

<P><STRONG><a name="[6f]"></a>FullCAN_SetFilter</STRONG> (Thumb, 422 bytes, Stack size 32 bytes, full_can.o(.text))
<BR><BR>[Stack]<UL><LI>Max Depth = 32<LI>Call Chain = FullCAN_SetFilter
</UL>
<BR>[Called By]<UL><LI><a href="#[43]">&gt;&gt;</a>&nbsp;&nbsp;&nbsp;main
</UL>

<P><STRONG><a name="[39]"></a>CAN_IRQHandler</STRONG> (Thumb, 40 bytes, Stack size 8 bytes, full_can.o(.text))
<BR><BR>[Stack]<UL><LI>Max Depth = 80<LI>Call Chain = CAN_IRQHandler &rArr; CAN_ISR_Rx1 &rArr; can_in_an1 &rArr; avar_bps_hndl &rArr; beep
</UL>
<BR>[Calls]<UL><LI><a href="#[95]">&gt;&gt;</a>&nbsp;&nbsp;&nbsp;can_isr_tx1
<LI><a href="#[94]">&gt;&gt;</a>&nbsp;&nbsp;&nbsp;CAN_ISR_Rx1
</UL>
<BR>[Address Reference Count : 1]<UL><LI> startup_lpc17xx.o(RESET)
</UL>
<P><STRONG><a name="[6a]"></a>blink</STRONG> (Thumb, 66 bytes, Stack size 12 bytes, led_break_drv.o(.text))
<BR><BR>[Stack]<UL><LI>Max Depth = 12<LI>Call Chain = blink
</UL>
<BR>[Called By]<UL><LI><a href="#[63]">&gt;&gt;</a>&nbsp;&nbsp;&nbsp;avar_bps_hndl
<LI><a href="#[43]">&gt;&gt;</a>&nbsp;&nbsp;&nbsp;main
</UL>

<P><STRONG><a name="[77]"></a>blinker</STRONG> (Thumb, 258 bytes, Stack size 0 bytes, led_break_drv.o(.text))
<BR><BR>[Called By]<UL><LI><a href="#[43]">&gt;&gt;</a>&nbsp;&nbsp;&nbsp;main
</UL>

<P><STRONG><a name="[9b]"></a>init_ethernet</STRONG> (Thumb, 668 bytes, Stack size 32 bytes, emac_lpc17xx.o(.text))
<BR><BR>[Stack]<UL><LI>Max Depth = 48<LI>Call Chain = init_ethernet &rArr; write_PHY
</UL>
<BR>[Calls]<UL><LI><a href="#[9a]">&gt;&gt;</a>&nbsp;&nbsp;&nbsp;write_PHY
<LI><a href="#[96]">&gt;&gt;</a>&nbsp;&nbsp;&nbsp;read_PHY
<LI><a href="#[9c]">&gt;&gt;</a>&nbsp;&nbsp;&nbsp;rx_descr_init
<LI><a href="#[9d]">&gt;&gt;</a>&nbsp;&nbsp;&nbsp;tx_descr_init
</UL>
<BR>[Called By]<UL><LI><a href="#[49]">&gt;&gt;</a>&nbsp;&nbsp;&nbsp;init_eth_link
</UL>

<P><STRONG><a name="[a4]"></a>int_enable_eth</STRONG> (Thumb, 32 bytes, Stack size 0 bytes, emac_lpc17xx.o(.text))
<BR><BR>[Called By]<UL><LI><a href="#[9e]">&gt;&gt;</a>&nbsp;&nbsp;&nbsp;alloc_mem
<LI><a href="#[49]">&gt;&gt;</a>&nbsp;&nbsp;&nbsp;init_eth_link
<LI><a href="#[ca]">&gt;&gt;</a>&nbsp;&nbsp;&nbsp;resize_mem
<LI><a href="#[b1]">&gt;&gt;</a>&nbsp;&nbsp;&nbsp;free_mem
</UL>

<P><STRONG><a name="[a3]"></a>int_disable_eth</STRONG> (Thumb, 26 bytes, Stack size 0 bytes, emac_lpc17xx.o(.text))
<BR><BR>[Called By]<UL><LI><a href="#[9e]">&gt;&gt;</a>&nbsp;&nbsp;&nbsp;alloc_mem
<LI><a href="#[74]">&gt;&gt;</a>&nbsp;&nbsp;&nbsp;init_TcpNet
<LI><a href="#[49]">&gt;&gt;</a>&nbsp;&nbsp;&nbsp;init_eth_link
<LI><a href="#[ca]">&gt;&gt;</a>&nbsp;&nbsp;&nbsp;resize_mem
<LI><a href="#[b1]">&gt;&gt;</a>&nbsp;&nbsp;&nbsp;free_mem
</UL>

<P><STRONG><a name="[b0]"></a>send_frame</STRONG> (Thumb, 100 bytes, Stack size 16 bytes, emac_lpc17xx.o(.text))
<BR><BR>[Stack]<UL><LI>Max Depth = 16<LI>Call Chain = send_frame
</UL>
<BR>[Called By]<UL><LI><a href="#[56]">&gt;&gt;</a>&nbsp;&nbsp;&nbsp;eth_send_frame
<LI><a href="#[ac]">&gt;&gt;</a>&nbsp;&nbsp;&nbsp;arp_send_req
<LI><a href="#[af]">&gt;&gt;</a>&nbsp;&nbsp;&nbsp;arp_send_reply
</UL>

<P><STRONG><a name="[3c]"></a>ENET_IRQHandler</STRONG> (Thumb, 196 bytes, Stack size 32 bytes, emac_lpc17xx.o(.text))
<BR><BR>[Stack]<UL><LI>Max Depth = 64<LI>Call Chain = ENET_IRQHandler &rArr; alloc_mem
</UL>
<BR>[Calls]<UL><LI><a href="#[9f]">&gt;&gt;</a>&nbsp;&nbsp;&nbsp;put_in_queue
<LI><a href="#[9e]">&gt;&gt;</a>&nbsp;&nbsp;&nbsp;alloc_mem
</UL>
<BR>[Address Reference Count : 1]<UL><LI> startup_lpc17xx.o(RESET)
</UL>
<P><STRONG><a name="[9e]"></a>alloc_mem</STRONG> (Thumb, 152 bytes, Stack size 32 bytes, at_mem.o(i.alloc_mem))
<BR><BR>[Stack]<UL><LI>Max Depth = 32<LI>Call Chain = alloc_mem
</UL>
<BR>[Calls]<UL><LI><a href="#[a3]">&gt;&gt;</a>&nbsp;&nbsp;&nbsp;int_disable_eth
<LI><a href="#[a4]">&gt;&gt;</a>&nbsp;&nbsp;&nbsp;int_enable_eth
<LI><a href="#[a5]">&gt;&gt;</a>&nbsp;&nbsp;&nbsp;sys_error
</UL>
<BR>[Called By]<UL><LI><a href="#[3c]">&gt;&gt;</a>&nbsp;&nbsp;&nbsp;ENET_IRQHandler
<LI><a href="#[ac]">&gt;&gt;</a>&nbsp;&nbsp;&nbsp;arp_send_req
<LI><a href="#[af]">&gt;&gt;</a>&nbsp;&nbsp;&nbsp;arp_send_reply
<LI><a href="#[c5]">&gt;&gt;</a>&nbsp;&nbsp;&nbsp;process_icmp
<LI><a href="#[d3]">&gt;&gt;</a>&nbsp;&nbsp;&nbsp;udp_get_buf
<LI><a href="#[cb]">&gt;&gt;</a>&nbsp;&nbsp;&nbsp;tcp_send_ctrl
</UL>

<P><STRONG><a name="[a6]"></a>arp_cache_add</STRONG> (Thumb, 176 bytes, Stack size 32 bytes, at_arp.o(i.arp_cache_add))
<BR><BR>[Stack]<UL><LI>Max Depth = 56<LI>Call Chain = arp_cache_add &rArr; is_subnet &rArr; mem_copy
</UL>
<BR>[Calls]<UL><LI><a href="#[72]">&gt;&gt;</a>&nbsp;&nbsp;&nbsp;mem_copy
<LI><a href="#[aa]">&gt;&gt;</a>&nbsp;&nbsp;&nbsp;arp_cache_alloc
<LI><a href="#[a8]">&gt;&gt;</a>&nbsp;&nbsp;&nbsp;is_subnet
<LI><a href="#[a9]">&gt;&gt;</a>&nbsp;&nbsp;&nbsp;mem_test
<LI><a href="#[a7]">&gt;&gt;</a>&nbsp;&nbsp;&nbsp;mem_comp
</UL>
<BR>[Called By]<UL><LI><a href="#[4e]">&gt;&gt;</a>&nbsp;&nbsp;&nbsp;run_eth_link
<LI><a href="#[af]">&gt;&gt;</a>&nbsp;&nbsp;&nbsp;arp_send_reply
</UL>

<P><STRONG><a name="[ab]"></a>arp_cache_find</STRONG> (Thumb, 254 bytes, Stack size 32 bytes, at_arp.o(i.arp_cache_find))
<BR><BR>[Stack]<UL><LI>Max Depth = 80<LI>Call Chain = arp_cache_find &rArr; arp_send_req &rArr; alloc_mem
</UL>
<BR>[Calls]<UL><LI><a href="#[72]">&gt;&gt;</a>&nbsp;&nbsp;&nbsp;mem_copy
<LI><a href="#[ac]">&gt;&gt;</a>&nbsp;&nbsp;&nbsp;arp_send_req
<LI><a href="#[aa]">&gt;&gt;</a>&nbsp;&nbsp;&nbsp;arp_cache_alloc
<LI><a href="#[a8]">&gt;&gt;</a>&nbsp;&nbsp;&nbsp;is_subnet
<LI><a href="#[a9]">&gt;&gt;</a>&nbsp;&nbsp;&nbsp;mem_test
<LI><a href="#[a7]">&gt;&gt;</a>&nbsp;&nbsp;&nbsp;mem_comp
</UL>
<BR>[Called By]<UL><LI><a href="#[56]">&gt;&gt;</a>&nbsp;&nbsp;&nbsp;eth_send_frame
</UL>

<P><STRONG><a name="[ad]"></a>arp_cache_update</STRONG> (Thumb, 218 bytes, Stack size 32 bytes, at_arp.o(i.arp_cache_update))
<BR><BR>[Stack]<UL><LI>Max Depth = 80<LI>Call Chain = arp_cache_update &rArr; arp_send_req &rArr; alloc_mem
</UL>
<BR>[Calls]<UL><LI><a href="#[ac]">&gt;&gt;</a>&nbsp;&nbsp;&nbsp;arp_send_req
<LI><a href="#[a7]">&gt;&gt;</a>&nbsp;&nbsp;&nbsp;mem_comp
</UL>
<BR>[Called By]<UL><LI><a href="#[4e]">&gt;&gt;</a>&nbsp;&nbsp;&nbsp;run_eth_link
</UL>

<P><STRONG><a name="[ac]"></a>arp_send_req</STRONG> (Thumb, 154 bytes, Stack size 16 bytes, at_arp.o(i.arp_send_req))
<BR><BR>[Stack]<UL><LI>Max Depth = 48<LI>Call Chain = arp_send_req &rArr; alloc_mem
</UL>
<BR>[Calls]<UL><LI><a href="#[9e]">&gt;&gt;</a>&nbsp;&nbsp;&nbsp;alloc_mem
<LI><a href="#[b0]">&gt;&gt;</a>&nbsp;&nbsp;&nbsp;send_frame
<LI><a href="#[72]">&gt;&gt;</a>&nbsp;&nbsp;&nbsp;mem_copy
<LI><a href="#[b2]">&gt;&gt;</a>&nbsp;&nbsp;&nbsp;mem_set
<LI><a href="#[b1]">&gt;&gt;</a>&nbsp;&nbsp;&nbsp;free_mem
</UL>
<BR>[Called By]<UL><LI><a href="#[ad]">&gt;&gt;</a>&nbsp;&nbsp;&nbsp;arp_cache_update
<LI><a href="#[ab]">&gt;&gt;</a>&nbsp;&nbsp;&nbsp;arp_cache_find
</UL>

<P><STRONG><a name="[b4]"></a>eth_chk_adr</STRONG> (Thumb, 10 bytes, Stack size 0 bytes, at_ethernet.o(i.eth_chk_adr))
<BR><BR>[Stack]<UL><LI>Max Depth = 8<LI>Call Chain = eth_chk_adr &rArr; mem_comp
</UL>
<BR>[Calls]<UL><LI><a href="#[a7]">&gt;&gt;</a>&nbsp;&nbsp;&nbsp;mem_comp
</UL>
<BR>[Called By]<UL><LI><a href="#[bb]">&gt;&gt;</a>&nbsp;&nbsp;&nbsp;ip_chk_frame
</UL>

<P><STRONG><a name="[56]"></a>eth_send_frame</STRONG> (Thumb, 138 bytes, Stack size 16 bytes, at_ethernet.o(i.eth_send_frame))
<BR><BR>[Stack]<UL><LI>Max Depth = 96<LI>Call Chain = eth_send_frame &rArr; arp_cache_find &rArr; arp_send_req &rArr; alloc_mem
</UL>
<BR>[Calls]<UL><LI><a href="#[b0]">&gt;&gt;</a>&nbsp;&nbsp;&nbsp;send_frame
<LI><a href="#[72]">&gt;&gt;</a>&nbsp;&nbsp;&nbsp;mem_copy
<LI><a href="#[b5]">&gt;&gt;</a>&nbsp;&nbsp;&nbsp;is_subnet_bcast
<LI><a href="#[ab]">&gt;&gt;</a>&nbsp;&nbsp;&nbsp;arp_cache_find
<LI><a href="#[a9]">&gt;&gt;</a>&nbsp;&nbsp;&nbsp;mem_test
<LI><a href="#[a7]">&gt;&gt;</a>&nbsp;&nbsp;&nbsp;mem_comp
</UL>
<BR>[Called By]<UL><LI><a href="#[55]">&gt;&gt;</a>&nbsp;&nbsp;&nbsp;dispatch_frame
</UL>

<P><STRONG><a name="[b1]"></a>free_mem</STRONG> (Thumb, 94 bytes, Stack size 16 bytes, at_mem.o(i.free_mem))
<BR><BR>[Stack]<UL><LI>Max Depth = 16<LI>Call Chain = free_mem
</UL>
<BR>[Calls]<UL><LI><a href="#[a3]">&gt;&gt;</a>&nbsp;&nbsp;&nbsp;int_disable_eth
<LI><a href="#[a4]">&gt;&gt;</a>&nbsp;&nbsp;&nbsp;int_enable_eth
<LI><a href="#[a5]">&gt;&gt;</a>&nbsp;&nbsp;&nbsp;sys_error
</UL>
<BR>[Called By]<UL><LI><a href="#[9f]">&gt;&gt;</a>&nbsp;&nbsp;&nbsp;put_in_queue
<LI><a href="#[4e]">&gt;&gt;</a>&nbsp;&nbsp;&nbsp;run_eth_link
<LI><a href="#[ac]">&gt;&gt;</a>&nbsp;&nbsp;&nbsp;arp_send_req
<LI><a href="#[af]">&gt;&gt;</a>&nbsp;&nbsp;&nbsp;arp_send_reply
<LI><a href="#[c5]">&gt;&gt;</a>&nbsp;&nbsp;&nbsp;process_icmp
<LI><a href="#[d5]">&gt;&gt;</a>&nbsp;&nbsp;&nbsp;udp_send
<LI><a href="#[c9]">&gt;&gt;</a>&nbsp;&nbsp;&nbsp;tcp_set_retransmit
<LI><a href="#[cb]">&gt;&gt;</a>&nbsp;&nbsp;&nbsp;tcp_send_ctrl
</UL>

<P><STRONG><a name="[c8]"></a>get_u32</STRONG> (Thumb, 22 bytes, Stack size 0 bytes, at_lib.o(i.get_u32))
<BR><BR>[Called By]<UL><LI><a href="#[54]">&gt;&gt;</a>&nbsp;&nbsp;&nbsp;process_tcp
<LI><a href="#[cc]">&gt;&gt;</a>&nbsp;&nbsp;&nbsp;tcp_send_reset
</UL>

<P><STRONG><a name="[74]"></a>init_TcpNet</STRONG> (Thumb, 40 bytes, Stack size 8 bytes, at_system.o(i.init_TcpNet))
<BR><BR>[Stack]<UL><LI>Max Depth = 72<LI>Call Chain = init_TcpNet &rArr; init_system &rArr; init_eth_link &rArr; init_ethernet &rArr; write_PHY
</UL>
<BR>[Calls]<UL><LI><a href="#[a3]">&gt;&gt;</a>&nbsp;&nbsp;&nbsp;int_disable_eth
<LI><a href="#[72]">&gt;&gt;</a>&nbsp;&nbsp;&nbsp;mem_copy
<LI><a href="#[48]">&gt;&gt;</a>&nbsp;&nbsp;&nbsp;init_system
<LI><a href="#[b6]">&gt;&gt;</a>&nbsp;&nbsp;&nbsp;init_mem
</UL>
<BR>[Called By]<UL><LI><a href="#[43]">&gt;&gt;</a>&nbsp;&nbsp;&nbsp;main
</UL>

<P><STRONG><a name="[b7]"></a>init_arp</STRONG> (Thumb, 30 bytes, Stack size 12 bytes, at_arp.o(i.init_arp))
<BR><BR>[Stack]<UL><LI>Max Depth = 12<LI>Call Chain = init_arp
</UL>
<BR>[Called By]<UL><LI><a href="#[49]">&gt;&gt;</a>&nbsp;&nbsp;&nbsp;init_eth_link
</UL>

<P><STRONG><a name="[49]"></a>init_eth_link</STRONG> (Thumb, 30 bytes, Stack size 8 bytes, at_ethernet.o(i.init_eth_link))
<BR><BR>[Stack]<UL><LI>Max Depth = 56<LI>Call Chain = init_eth_link &rArr; init_ethernet &rArr; write_PHY
</UL>
<BR>[Calls]<UL><LI><a href="#[a3]">&gt;&gt;</a>&nbsp;&nbsp;&nbsp;int_disable_eth
<LI><a href="#[a4]">&gt;&gt;</a>&nbsp;&nbsp;&nbsp;int_enable_eth
<LI><a href="#[9b]">&gt;&gt;</a>&nbsp;&nbsp;&nbsp;init_ethernet
<LI><a href="#[b7]">&gt;&gt;</a>&nbsp;&nbsp;&nbsp;init_arp
</UL>
<BR>[Called By]<UL><LI><a href="#[48]">&gt;&gt;</a>&nbsp;&nbsp;&nbsp;init_system
</UL>

<P><STRONG><a name="[b6]"></a>init_mem</STRONG> (Thumb, 24 bytes, Stack size 0 bytes, at_mem.o(i.init_mem))
<BR><BR>[Called By]<UL><LI><a href="#[74]">&gt;&gt;</a>&nbsp;&nbsp;&nbsp;init_TcpNet
</UL>

<P><STRONG><a name="[4c]"></a>init_snmp</STRONG> (Thumb, 66 bytes, Stack size 16 bytes, at_snmp.o(i.init_snmp))
<BR><BR>[Stack]<UL><LI>Max Depth = 36<LI>Call Chain = init_snmp &rArr; udp_open
</UL>
<BR>[Calls]<UL><LI><a href="#[b8]">&gt;&gt;</a>&nbsp;&nbsp;&nbsp;str_copy
<LI><a href="#[ba]">&gt;&gt;</a>&nbsp;&nbsp;&nbsp;udp_open
<LI><a href="#[b9]">&gt;&gt;</a>&nbsp;&nbsp;&nbsp;udp_get_socket
</UL>
<BR>[Called By]<UL><LI><a href="#[48]">&gt;&gt;</a>&nbsp;&nbsp;&nbsp;init_system
</UL>

<P><STRONG><a name="[4b]"></a>init_tcp</STRONG> (Thumb, 16 bytes, Stack size 0 bytes, at_tcp.o(i.init_tcp))
<BR><BR>[Calls]<UL><LI><a href="#[b2]">&gt;&gt;</a>&nbsp;&nbsp;&nbsp;mem_set
</UL>
<BR>[Called By]<UL><LI><a href="#[48]">&gt;&gt;</a>&nbsp;&nbsp;&nbsp;init_system
</UL>

<P><STRONG><a name="[4a]"></a>init_udp</STRONG> (Thumb, 18 bytes, Stack size 0 bytes, at_udp.o(i.init_udp))
<BR><BR>[Calls]<UL><LI><a href="#[b2]">&gt;&gt;</a>&nbsp;&nbsp;&nbsp;mem_set
</UL>
<BR>[Called By]<UL><LI><a href="#[48]">&gt;&gt;</a>&nbsp;&nbsp;&nbsp;init_system
</UL>

<P><STRONG><a name="[bb]"></a>ip_chk_frame</STRONG> (Thumb, 186 bytes, Stack size 24 bytes, at_ip.o(i.ip_chk_frame))
<BR><BR>[Stack]<UL><LI>Max Depth = 36<LI>Call Chain = ip_chk_frame &rArr; mem_copy
</UL>
<BR>[Calls]<UL><LI><a href="#[72]">&gt;&gt;</a>&nbsp;&nbsp;&nbsp;mem_copy
<LI><a href="#[bd]">&gt;&gt;</a>&nbsp;&nbsp;&nbsp;igmp_is_member
<LI><a href="#[be]">&gt;&gt;</a>&nbsp;&nbsp;&nbsp;ip_get_chksum
<LI><a href="#[b4]">&gt;&gt;</a>&nbsp;&nbsp;&nbsp;eth_chk_adr
<LI><a href="#[a7]">&gt;&gt;</a>&nbsp;&nbsp;&nbsp;mem_comp
<LI><a href="#[bc]">&gt;&gt;</a>&nbsp;&nbsp;&nbsp;SwapB
</UL>
<BR>[Called By]<UL><LI><a href="#[4e]">&gt;&gt;</a>&nbsp;&nbsp;&nbsp;run_eth_link
</UL>

<P><STRONG><a name="[bf]"></a>ip_get_locadr</STRONG> (Thumb, 140 bytes, Stack size 24 bytes, at_ip.o(i.ip_get_locadr))
<BR><BR>[Stack]<UL><LI>Max Depth = 48<LI>Call Chain = ip_get_locadr &rArr; is_subnet &rArr; mem_copy
</UL>
<BR>[Calls]<UL><LI><a href="#[a8]">&gt;&gt;</a>&nbsp;&nbsp;&nbsp;is_subnet
<LI><a href="#[a9]">&gt;&gt;</a>&nbsp;&nbsp;&nbsp;mem_test
</UL>
<BR>[Called By]<UL><LI><a href="#[8a]">&gt;&gt;</a>&nbsp;&nbsp;&nbsp;snmp_trap
<LI><a href="#[d5]">&gt;&gt;</a>&nbsp;&nbsp;&nbsp;udp_send
<LI><a href="#[c0]">&gt;&gt;</a>&nbsp;&nbsp;&nbsp;ip_send_frame
<LI><a href="#[d6]">&gt;&gt;</a>&nbsp;&nbsp;&nbsp;tcp_send_frame
</UL>

<P><STRONG><a name="[c0]"></a>ip_send_frame</STRONG> (Thumb, 140 bytes, Stack size 24 bytes, at_ip.o(i.ip_send_frame))
<BR><BR>[Stack]<UL><LI>Max Depth = 120<LI>Call Chain = ip_send_frame &rArr; dispatch_frame &rArr; eth_send_frame &rArr; arp_cache_find &rArr; arp_send_req &rArr; alloc_mem
</UL>
<BR>[Calls]<UL><LI><a href="#[72]">&gt;&gt;</a>&nbsp;&nbsp;&nbsp;mem_copy
<LI><a href="#[55]">&gt;&gt;</a>&nbsp;&nbsp;&nbsp;dispatch_frame
<LI><a href="#[be]">&gt;&gt;</a>&nbsp;&nbsp;&nbsp;ip_get_chksum
<LI><a href="#[bf]">&gt;&gt;</a>&nbsp;&nbsp;&nbsp;ip_get_locadr
<LI><a href="#[bc]">&gt;&gt;</a>&nbsp;&nbsp;&nbsp;SwapB
</UL>
<BR>[Called By]<UL><LI><a href="#[c5]">&gt;&gt;</a>&nbsp;&nbsp;&nbsp;process_icmp
<LI><a href="#[d5]">&gt;&gt;</a>&nbsp;&nbsp;&nbsp;udp_send
<LI><a href="#[d6]">&gt;&gt;</a>&nbsp;&nbsp;&nbsp;tcp_send_frame
</UL>

<P><STRONG><a name="[a8]"></a>is_subnet</STRONG> (Thumb, 34 bytes, Stack size 12 bytes, at_lib.o(i.is_subnet))
<BR><BR>[Stack]<UL><LI>Max Depth = 24<LI>Call Chain = is_subnet &rArr; mem_copy
</UL>
<BR>[Calls]<UL><LI><a href="#[72]">&gt;&gt;</a>&nbsp;&nbsp;&nbsp;mem_copy
</UL>
<BR>[Called By]<UL><LI><a href="#[b5]">&gt;&gt;</a>&nbsp;&nbsp;&nbsp;is_subnet_bcast
<LI><a href="#[ab]">&gt;&gt;</a>&nbsp;&nbsp;&nbsp;arp_cache_find
<LI><a href="#[a6]">&gt;&gt;</a>&nbsp;&nbsp;&nbsp;arp_cache_add
<LI><a href="#[bf]">&gt;&gt;</a>&nbsp;&nbsp;&nbsp;ip_get_locadr
</UL>

<P><STRONG><a name="[b5]"></a>is_subnet_bcast</STRONG> (Thumb, 40 bytes, Stack size 16 bytes, at_arp.o(i.is_subnet_bcast))
<BR><BR>[Stack]<UL><LI>Max Depth = 40<LI>Call Chain = is_subnet_bcast &rArr; is_subnet &rArr; mem_copy
</UL>
<BR>[Calls]<UL><LI><a href="#[72]">&gt;&gt;</a>&nbsp;&nbsp;&nbsp;mem_copy
<LI><a href="#[a8]">&gt;&gt;</a>&nbsp;&nbsp;&nbsp;is_subnet
</UL>
<BR>[Called By]<UL><LI><a href="#[56]">&gt;&gt;</a>&nbsp;&nbsp;&nbsp;eth_send_frame
</UL>

<P><STRONG><a name="[7c]"></a>main_TcpNet</STRONG> (Thumb, 52 bytes, Stack size 0 bytes, at_system.o(i.main_TcpNet))
[...]
</UL>
<BR>[Calls]<UL><LI><a href="#[b1]">&gt;&gt;</a>&nbsp;&nbsp;&nbsp;free_mem
</UL>
<BR>[Called By]<UL><LI><a href="#[3c]">&gt;&gt;</a>&nbsp;&nbsp;&nbsp;ENET_IRQHandler
</UL>

<P><STRONG><a name="[ca]"></a>resize_mem</STRONG> (Thumb, 48 bytes, Stack size 16 bytes, at_mem.o(i.resize_mem))
<BR><BR>[Stack]<UL><LI>Max Depth = 16<LI>Call Chain = resize_mem
</UL>
<BR>[Calls]<UL><LI><a href="#[a3]">&gt;&gt;</a>&nbsp;&nbsp;&nbsp;int_disable_eth
<LI><a href="#[a4]">&gt;&gt;</a>&nbsp;&nbsp;&nbsp;int_enable_eth
</UL>
<BR>[Called By]<UL><LI><a href="#[54]">&gt;&gt;</a>&nbsp;&nbsp;&nbsp;process_tcp
</UL>

<P><STRONG><a name="[4e]"></a>run_eth_link</STRONG> (Thumb, 162 bytes, Stack size 16 bytes, at_ethernet.o(i.run_eth_link))
<BR><BR>[Stack]<UL><LI>Max Depth = 240<LI>Call Chain = run_eth_link &rArr; process_hl_tcp &rArr; process_tcp &rArr; tcp_send_reset &rArr; tcp_send_ctrl &rArr; tcp_send_frame &rArr; ip_send_frame &rArr; dispatch_frame &rArr; eth_send_frame &rArr; arp_cache_find &rArr; arp_send_req &rArr; alloc_mem
</UL>
<BR>[Calls]<UL><LI><a href="#[53]">&gt;&gt;</a>&nbsp;&nbsp;&nbsp;process_hl_tcp
<LI><a href="#[51]">&gt;&gt;</a>&nbsp;&nbsp;&nbsp;process_hl_udp
<LI><a href="#[d1]">&gt;&gt;</a>&nbsp;&nbsp;&nbsp;process_hl_igmp
<LI><a href="#[d0]">&gt;&gt;</a>&nbsp;&nbsp;&nbsp;poll_ethernet
<LI><a href="#[c5]">&gt;&gt;</a>&nbsp;&nbsp;&nbsp;process_icmp
<LI><a href="#[c4]">&gt;&gt;</a>&nbsp;&nbsp;&nbsp;process_arp
<LI><a href="#[bb]">&gt;&gt;</a>&nbsp;&nbsp;&nbsp;ip_chk_frame
<LI><a href="#[ad]">&gt;&gt;</a>&nbsp;&nbsp;&nbsp;arp_cache_update
<LI><a href="#[a6]">&gt;&gt;</a>&nbsp;&nbsp;&nbsp;arp_cache_add
<LI><a href="#[a9]">&gt;&gt;</a>&nbsp;&nbsp;&nbsp;mem_test
<LI><a href="#[b1]">&gt;&gt;</a>&nbsp;&nbsp;&nbsp;free_mem
</UL>
<BR>[Called By]<UL><LI><a href="#[4d]">&gt;&gt;</a>&nbsp;&nbsp;&nbsp;run_system
</UL>

<P><STRONG><a name="[50]"></a>run_snmp_agent</STRONG> (Thumb, 34 bytes, Stack size 0 bytes, at_snmp.o(i.run_snmp_agent))
<BR><BR>[Called By]<UL><LI><a href="#[4d]">&gt;&gt;</a>&nbsp;&nbsp;&nbsp;run_system
</UL>

<P><STRONG><a name="[d7]"></a>set_u32</STRONG> (Thumb, 16 bytes, Stack size 0 bytes, at_lib.o(i.set_u32))
<BR><BR>[Called By]<UL><LI><a href="#[d6]">&gt;&gt;</a>&nbsp;&nbsp;&nbsp;tcp_send_frame
</UL>

<P><STRONG><a name="[8a]"></a>snmp_trap</STRONG> (Thumb, 568 bytes, Stack size 72 bytes, at_snmp.o(i.snmp_trap))
<BR><BR>[Stack]<UL><LI>Max Depth = 224<LI>Call Chain = snmp_trap &rArr; udp_send &rArr; ip_send_frame &rArr; dispatch_frame &rArr; eth_send_frame &rArr; arp_cache_find &rArr; arp_send_req &rArr; alloc_mem
</UL>
<BR>[Calls]<UL><LI><a href="#[72]">&gt;&gt;</a>&nbsp;&nbsp;&nbsp;mem_copy
<LI><a href="#[b3]">&gt;&gt;</a>&nbsp;&nbsp;&nbsp;bind_val
<LI><a href="#[d4]">&gt;&gt;</a>&nbsp;&nbsp;&nbsp;bind_tlv
<LI><a href="#[a0]">&gt;&gt;</a>&nbsp;&nbsp;&nbsp;add_object
<LI><a href="#[d5]">&gt;&gt;</a>&nbsp;&nbsp;&nbsp;udp_send
<LI><a href="#[d3]">&gt;&gt;</a>&nbsp;&nbsp;&nbsp;udp_get_buf
<LI><a href="#[a7]">&gt;&gt;</a>&nbsp;&nbsp;&nbsp;mem_comp
<LI><a href="#[bf]">&gt;&gt;</a>&nbsp;&nbsp;&nbsp;ip_get_locadr
</UL>
<BR>[Called By]<UL><LI><a href="#[5d]">&gt;&gt;</a>&nbsp;&nbsp;&nbsp;snmp_trap_send
</UL>

<P><STRONG><a name="[b8]"></a>str_copy</STRONG> (Thumb, 22 bytes, Stack size 0 bytes, at_lib.o(i.str_copy))
<BR><BR>[Called By]<UL><LI><a href="#[4c]">&gt;&gt;</a>&nbsp;&nbsp;&nbsp;init_snmp
</UL>

<P><STRONG><a name="[4f]"></a>tcp_poll_sockets</STRONG> (Thumb, 472 bytes, Stack size 32 bytes, at_tcp.o(i.tcp_poll_sockets))
<BR><BR>[Stack]<UL><LI>Max Depth = 200<LI>Call Chain = tcp_poll_sockets &rArr; tcp_send_ctrl &rArr; tcp_send_frame &rArr; ip_send_frame &rArr; dispatch_frame &rArr; eth_send_frame &rArr; arp_cache_find &rArr; arp_send_req &rArr; alloc_mem
</UL>
<BR>[Calls]<UL><LI><a href="#[cf]">&gt;&gt;</a>&nbsp;&nbsp;&nbsp;tcp_transit
<LI><a href="#[c9]">&gt;&gt;</a>&nbsp;&nbsp;&nbsp;tcp_set_retransmit
<LI><a href="#[d6]">&gt;&gt;</a>&nbsp;&nbsp;&nbsp;tcp_send_frame
<LI><a href="#[cb]">&gt;&gt;</a>&nbsp;&nbsp;&nbsp;tcp_send_ctrl
</UL>
<BR>[Called By]<UL><LI><a href="#[4d]">&gt;&gt;</a>&nbsp;&nbsp;&nbsp;run_system
</UL>

<P><STRONG><a name="[67]"></a>timer_tick</STRONG> (Thumb, 8 bytes, Stack size 0 bytes, at_system.o(i.timer_tick))
<BR><BR>[Called By]<UL><LI><a href="#[66]">&gt;&gt;</a>&nbsp;&nbsp;&nbsp;timer_poll
</UL>

<P><STRONG><a name="[d3]"></a>udp_get_buf</STRONG> (Thumb, 16 bytes, Stack size 8 bytes, at_udp.o(i.udp_get_buf))
<BR><BR>[Stack]<UL><LI>Max Depth = 40<LI>Call Chain = udp_get_buf &rArr; alloc_mem
</UL>
<BR>[Calls]<UL><LI><a href="#[9e]">&gt;&gt;</a>&nbsp;&nbsp;&nbsp;alloc_mem
</UL>
<BR>[Called By]<UL><LI><a href="#[8a]">&gt;&gt;</a>&nbsp;&nbsp;&nbsp;snmp_trap
<LI><a href="#[45]">&gt;&gt;</a>&nbsp;&nbsp;&nbsp;snmp_listener
</UL>

<P><STRONG><a name="[b9]"></a>udp_get_socket</STRONG> (Thumb, 62 bytes, Stack size 16 bytes, at_udp.o(i.udp_get_socket))
<BR><BR>[Stack]<UL><LI>Max Depth = 16<LI>Call Chain = udp_get_socket
</UL>
<BR>[Calls]<UL><LI><a href="#[a5]">&gt;&gt;</a>&nbsp;&nbsp;&nbsp;sys_error
</UL>
<BR>[Called By]<UL><LI><a href="#[4c]">&gt;&gt;</a>&nbsp;&nbsp;&nbsp;init_snmp
</UL>

<P><STRONG><a name="[ba]"></a>udp_open</STRONG> (Thumb, 112 bytes, Stack size 20 bytes, at_udp.o(i.udp_open))
<BR><BR>[Stack]<UL><LI>Max Depth = 20<LI>Call Chain = udp_open
</UL>
<BR>[Called By]<UL><LI><a href="#[4c]">&gt;&gt;</a>&nbsp;&nbsp;&nbsp;init_snmp
</UL>

<P><STRONG><a name="[d5]"></a>udp_send</STRONG> (Thumb, 260 bytes, Stack size 32 bytes, at_udp.o(i.udp_send))
<BR><BR>[Stack]<UL><LI>Max Depth = 152<LI>Call Chain = udp_send &rArr; ip_send_frame &rArr; dispatch_frame &rArr; eth_send_frame &rArr; arp_cache_find &rArr; arp_send_req &rArr; alloc_mem
</UL>
<BR>[Calls]<UL><LI><a href="#[a9]">&gt;&gt;</a>&nbsp;&nbsp;&nbsp;mem_test
<LI><a href="#[c0]">&gt;&gt;</a>&nbsp;&nbsp;&nbsp;ip_send_frame
<LI><a href="#[bf]">&gt;&gt;</a>&nbsp;&nbsp;&nbsp;ip_get_locadr
<LI><a href="#[b1]">&gt;&gt;</a>&nbsp;&nbsp;&nbsp;free_mem
<LI><a href="#[bc]">&gt;&gt;</a>&nbsp;&nbsp;&nbsp;SwapB
<LI><a href="#[c7]">&gt;&gt;</a>&nbsp;&nbsp;&nbsp;CalcChksumVal
<LI><a href="#[59]">&gt;&gt;</a>&nbsp;&nbsp;&nbsp;CalcChksumBuf
</UL>
<BR>[Called By]<UL><LI><a href="#[8a]">&gt;&gt;</a>&nbsp;&nbsp;&nbsp;snmp_trap
<LI><a href="#[45]">&gt;&gt;</a>&nbsp;&nbsp;&nbsp;snmp_listener
</UL>
<P>
<H3>
Local Symbols
</H3>
<P><STRONG><a name="[66]"></a>timer_poll</STRONG> (Thumb, 16 bytes, Stack size 8 bytes, main.o(.text))
<BR><BR>[Stack]<UL><LI>Max Depth = 8<LI>Call Chain = timer_poll
</UL>
<BR>[Calls]<UL><LI><a href="#[67]">&gt;&gt;</a>&nbsp;&nbsp;&nbsp;timer_tick
</UL>
<BR>[Called By]<UL><LI><a href="#[43]">&gt;&gt;</a>&nbsp;&nbsp;&nbsp;main
</UL>

<P><STRONG><a name="[9d]"></a>tx_descr_init</STRONG> (Thumb, 88 bytes, Stack size 0 bytes, emac_lpc17xx.o(.text))
<BR><BR>[Called By]<UL><LI><a href="#[9b]">&gt;&gt;</a>&nbsp;&nbsp;&nbsp;init_ethernet
</UL>

<P><STRONG><a name="[9c]"></a>rx_descr_init</STRONG> (Thumb, 96 bytes, Stack size 0 bytes, emac_lpc17xx.o(.text))
<BR><BR>[Called By]<UL><LI><a href="#[9b]">&gt;&gt;</a>&nbsp;&nbsp;&nbsp;init_ethernet
</UL>

<P><STRONG><a name="[98]"></a>turnaround_MDIO</STRONG> (Thumb, 34 bytes, Stack size 0 bytes, emac_lpc17xx.o(.text))
<BR><BR>[Called By]<UL><LI><a href="#[9a]">&gt;&gt;</a>&nbsp;&nbsp;&nbsp;write_PHY
<LI><a href="#[96]">&gt;&gt;</a>&nbsp;&nbsp;&nbsp;read_PHY
</UL>

<P><STRONG><a name="[99]"></a>input_MDIO</STRONG> (Thumb, 60 bytes, Stack size 0 bytes, emac_lpc17xx.o(.text))
<BR><BR>[Called By]<UL><LI><a href="#[96]">&gt;&gt;</a>&nbsp;&nbsp;&nbsp;read_PHY
</UL>

<P><STRONG><a name="[97]"></a>output_MDIO</STRONG> (Thumb, 76 bytes, Stack size 0 bytes, emac_lpc17xx.o(.text))
<BR><BR>[Called By]<UL><LI><a href="#[9a]">&gt;&gt;</a>&nbsp;&nbsp;&nbsp;write_PHY
<LI><a href="#[96]">&gt;&gt;</a>&nbsp;&nbsp;&nbsp;read_PHY
</UL>

<P><STRONG><a name="[96]"></a>read_PHY</STRONG> (Thumb, 144 bytes, Stack size 16 bytes, emac_lpc17xx.o(.text))
<BR><BR>[Stack]<UL><LI>Max Depth = 16<LI>Call Chain = read_PHY
</UL>
<BR>[Calls]<UL><LI><a href="#[97]">&gt;&gt;</a>&nbsp;&nbsp;&nbsp;output_MDIO
<LI><a href="#[99]">&gt;&gt;</a>&nbsp;&nbsp;&nbsp;input_MDIO
<LI><a href="#[98]">&gt;&gt;</a>&nbsp;&nbsp;&nbsp;turnaround_MDIO
</UL>
<BR>[Called By]<UL><LI><a href="#[9b]">&gt;&gt;</a>&nbsp;&nbsp;&nbsp;init_ethernet
</UL>

<P><STRONG><a name="[9a]"></a>write_PHY</STRONG> (Thumb, 134 bytes, Stack size 16 bytes, emac_lpc17xx.o(.text))
<BR><BR>[Stack]<UL><LI>Max Depth = 16<LI>Call Chain = write_PHY
</UL>
<BR>[Calls]<UL><LI><a href="#[97]">&gt;&gt;</a>&nbsp;&nbsp;&nbsp;output_MDIO
<LI><a href="#[98]">&gt;&gt;</a>&nbsp;&nbsp;&nbsp;turnaround_MDIO
</UL>
<BR>[Called By]<UL><LI><a href="#[9b]">&gt;&gt;</a>&nbsp;&nbsp;&nbsp;init_ethernet
</UL>

<P><STRONG><a name="[ce]"></a>tcp_init_seq</STRONG> (Thumb, 14 bytes, Stack size 0 bytes, at_tcp.o(i.tcp_init_seq))
<BR><BR>[Called By]<UL><LI><a href="#[54]">&gt;&gt;</a>&nbsp;&nbsp;&nbsp;process_tcp
</UL>

<P><STRONG><a name="[c6]"></a>tcp_map_socket</STRONG> (Thumb, 150 bytes, Stack size 24 bytes, at_tcp.o(i.tcp_map_socket))
<BR><BR>[Stack]<UL><LI>Max Depth = 36<LI>Call Chain = tcp_map_socket &rArr; mem_copy
</UL>
<BR>[Calls]<UL><LI><a href="#[72]">&gt;&gt;</a>&nbsp;&nbsp;&nbsp;mem_copy
<LI><a href="#[a7]">&gt;&gt;</a>&nbsp;&nbsp;&nbsp;mem_comp
<LI><a href="#[bc]">&gt;&gt;</a>&nbsp;&nbsp;&nbsp;SwapB
</UL>
<BR>[Called By]<UL><LI><a href="#[54]">&gt;&gt;</a>&nbsp;&nbsp;&nbsp;process_tcp
</UL>

<P><STRONG><a name="[cd]"></a>tcp_process_opt</STRONG> (Thumb, 106 bytes, Stack size 20 bytes, at_tcp.o(i.tcp_process_opt))
<BR><BR>[Stack]<UL><LI>Max Depth = 20<LI>Call Chain = tcp_process_opt
</UL>
<BR>[Called By]<UL><LI><a href="#[54]">&gt;&gt;</a>&nbsp;&nbsp;&nbsp;process_tcp
</UL>

<P><STRONG><a name="[cb]"></a>tcp_send_ctrl</STRONG> (Thumb, 34 bytes, Stack size 16 bytes, at_tcp.o(i.tcp_send_ctrl))
<BR><BR>[Stack]<UL><LI>Max Depth = 168<LI>Call Chain = tcp_send_ctrl &rArr; tcp_send_frame &rArr; ip_send_frame &rArr; dispatch_frame &rArr; eth_send_frame &rArr; arp_cache_find &rArr; arp_send_req &rArr; alloc_mem
</UL>
<BR>[Calls]<UL><LI><a href="#[9e]">&gt;&gt;</a>&nbsp;&nbsp;&nbsp;alloc_mem
<LI><a href="#[b1]">&gt;&gt;</a>&nbsp;&nbsp;&nbsp;free_mem
<LI><a href="#[d6]">&gt;&gt;</a>&nbsp;&nbsp;&nbsp;tcp_send_frame
</UL>
<BR>[Called By]<UL><LI><a href="#[4f]">&gt;&gt;</a>&nbsp;&nbsp;&nbsp;tcp_poll_sockets
<LI><a href="#[54]">&gt;&gt;</a>&nbsp;&nbsp;&nbsp;process_tcp
<LI><a href="#[cc]">&gt;&gt;</a>&nbsp;&nbsp;&nbsp;tcp_send_reset
</UL>

<P><STRONG><a name="[d6]"></a>tcp_send_frame</STRONG> (Thumb, 236 bytes, Stack size 32 bytes, at_tcp.o(i.tcp_send_frame))
<BR><BR>[Stack]<UL><LI>Max Depth = 152<LI>Call Chain = tcp_send_frame &rArr; ip_send_frame &rArr; dispatch_frame &rArr; eth_send_frame &rArr; arp_cache_find &rArr; arp_send_req &rArr; alloc_mem
</UL>
<BR>[Calls]<UL><LI><a href="#[d7]">&gt;&gt;</a>&nbsp;&nbsp;&nbsp;set_u32
<LI><a href="#[c0]">&gt;&gt;</a>&nbsp;&nbsp;&nbsp;ip_send_frame
<LI><a href="#[bf]">&gt;&gt;</a>&nbsp;&nbsp;&nbsp;ip_get_locadr
<LI><a href="#[bc]">&gt;&gt;</a>&nbsp;&nbsp;&nbsp;SwapB
<LI><a href="#[c7]">&gt;&gt;</a>&nbsp;&nbsp;&nbsp;CalcChksumVal
<LI><a href="#[59]">&gt;&gt;</a>&nbsp;&nbsp;&nbsp;CalcChksumBuf
</UL>
<BR>[Called By]<UL><LI><a href="#[4f]">&gt;&gt;</a>&nbsp;&nbsp;&nbsp;tcp_poll_sockets
<LI><a href="#[cb]">&gt;&gt;</a>&nbsp;&nbsp;&nbsp;tcp_send_ctrl
</UL>

<P><STRONG><a name="[cc]"></a>tcp_send_reset</STRONG> (Thumb, 120 bytes, Stack size 16 bytes, at_tcp.o(i.tcp_send_reset))
<BR><BR>[Stack]<UL><LI>Max Depth = 184<LI>Call Chain = tcp_send_reset &rArr; tcp_send_ctrl &rArr; tcp_send_frame &rArr; ip_send_frame &rArr; dispatch_frame &rArr; eth_send_frame &rArr; arp_cache_find &rArr; arp_send_req &rArr; alloc_mem
</UL>
<BR>[Calls]<UL><LI><a href="#[72]">&gt;&gt;</a>&nbsp;&nbsp;&nbsp;mem_copy
<LI><a href="#[c8]">&gt;&gt;</a>&nbsp;&nbsp;&nbsp;get_u32
<LI><a href="#[bc]">&gt;&gt;</a>&nbsp;&nbsp;&nbsp;SwapB
<LI><a href="#[cb]">&gt;&gt;</a>&nbsp;&nbsp;&nbsp;tcp_send_ctrl
</UL>
<BR>[Called By]<UL><LI><a href="#[54]">&gt;&gt;</a>&nbsp;&nbsp;&nbsp;process_tcp
</UL>

<P><STRONG><a name="[c9]"></a>tcp_set_retransmit</STRONG> (Thumb, 18 bytes, Stack size 16 bytes, at_tcp.o(i.tcp_set_retransmit))
<BR><BR>[Stack]<UL><LI>Max Depth = 32<LI>Call Chain = tcp_set_retransmit &rArr; free_mem
</UL>
<BR>[Calls]<UL><LI><a href="#[b1]">&gt;&gt;</a>&nbsp;&nbsp;&nbsp;free_mem
</UL>
<BR>[Called By]<UL><LI><a href="#[4f]">&gt;&gt;</a>&nbsp;&nbsp;&nbsp;tcp_poll_sockets
<LI><a href="#[54]">&gt;&gt;</a>&nbsp;&nbsp;&nbsp;process_tcp
<LI><a href="#[cf]">&gt;&gt;</a>&nbsp;&nbsp;&nbsp;tcp_transit
</UL>

<P><STRONG><a name="[cf]"></a>tcp_transit</STRONG> (Thumb, 96 bytes, Stack size 16 bytes, at_tcp.o(i.tcp_transit))
<BR><BR>[Stack]<UL><LI>Max Depth = 48<LI>Call Chain = tcp_transit &rArr; tcp_set_retransmit &rArr; free_mem
</UL>
<BR>[Calls]<UL><LI><a href="#[c9]">&gt;&gt;</a>&nbsp;&nbsp;&nbsp;tcp_set_retransmit
</UL>
<BR>[Called By]<UL><LI><a href="#[4f]">&gt;&gt;</a>&nbsp;&nbsp;&nbsp;tcp_poll_sockets
<LI><a href="#[54]">&gt;&gt;</a>&nbsp;&nbsp;&nbsp;process_tcp
</UL>

<P><STRONG><a name="[a0]"></a>add_object</STRONG> (Thumb, 230 bytes, Stack size 16 bytes, at_snmp.o(i.add_object))
<BR><BR>[Stack]<UL><LI>Max Depth = 32<LI>Call Chain = add_object &rArr; set_value
</UL>
<BR>[Calls]<UL><LI><a href="#[72]">&gt;&gt;</a>&nbsp;&nbsp;&nbsp;mem_copy
<LI><a href="#[a1]">&gt;&gt;</a>&nbsp;&nbsp;&nbsp;strlen
<LI><a href="#[a2]">&gt;&gt;</a>&nbsp;&nbsp;&nbsp;set_value
</UL>
<BR>[Called By]<UL><LI><a href="#[8a]">&gt;&gt;</a>&nbsp;&nbsp;&nbsp;snmp_trap
<LI><a href="#[45]">&gt;&gt;</a>&nbsp;&nbsp;&nbsp;snmp_listener
</UL>

<P><STRONG><a name="[d4]"></a>bind_tlv</STRONG> (Thumb, 70 bytes, Stack size 8 bytes, at_snmp.o(i.bind_tlv))
<BR><BR>[Stack]<UL><LI>Max Depth = 8<LI>Call Chain = bind_tlv
</UL>
<BR>[Called By]<UL><LI><a href="#[8a]">&gt;&gt;</a>&nbsp;&nbsp;&nbsp;snmp_trap
<LI><a href="#[45]">&gt;&gt;</a>&nbsp;&nbsp;&nbsp;snmp_listener
</UL>

<P><STRONG><a name="[b3]"></a>bind_val</STRONG> (Thumb, 62 bytes, Stack size 16 bytes, at_snmp.o(i.bind_val))
<BR><BR>[Stack]<UL><LI>Max Depth = 32<LI>Call Chain = bind_val &rArr; set_value
</UL>
<BR>[Calls]<UL><LI><a href="#[5b]">&gt;&gt;</a>&nbsp;&nbsp;&nbsp;ulen
<LI><a href="#[a2]">&gt;&gt;</a>&nbsp;&nbsp;&nbsp;set_value
<LI><a href="#[5a]">&gt;&gt;</a>&nbsp;&nbsp;&nbsp;ilen
</UL>
<BR>[Called By]<UL><LI><a href="#[8a]">&gt;&gt;</a>&nbsp;&nbsp;&nbsp;snmp_trap
</UL>

<P><STRONG><a name="[c3]"></a>get_value</STRONG> (Thumb, 44 bytes, Stack size 8 bytes, at_snmp.o(i.get_value))
<BR><BR>[Stack]<UL><LI>Max Depth = 8<LI>Call Chain = get_value
</UL>
<BR>[Called By]<UL><LI><a href="#[45]">&gt;&gt;</a>&nbsp;&nbsp;&nbsp;snmp_listener
<LI><a href="#[c2]">&gt;&gt;</a>&nbsp;&nbsp;&nbsp;mib_write
</UL>

<P><STRONG><a name="[5a]"></a>ilen</STRONG> (Thumb, 12 bytes, Stack size 0 bytes, at_snmp.o(i.ilen))
<BR><BR>[Calls]<UL><LI><a href="#[5b]">&gt;&gt;</a>&nbsp;&nbsp;&nbsp;ulen
</UL>
<BR>[Called By]<UL><LI><a href="#[45]">&gt;&gt;</a>&nbsp;&nbsp;&nbsp;snmp_listener
<LI><a href="#[a2]">&gt;&gt;</a>&nbsp;&nbsp;&nbsp;set_value
<LI><a href="#[b3]">&gt;&gt;</a>&nbsp;&nbsp;&nbsp;bind_val
</UL>

<P><STRONG><a name="[c1]"></a>mib_find</STRONG> (Thumb, 116 bytes, Stack size 32 bytes, at_snmp.o(i.mib_find))
<BR><BR>[Stack]<UL><LI>Max Depth = 40<LI>Call Chain = mib_find &rArr; mem_comp
</UL>
<BR>[Calls]<UL><LI><a href="#[a7]">&gt;&gt;</a>&nbsp;&nbsp;&nbsp;mem_comp
</UL>
<BR>[Called By]<UL><LI><a href="#[45]">&gt;&gt;</a>&nbsp;&nbsp;&nbsp;snmp_listener
</UL>

<P><STRONG><a name="[c2]"></a>mib_write</STRONG> (Thumb, 122 bytes, Stack size 16 bytes, at_snmp.o(i.mib_write))
<BR><BR>[Stack]<UL><LI>Max Depth = 28<LI>Call Chain = mib_write &rArr; mem_copy
</UL>
<BR>[Calls]<UL><LI><a href="#[72]">&gt;&gt;</a>&nbsp;&nbsp;&nbsp;mem_copy
<LI><a href="#[c3]">&gt;&gt;</a>&nbsp;&nbsp;&nbsp;get_value
</UL>
<BR>[Called By]<UL><LI><a href="#[45]">&gt;&gt;</a>&nbsp;&nbsp;&nbsp;snmp_listener
</UL>

<P><STRONG><a name="[d2]"></a>parse_tlv</STRONG> (Thumb, 108 bytes, Stack size 16 bytes, at_snmp.o(i.parse_tlv))
<BR><BR>[Stack]<UL><LI>Max Depth = 16<LI>Call Chain = parse_tlv
</UL>
<BR>[Called By]<UL><LI><a href="#[45]">&gt;&gt;</a>&nbsp;&nbsp;&nbsp;snmp_listener
</UL>

<P><STRONG><a name="[a2]"></a>set_value</STRONG> (Thumb, 54 bytes, Stack size 16 bytes, at_snmp.o(i.set_value))
<BR><BR>[Stack]<UL><LI>Max Depth = 16<LI>Call Chain = set_value
</UL>
<BR>[Calls]<UL><LI><a href="#[5b]">&gt;&gt;</a>&nbsp;&nbsp;&nbsp;ulen
<LI><a href="#[5a]">&gt;&gt;</a>&nbsp;&nbsp;&nbsp;ilen
</UL>
<BR>[Called By]<UL><LI><a href="#[b3]">&gt;&gt;</a>&nbsp;&nbsp;&nbsp;bind_val
<LI><a href="#[a0]">&gt;&gt;</a>&nbsp;&nbsp;&nbsp;add_object
</UL>

<P><STRONG><a name="[45]"></a>snmp_listener</STRONG> (Thumb, 786 bytes, Stack size 112 bytes, at_snmp.o(i.snmp_listener))
<BR><BR>[Stack]<UL><LI>Max Depth = 264<LI>Call Chain = snmp_listener &rArr; udp_send &rArr; ip_send_frame &rArr; dispatch_frame &rArr; eth_send_frame &rArr; arp_cache_find &rArr; arp_send_req &rArr; alloc_mem
</UL>
<BR>[Calls]<UL><LI><a href="#[72]">&gt;&gt;</a>&nbsp;&nbsp;&nbsp;mem_copy
<LI><a href="#[d2]">&gt;&gt;</a>&nbsp;&nbsp;&nbsp;parse_tlv
<LI><a href="#[c2]">&gt;&gt;</a>&nbsp;&nbsp;&nbsp;mib_write
<LI><a href="#[c1]">&gt;&gt;</a>&nbsp;&nbsp;&nbsp;mib_find
<LI><a href="#[5a]">&gt;&gt;</a>&nbsp;&nbsp;&nbsp;ilen
<LI><a href="#[c3]">&gt;&gt;</a>&nbsp;&nbsp;&nbsp;get_value
<LI><a href="#[d4]">&gt;&gt;</a>&nbsp;&nbsp;&nbsp;bind_tlv
<LI><a href="#[a0]">&gt;&gt;</a>&nbsp;&nbsp;&nbsp;add_object
<LI><a href="#[d5]">&gt;&gt;</a>&nbsp;&nbsp;&nbsp;udp_send
<LI><a href="#[d3]">&gt;&gt;</a>&nbsp;&nbsp;&nbsp;udp_get_buf
<LI><a href="#[a7]">&gt;&gt;</a>&nbsp;&nbsp;&nbsp;mem_comp
</UL>
<BR>[Address Reference Count : 1]<UL><LI> at_snmp.o(i.init_snmp)
</UL>
<P><STRONG><a name="[5b]"></a>ulen</STRONG> (Thumb, 20 bytes, Stack size 0 bytes, at_snmp.o(i.ulen))
<BR><BR>[Called By]<UL><LI><a href="#[a2]">&gt;&gt;</a>&nbsp;&nbsp;&nbsp;set_value
<LI><a href="#[5a]">&gt;&gt;</a>&nbsp;&nbsp;&nbsp;ilen
<LI><a href="#[b3]">&gt;&gt;</a>&nbsp;&nbsp;&nbsp;bind_val
</UL>

<P><STRONG><a name="[aa]"></a>arp_cache_alloc</STRONG> (Thumb, 96 bytes, Stack size 20 bytes, at_arp.o(i.arp_cache_alloc))
<BR><BR>[Stack]<UL><LI>Max Depth = 20<LI>Call Chain = arp_cache_alloc
</UL>
<BR>[Called By]<UL><LI><a href="#[ab]">&gt;&gt;</a>&nbsp;&nbsp;&nbsp;arp_cache_find
<LI><a href="#[a6]">&gt;&gt;</a>&nbsp;&nbsp;&nbsp;arp_cache_add
</UL>

<P><STRONG><a name="[ae]"></a>arp_get_response</STRONG> (Thumb, 86 bytes, Stack size 24 bytes, at_arp.o(i.arp_get_response))
<BR><BR>[Stack]<UL><LI>Max Depth = 36<LI>Call Chain = arp_get_response &rArr; mem_copy
</UL>
<BR>[Calls]<UL><LI><a href="#[72]">&gt;&gt;</a>&nbsp;&nbsp;&nbsp;mem_copy
<LI><a href="#[a7]">&gt;&gt;</a>&nbsp;&nbsp;&nbsp;mem_comp
</UL>
<BR>[Called By]<UL><LI><a href="#[c4]">&gt;&gt;</a>&nbsp;&nbsp;&nbsp;process_arp
</UL>

<P><STRONG><a name="[af]"></a>arp_send_reply</STRONG> (Thumb, 148 bytes, Stack size 24 bytes, at_arp.o(i.arp_send_reply))
<BR><BR>[Stack]<UL><LI>Max Depth = 80<LI>Call Chain = arp_send_reply &rArr; arp_cache_add &rArr; is_subnet &rArr; mem_copy
</UL>
<BR>[Calls]<UL><LI><a href="#[9e]">&gt;&gt;</a>&nbsp;&nbsp;&nbsp;alloc_mem
<LI><a href="#[b0]">&gt;&gt;</a>&nbsp;&nbsp;&nbsp;send_frame
<LI><a href="#[72]">&gt;&gt;</a>&nbsp;&nbsp;&nbsp;mem_copy
<LI><a href="#[a6]">&gt;&gt;</a>&nbsp;&nbsp;&nbsp;arp_cache_add
<LI><a href="#[b1]">&gt;&gt;</a>&nbsp;&nbsp;&nbsp;free_mem
</UL>
<BR>[Called By]<UL><LI><a href="#[c4]">&gt;&gt;</a>&nbsp;&nbsp;&nbsp;process_arp
</UL>

<P><STRONG><a name="[be]"></a>ip_get_chksum</STRONG> (Thumb, 10 bytes, Stack size 0 bytes, at_ip.o(i.ip_get_chksum))
<BR><BR>[Stack]<UL><LI>Max Depth = 4<LI>Call Chain = ip_get_chksum &rArr; CalcChksum
</UL>
<BR>[Calls]<UL><LI><a href="#[58]">&gt;&gt;</a>&nbsp;&nbsp;&nbsp;CalcChksum
</UL>
<BR>[Called By]<UL><LI><a href="#[bb]">&gt;&gt;</a>&nbsp;&nbsp;&nbsp;ip_chk_frame
<LI><a href="#[c0]">&gt;&gt;</a>&nbsp;&nbsp;&nbsp;ip_send_frame
</UL>
<P>
<H3>
Undefined Global Symbols
</H3><HR></body></html>
