ARM Linker, 4.1 [Build 644] [Standard]

==============================================================================

Section Cross References

    startup_lpc17xx.o(RESET) refers to startup_lpc17xx.o(STACK) for __initial_sp
    startup_lpc17xx.o(RESET) refers to startup_lpc17xx.o(.text) for Reset_Handler
    startup_lpc17xx.o(RESET) refers to main.o(.text) for SysTick_Handler
    startup_lpc17xx.o(RESET) refers to timer.o(.text) for TIMER0_IRQHandler
    startup_lpc17xx.o(RESET) refers to uart0.o(.text) for UART0_IRQHandler
    startup_lpc17xx.o(RESET) refers to full_can.o(.text) for CAN_IRQHandler
    startup_lpc17xx.o(RESET) refers to emac_lpc17xx.o(.text) for ENET_IRQHandler
    startup_lpc17xx.o(.text) refers to entry.o(.ARM.Collect$$$$00000000) for __main
    net_config_http.o(.text) refers to at_ethernet.o(i.init_eth_link) for init_eth_link
    net_config_http.o(.text) refers to at_udp.o(i.init_udp) for init_udp
    net_config_http.o(.text) refers to at_tcp.o(i.init_tcp) for init_tcp
    net_config_http.o(.text) refers to at_http.o(i.init_http) for init_http
    net_config_http.o(.text) refers to at_snmp.o(i.init_snmp) for init_snmp
    net_config_http.o(.text) refers to at_ethernet.o(i.run_eth_link) for run_eth_link
    net_config_http.o(.text) refers to at_tcp.o(i.tcp_poll_sockets) for tcp_poll_sockets
    net_config_http.o(.text) refers to at_http.o(i.run_http_server) for run_http_server
    net_config_http.o(.text) refers to at_snmp.o(i.run_snmp_agent) for run_snmp_agent
    net_config_http.o(.text) refers to at_udp.o(i.process_udp) for process_udp
    net_config_http.o(.text) refers to at_tcp.o(i.process_tcp) for process_tcp
    net_config_http.o(.text) refers to at_ethernet.o(i.eth_send_frame) for eth_send_frame
    common_func.o(.text) refers to 25lc640.o(.text) for lc640_read_int
    common_func.o(.text) refers to main.o(.data) for lcd_buffer
    common_func.o(.text) refers to main.o(.data) for dig
    common_func.o(.text) refers to main.o(.data) for zero_on
    common_func.o(.text) refers to main.o(.constdata) for sm_mont
    common_func.o(.text) refers to ret.o(.text) for ret
    common_func.o(.text) refers to main.o(.constdata) for ABCDEF
    common_func.o(.text) refers to main.o(.bss) for b_ind
    common_func.o(.text) refers to common_func.o(.text) for bin2bcd_int
    common_func.o(.text) refers to main.o(.data) for dig
    common_func.o(.text) refers to main.o(.data) for lcd_buffer
    common_func.o(.text) refers to common_func.o(.text) for bin2bcd_int
    common_func.o(.text) refers to main.o(.data) for dig
    common_func.o(.text) refers to main.o(.data) for lcd_buffer
    common_func.o(.text) refers to common_func.o(.text) for find
    common_func.o(.text) refers to main.o(.constdata) for ABCDEF
    common_func.o(.text) refers to main.o(.data) for lcd_buffer
    common_func.o(.text) refers to main.o(.constdata) for ABCDEF
    common_func.o(.text) refers to main.o(.data) for lcd_buffer
    common_func.o(.text) refers to main.o(.constdata) for ABCDEF
    common_func.o(.text) refers to main.o(.data) for lcd_buffer
    control.o(.text) refers to 25lc640.o(.text) for lc640_write_int
    control.o(.text) refers to gran.o(.text) for gran_char
    control.o(.text) refers to mess.o(.text) for mess_send
    control.o(.text) refers to common_func.o(.text) for abs
    control.o(.text) refers to avar_hndl.o(.text) for ke_mem_hndl
    control.o(.text) refers to control.o(.data) for .data
    control.o(.text) refers to main.o(.data) for BAT_IS_ON
    control.o(.text) refers to main.o(.bss) for bat
    control.o(.text) refers to eeprom_map.o(.constdata) for ADR_EE_BAT_ZAR_CNT_KE
    control.o(.text) refers to eeprom_map.o(.constdata) for ADR_EE_BAT_C_REAL
    control.o(.text) refers to eeprom_map.o(.constdata) for ADR_EE_BAT_ZAR_CNT
    control.o(.text) refers to mess.o(.data) for mess_data
    control.o(.text) refers to main.o(.data) for Kibat0
    control.o(.text) refers to ad7705.o(.data) for ad7705_buff_
    control.o(.text) refers to eeprom_map.o(.constdata) for ADR_KI0BAT
    control.o(.text) refers to main.o(.data) for unet_drv_cnt
    control.o(.text) refers to main.o(.data) for net_Ustore
    control.o(.text) refers to main.o(.data) for KunetA
    control.o(.text) refers to main.o(.data) for KunetB
    control.o(.text) refers to main.o(.data) for KunetC
    control.o(.text) refers to control.o(.bss) for .bss
    control.o(.text) refers to main.o(.data) for Kunet
    control.o(.text) refers to main.o(.data) for Kubat
    control.o(.text) refers to main.o(.data) for Kubatm
    control.o(.text) refers to main.o(.data) for Kibat1
    control.o(.text) refers to main.o(.data) for Ktbat
    control.o(.text) refers to main.o(.data) for Kuload
    control.o(.text) refers to main.o(.data) for Ktext
    control.o(.text) refers to main.o(.data) for Kunet_ext
    control.o(.text) refers to main.o(.bss) for eb2_data_short
    control.o(.text) refers to main.o(.data) for Kvv_eb2
[...]
    snmp_u_min                               0x100000d2   Data           2  snmp_data_file.o(.data)
    snmp_u_0_grad                            0x100000d4   Data           2  snmp_data_file.o(.data)
    snmp_u_20_grad                           0x100000d6   Data           2  snmp_data_file.o(.data)
    snmp_u_sign                              0x100000d8   Data           2  snmp_data_file.o(.data)
    snmp_u_min_power                         0x100000da   Data           2  snmp_data_file.o(.data)
    snmp_u_withouth_bat                      0x100000dc   Data           2  snmp_data_file.o(.data)
    snmp_control_current                     0x100000de   Data           2  snmp_data_file.o(.data)
    snmp_max_charge_current                  0x100000e0   Data           2  snmp_data_file.o(.data)
    snmp_max_current                         0x100000e2   Data           2  snmp_data_file.o(.data)
    snmp_min_current                         0x100000e4   Data           2  snmp_data_file.o(.data)
    snmp_uvz                                 0x100000e6   Data           2  snmp_data_file.o(.data)
    snmp_powerup_psu_timeout                 0x100000e8   Data           2  snmp_data_file.o(.data)
    snmp_max_temperature                     0x100000ea   Data           2  snmp_data_file.o(.data)
    snmp_tsign_bat                           0x100000ec   Data           2  snmp_data_file.o(.data)
    snmp_tmax_bat                            0x100000ee   Data           2  snmp_data_file.o(.data)
    snmp_tsign_bps                           0x100000f0   Data           2  snmp_data_file.o(.data)
    snmp_tmax_bps                            0x100000f2   Data           2  snmp_data_file.o(.data)
    snmp_bat_part_alarm                      0x100000f4   Data           2  snmp_data_file.o(.data)
    snmp_power_cnt_adress                    0x100000f6   Data           2  snmp_data_file.o(.data)
    snmp_klimat_box_temper                   0x100000f8   Data           2  snmp_data_file.o(.data)
    snmp_klimat_settings_box_alarm           0x100000fa   Data           2  snmp_data_file.o(.data)
    snmp_klimat_settings_vent_on             0x100000fc   Data           2  snmp_data_file.o(.data)
    snmp_klimat_settings_vent_off            0x100000fe   Data           2  snmp_data_file.o(.data)
    snmp_klimat_settings_warm_on             0x10000100   Data           2  snmp_data_file.o(.data)
    snmp_klimat_settings_warm_off            0x10000102   Data           2  snmp_data_file.o(.data)
    snmp_klimat_settings_load_on             0x10000104   Data           2  snmp_data_file.o(.data)
    snmp_klimat_settings_load_off            0x10000106   Data           2  snmp_data_file.o(.data)
    snmp_klimat_settings_batt_on             0x10000108   Data           2  snmp_data_file.o(.data)
    snmp_klimat_settings_batt_off            0x1000010a   Data           2  snmp_data_file.o(.data)
    snmp_dt_ext                              0x1000010c   Data           2  snmp_data_file.o(.data)
    snmp_dt_msan                             0x1000010e   Data           2  snmp_data_file.o(.data)
    snmp_dt_epu                              0x10000110   Data           2  snmp_data_file.o(.data)
    snmp_sernum                              0x10000114   Data           4  snmp_data_file.o(.data)
    snmp_bat_number                          0x10000118   Data           4  snmp_data_file.o(.data)
    snmp_bat_voltage                         0x1000011c   Data           4  snmp_data_file.o(.data)
    snmp_bat_current                         0x10000120   Data           4  snmp_data_file.o(.data)
    snmp_bat_temperature                     0x10000124   Data           4  snmp_data_file.o(.data)
    snmp_bat_capacity                        0x10000128   Data           4  snmp_data_file.o(.data)
    snmp_bat_charge                          0x1000012c   Data           4  snmp_data_file.o(.data)
    snmp_bat_status                          0x10000130   Data           4  snmp_data_file.o(.data)
    snmp_bat_part_voltage                    0x10000134   Data           4  snmp_data_file.o(.data)
    snmp_energy_total_energy                 0x10000138   Data           4  snmp_data_file.o(.data)
    snmp_sk_number                           0x1000013c   Data           4  snmp_data_file.o(.data)
    snmp_sk_aktiv                            0x10000140   Data           4  snmp_data_file.o(.data)
    snmp_sk_alarm_aktiv                      0x10000144   Data           4  snmp_data_file.o(.data)
    snmp_sk_alarm                            0x10000148   Data           4  snmp_data_file.o(.data)
    temp_ip                                  0x1000014c   Data           4  snmp_data_file.o(.data)
    snmp_dt_temper                           0x10000150   Data           6  snmp_data_file.o(.data)
    snmp_makb_connect_status                 0x10000156   Data           8  snmp_data_file.o(.data)
    snmp_makb_voltage0                       0x1000015e   Data           8  snmp_data_file.o(.data)
    snmp_makb_voltage1                       0x10000166   Data           8  snmp_data_file.o(.data)
    snmp_makb_voltage2                       0x1000016e   Data           8  snmp_data_file.o(.data)
    snmp_makb_voltage3                       0x10000176   Data           8  snmp_data_file.o(.data)
    snmp_makb_voltage4                       0x1000017e   Data           8  snmp_data_file.o(.data)
    snmp_makb_temper0                        0x10000186   Data           8  snmp_data_file.o(.data)
    snmp_makb_temper1                        0x1000018e   Data           8  snmp_data_file.o(.data)
    snmp_makb_temper2                        0x10000196   Data           8  snmp_data_file.o(.data)
    snmp_makb_temper3                        0x1000019e   Data           8  snmp_data_file.o(.data)
    snmp_makb_temper4                        0x100001a6   Data           8  snmp_data_file.o(.data)
    snmp_makb_temper0_stat                   0x100001ae   Data           8  snmp_data_file.o(.data)
    snmp_makb_temper1_stat                   0x100001b6   Data           8  snmp_data_file.o(.data)
    snmp_makb_temper2_stat                   0x100001be   Data           8  snmp_data_file.o(.data)
    snmp_makb_temper3_stat                   0x100001c6   Data           8  snmp_data_file.o(.data)
    snmp_makb_temper4_stat                   0x100001ce   Data           8  snmp_data_file.o(.data)
    snmp_log                                 0x100001d6   Data        8192  snmp_data_file.o(.data)
    snmp_device_code                         0x100021d6   Data           2  snmp_data_file.o(.data)
    snmp_mains_power_alarm                   0x100021d8   Data           2  snmp_data_file.o(.data)
    snmp_inv_number                          0x100021da   Data           6  snmp_data_file.o(.data)
    snmp_inv_current                         0x100021e0   Data           6  snmp_data_file.o(.data)
    snmp_inv_stat                            0x100021e6   Data           6  snmp_data_file.o(.data)
    snmp_dt_error                            0x100021ec   Data           3  snmp_data_file.o(.data)
    timer0_counter                           0x100021f0   Data           4  timer.o(.data)
    timer1_counter                           0x100021f4   Data           4  timer.o(.data)
    beep_stat_cnt                            0x100021f9   Data           1  beep.o(.data)
    beep_cnt                                 0x100021fa   Data           1  beep.o(.data)
    bU_BAT2REL_AV_BAT                        0x100021fb   Data           1  beep.o(.data)
    beep_stat_temp                           0x100021fc   Data           4  beep.o(.data)
    beep_stat                                0x10002200   Data           4  beep.o(.data)
    bOUT_FREE                                0x10002204   Data           1  full_can.o(.data)
    bOUT_FREE2                               0x10002205   Data           1  full_can.o(.data)
    can_reset_cnt                            0x10002206   Data           1  full_can.o(.data)
    ptr_can1_tx_wr                           0x10002207   Data           1  full_can.o(.data)
    ptr_can1_tx_rd                           0x10002208   Data           1  full_can.o(.data)
    ptr_can2_tx_wr                           0x10002209   Data           1  full_can.o(.data)
    ptr_can2_tx_rd                           0x1000220a   Data           1  full_can.o(.data)
    bR                                       0x1000220b   Data           1  full_can.o(.data)
    bIN                                      0x1000220c   Data           1  full_can.o(.data)
    bIN2                                     0x1000220d   Data           1  full_can.o(.data)
    TX_len                                   0x1000220e   Data           1  full_can.o(.data)
    can_tx_cnt                               0x1000220f   Data           1  full_can.o(.data)
    cnt_can_pal                              0x10002210   Data           1  full_can.o(.data)
    plazma_can_pal_index                     0x10002211   Data           1  full_can.o(.data)
    plazma_can                               0x10002212   Data           1  full_can.o(.data)
    plazma_can1                              0x10002213   Data           1  full_can.o(.data)
    plazma_can2                              0x10002214   Data           1  full_can.o(.data)
    plazma_can3                              0x10002215   Data           1  full_can.o(.data)
    plazma_can4                              0x10002216   Data           1  full_can.o(.data)
    gCANFilter                               0x10002218   Data           2  full_can.o(.data)
    can2_tx_cnt                              0x1000221a   Data           2  full_can.o(.data)
    CANStatus                                0x1000221c   Data           4  full_can.o(.data)
    UART0TxEmpty                             0x10002220   Data           1  uart0.o(.data)
    bRXIN0                                   0x10002221   Data           1  uart0.o(.data)
    rx_buffer_overflow0                      0x10002222   Data           1  uart0.o(.data)
    plazma_uart0                             0x10002223   Data           1  uart0.o(.data)
    rx_wr_index0                             0x10002224   Data           2  uart0.o(.data)
    rx_rd_index0                             0x10002226   Data           2  uart0.o(.data)
    rx_counter0                              0x10002228   Data           2  uart0.o(.data)
    tx_wr_index0                             0x1000222a   Data           2  uart0.o(.data)
    tx_rd_index0                             0x1000222c   Data           2  uart0.o(.data)
    tx_counter0                              0x1000222e   Data           2  uart0.o(.data)
    UART0Status                              0x10002230   Data           4  uart0.o(.data)
    modbus_timeout_cnt                       0x10002234   Data           1  modbus.o(.data)
    Mem_Pool                                 0x1000225c   Data       16384  net_config_http.o(.bss)
    tcp_socket                               0x1000625c   Data         352  net_config_http.o(.bss)
    http_session                             0x100063bc   Data         288  net_config_http.o(.bss)
    adc_buff                                 0x100064dc   Data        1024  control.o(.bss)
    adc_buff_                                0x100068dc   Data          32  control.o(.bss)
    main_power_buffer                        0x100068fc   Data          32  control.o(.bss)
    b_ind                                    0x1000691c   Data          50  main.o(.bss)
    ad7705_buff                              0x1000694e   Data          64  ad7705.o(.bss)
    can1_info                                0x10006990   Data          32  full_can.o(.bss)
    can1_id                                  0x100069b0   Data          32  full_can.o(.bss)
    can1_data                                0x100069d0   Data          32  full_can.o(.bss)
    can1_datb                                0x100069f0   Data          32  full_can.o(.bss)
    can2_info                                0x10006a10   Data          32  full_can.o(.bss)
    can2_id                                  0x10006a30   Data          32  full_can.o(.bss)
    can2_data                                0x10006a50   Data          32  full_can.o(.bss)
    can2_datb                                0x10006a70   Data          32  full_can.o(.bss)
    rotor_can                                0x10006a90   Data          12  full_can.o(.bss)
    gFullCANList                             0x10006a9c   Data          24  full_can.o(.bss)
    RXBUFF                                   0x10006ab4   Data          40  full_can.o(.bss)
    TXBUFF                                   0x10006adc   Data          40  full_can.o(.bss)
    can_rotor                                0x10006b04   Data          10  full_can.o(.bss)
    can_debug_plazma                         0x10006b0e   Data          20  full_can.o(.bss)
    plazma_can_pal                           0x10006b22   Data          20  full_can.o(.bss)
    ccc_plazma                               0x10006b36   Data          20  full_can.o(.bss)
    UIB0                                     0x10006b4a   Data         100  uart0.o(.bss)
    rx_buffer0                               0x10006bae   Data        1024  uart0.o(.bss)
    tx_buffer0                               0x10006fae   Data        1024  uart0.o(.bss)
    modbus_rx_buffer                         0x100073ae   Data          30  modbus.o(.bss)
    modbus_an_buffer                         0x100073cc   Data          30  modbus.o(.bss)
    __initial_sp                             0x10007c70   Data           0  startup_lpc17xx.o(STACK)
    own_hw_adr                               0x2007c000   Data           6  net_config_http.o(.data)
    snmp_PortNum                             0x2007c006   Data           2  net_config_http.o(.data)
    vent_stat                                0x2007c008   Data           1  control.o(.data)
    adc_self_ch_cnt                          0x2007c009   Data           1  control.o(.data)
    adc_ch_net                               0x2007c00a   Data           1  control.o(.data)
    adc_ch                                   0x2007c00b   Data           1  control.o(.data)
    adc_ch_cnt                               0x2007c00c   Data           1  control.o(.data)
    adc_window_flag                          0x2007c00d   Data           1  control.o(.data)
    unh_cnt0                                 0x2007c00e   Data           1  control.o(.data)
    unh_cnt1                                 0x2007c00f   Data           1  control.o(.data)
    b1Hz_unh                                 0x2007c010   Data           1  control.o(.data)
    ch_cnt0                                  0x2007c011   Data           1  control.o(.data)
    b1Hz_ch                                  0x2007c012   Data           1  control.o(.data)
    i                                        0x2007c013   Data           1  control.o(.data)
    iiii                                     0x2007c014   Data           1  control.o(.data)
    bAVG                                     0x2007c015   Data           1  control.o(.data)
    avg_num                                  0x2007c016   Data           1  control.o(.data)
    kb_full_ver                              0x2007c017   Data           1  control.o(.data)
    kb_start_ips                             0x2007c018   Data           1  control.o(.data)
    num_of_wrks_bps                          0x2007c019   Data           1  control.o(.data)
    num_necc_up                              0x2007c01a   Data           1  control.o(.data)
    num_necc_down                            0x2007c01b   Data           1  control.o(.data)
    sh_cnt0                                  0x2007c01c   Data           1  control.o(.data)
    b1Hz_sh                                  0x2007c01d   Data           1  control.o(.data)
    spc_stat                                 0x2007c01e   Data           1  control.o(.data)
    spc_bat                                  0x2007c01f   Data           1  control.o(.data)
    spc_phase                                0x2007c020   Data           1  control.o(.data)
    bAVZ                                     0x2007c021   Data           1  control.o(.data)
    ke_start_stat                            0x2007c022   Data           1  control.o(.data)
    cntrl_stat                               0x2007c024   Data           2  control.o(.data)
    cntrl_stat_old                           0x2007c026   Data           2  control.o(.data)
    avg_main_cnt                             0x2007c028   Data           2  control.o(.data)
    net_buff_                                0x2007c030   Data           2  control.o(.data)
    adc_result                               0x2007c032   Data           2  control.o(.data)
    adc_gorb_cnt                             0x2007c034   Data           2  control.o(.data)
    adc_zero_cnt                             0x2007c036   Data           2  control.o(.data)
    adc_window_cnt                           0x2007c038   Data           2  control.o(.data)
    adc_net_buff_cnt                         0x2007c03a   Data           2  control.o(.data)
    plazma_sk                                0x2007c03c   Data           2  control.o(.data)
    cntrl_stat_new                           0x2007c03e   Data           2  control.o(.data)
    Ibmax                                    0x2007c040   Data           2  control.o(.data)
    IZMAX_                                   0x2007c042   Data           2  control.o(.data)
    samokalibr_cnt                           0x2007c044   Data           2  control.o(.data)
    main_kb_cnt                              0x2007c046   Data           2  control.o(.data)
    kb_cnt_1lev                              0x2007c048   Data           2  control.o(.data)
    kb_cnt_2lev                              0x2007c04a   Data           2  control.o(.data)
    kb_start                                 0x2007c04c   Data           2  control.o(.data)
    bps_on_mask                              0x2007c04e   Data           2  control.o(.data)
    bps_off_mask                             0x2007c050   Data           2  control.o(.data)
    vz_cnt_s                                 0x2007c052   Data           2  control.o(.data)
    vz_cnt_s_                                0x2007c054   Data           2  control.o(.data)
    vz_cnt_h                                 0x2007c056   Data           2  control.o(.data)
    vz_cnt_h_                                0x2007c058   Data           2  control.o(.data)
    cnt_end_ke                               0x2007c05a   Data           2  control.o(.data)
    __ee_vz_cnt                              0x2007c05c   Data           2  control.o(.data)
    __ee_spc_stat                            0x2007c05e   Data           2  control.o(.data)
    __ee_spc_bat                             0x2007c060   Data           2  control.o(.data)
    __ee_spc_phase                           0x2007c062   Data           2  control.o(.data)
    cntrl_stat_blok_cnt                      0x2007c064   Data           2  control.o(.data)
    cntrl_stat_blok_cnt_                     0x2007c066   Data           2  control.o(.data)
    i_avg_max                                0x2007c070   Data           4  control.o(.data)
    i_avg_min                                0x2007c074   Data           4  control.o(.data)
    i_avg_summ                               0x2007c078   Data           4  control.o(.data)
    i_avg                                    0x2007c07c   Data           4  control.o(.data)
    avg                                      0x2007c080   Data           4  control.o(.data)
    cntrl_stat_blok_cnt_plus                 0x2007c084   Data           4  control.o(.data)
    cntrl_stat_blok_cnt_minus                0x2007c088   Data           4  control.o(.data)
    net_metr_buff_                           0x2007c08c   Data           6  control.o(.data)
    adc_self_ch_buff                         0x2007c092   Data           6  control.o(.data)
    adc_self_ch_disp                         0x2007c098   Data           6  control.o(.data)
    ke_date                                  0x2007c0a0   Data           8  control.o(.data)
    rele_stat                                0x2007c0a8   Data           1  control.o(.data)
    cnt_of_slave                             0x2007c0ac   Data           1  main.o(.data)
    bLAKB_KONF_CH                            0x2007c0ad   Data           1  main.o(.data)
    bLAKB_KONF_CH_old                        0x2007c0ae   Data           1  main.o(.data)
    first_inv_slot                           0x2007c0af   Data           1  main.o(.data)
    mnemo_cnt                                0x2007c0b0   Data           1  main.o(.data)
    bRESET                                   0x2007c0b1   Data           1  main.o(.data)
    bRESET_EXT                               0x2007c0b2   Data           1  main.o(.data)
    tbatdisable_cmnd                         0x2007c0b3   Data           1  main.o(.data)
    tloaddisable_cmnd                        0x2007c0b4   Data           1  main.o(.data)
    ips_bat_av_stat                          0x2007c0b5   Data           1  main.o(.data)
    b10000Hz                                 0x2007c0c2   Data           1  main.o(.data)
    b1000Hz                                  0x2007c0c3   Data           1  main.o(.data)
    b2000Hz                                  0x2007c0c4   Data           1  main.o(.data)
    b100Hz                                   0x2007c0c5   Data           1  main.o(.data)
    b50Hz                                    0x2007c0c6   Data           1  main.o(.data)
    b10Hz                                    0x2007c0c7   Data           1  main.o(.data)
    b5Hz                                     0x2007c0c8   Data           1  main.o(.data)
    b2Hz                                     0x2007c0c9   Data           1  main.o(.data)
    b1Hz                                     0x2007c0ca   Data           1  main.o(.data)
    b1min                                    0x2007c0cb   Data           1  main.o(.data)
    bFL5                                     0x2007c0cc   Data           1  main.o(.data)
    bFL2                                     0x2007c0cd   Data           1  main.o(.data)
    bFL                                      0x2007c0ce   Data           1  main.o(.data)
    bFL_                                     0x2007c0cf   Data           1  main.o(.data)
    bTPS                                     0x2007c0d0   Data           1  main.o(.data)
    RELEVENTSIGN                             0x2007c0d1   Data           1  main.o(.data)
    NPN_OUT                                  0x2007c0d2   Data           1  main.o(.data)
    NPN_SIGN                                 0x2007c0d3   Data           1  main.o(.data)
    APV_ON1                                  0x2007c0d4   Data           1  main.o(.data)
    APV_ON2                                  0x2007c0d5   Data           1  main.o(.data)
    AVZ                                      0x2007c0d6   Data           1  main.o(.data)
    MNEMO_ON                                 0x2007c0d7   Data           1  main.o(.data)
    bLAKB_KONF_CH_EN                         0x2007c0d8   Data           1  main.o(.data)
    phase                                    0x2007c0d9   Data           1  main.o(.data)
    simax                                    0x2007c0da   Data           1  main.o(.data)
    bFF                                      0x2007c0db   Data           1  main.o(.data)
    bFF_                                     0x2007c0dc   Data           1  main.o(.data)
    net_av                                   0x2007c0dd   Data           1  main.o(.data)
    but                                      0x2007c0de   Data           1  main.o(.data)
    but0_cnt                                 0x2007c0df   Data           1  main.o(.data)
    but1_cnt                                 0x2007c0e0   Data           1  main.o(.data)
    but_onL_temp                             0x2007c0e1   Data           1  main.o(.data)
    cnt_net_drv                              0x2007c0e2   Data           1  main.o(.data)
    speed                                    0x2007c0e3   Data           1  main.o(.data)
    l_but                                    0x2007c0e4   Data           1  main.o(.data)
    n_but                                    0x2007c0e5   Data           1  main.o(.data)
    default_temp                             0x2007c0e6   Data           1  main.o(.data)
    plazma_plazma_plazma                     0x2007c0e7   Data           1  main.o(.data)
    ext_can_cnt                              0x2007c0e8   Data           1  main.o(.data)
    t_ext_can_nd                             0x2007c0e9   Data           1  main.o(.data)
    bCAN_OFF                                 0x2007c0ea   Data           1  main.o(.data)
    max_net_slot                             0x2007c0eb   Data           1  main.o(.data)
    bCAN_INV                                 0x2007c0ec   Data           1  main.o(.data)
    main_10Hz_cnt                            0x2007c0ee   Data           2  main.o(.data)
    main_1Hz_cnt                             0x2007c0f0   Data           2  main.o(.data)
    ind_pointer                              0x2007c0f2   Data           2  main.o(.data)
    t0cnt                                    0x2007c0f4   Data           2  main.o(.data)
    t0cnt0                                   0x2007c0f6   Data           2  main.o(.data)
    t0cnt1                                   0x2007c0f8   Data           2  main.o(.data)
    t0cnt2                                   0x2007c0fa   Data           2  main.o(.data)
    t0cnt3                                   0x2007c0fc   Data           2  main.o(.data)
    t0cnt4                                   0x2007c0fe   Data           2  main.o(.data)
    t0cnt5                                   0x2007c100   Data           2  main.o(.data)
    UMAX                                     0x2007c102   Data           2  main.o(.data)
    UB0                                      0x2007c104   Data           2  main.o(.data)
    UB20                                     0x2007c106   Data           2  main.o(.data)
    TMAX                                     0x2007c108   Data           2  main.o(.data)
    TSIGN                                    0x2007c10a   Data           2  main.o(.data)
    AV_OFF_AVT                               0x2007c10c   Data           2  main.o(.data)
    USIGN                                    0x2007c10e   Data           2  main.o(.data)
    UMN                                      0x2007c110   Data           2  main.o(.data)
    ZV_ON                                    0x2007c112   Data           2  main.o(.data)
    IKB                                      0x2007c114   Data           2  main.o(.data)
    UVZ                                      0x2007c116   Data           2  main.o(.data)
    IMAX                                     0x2007c118   Data           2  main.o(.data)
    IMIN                                     0x2007c11a   Data           2  main.o(.data)
    IZMAX                                    0x2007c11c   Data           2  main.o(.data)
    U0B                                      0x2007c11e   Data           2  main.o(.data)
    TZAS                                     0x2007c120   Data           2  main.o(.data)
    VZ_HR                                    0x2007c122   Data           2  main.o(.data)
    TBAT                                     0x2007c124   Data           2  main.o(.data)
    U_AVT                                    0x2007c126   Data           2  main.o(.data)
    DU                                       0x2007c128   Data           2  main.o(.data)
    PAR                                      0x2007c12a   Data           2  main.o(.data)
    TBATMAX                                  0x2007c12c   Data           2  main.o(.data)
    TBATSIGN                                 0x2007c12e   Data           2  main.o(.data)
    UBM_AV                                   0x2007c130   Data           2  main.o(.data)
    RELE_LOG                                 0x2007c132   Data           2  main.o(.data)
    TBOXMAX                                  0x2007c134   Data           2  main.o(.data)
    TBOXREG                                  0x2007c136   Data           2  main.o(.data)
    TBOXVENTMAX                              0x2007c138   Data           2  main.o(.data)
    TLOADDISABLE                             0x2007c13a   Data           2  main.o(.data)
    TLOADENABLE                              0x2007c13c   Data           2  main.o(.data)
    TBATDISABLE                              0x2007c13e   Data           2  main.o(.data)
    TBATENABLE                               0x2007c140   Data           2  main.o(.data)
    TVENTON                                  0x2007c142   Data           2  main.o(.data)
    TVENTOFF                                 0x2007c144   Data           2  main.o(.data)
    TZNPN                                    0x2007c146   Data           2  main.o(.data)
    UONPN                                    0x2007c148   Data           2  main.o(.data)
    UVNPN                                    0x2007c14a   Data           2  main.o(.data)
    TERMOKOMPENS                             0x2007c14c   Data           2  main.o(.data)
    TBOXWARMON                               0x2007c14e   Data           2  main.o(.data)
    TBOXWARMOFF                              0x2007c150   Data           2  main.o(.data)
    BAT_TYPE                                 0x2007c152   Data           2  main.o(.data)
    NUMBAT                                   0x2007c154   Data           2  main.o(.data)
    NUMIST                                   0x2007c156   Data           2  main.o(.data)
    NUMINV                                   0x2007c158   Data           2  main.o(.data)
    NUMDT                                    0x2007c15a   Data           2  main.o(.data)
    NUMSK                                    0x2007c15c   Data           2  main.o(.data)
    NUMEXT                                   0x2007c15e   Data           2  main.o(.data)
    NUMAVT                                   0x2007c160   Data           2  main.o(.data)
    NUMMAKB                                  0x2007c162   Data           2  main.o(.data)
    NUMBYPASS                                0x2007c164   Data           2  main.o(.data)
    NUMLBAT                                  0x2007c166   Data           2  main.o(.data)
    APV_ON2_TIME                             0x2007c168   Data           2  main.o(.data)
    BAT_IS_ON                                0x2007c16a   Data           2  main.o(.data)
    AUSW_MAIN                                0x2007c16c   Data           2  main.o(.data)
    HOUR_AVZ                                 0x2007c16e   Data           2  main.o(.data)
    MIN_AVZ                                  0x2007c170   Data           2  main.o(.data)
    SEC_AVZ                                  0x2007c172   Data           2  main.o(.data)
    DATE_AVZ                                 0x2007c174   Data           2  main.o(.data)
    MONTH_AVZ                                0x2007c176   Data           2  main.o(.data)
    YEAR_AVZ                                 0x2007c178   Data           2  main.o(.data)
    AVZ_TIME                                 0x2007c17a   Data           2  main.o(.data)
    MNEMO_TIME                               0x2007c17c   Data           2  main.o(.data)
    POWER_CNT_ADRESS                         0x2007c17e   Data           2  main.o(.data)
    ETH_IS_ON                                0x2007c180   Data           2  main.o(.data)
    ETH_DHCP_ON                              0x2007c182   Data           2  main.o(.data)
    ETH_IP_1                                 0x2007c184   Data           2  main.o(.data)
    ETH_IP_2                                 0x2007c186   Data           2  main.o(.data)
    ETH_IP_3                                 0x2007c188   Data           2  main.o(.data)
    ETH_IP_4                                 0x2007c18a   Data           2  main.o(.data)
    ETH_MASK_1                               0x2007c18c   Data           2  main.o(.data)
    ETH_MASK_2                               0x2007c18e   Data           2  main.o(.data)
    ETH_MASK_3                               0x2007c190   Data           2  main.o(.data)
    ETH_MASK_4                               0x2007c192   Data           2  main.o(.data)
    ETH_TRAP1_IP_1                           0x2007c194   Data           2  main.o(.data)
    ETH_TRAP1_IP_2                           0x2007c196   Data           2  main.o(.data)
    ETH_TRAP1_IP_3                           0x2007c198   Data           2  main.o(.data)
    ETH_TRAP1_IP_4                           0x2007c19a   Data           2  main.o(.data)
    ETH_TRAP2_IP_1                           0x2007c19c   Data           2  main.o(.data)
    ETH_TRAP2_IP_2                           0x2007c19e   Data           2  main.o(.data)
    ETH_TRAP2_IP_3                           0x2007c1a0   Data           2  main.o(.data)
    ETH_TRAP2_IP_4                           0x2007c1a2   Data           2  main.o(.data)
    ETH_TRAP3_IP_1                           0x2007c1a4   Data           2  main.o(.data)
    ETH_TRAP3_IP_2                           0x2007c1a6   Data           2  main.o(.data)
    ETH_TRAP3_IP_3                           0x2007c1a8   Data           2  main.o(.data)
    ETH_TRAP3_IP_4                           0x2007c1aa   Data           2  main.o(.data)
    ETH_TRAP4_IP_1                           0x2007c1ac   Data           2  main.o(.data)
    ETH_TRAP4_IP_2                           0x2007c1ae   Data           2  main.o(.data)
    ETH_TRAP4_IP_3                           0x2007c1b0   Data           2  main.o(.data)
    ETH_TRAP4_IP_4                           0x2007c1b2   Data           2  main.o(.data)
    ETH_TRAP5_IP_1                           0x2007c1b4   Data           2  main.o(.data)
    ETH_TRAP5_IP_2                           0x2007c1b6   Data           2  main.o(.data)
    ETH_TRAP5_IP_3                           0x2007c1b8   Data           2  main.o(.data)
    ETH_TRAP5_IP_4                           0x2007c1ba   Data           2  main.o(.data)
    ETH_SNMP_PORT_READ                       0x2007c1bc   Data           2  main.o(.data)
    ETH_SNMP_PORT_WRITE                      0x2007c1be   Data           2  main.o(.data)
    ETH_GW_1                                 0x2007c1c0   Data           2  main.o(.data)
    ETH_GW_2                                 0x2007c1c2   Data           2  main.o(.data)
    ETH_GW_3                                 0x2007c1c4   Data           2  main.o(.data)
    ETH_GW_4                                 0x2007c1c6   Data           2  main.o(.data)
    RELE_VENT_LOGIC                          0x2007c1c8   Data           2  main.o(.data)
    MODBUS_ADRESS                            0x2007c1ca   Data           2  main.o(.data)
    MODBUS_BAUDRATE                          0x2007c1cc   Data           2  main.o(.data)
    BAT_LINK                                 0x2007c1ce   Data           2  main.o(.data)
    bat_u_old_cnt                            0x2007c1d0   Data           2  main.o(.data)
    Ib_ips_termokompensat                    0x2007c1d2   Data           2  main.o(.data)
    lakb_mn_ind_cnt                          0x2007c1d4   Data           2  main.o(.data)
    LBAT_STRUKT                              0x2007c1d6   Data           2  main.o(.data)
    load_U                                   0x2007c1d8   Data           2  main.o(.data)
    load_I                                   0x2007c1da   Data           2  main.o(.data)
    av_j_si_max                              0x2007c1dc   Data           2  main.o(.data)
    net_U                                    0x2007c1de   Data           2  main.o(.data)
    net_Ua                                   0x2007c1e0   Data           2  main.o(.data)
    net_Ub                                   0x2007c1e2   Data           2  main.o(.data)
    net_Uc                                   0x2007c1e4   Data           2  main.o(.data)
    net_F                                    0x2007c1e6   Data           2  main.o(.data)
    hz_out                                   0x2007c1e8   Data           2  main.o(.data)
    hz_out_cnt                               0x2007c1ea   Data           2  main.o(.data)
    t_box                                    0x2007c1ec   Data           2  main.o(.data)
    u_necc                                   0x2007c1ee   Data           2  main.o(.data)
    av_beep                                  0x2007c1f0   Data           2  main.o(.data)
    av_rele                                  0x2007c1f2   Data           2  main.o(.data)
    Uvv0                                     0x2007c1f4   Data           2  main.o(.data)
    pos_vent                                 0x2007c1f6   Data           2  main.o(.data)
    t_ext_can                                0x2007c1f8   Data           2  main.o(.data)
    power_current                            0x2007c1fa   Data           2  main.o(.data)
    main_vent_pos                            0x2007c1fc   Data           2  main.o(.data)
    plazma_but_an                            0x2007c1fe   Data           2  main.o(.data)
    bIBAT_SMKLBR                             0x2007c200   Data           2  main.o(.data)
    bat_drv_rx_cnt                           0x2007c202   Data           2  main.o(.data)
    plazma_bat_drv0                          0x2007c204   Data           2  main.o(.data)
    plazma_bat_drv1                          0x2007c206   Data           2  main.o(.data)
    bat_drv_cnt_cnt                          0x2007c208   Data           2  main.o(.data)
    parol                                    0x2007c20a   Data           3  main.o(.data)
    sk_stat                                  0x2007c20d   Data           4  main.o(.data)
    sk_av_stat                               0x2007c211   Data           4  main.o(.data)
    tick                                     0x2007c218   Data           4  main.o(.data)
    BAT_DAY_OF_ON                            0x2007c21c   Data           4  main.o(.data)
    BAT_MONTH_OF_ON                          0x2007c220   Data           4  main.o(.data)
    BAT_YEAR_OF_ON                           0x2007c224   Data           4  main.o(.data)
    BAT_C_NOM                                0x2007c228   Data           4  main.o(.data)
    BAT_RESURS                               0x2007c22c   Data           4  main.o(.data)
    BAT_C_REAL                               0x2007c230   Data           4  main.o(.data)
    AUSW_MAIN_NUMBER                         0x2007c234   Data           4  main.o(.data)
    bSILENT                                  0x2007c238   Data           4  main.o(.data)
    but_n                                    0x2007c23c   Data           4  main.o(.data)
    but_s                                    0x2007c240   Data           4  main.o(.data)
    power_summary                            0x2007c244   Data           4  main.o(.data)
    a_ind                                    0x2007c248   Data           5  main.o(.data)
    c_ind                                    0x2007c24d   Data           5  main.o(.data)
    TMAX_EXT_EN                              0x2007c252   Data           6  main.o(.data)
    TMAX_EXT                                 0x2007c258   Data           6  main.o(.data)
    TMIN_EXT_EN                              0x2007c25e   Data           6  main.o(.data)
    TMIN_EXT                                 0x2007c264   Data           6  main.o(.data)
    T_EXT_REL_EN                             0x2007c26a   Data           6  main.o(.data)
    T_EXT_ZVUK_EN                            0x2007c270   Data           6  main.o(.data)
    T_EXT_LCD_EN                             0x2007c276   Data           6  main.o(.data)
    T_EXT_RS_EN                              0x2007c27c   Data           6  main.o(.data)
    t_ext                                    0x2007c282   Data           6  main.o(.data)
    adc_buff_ext_                            0x2007c288   Data           6  main.o(.data)
    Uvv                                      0x2007c28e   Data           6  main.o(.data)
    Uvv_eb2                                  0x2007c294   Data           6  main.o(.data)
    Upes_eb2                                 0x2007c29a   Data           6  main.o(.data)
    lakb_ison_mass                           0x2007c2a0   Data           7  main.o(.data)
    SK_SIGN                                  0x2007c2a8   Data           8  main.o(.data)
    SK_REL_EN                                0x2007c2b0   Data           8  main.o(.data)
    SK_ZVUK_EN                               0x2007c2b8   Data           8  main.o(.data)
    SK_LCD_EN                                0x2007c2c0   Data           8  main.o(.data)
    SK_RS_EN                                 0x2007c2c8   Data           8  main.o(.data)
    lcd_buffer                               0x2007c2d0   Data         300  main.o(.data)
    mixer_vent_stat                          0x2007c3fc   Data           1  main.o(.data)
    tloaddisable_stat                        0x2007c3fd   Data           1  main.o(.data)
    npn_stat                                 0x2007c3fe   Data           1  main.o(.data)
    Kibat0                                   0x2007c400   Data           4  main.o(.data)
    Ktbat                                    0x2007c404   Data           4  main.o(.data)
    Kunet                                    0x2007c408   Data           2  main.o(.data)
    Ktext                                    0x2007c40a   Data           6  main.o(.data)
    KunetA                                   0x2007c410   Data           2  main.o(.data)
    KunetC                                   0x2007c412   Data           2  main.o(.data)
    APV_ON                                   0x2007c414   Data           2  main.o(.data)
    TWARMOFF                                 0x2007c416   Data           2  main.o(.data)
    TBOXVENTOFF                              0x2007c418   Data           2  main.o(.data)
    AUSW_MONTH                               0x2007c41a   Data           2  main.o(.data)
    AUSW_UKU                                 0x2007c41c   Data           2  main.o(.data)
    AUSW_BPS1_NUMBER                         0x2007c420   Data           4  main.o(.data)
    AUSW_RS232                               0x2007c424   Data           2  main.o(.data)
    AUSW_SDH                                 0x2007c426   Data           2  main.o(.data)
    dig                                      0x2007c428   Data           5  main.o(.data)
    zero_on                                  0x2007c42d   Data           1  main.o(.data)
    net_Ustore                               0x2007c42e   Data           2  main.o(.data)
    sk_cnt                                   0x2007c430   Data           4  main.o(.data)
    sk_av_stat_old                           0x2007c434   Data           4  main.o(.data)
    u_necc_dn                                0x2007c438   Data           2  main.o(.data)
    Isumm                                    0x2007c43a   Data           2  main.o(.data)
    sign_U                                   0x2007c43c   Data           2  main.o(.data)
    superviser_cnt                           0x2007c43e   Data           1  main.o(.data)
    vvod_pos                                 0x2007c440   Data           2  main.o(.data)
    Kpes_eb2                                 0x2007c442   Data           6  main.o(.data)
    tbatdisable_cnt                          0x2007c448   Data           2  main.o(.data)
    npn_tz_cnt                               0x2007c44a   Data           2  main.o(.data)
    plazma_can_inv                           0x2007c44c   Data           3  main.o(.data)
    snmp_mains_power_status                  0x2007c450   Data           2  snmp_data_file.o(.data)
    snmp_inv_voltage                         0x2007c452   Data           6  snmp_data_file.o(.data)
    snmp_inv_temperature                     0x2007c458   Data           6  snmp_data_file.o(.data)
    snmp_makb_number                         0x2007c45e   Data           8  snmp_data_file.o(.data)
    snmp_dt_number                           0x2007c466   Data           3  snmp_data_file.o(.data)
    snmp_mib                                 0x2007c46c   Data       11568  snmp_mib.o(.data)
    SystemFrequency                          0x2007f19c   Data           4  system_lpc17xx.o(.data)
    b7705ch                                  0x2007f1a0   Data           1  ad7705.o(.data)
    ad7705_wrk_cnt                           0x2007f1a1   Data           1  ad7705.o(.data)
    ad7705_res1                              0x2007f1a2   Data           2  ad7705.o(.data)
    ad7705_res2                              0x2007f1a4   Data           2  ad7705.o(.data)
    ad7705_res                               0x2007f1a6   Data           2  ad7705.o(.data)
    ad7705_plazma                            0x2007f1a8   Data           2  ad7705.o(.data)
    ad7705_buff_                             0x2007f1aa   Data           4  ad7705.o(.data)
    bMODBUS_TIMEOUT                          0x2007f1ae   Data           1  modbus.o(.data)
    modbus_rx_buffer_ptr                     0x2007f1af   Data           1  modbus.o(.data)
    modbus_rx_counter                        0x2007f1b0   Data           1  modbus.o(.data)
    modbus_plazma                            0x2007f1b2   Data           2  modbus.o(.data)
    modbus_plazma1                           0x2007f1b4   Data           2  modbus.o(.data)
    modbus_plazma2                           0x2007f1b6   Data           2  modbus.o(.data)
    modbus_plazma3                           0x2007f1b8   Data           2  modbus.o(.data)
    iap_entry                                0x2007f1c0   Data           4  emac_lpc17xx.o(.data)
    snmp_SysUpTime                           0x2007f1c8   Data           4  at_snmp.o(.data)
    sys_tick                                 0x2007f1cc   Data           1  at_system.o(.data)
    sec_tick                                 0x2007f1cd   Data           1  at_system.o(.data)
    timer_cnt                                0x2007f1d0   Data           2  at_system.o(.data)
    http_auth_passw                          0x2007f1d8   Data          20  net_config_http.o(.bss)
    arp_table                                0x2007f1ec   Data         140  net_config_http.o(.bss)
    udp_socket                               0x2007f278   Data          60  net_config_http.o(.bss)
    mess                                     0x2007f2b4   Data          10  mess.o(.bss)
    mess_old                                 0x2007f2be   Data          10  mess.o(.bss)
    mess_cnt                                 0x2007f2c8   Data          10  mess.o(.bss)
    mess_par0                                0x2007f2d4   Data          40  mess.o(.bss)
    mess_par1                                0x2007f2fc   Data          40  mess.o(.bss)
    bat                                      0x2007f324   Data         152  main.o(.bss)
    makb                                     0x2007f3bc   Data         168  main.o(.bss)
    lakb                                     0x2007f464   Data         294  main.o(.bss)
    bps                                      0x2007f58c   Data        3360  main.o(.bss)
    byps                                     0x200802ac   Data          14  main.o(.bss)
    lcd_bitmap                               0x200802ba   Data        1024  main.o(.bss)
    ND_EXT                                   0x200806bc   Data          12  main.o(.bss)
    tst_state                                0x200806c8   Data          15  main.o(.bss)
    content                                  0x200806d7   Data          63  main.o(.bss)
    ibt                                      0x20080716   Data          30  main.o(.bss)
    avt_stat                                 0x20080734   Data          12  main.o(.bss)
    bat_drv_rx_buff                          0x20080740   Data         512  main.o(.bss)
    lakb_damp                                0x20080940   Data         420  main.o(.bss)
    eb2_data                                 0x20080ae4   Data          30  main.o(.bss)
    eb2_data_short                           0x20080b02   Data          20  main.o(.bss)
    avt_stat_old                             0x20080b16   Data          12  main.o(.bss)
    snmp_community                           0x20080b22   Data          10  snmp_data_file.o(.bss)
    snmp_location                            0x20080b2c   Data         100  snmp_data_file.o(.bss)
    snmp_bps_number                          0x20080b90   Data          16  snmp_data_file.o(.bss)
    snmp_bps_voltage                         0x20080ba0   Data          16  snmp_data_file.o(.bss)
    snmp_bps_current                         0x20080bb0   Data          16  snmp_data_file.o(.bss)
    snmp_bps_temperature                     0x20080bc0   Data          16  snmp_data_file.o(.bss)
    snmp_bps_stat                            0x20080bd0   Data          16  snmp_data_file.o(.bss)
    snmp_spc_trap_message                    0x20080be0   Data         100  snmp_data_file.o(.bss)
    snmp_avt_number                          0x20080c44   Data          12  snmp_data_file.o(.bss)
    snmp_avt_stat                            0x20080c50   Data          12  snmp_data_file.o(.bss)
    snmp_sk_name                             0x20080c5c   Data          80  snmp_data_file.o(.bss)
    snmp_lakb_number                         0x20080cac   Data          14  snmp_data_file.o(.bss)
    snmp_lakb_voltage                        0x20080cba   Data          14  snmp_data_file.o(.bss)
    snmp_lakb_max_cell_voltage               0x20080cc8   Data          14  snmp_data_file.o(.bss)
    snmp_lakb_min_cell_voltage               0x20080cd6   Data          14  snmp_data_file.o(.bss)
    snmp_lakb_max_cell_temperature           0x20080ce4   Data          14  snmp_data_file.o(.bss)
    snmp_lakb_min_cell_temperature           0x20080cf2   Data          14  snmp_data_file.o(.bss)
    snmp_lakb_ch_curr                        0x20080d00   Data          14  snmp_data_file.o(.bss)
    snmp_lakb_dsch_curr                      0x20080d0e   Data          14  snmp_data_file.o(.bss)
    snmp_lakb_rat_cap                        0x20080d1c   Data          14  snmp_data_file.o(.bss)
    snmp_lakb_soh                            0x20080d2a   Data          14  snmp_data_file.o(.bss)
    snmp_lakb_soc                            0x20080d38   Data          14  snmp_data_file.o(.bss)
    snmp_lakb_cclv                           0x20080d46   Data          14  snmp_data_file.o(.bss)
    snmp_lakb_rbt                            0x20080d54   Data          14  snmp_data_file.o(.bss)
    snmp_lakb_flags1                         0x20080d62   Data          14  snmp_data_file.o(.bss)
    snmp_lakb_flags2                         0x20080d70   Data          14  snmp_data_file.o(.bss)
    snmp_lakb_damp1                          0x20080d7e   Data        1050  snmp_data_file.o(.bss)
    obj                                      0x20081198   Data          20  snmp_data_file.o(.bss)
    localm                                   0x20083c30   Data          60  at_system.o(.bss)



==============================================================================

Memory Map of the image

  Image Entry point : 0x000000cd

  Load Region LR_IROM1 (Base: 0x00000000, Size: 0x0002ffe4, Max: 0x00080000, ABSOLUTE, COMPRESSED[0x0002b9b4])

    Execution Region ER_IROM1 (Base: 0x00000000, Size: 0x0002abb0, Max: 0x00080000, ABSOLUTE)

    Base Addr    Size         Type   Attr      Idx    E Section Name        Object

    0x00000000   0x000000cc   Data   RO            3    RESET               startup_lpc17xx.o
    0x000000cc   0x00000000   Code   RO         1442  * .ARM.Collect$$$$00000000  mc_w.l(entry.o)
    0x000000cc   0x00000004   Code   RO         1718    .ARM.Collect$$$$00000001  mc_w.l(entry2.o)
    0x000000d0   0x00000004   Code   RO         1721    .ARM.Collect$$$$00000004  mc_w.l(entry5.o)
    0x000000d4   0x00000008   Code   RO         1722    .ARM.Collect$$$$00000007  mc_w.l(entry7.o)
    0x000000dc   0x00000004   Code   RO         1719    .ARM.Collect$$$$00002712  mc_w.l(entry2.o)
    0x000000e0   0x0000001c   Code   RO            5    .text               startup_lpc17xx.o
    0x000000fc   0x0000004c   Code   RO           13    .text               net_config_http.o
    0x00000148   0x000000e8   Code   RO          229    .text               mess.o
    0x00000230   0x00000038   Code   RO          245    .text               ret.o
    0x00000268   0x00000058   Code   RO          275    .text               gran.o
    0x000002c0   0x00000010   Code   RO         1449    .text               mc_w.l(strlen.o)
    0x000002d0   0x0000001c   Code   RO         1451    .text               mc_w.l(strcmp.o)
    0x000002ec   0x00000008   Code   RO         1758    .text               mc_w.l(ctype_o.o)
    0x000002f4   0x00000008   Code   RO         1730    i.__aeabi_errno_addr  mc_w.l(errno.o)
    0x000002fc   0x00000004   Code   RO            4    .ARM.__at_0x02FC    startup_lpc17xx.o
    0x00000300   0x000010c0   Code   RO           72    .text               common_func.o
    0x000013c0   0x000031bc   Code   RO          149    .text               control.o
    0x0000457c   0x00001350   Code   RO          293    .text               avar_hndl.o
    0x000058cc   0x000195ec   Code   RO          358    .text               main.o
    0x0001eeb8   0x00000818   Code   RO          562    .text               graphic.o
    0x0001f6d0   0x000011dc   Code   RO          576    .text               snmp_data_file.o
    0x000208ac   0x00000bb0   Code   RO          741    .text               memo.o
    0x0002145c   0x00000154   Code   RO          753    .text               system_lpc17xx.o
    0x000215b0   0x0000004c   Code   RO          775    .text               timer.o
    0x000215fc   0x00000164   Code   RO          843    .text               beep.o
    0x00021760   0x0000020c   Code   RO          858    .text               ad7705.o
    0x0002196c   0x0000049c   Code   RO          882    .text               lcd_agm1232_uku207_3.o
    0x00021e08   0x000004c8   Code   RO          925    .text               25lc640.o
    0x000222d0   0x00001fc8   Code   RO          944    .text               full_can.o
    0x00024298   0x000005d8   Code   RO          973    .text               uart0.o
    0x00024870   0x00000da4   Code   RO         1048    .text               modbus.o
    0x00025614   0x00000454   Code   RO         1104    .text               emac_lpc17xx.o
    0x00025a68   0x0000001a   Code   RO         1716    .text               mc_w.l(atoi.o)
    0x00025a82   0x0000002c   Code   RO         1726    .text               mc_w.l(uidiv.o)
    0x00025aae   0x00000070   Code   RO         1737    .text               mc_w.l(strtol.o)
    0x00025b1e   0x00000002   PAD
    0x00025b20   0x00000024   Code   RO         1750    .text               mc_w.l(init.o)
    0x00025b44   0x0000009e   Code   RO         1786    .text               mc_w.l(_strtoul.o)
    0x00025be2   0x00000020   Code   RO         1791    .text               mc_w.l(_chval.o)
    0x00025c02   0x0000005c   Code   RO         1801    .text               mc_w.l(__dczerorl2.o)
    0x00025c5e   0x00000016   Code   RO         1314    i.CalcChksum        TCP_CM3.lib(at_lib.o)
    0x00025c74   0x00000028   Code   RO         1315    i.CalcChksumBuf     TCP_CM3.lib(at_lib.o)
    0x00025c9c   0x0000000a   Code   RO         1316    i.CalcChksumVal     TCP_CM3.lib(at_lib.o)
    0x00025ca6   0x0000000a   Code   RO         1317    i.SwapB             TCP_CM3.lib(at_lib.o)
    0x00025cb0   0x00000028   Code   RO         1612    i.__0sprintf$6      mc_w.l(printf6.o)
    0x00025cd8   0x0000000e   Code   RO         1795    i.__scatterload_copy  mc_w.l(handlers.o)
    0x00025ce6   0x00000002   Code   RO         1796    i.__scatterload_null  mc_w.l(handlers.o)
    0x00025ce8   0x0000000e   Code   RO         1797    i.__scatterload_zeroinit  mc_w.l(handlers.o)
    0x00025cf6   0x00000002   PAD
    0x00025cf8   0x00000338   Code   RO         1617    i._printf_core      mc_w.l(printf6.o)
    0x00026030   0x00000026   Code   RO         1618    i._printf_post_padding  mc_w.l(printf6.o)
    0x00026056   0x0000002e   Code   RO         1619    i._printf_pre_padding  mc_w.l(printf6.o)
    0x00026084   0x0000000a   Code   RO         1621    i._sputc            mc_w.l(printf6.o)
    0x0002608e   0x00000002   PAD
    0x00026090   0x000000ec   Code   RO         1263    i.add_object        TCP_CM3.lib(at_snmp.o)
    0x0002617c   0x000000a4   Code   RO         1362    i.alloc_mem         TCP_CM3.lib(at_mem.o)
    0x00026220   0x000000c4   Code   RO         1381    i.arp_cache_add     TCP_CM3.lib(at_arp.o)
    0x000262e4   0x0000006c   Code   RO         1382    i.arp_cache_alloc   TCP_CM3.lib(at_arp.o)
    0x00026350   0x00000118   Code   RO         1383    i.arp_cache_find    TCP_CM3.lib(at_arp.o)
    0x00026468   0x000000f8   Code   RO         1385    i.arp_cache_update  TCP_CM3.lib(at_arp.o)
    0x00026560   0x00000068   Code   RO         1387    i.arp_get_response  TCP_CM3.lib(at_arp.o)
    0x000265c8   0x0000009c   Code   RO         1388    i.arp_send_reply    TCP_CM3.lib(at_arp.o)
    0x00026664   0x000000ac   Code   RO         1389    i.arp_send_req      TCP_CM3.lib(at_arp.o)
    0x00026710   0x00000078   Code   RO         1319    i.b64_to_asc        TCP_CM3.lib(at_lib.o)
    0x00026788   0x00000046   Code   RO         1264    i.bind_tlv          TCP_CM3.lib(at_snmp.o)
    0x000267ce   0x0000003e   Code   RO         1265    i.bind_val          TCP_CM3.lib(at_snmp.o)
    0x0002680c   0x00000004   Code   RO         1423    i.cgi_func          TCP_CM3.lib(at_http_cgi.o)
    0x00026810   0x00000002   Code   RO         1424    i.cgi_process_data  TCP_CM3.lib(at_http_cgi.o)
    0x00026812   0x00000002   Code   RO         1425    i.cgi_process_var   TCP_CM3.lib(at_http_cgi.o)
    0x00026814   0x00000004   Code   RO         1201    i.cgx_content_type  TCP_CM3.lib(at_http.o)
    0x00026818   0x000001b8   Code   RO         1202    i.chk_post_rq       TCP_CM3.lib(at_http.o)
    0x000269d0   0x00000028   Code   RO         1203    i.cmp_header        TCP_CM3.lib(at_http.o)
    0x000269f8   0x00000010   Code   RO         1295    i.eth_chk_adr       TCP_CM3.lib(at_ethernet.o)
    0x00026a08   0x00000098   Code   RO         1297    i.eth_send_frame    TCP_CM3.lib(at_ethernet.o)
    0x00026aa0   0x00000068   Code   RO         1363    i.free_mem          TCP_CM3.lib(at_mem.o)
    0x00026b08   0x00000028   Code   RO         1322    i.get_crc           TCP_CM3.lib(at_lib.o)
    0x00026b30   0x00000028   Code   RO         1204    i.get_next_field    TCP_CM3.lib(at_http.o)
    0x00026b58   0x00000032   Code   RO         1205    i.get_next_par      TCP_CM3.lib(at_http.o)
    0x00026b8a   0x00000016   Code   RO         1324    i.get_u32           TCP_CM3.lib(at_lib.o)
    0x00026ba0   0x0000002c   Code   RO         1266    i.get_value         TCP_CM3.lib(at_snmp.o)
    0x00026bcc   0x00000004   Code   RO         1207    i.http_accept_host  TCP_CM3.lib(at_http.o)
    0x00026bd0   0x0000020c   Code   RO         1208    i.http_add_header   TCP_CM3.lib(at_http.o)
    0x00026ddc   0x000001bc   Code   RO         1210    i.http_error_msg    TCP_CM3.lib(at_http.o)
    0x00026f98   0x00000002   Code   RO         1429    i.http_fclose       TCP_CM3.lib(at_http_uif.o)
    0x00026f9a   0x00000004   Code   RO         1430    i.http_fgets        TCP_CM3.lib(at_http_uif.o)
    0x00026f9e   0x00000002   PAD
    0x00026fa0   0x00000050   Code   RO         1211    i.http_file_type    TCP_CM3.lib(at_http.o)
    0x00026ff0   0x00000004   Code   RO         1431    i.http_finfo        TCP_CM3.lib(at_http_uif.o)
    0x00026ff4   0x00000004   Code   RO         1432    i.http_fopen        TCP_CM3.lib(at_http_uif.o)
    0x00026ff8   0x00000004   Code   RO         1433    i.http_fread        TCP_CM3.lib(at_http_uif.o)
    0x00026ffc   0x0000005e   Code   RO         1217    i.http_kill_session  TCP_CM3.lib(at_http.o)
    0x0002705a   0x00000002   PAD
    0x0002705c   0x00000254   Code   RO         1218    i.http_listener     TCP_CM3.lib(at_http.o)
    0x000272b0   0x00000138   Code   RO         1219    i.http_open_file    TCP_CM3.lib(at_http.o)
    0x000273e8   0x00000138   Code   RO         1220    i.http_proc_header  TCP_CM3.lib(at_http.o)
    0x00027520   0x00000158   Code   RO         1221    i.http_proc_multipart  TCP_CM3.lib(at_http.o)
    0x00027678   0x000000f0   Code   RO         1222    i.http_proc_post    TCP_CM3.lib(at_http.o)
    0x00027768   0x0000001a   Code   RO         1223    i.http_strchr       TCP_CM3.lib(at_http.o)
    0x00027782   0x0000001e   Code   RO         1224    i.http_strcpy       TCP_CM3.lib(at_http.o)
    0x000277a0   0x000000a8   Code   RO         1225    i.http_to_utc       TCP_CM3.lib(at_http.o)
    0x00027848   0x0000000c   Code   RO         1267    i.ilen              TCP_CM3.lib(at_snmp.o)
    0x00027854   0x00000038   Code   RO         1372    i.init_TcpNet       TCP_CM3.lib(at_system.o)
    0x0002788c   0x00000028   Code   RO         1390    i.init_arp          TCP_CM3.lib(at_arp.o)
    0x000278b4   0x00000024   Code   RO         1298    i.init_eth_link     TCP_CM3.lib(at_ethernet.o)
    0x000278d8   0x00000060   Code   RO         1226    i.init_http         TCP_CM3.lib(at_http.o)
    0x00027938   0x00000024   Code   RO         1364    i.init_mem          TCP_CM3.lib(at_mem.o)
    0x0002795c   0x0000005c   Code   RO         1268    i.init_snmp         TCP_CM3.lib(at_snmp.o)
    0x000279b8   0x00000018   Code   RO         1127    i.init_tcp          TCP_CM3.lib(at_tcp.o)
    0x000279d0   0x0000001c   Code   RO         1182    i.init_udp          TCP_CM3.lib(at_udp.o)
    0x000279ec   0x000000c4   Code   RO         1406    i.ip_chk_frame      TCP_CM3.lib(at_ip.o)
    0x00027ab0   0x0000000a   Code   RO         1407    i.ip_get_chksum     TCP_CM3.lib(at_ip.o)
    0x00027aba   0x00000002   PAD
    0x00027abc   0x00000098   Code   RO         1408    i.ip_get_locadr     TCP_CM3.lib(at_ip.o)
    0x00027b54   0x00000090   Code   RO         1409    i.ip_send_frame     TCP_CM3.lib(at_ip.o)
    0x00027be4   0x00000022   Code   RO         1325    i.is_subnet         TCP_CM3.lib(at_lib.o)
    0x00027c06   0x00000002   PAD
    0x00027c08   0x0000002c   Code   RO         1391    i.is_subnet_bcast   TCP_CM3.lib(at_arp.o)
    0x00027c34   0x0000003c   Code   RO         1373    i.main_TcpNet       TCP_CM3.lib(at_system.o)
    0x00027c70   0x0000001e   Code   RO         1326    i.mem_comp          TCP_CM3.lib(at_lib.o)
    0x00027c8e   0x00000002   PAD
    0x00027c90   0x0000001c   Code   RO         1327    i.mem_copy          TCP_CM3.lib(at_lib.o)
    0x00027cac   0x00000010   Code   RO         1329    i.mem_set           TCP_CM3.lib(at_lib.o)
    0x00027cbc   0x00000016   Code   RO         1330    i.mem_test          TCP_CM3.lib(at_lib.o)
    0x00027cd2   0x00000002   PAD
    0x00027cd4   0x00000080   Code   RO         1269    i.mib_find          TCP_CM3.lib(at_snmp.o)
    0x00027d54   0x00000080   Code   RO         1270    i.mib_write         TCP_CM3.lib(at_snmp.o)
    0x00027dd4   0x0000006c   Code   RO         1271    i.parse_tlv         TCP_CM3.lib(at_snmp.o)
    0x00027e40   0x00000002   Code   RO         1299    i.poll_ethernet     TCP_CM3.lib(at_ethernet.o)
    0x00027e42   0x00000002   PAD
    0x00027e44   0x00000098   Code   RO         1392    i.process_arp       TCP_CM3.lib(at_arp.o)
    0x00027edc   0x00000002   Code   RO         1300    i.process_hl_igmp   TCP_CM3.lib(at_ethernet.o)
    0x00027ede   0x00000074   Code   RO         1416    i.process_icmp      TCP_CM3.lib(at_icmp.o)
    0x00027f52   0x00000002   PAD
    0x00027f54   0x0000046c   Code   RO         1128    i.process_tcp       TCP_CM3.lib(at_tcp.o)
    0x000283c0   0x000000c4   Code   RO         1183    i.process_udp       TCP_CM3.lib(at_udp.o)
    0x00028484   0x0000002c   Code   RO         1301    i.put_in_queue      TCP_CM3.lib(at_ethernet.o)
    0x000284b0   0x0000009e   Code   RO         1227    i.read_script_line  TCP_CM3.lib(at_http.o)
    0x0002854e   0x00000002   PAD
    0x00028550   0x00000034   Code   RO         1365    i.resize_mem        TCP_CM3.lib(at_mem.o)
    0x00028584   0x000000b0   Code   RO         1302    i.run_eth_link      TCP_CM3.lib(at_ethernet.o)
    0x00028634   0x000002f8   Code   RO         1228    i.run_http_server   TCP_CM3.lib(at_http.o)
    0x0002892c   0x00000030   Code   RO         1272    i.run_snmp_agent    TCP_CM3.lib(at_snmp.o)
    0x0002895c   0x0000004c   Code   RO         1229    i.search_delim      TCP_CM3.lib(at_http.o)
    0x000289a8   0x00000010   Code   RO         1331    i.set_u32           TCP_CM3.lib(at_lib.o)
    0x000289b8   0x00000036   Code   RO         1273    i.set_value         TCP_CM3.lib(at_snmp.o)
    0x000289ee   0x00000002   PAD
    0x000289f0   0x0000031c   Code   RO         1274    i.snmp_listener     TCP_CM3.lib(at_snmp.o)
    0x00028d0c   0x0000025c   Code   RO         1276    i.snmp_trap         TCP_CM3.lib(at_snmp.o)
    0x00028f68   0x00000016   Code   RO         1332    i.str_copy          TCP_CM3.lib(at_lib.o)
    0x00028f7e   0x0000001a   Code   RO         1333    i.str_crc           TCP_CM3.lib(at_lib.o)
    0x00028f98   0x0000001a   Code   RO         1335    i.str_scomp         TCP_CM3.lib(at_lib.o)
    0x00028fb2   0x00000002   PAD
    0x00028fb4   0x00000058   Code   RO         1129    i.tcp_abort         TCP_CM3.lib(at_tcp.o)
    0x0002900c   0x00000084   Code   RO         1131    i.tcp_close         TCP_CM3.lib(at_tcp.o)
    0x00029090   0x00000010   Code   RO         1134    i.tcp_get_buf       TCP_CM3.lib(at_tcp.o)
    0x000290a0   0x00000048   Code   RO         1136    i.tcp_get_socket    TCP_CM3.lib(at_tcp.o)
    0x000290e8   0x0000002c   Code   RO         1137    i.tcp_get_state     TCP_CM3.lib(at_tcp.o)
    0x00029114   0x00000014   Code   RO         1138    i.tcp_init_seq      TCP_CM3.lib(at_tcp.o)
    0x00029128   0x0000007c   Code   RO         1139    i.tcp_listen        TCP_CM3.lib(at_tcp.o)
    0x000291a4   0x000000a0   Code   RO         1140    i.tcp_map_socket    TCP_CM3.lib(at_tcp.o)
    0x00029244   0x00000024   Code   RO         1141    i.tcp_max_dsize     TCP_CM3.lib(at_tcp.o)
    0x00029268   0x000001f4   Code   RO         1142    i.tcp_poll_sockets  TCP_CM3.lib(at_tcp.o)
    0x0002945c   0x00000070   Code   RO         1143    i.tcp_process_opt   TCP_CM3.lib(at_tcp.o)
    0x000294cc   0x00000104   Code   RO         1147    i.tcp_send          TCP_CM3.lib(at_tcp.o)
    0x000295d0   0x00000022   Code   RO         1148    i.tcp_send_ctrl     TCP_CM3.lib(at_tcp.o)
    0x000295f2   0x00000002   PAD
    0x000295f4   0x000000f4   Code   RO         1149    i.tcp_send_frame    TCP_CM3.lib(at_tcp.o)
    0x000296e8   0x00000080   Code   RO         1150    i.tcp_send_reset    TCP_CM3.lib(at_tcp.o)
    0x00029768   0x00000012   Code   RO         1152    i.tcp_set_retransmit  TCP_CM3.lib(at_tcp.o)
    0x0002977a   0x00000002   PAD
    0x0002977c   0x00000074   Code   RO         1153    i.tcp_transit       TCP_CM3.lib(at_tcp.o)
    0x000297f0   0x0000000c   Code   RO         1374    i.timer_tick        TCP_CM3.lib(at_system.o)
    0x000297fc   0x00000010   Code   RO         1185    i.udp_get_buf       TCP_CM3.lib(at_udp.o)
    0x0002980c   0x00000048   Code   RO         1186    i.udp_get_socket    TCP_CM3.lib(at_udp.o)
    0x00029854   0x0000007c   Code   RO         1188    i.udp_open          TCP_CM3.lib(at_udp.o)
    0x000298d0   0x0000010c   Code   RO         1190    i.udp_send          TCP_CM3.lib(at_udp.o)
    0x000299dc   0x00000014   Code   RO         1277    i.ulen              TCP_CM3.lib(at_snmp.o)
    0x000299f0   0x000000e0   Code   RO         1230    i.utc_to_http       TCP_CM3.lib(at_http.o)
    0x00029ad0   0x0000003c   Data   RO           20    .constdata          net_config_http.o
    0x00029b0c   0x00000001   Data   RO           21    .constdata          net_config_http.o
    0x00029b0d   0x00000003   PAD
    0x00029b10   0x00000004   Data   RO           22    .constdata          net_config_http.o
    0x00029b14   0x00000002   Data   RO           23    .constdata          net_config_http.o
    0x00029b16   0x00000002   Data   RO           24    .constdata          net_config_http.o
    0x00029b18   0x00000002   Data   RO           25    .constdata          net_config_http.o
    0x00029b1a   0x00000001   Data   RO           26    .constdata          net_config_http.o
    0x00029b1b   0x00000001   Data   RO           27    .constdata          net_config_http.o
    0x00029b1c   0x00000001   Data   RO           28    .constdata          net_config_http.o
    0x00029b1d   0x00000001   Data   RO           29    .constdata          net_config_http.o
    0x00029b1e   0x00000001   Data   RO           30    .constdata          net_config_http.o
    0x00029b1f   0x00000001   PAD
    0x00029b20   0x00000002   Data   RO           31    .constdata          net_config_http.o
    0x00029b22   0x00000002   Data   RO           32    .constdata          net_config_http.o
    0x00029b24   0x00000002   Data   RO           33    .constdata          net_config_http.o
    0x00029b26   0x00000002   Data   RO           34    .constdata          net_config_http.o
    0x00029b28   0x00000002   Data   RO           35    .constdata          net_config_http.o
    0x00029b2a   0x00000001   Data   RO           36    .constdata          net_config_http.o
    0x00029b2b   0x00000001   Data   RO           37    .constdata          net_config_http.o
    0x00029b2c   0x00000001   Data   RO           38    .constdata          net_config_http.o
    0x00029b2d   0x00000001   PAD
    0x00029b2e   0x00000002   Data   RO           39    .constdata          net_config_http.o
    0x00029b30   0x00000014   Data   RO           40    .constdata          net_config_http.o
    0x00029b44   0x00000006   Data   RO           41    .constdata          net_config_http.o
    0x00029b4a   0x00000001   Data   RO           42    .constdata          net_config_http.o
    0x00029b4b   0x00000004   Data   RO           43    .constdata          net_config_http.o
    0x00029b4f   0x00000004   Data   RO          159    .constdata          control.o
    0x00029b53   0x00000001   PAD
    0x00029b54   0x00000004   Data   RO          317    .constdata          eeprom_map.o
    0x00029b58   0x00000004   Data   RO          318    .constdata          eeprom_map.o
    0x00029b5c   0x00000004   Data   RO          319    .constdata          eeprom_map.o
    0x00029b60   0x00000004   Data   RO          320    .constdata          eeprom_map.o
    0x00029b64   0x00000004   Data   RO          321    .constdata          eeprom_map.o
    0x00029b68   0x00000004   Data   RO          322    .constdata          eeprom_map.o
    0x00029b6c   0x00000004   Data   RO          323    .constdata          eeprom_map.o
    0x00029b70   0x00000004   Data   RO          324    .constdata          eeprom_map.o
    0x00029b74   0x00000004   Data   RO          325    .constdata          eeprom_map.o
    0x00029b78   0x00000004   Data   RO          326    .constdata          eeprom_map.o
    0x00029b7c   0x00000004   Data   RO          327    .constdata          eeprom_map.o
    0x00029b80   0x00000004   Data   RO          328    .constdata          eeprom_map.o
    0x00029b84   0x00000004   Data   RO          329    .constdata          eeprom_map.o
    0x00029b88   0x00000004   Data   RO          330    .constdata          eeprom_map.o
    0x00029b8c   0x00000006   Data   RO          331    .constdata          eeprom_map.o
    0x00029b92   0x00000006   Data   RO          332    .constdata          eeprom_map.o
    0x00029b98   0x00000006   Data   RO          333    .constdata          eeprom_map.o
    0x00029b9e   0x00000006   Data   RO          334    .constdata          eeprom_map.o
    0x00029ba4   0x00000006   Data   RO          335    .constdata          eeprom_map.o
    0x00029baa   0x00000006   Data   RO          336    .constdata          eeprom_map.o
    0x00029bb0   0x00000006   Data   RO          337    .constdata          eeprom_map.o
    0x00029bb6   0x00000006   Data   RO          338    .constdata          eeprom_map.o
    0x00029bbc   0x00000008   Data   RO          339    .constdata          eeprom_map.o
    0x00029bc4   0x00000008   Data   RO          340    .constdata          eeprom_map.o
    0x00029bcc   0x00000008   Data   RO          341    .constdata          eeprom_map.o
    0x00029bd4   0x00000008   Data   RO          342    .constdata          eeprom_map.o
    0x00029bdc   0x00000008   Data   RO          343    .constdata          eeprom_map.o
    0x00029be4   0x0000067e   Data   RO          370    .constdata          main.o
    0x0002a262   0x00000011   Data   RO          371    .constdata          main.o
    0x0002a273   0x00000096   Data   RO          540    .constdata          simbols.o
    0x0002a309   0x00000096   Data   RO          541    .constdata          simbols.o
    0x0002a39f   0x0000001e   Data   RO          542    .constdata          simbols.o
    0x0002a3bd   0x0000001e   Data   RO          543    .constdata          simbols.o
    0x0002a3db   0x0000001e   Data   RO          544    .constdata          simbols.o
    0x0002a3f9   0x0000001e   Data   RO          545    .constdata          simbols.o
    0x0002a417   0x00000001   Data   RO          711    .constdata          snmp_mib.o
    0x0002a418   0x00000002   Data   RO          712    .constdata          snmp_mib.o
    0x0002a41a   0x00000001   Data   RO          713    .constdata          snmp_mib.o
    0x0002a41b   0x00000001   Data   RO          714    .constdata          snmp_mib.o
    0x0002a41c   0x00000004   Data   RO          716    .constdata          snmp_mib.o
    0x0002a420   0x00000200   Data   RO          950    .constdata          full_can.o
    0x0002a620   0x000000ca   Data   RO         1231    .constdata          TCP_CM3.lib(at_http.o)
    0x0002a6ea   0x00000006   Data   RO         1304    .constdata          TCP_CM3.lib(at_ethernet.o)
    0x0002a6f0   0x00000004   Data   RO         1410    .constdata          TCP_CM3.lib(at_ip.o)
    0x0002a6f4   0x0000005e   Data   RO         1418    .constdata          TCP_CM3.lib(http_err.o)
    0x0002a752   0x0000005b   Data   RO         1419    .constdata          TCP_CM3.lib(http_err.o)
    0x0002a7ad   0x00000053   Data   RO         1420    .constdata          TCP_CM3.lib(http_err.o)
    0x0002a800   0x0000003b   Data   RO         1421    .constdata          TCP_CM3.lib(http_err.o)
    0x0002a83b   0x00000089   Data   RO         1422    .constdata          TCP_CM3.lib(http_err.o)
    0x0002a8c4   0x00000004   Data   RO         1439    .constdata          TCP_CM3.lib(at_web.o)
    0x0002a8c8   0x0000018b   Data   RO         1440    .constdata          TCP_CM3.lib(at_web.o)
    0x0002aa53   0x00000001   PAD
    0x0002aa54   0x00000010   Data   RO         1441    .constdata          TCP_CM3.lib(at_web.o)
    0x0002aa64   0x00000081   Data   RO         1759    .constdata          mc_w.l(ctype_o.o)
    0x0002aae5   0x00000003   PAD
    0x0002aae8   0x00000004   Data   RO         1760    .constdata          mc_w.l(ctype_o.o)
    0x0002aaec   0x00000084   Data   RO          719    .conststring        snmp_mib.o
    0x0002ab70   0x00000040   Data   RO         1793    Region$$Table       anon$$obj.o


    Execution Region RW_IRAM1 (Base: 0x10000000, Size: 0x00007c70, Max: 0x00008000, ABSOLUTE, COMPRESSED[0x00000128])

    Base Addr    Size         Type   Attr      Idx    E Section Name        Object

    0x10000000   0x00000002   Data   RW           47    .data               net_config_http.o
    0x10000002   0x00000007   Data   RW           48    .data               net_config_http.o
    0x10000009   0x00000003   PAD
    0x1000000c   0x00000008   Data   RW          231    .data               mess.o
    0x10000014   0x00000014   Data   RW          248    .data               ret.o
    0x10000028   0x0000001a   Data   RW          294    .data               avar_hndl.o
    0x10000042   0x00000001   Data   RW          375    .data               main.o
    0x10000043   0x00000001   Data   RW          377    .data               main.o
    0x10000044   0x00000001   Data   RW          379    .data               main.o
    0x10000045   0x00000001   PAD
    0x10000046   0x00000004   Data   RW          389    .data               main.o
    0x1000004a   0x00000004   Data   RW          390    .data               main.o
    0x1000004e   0x00000004   Data   RW          392    .data               main.o
    0x10000052   0x00000006   Data   RW          395    .data               main.o
    0x10000058   0x00000002   Data   RW          397    .data               main.o
    0x1000005a   0x00000002   Data   RW          399    .data               main.o
    0x1000005c   0x00000002   Data   RW          401    .data               main.o
    0x1000005e   0x00000002   Data   RW          403    .data               main.o
    0x10000060   0x00000002   Data   RW          405    .data               main.o
    0x10000062   0x00000002   Data   RW          407    .data               main.o
    0x10000064   0x00000002   Data   RW          409    .data               main.o
    0x10000066   0x00000002   Data   RW          411    .data               main.o
    0x10000068   0x00000004   Data   RW          412    .data               main.o
    0x1000006c   0x00000004   Data   RW          414    .data               main.o
    0x10000070   0x00000002   Data   RW          416    .data               main.o
    0x10000072   0x00000002   Data   RW          418    .data               main.o
    0x10000074   0x00000001   Data   RW          419    .data               main.o
    0x10000075   0x00000001   Data   RW          424    .data               main.o
    0x10000076   0x00000004   Data   RW          430    .data               main.o
    0x1000007a   0x00000002   Data   RW          433    .data               main.o
    0x1000007c   0x00000002   Data   RW          436    .data               main.o
    0x1000007e   0x00000002   PAD
    0x10000080   0x00000004   Data   RW          440    .data               main.o
    0x10000084   0x00000002   Data   RW          452    .data               main.o
    0x10000086   0x00000002   Data   RW          455    .data               main.o
    0x10000088   0x00000006   Data   RW          458    .data               main.o
    0x1000008e   0x00000002   Data   RW          460    .data               main.o
    0x10000090   0x00000002   Data   RW          462    .data               main.o
    0x10000092   0x00000002   PAD
    0x10000094   0x00002142   Data   RW          597    .data               snmp_data_file.o
    0x100021d6   0x00000002   Data   RW          598    .data               snmp_data_file.o
    0x100021d8   0x00000002   Data   RW          602    .data               snmp_data_file.o
    0x100021da   0x00000006   Data   RW          603    .data               snmp_data_file.o
    0x100021e0   0x00000006   Data   RW          605    .data               snmp_data_file.o
    0x100021e6   0x00000006   Data   RW          607    .data               snmp_data_file.o
    0x100021ec   0x00000003   Data   RW          611    .data               snmp_data_file.o
    0x100021ef   0x00000001   PAD
    0x100021f0   0x00000008   Data   RW          781    .data               timer.o
    0x100021f8   0x0000000c   Data   RW          844    .data               beep.o
    0x10002204   0x0000001c   Data   RW          951    .data               full_can.o
    0x10002220   0x00000014   Data   RW          986    .data               uart0.o
    0x10002234   0x00000001   Data   RW         1054    .data               modbus.o
    0x10002235   0x00000001   PAD
    0x10002236   0x00000004   Data   RW         1154    .data               TCP_CM3.lib(at_tcp.o)
    0x1000223a   0x00000002   PAD
    0x1000223c   0x0000000c   Data   RW         1232    .data               TCP_CM3.lib(at_http.o)
    0x10002248   0x00000008   Data   RW         1305    .data               TCP_CM3.lib(at_ethernet.o)
    0x10002250   0x00000004   Data   RW         1366    .data               TCP_CM3.lib(at_mem.o)
    0x10002254   0x00000002   Data   RW         1393    .data               TCP_CM3.lib(at_arp.o)
    0x10002256   0x00000002   PAD
    0x10002258   0x00000004   Data   RW         1733    .data               mc_w.l(errno.o)
    0x1000225c   0x00004000   Zero   RW           15    .bss                net_config_http.o
    0x1000625c   0x00000160   Zero   RW           18    .bss                net_config_http.o
    0x100063bc   0x00000120   Zero   RW           19    .bss                net_config_http.o
    0x100064dc   0x00000440   Zero   RW          152    .bss                control.o
    0x1000691c   0x00000032   Zero   RW          365    .bss                main.o
    0x1000694e   0x00000040   Zero   RW          860    .bss                ad7705.o
    0x1000698e   0x00000002   PAD
    0x10006990   0x000001ba   Zero   RW          945    .bss                full_can.o
    0x10006b4a   0x00000864   Zero   RW          981    .bss                uart0.o
    0x100073ae   0x0000003c   Zero   RW         1052    .bss                modbus.o
    0x100073ea   0x00000002   PAD
    0x100073ec   0x00000080   Zero   RW         1303    .bss                TCP_CM3.lib(at_ethernet.o)
    0x1000746c   0x00000004   PAD
    0x10007470   0x00000800   Zero   RW            1    STACK               startup_lpc17xx.o


    Execution Region RW_IRAM2 (Base: 0x2007c000, Size: 0x00007c6c, Max: 0x00008000, ABSOLUTE, COMPRESSED[0x00000cdc])

    Base Addr    Size         Type   Attr      Idx    E Section Name        Object

    0x2007c000   0x00000006   Data   RW           45    .data               net_config_http.o
    0x2007c006   0x00000002   Data   RW           46    .data               net_config_http.o
    0x2007c008   0x000000a0   Data   RW          165    .data               control.o
    0x2007c0a8   0x00000001   Data   RW          174    .data               control.o
    0x2007c0a9   0x00000003   PAD
    0x2007c0ac   0x00000350   Data   RW          372    .data               main.o
    0x2007c3fc   0x00000001   Data   RW          376    .data               main.o
    0x2007c3fd   0x00000001   Data   RW          378    .data               main.o
    0x2007c3fe   0x00000001   Data   RW          380    .data               main.o
    0x2007c3ff   0x00000001   PAD
    0x2007c400   0x00000004   Data   RW          391    .data               main.o
    0x2007c404   0x00000004   Data   RW          393    .data               main.o
    0x2007c408   0x00000002   Data   RW          394    .data               main.o
    0x2007c40a   0x00000006   Data   RW          396    .data               main.o
    0x2007c410   0x00000002   Data   RW          398    .data               main.o
    0x2007c412   0x00000002   Data   RW          400    .data               main.o
    0x2007c414   0x00000002   Data   RW          402    .data               main.o
    0x2007c416   0x00000002   Data   RW          404    .data               main.o
    0x2007c418   0x00000002   Data   RW          406    .data               main.o
    0x2007c41a   0x00000002   Data   RW          408    .data               main.o
    0x2007c41c   0x00000002   Data   RW          410    .data               main.o
    0x2007c41e   0x00000002   PAD
    0x2007c420   0x00000004   Data   RW          413    .data               main.o
    0x2007c424   0x00000002   Data   RW          415    .data               main.o
    0x2007c426   0x00000002   Data   RW          417    .data               main.o
    0x2007c428   0x00000005   Data   RW          420    .data               main.o
    0x2007c42d   0x00000001   Data   RW          421    .data               main.o
    0x2007c42e   0x00000002   Data   RW          422    .data               main.o
    0x2007c430   0x00000004   Data   RW          429    .data               main.o
    0x2007c434   0x00000004   Data   RW          431    .data               main.o
    0x2007c438   0x00000002   Data   RW          434    .data               main.o
    0x2007c43a   0x00000002   Data   RW          451    .data               main.o
    0x2007c43c   0x00000002   Data   RW          454    .data               main.o
    0x2007c43e   0x00000001   Data   RW          456    .data               main.o
    0x2007c43f   0x00000001   PAD
    0x2007c440   0x00000002   Data   RW          457    .data               main.o
    0x2007c442   0x00000006   Data   RW          459    .data               main.o
    0x2007c448   0x00000002   Data   RW          461    .data               main.o
    0x2007c44a   0x00000002   Data   RW          465    .data               main.o
    0x2007c44c   0x00000003   Data   RW          469    .data               main.o
    0x2007c44f   0x00000001   PAD
    0x2007c450   0x00000002   Data   RW          601    .data               snmp_data_file.o
    0x2007c452   0x00000006   Data   RW          604    .data               snmp_data_file.o
    0x2007c458   0x00000006   Data   RW          606    .data               snmp_data_file.o
    0x2007c45e   0x00000008   Data   RW          608    .data               snmp_data_file.o
    0x2007c466   0x00000003   Data   RW          610    .data               snmp_data_file.o
    0x2007c469   0x00000003   PAD
    0x2007c46c   0x00002d30   Data   RW          721    .data               snmp_mib.o
    0x2007f19c   0x00000004   Data   RW          754    .data               system_lpc17xx.o
    0x2007f1a0   0x0000000e   Data   RW          861    .data               ad7705.o
    0x2007f1ae   0x0000000c   Data   RW         1055    .data               modbus.o
    0x2007f1ba   0x00000002   PAD
    0x2007f1bc   0x00000008   Data   RW         1106    .data               emac_lpc17xx.o
    0x2007f1c4   0x00000002   Data   RW         1191    .data               TCP_CM3.lib(at_udp.o)
    0x2007f1c6   0x00000002   PAD
    0x2007f1c8   0x00000004   Data   RW         1279    .data               TCP_CM3.lib(at_snmp.o)
    0x2007f1cc   0x00000008   Data   RW         1376    .data               TCP_CM3.lib(at_system.o)
    0x2007f1d4   0x00000004   Data   RW         1411    .data               TCP_CM3.lib(at_ip.o)
    0x2007f1d8   0x00000014   Zero   RW           14    .bss                net_config_http.o
    0x2007f1ec   0x0000008c   Zero   RW           16    .bss                net_config_http.o
    0x2007f278   0x0000003c   Zero   RW           17    .bss                net_config_http.o
    0x2007f2b4   0x00000070   Zero   RW          230    .bss                mess.o
    0x2007f324   0x0000161c   Zero   RW          360    .bss                main.o
    0x20080940   0x000001a4   Zero   RW          362    .bss                main.o
    0x20080ae4   0x0000001e   Zero   RW          367    .bss                main.o
    0x20080b02   0x00000014   Zero   RW          368    .bss                main.o
    0x20080b16   0x0000000c   Zero   RW          369    .bss                main.o
    0x20080b22   0x0000000a   Zero   RW          593    .bss                snmp_data_file.o
    0x20080b2c   0x00000680   Zero   RW          594    .bss                snmp_data_file.o
    0x200811ac   0x00000004   PAD
    0x200811b0   0x00002a64   Zero   RW         1105    .bss                emac_lpc17xx.o
    0x20083c14   0x0000001c   Zero   RW         1278    .bss                TCP_CM3.lib(at_snmp.o)
    0x20083c30   0x0000003c   Zero   RW         1375    .bss                TCP_CM3.lib(at_system.o)


==============================================================================

Image component sizes


      Code (inc. data)   RO Data    RW Data    ZI Data      Debug   Object Name

      1224         20          0          0          0       3513   25lc640.o
       524         24          0         14         64       2579   ad7705.o
      4944        556          0         26          0       7179   avar_hndl.o
       356         42          0         12          0       1335   beep.o
      4288         56          0          0          0      34863   common_func.o
     12732       1402          4        161       1088      43709   control.o
         0          0        144          0          0       1914   eeprom_map.o
      1108         58          0          8      10852      14879   emac_lpc17xx.o
      8136        300        512         28        442      20176   full_can.o
        88          0          0          0          0       1046   gran.o
      2072          8          0          0          0       5197   graphic.o
      1180          8          0          0          0       3275   lcd_agm1232_uku207_3.o
    103916      18976       1679       1004       6192     103299   main.o
      2992        680          0          0          0       1356   memo.o
       232         10          0          8        112       1943   mess.o
      3492        250          0         13         60       5426   modbus.o
        76          0        122         17      17244      13204   net_config_http.o
        56          4          0         20          0       1409   ret.o
         0          0        420          0          0      17623   simbols.o
      4572        416          0       8564       1674      16903   snmp_data_file.o
         0          0        141      11568          0        961   snmp_mib.o
        32          8        204          0       2048        912   startup_lpc17xx.o
       340         26          0          4          0        739   system_lpc17xx.o
        76         16          0          8          0       1022   timer.o
      1496         82          0         20       2148      10282   uart0.o

    ----------------------------------------------------------------------
    153932      22942       3296      21498      41932     314744   Object Totals
         0          0         64          0          0          0   (incl. Generated)
         0          0          6         23          8          0   (incl. Padding)

    ----------------------------------------------------------------------

      Code (inc. data)   RO Data    RW Data    ZI Data      Debug   Library Member Name

      1500        156          0          2          0        892   at_arp.o
       428         48          6          8        128        544   at_ethernet.o
      5062       1038        202         12          0       1876   at_http.o
         8          0          0          0          0        204   at_http_cgi.o
        18          0          0          0          0        340   at_http_uif.o
       116          0          0          0          0         88   at_icmp.o
       502         26          4          4          0        332   at_ip.o
       484          4          0          0          0       1156   at_lib.o
       356         38          0          4          0        348   at_mem.o
      2402        110          0          4         28       1136   at_snmp.o
       128         28          0          8         60        216   at_system.o
      3260        226          0          4          0       1612   at_tcp.o
       704         50          0          2          0        484   at_udp.o
         0          0        415          0          0          0   at_web.o
         0          0        464          0          0          0   http_err.o
        92          0          0          0          0          0   __dczerorl2.o
        32          0          0          0          0         68   _chval.o
       158          0          0          0          0         92   _strtoul.o
        26          0          0          0          0         80   atoi.o
         8          4        133          0          0         68   ctype_o.o
         0          0          0          0          0          0   entry.o
         8          4          0          0          0          0   entry2.o
         4          0          0          0          0          0   entry5.o
         8          4          0          0          0          0   entry7.o
         8          4          0          4          0         68   errno.o
        30          0          0          0          0          0   handlers.o
        36          8          0          0          0         68   init.o
       958         12          0          0          0        420   printf6.o
        28          0          0          0          0         76   strcmp.o
        16          0          0          0          0         68   strlen.o
       112          0          0          0          0         88   strtol.o
        44          0          0          0          0         80   uidiv.o

    ----------------------------------------------------------------------
     16568       1760       1228         58        220      10404   Library Totals
        32          0          4          6          4          0   (incl. Padding)

    ----------------------------------------------------------------------

      Code (inc. data)   RO Data    RW Data    ZI Data      Debug   Library Name

     14968       1724       1091         48        216       9228   TCP_CM3.lib
      1568         36        133          4          0       1176   mc_w.l

    ----------------------------------------------------------------------
     16568       1760       1228         58        220      10404   Library Totals

    ----------------------------------------------------------------------

==============================================================================


      Code (inc. data)   RO Data    RW Data    ZI Data      Debug   

    170500      24702       4524      21556      42152     316100   Grand Totals
    170500      24702       4524       3588      42152     316100   ELF Image Totals (compressed)
    170500      24702       4524       3588          0          0   ROM Totals

==============================================================================

    Total RO  Size (Code + RO Data)               175024 ( 170.92kB)
    Total RW  Size (RW Data + ZI Data)             63708 (  62.21kB)
    Total ROM Size (Code + RO Data + RW Data)     178612 ( 174.43kB)

==============================================================================

